Copyright 1986-2022 Xilinx, Inc. All Rights Reserved. Copyright 2022-2024 Advanced Micro Devices, Inc. All Rights Reserved.
-------------------------------------------------------------------------------------------------------------------------------------------------------------------------------------------------
| Tool Version : Vivado v.2024.1 (lin64) Build 5076996 Wed May 22 18:36:09 MDT 2024
| Date         : Sun Sep  6 14:18:30 2026
| Host         : yundodo running 64-bit unknown
| Command      : report_utilization -hierarchical -file /home/dodo/Documents/Codex/2026-08-31/kv260-alexnet-rtl/alexnet/reports/m4n8_graph_compute_top/200mhz/synth_utilization_hierarchical.rpt
| Design       : alexnet_m4n8_graph_compute_top
| Device       : xck26-sfvc784-2LV-c
| Speed File   : -2LV
| Design State : Synthesized
-------------------------------------------------------------------------------------------------------------------------------------------------------------------------------------------------

Utilization Design Information

Table of Contents
-----------------
1. Utilization by Hierarchy

1. Utilization by Hierarchy
---------------------------

+--------------------------------------+-----------------------------------------------------------------------+------------+------------+---------+------+------+--------+--------+------+------------+
|               Instance               |                                 Module                                | Total LUTs | Logic LUTs | LUTRAMs | SRLs |  FFs | RAMB36 | RAMB18 | URAM | DSP Blocks |
+--------------------------------------+-----------------------------------------------------------------------+------------+------------+---------+------+------+--------+--------+------+------------+
| alexnet_m4n8_graph_compute_top       |                                                                 (top) |       8934 |       8797 |      96 |   41 | 7354 |     42 |      0 |    0 |         24 |
|   (alexnet_m4n8_graph_compute_top)   |                                                                 (top) |         96 |          0 |      96 |    0 |    0 |      0 |      0 |    0 |          0 |
|   u_compute                          |                                       alexnet_m4n8_shared_compute_top |       8468 |       8427 |       0 |   41 | 6772 |     42 |      0 |    0 |         24 |
|     (u_compute)                      |                                       alexnet_m4n8_shared_compute_top |          2 |          2 |       0 |    0 |   12 |      0 |      0 |    0 |          0 |
|     u_fc                             |                                        alexnet_m4n8_fc_layer_datapath |       1784 |       1784 |       0 |    0 | 1730 |      3 |      0 |    0 |          0 |
|       (u_fc)                         |                                        alexnet_m4n8_fc_layer_datapath |          7 |          7 |       0 |    0 |    0 |      0 |      0 |    0 |          0 |
|       u_controller                   |                                           alexnet_fc_layer_controller |        574 |        574 |       0 |    0 |  489 |      0 |      0 |    0 |          0 |
|       u_core                         |                                       alexnet_m4n8_fc_dma_io_datapath |       1203 |       1203 |       0 |    0 | 1241 |      3 |      0 |    0 |          0 |
|         (u_core)                     |                                       alexnet_m4n8_fc_dma_io_datapath |         13 |         13 |       0 |    0 |  117 |      0 |      0 |    0 |          0 |
|         u_core                       |             alexnet_m4n8_fc_activation_resident_weight_accum_datapath |        757 |        757 |       0 |    0 |  709 |      3 |      0 |    0 |          0 |
|           (u_core)                   |             alexnet_m4n8_fc_activation_resident_weight_accum_datapath |         53 |         53 |       0 |    0 |  116 |      0 |      0 |    0 |          0 |
|           u_activation_bank          |                            alexnet_n8_activation_bank__parameterized0 |         98 |         98 |       0 |    0 |   97 |      1 |      0 |    0 |          0 |
|           u_core                     |                        alexnet_m4n8_fc_resident_weight_accum_datapath |        606 |        606 |       0 |    0 |  496 |      2 |      0 |    0 |          0 |
|             (u_core)                 |                        alexnet_m4n8_fc_resident_weight_accum_datapath |         56 |         56 |       0 |    0 |   69 |      0 |      0 |    0 |          0 |
|             u_issuer                 |                                               alexnet_n8_fc_m4_issuer |        399 |        399 |       0 |    0 |  326 |      0 |      0 |    0 |          0 |
|             u_weight_bank            |                                        alexnet_n8_weight_tile_bank_19 |        151 |        151 |       0 |    0 |  101 |      2 |      0 |    0 |          0 |
|         u_egress                     |                          alexnet_n8_dma_result_egress__parameterized0 |        211 |        211 |       0 |    0 |  217 |      0 |      0 |    0 |          0 |
|         u_ingress                    |                                alexnet_n8_dma_ingress__parameterized0 |        222 |        222 |       0 |    0 |  198 |      0 |      0 |    0 |          0 |
|     u_rs                             |                             alexnet_m4n8_rs_dma_scheduled_io_datapath |       2089 |       2089 |       0 |    0 | 1768 |     11 |      0 |    0 |          0 |
|       u_datapath                     | alexnet_m4n8_rs_dma_io_activation_resident_weight_dual_accum_datapath |       2032 |       2032 |       0 |    0 | 1672 |     11 |      0 |    0 |          0 |
|         (u_datapath)                 | alexnet_m4n8_rs_dma_io_activation_resident_weight_dual_accum_datapath |         15 |         15 |       0 |    0 |    0 |      0 |      0 |    0 |          0 |
|         u_dma_fed_datapath           |    alexnet_m4n8_rs_dma_activation_resident_weight_dual_accum_datapath |       1706 |       1706 |       0 |    0 | 1432 |     11 |      0 |    0 |          0 |
|           u_datapath                 |        alexnet_m4n8_rs_activation_resident_weight_dual_accum_datapath |       1568 |       1568 |       0 |    0 | 1234 |     11 |      0 |    0 |          0 |
|             (u_datapath)             |        alexnet_m4n8_rs_activation_resident_weight_dual_accum_datapath |        131 |        131 |       0 |    0 |  191 |      0 |      0 |    0 |          0 |
|             u_activation             |                           alexnet_n8_activation_dual_segment_pingpong |        628 |        628 |       0 |    0 |  533 |      4 |      0 |    0 |          0 |
|               (u_activation)         |                           alexnet_n8_activation_dual_segment_pingpong |         17 |         17 |       0 |    0 |   52 |      0 |      0 |    0 |          0 |
|               segment0               |                                        alexnet_n8_activation_pingpong |        217 |        217 |       0 |    0 |  233 |      2 |      0 |    0 |          0 |
|                 (segment0)           |                                        alexnet_n8_activation_pingpong |         31 |         31 |       0 |    0 |   53 |      0 |      0 |    0 |          0 |
|                 bank0                |                                         alexnet_n8_activation_bank_17 |        100 |        100 |       0 |    0 |   90 |      1 |      0 |    0 |          0 |
|                 bank1                |                                         alexnet_n8_activation_bank_18 |         86 |         86 |       0 |    0 |   90 |      1 |      0 |    0 |          0 |
|               segment1               |                                     alexnet_n8_activation_pingpong_15 |        394 |        394 |       0 |    0 |  248 |      2 |      0 |    0 |          0 |
|                 (segment1)           |                                     alexnet_n8_activation_pingpong_15 |         37 |         37 |       0 |    0 |   54 |      0 |      0 |    0 |          0 |
|                 bank0                |                                            alexnet_n8_activation_bank |        256 |        256 |       0 |    0 |   97 |      1 |      0 |    0 |          0 |
|                 bank1                |                                         alexnet_n8_activation_bank_16 |        101 |        101 |       0 |    0 |   97 |      1 |      0 |    0 |          0 |
|             u_core                   |                   alexnet_m4n8_rs_resident_weight_dual_accum_datapath |        809 |        809 |       0 |    0 |  510 |      7 |      0 |    0 |          0 |
|               (u_core)               |                   alexnet_m4n8_rs_resident_weight_dual_accum_datapath |          0 |          0 |       0 |    0 |   24 |      0 |      0 |    0 |          0 |
|               u_feeder               |                                               alexnet_n8_rs_m4_feeder |        621 |        621 |       0 |    0 |  386 |      5 |      0 |    0 |          0 |
|               u_issue_controller     |                                      alexnet_m4n8_rs_issue_controller |         55 |         55 |       0 |    0 |   19 |      0 |      0 |    0 |          0 |
|               u_weight_bank          |                                           alexnet_n8_weight_tile_bank |        133 |        133 |       0 |    0 |   81 |      2 |      0 |    0 |          0 |
|           u_dma_ingress              |                                                alexnet_n8_dma_ingress |        138 |        138 |       0 |    0 |  198 |      0 |      0 |    0 |          0 |
|         u_result_dma_egress          |                                          alexnet_n8_dma_result_egress |        311 |        311 |       0 |    0 |  240 |      0 |      0 |    0 |          0 |
|       u_scheduler                    |                                           alexnet_dma_chunk_scheduler |         57 |         57 |       0 |    0 |   96 |      0 |      0 |    0 |          0 |
|     u_shared                         |                                      alexnet_m4n8_accum_base_datapath |       4593 |       4552 |       0 |   41 | 3262 |     28 |      0 |    0 |         24 |
|       (u_shared)                     |                                      alexnet_m4n8_accum_base_datapath |          6 |          6 |       0 |    0 |   15 |      0 |      0 |    0 |          0 |
|       u_output_slice                 |                                    alexnet_m4n8_n8_accum_output_slice |       2707 |       2707 |       0 |    0 | 1047 |     28 |      0 |    0 |          8 |
|         (u_output_slice)             |                                    alexnet_m4n8_n8_accum_output_slice |         30 |         30 |       0 |    0 |   73 |      0 |      0 |    0 |          0 |
|         u_partial_sum_bank           |                                     alexnet_n8_int32_partial_sum_bank |        771 |        771 |       0 |    0 |  517 |     28 |      0 |    0 |          0 |
|         u_requant                    |                                                    alexnet_n8_requant |       1674 |       1674 |       0 |    0 |  390 |      0 |      0 |    0 |          8 |
|         u_router                     |                                              alexnet_n8_output_router |         82 |         82 |       0 |    0 |   42 |      0 |      0 |    0 |          0 |
|         u_scanner                    |                                           alexnet_m4n8_result_scanner |        150 |        150 |       0 |    0 |   25 |      0 |      0 |    0 |          0 |
|       u_sa                           |                                                       alexnet_sa_m4n8 |       1880 |       1839 |       0 |   41 | 2200 |      0 |      0 |    0 |         16 |
|         (u_sa)                       |                                                       alexnet_sa_m4n8 |         65 |         24 |       0 |   41 |  368 |      0 |      0 |    0 |          0 |
|         g_pe_row[0].g_pe_col[0].u_pe |                                                     alexnet_packed_pe |        113 |        113 |       0 |    0 |  111 |      0 |      0 |    0 |          1 |
|         g_pe_row[0].g_pe_col[1].u_pe |                                                   alexnet_packed_pe_0 |        113 |        113 |       0 |    0 |  119 |      0 |      0 |    0 |          1 |
|         g_pe_row[0].g_pe_col[2].u_pe |                                                   alexnet_packed_pe_1 |        113 |        113 |       0 |    0 |  111 |      0 |      0 |    0 |          1 |
|         g_pe_row[0].g_pe_col[3].u_pe |                                                   alexnet_packed_pe_2 |        113 |        113 |       0 |    0 |  119 |      0 |      0 |    0 |          1 |
|         g_pe_row[0].g_pe_col[4].u_pe |                                                   alexnet_packed_pe_3 |        114 |        114 |       0 |    0 |  111 |      0 |      0 |    0 |          1 |
|         g_pe_row[0].g_pe_col[5].u_pe |                                                   alexnet_packed_pe_4 |        114 |        114 |       0 |    0 |  119 |      0 |      0 |    0 |          1 |
|         g_pe_row[0].g_pe_col[6].u_pe |                                                   alexnet_packed_pe_5 |        113 |        113 |       0 |    0 |  111 |      0 |      0 |    0 |          1 |
|         g_pe_row[0].g_pe_col[7].u_pe |                                                   alexnet_packed_pe_6 |        113 |        113 |       0 |    0 |  111 |      0 |      0 |    0 |          1 |
|         g_pe_row[1].g_pe_col[0].u_pe |                                                   alexnet_packed_pe_7 |        114 |        114 |       0 |    0 |  119 |      0 |      0 |    0 |          1 |
|         g_pe_row[1].g_pe_col[1].u_pe |                                                   alexnet_packed_pe_8 |        113 |        113 |       0 |    0 |  111 |      0 |      0 |    0 |          1 |
|         g_pe_row[1].g_pe_col[2].u_pe |                                                   alexnet_packed_pe_9 |        113 |        113 |       0 |    0 |  119 |      0 |      0 |    0 |          1 |
|         g_pe_row[1].g_pe_col[3].u_pe |                                                  alexnet_packed_pe_10 |        113 |        113 |       0 |    0 |  111 |      0 |      0 |    0 |          1 |
|         g_pe_row[1].g_pe_col[4].u_pe |                                                  alexnet_packed_pe_11 |        114 |        114 |       0 |    0 |  119 |      0 |      0 |    0 |          1 |
|         g_pe_row[1].g_pe_col[5].u_pe |                                                  alexnet_packed_pe_12 |        116 |        116 |       0 |    0 |  111 |      0 |      0 |    0 |          1 |
|         g_pe_row[1].g_pe_col[6].u_pe |                                                  alexnet_packed_pe_13 |        113 |        113 |       0 |    0 |  119 |      0 |      0 |    0 |          1 |
|         g_pe_row[1].g_pe_col[7].u_pe |                                                  alexnet_packed_pe_14 |        113 |        113 |       0 |    0 |  111 |      0 |      0 |    0 |          1 |
|   u_orchestrator                     |                                    alexnet_graph_compute_orchestrator |        370 |        370 |       0 |    0 |  582 |      0 |      0 |    0 |          0 |
|     u_conv                           |                                         alexnet_conv_layer_controller |        303 |        303 |       0 |    0 |  544 |      0 |      0 |    0 |          0 |
|     u_graph                          |                                              alexnet_graph_controller |         67 |         67 |       0 |    0 |   38 |      0 |      0 |    0 |          0 |
+--------------------------------------+-----------------------------------------------------------------------+------------+------------+---------+------+------+--------+--------+------+------------+


