Copyright 1986-2022 Xilinx, Inc. All Rights Reserved. Copyright 2022-2025 Advanced Micro Devices, Inc. All Rights Reserved.
--------------------------------------------------------------------------------------------------------------------------------------------------
| Tool Version      : Vivado v.2025.1 (lin64) Build 6140274 Wed May 21 22:58:25 MDT 2025
| Date              : Fri Jul 24 22:43:38 2026
| Host              : yun-MS-7B50 running 64-bit Ubuntu 22.04.5 LTS
| Command           : report_timing -delay_type max -max_paths 5 -sort_by group -file reports/conv_stream_datapath_impl_timing_worst.rpt
| Design            : conv_stream_datapath
| Device            : xck26-sfvc784
| Speed File        : -2LV  PRODUCTION 1.30 05-15-2022
| Design State      : Routed
| Temperature Grade : C
--------------------------------------------------------------------------------------------------------------------------------------------------

Timing Report

Slack (MET) :             0.091ns  (required time - arrival time)
  Source:                 u_output_router/rr_col_r_reg[3][1]/C
                            (rising edge-triggered cell FDRE clocked by clk  {rise@0.000ns fall@2.500ns period=5.000ns})
  Destination:            u_output_router/result_packet_r_reg[3][addr_hi][3]/D
                            (rising edge-triggered cell FDRE clocked by clk  {rise@0.000ns fall@2.500ns period=5.000ns})
  Path Group:             clk
  Path Type:              Setup (Max at Slow Process Corner)
  Requirement:            5.000ns  (clk rise@5.000ns - clk rise@0.000ns)
  Data Path Delay:        4.904ns  (logic 1.340ns (27.327%)  route 3.564ns (72.673%))
  Logic Levels:           9  (LUT3=1 LUT4=1 LUT5=2 LUT6=5)
  Clock Path Skew:        -0.013ns (DCD - SCD + CPR)
    Destination Clock Delay (DCD):    0.030ns = ( 5.030 - 5.000 ) 
    Source Clock Delay      (SCD):    0.043ns
    Clock Pessimism Removal (CPR):    0.000ns
  Clock Uncertainty:      0.035ns  ((TSJ^2 + TIJ^2)^1/2 + DJ) / 2 + PE
    Total System Jitter     (TSJ):    0.071ns
    Total Input Jitter      (TIJ):    0.000ns
    Discrete Jitter          (DJ):    0.000ns
    Phase Error              (PE):    0.000ns

    Location             Delay type                Incr(ns)  Path(ns)    Netlist Resource(s)
  -------------------------------------------------------------------    -------------------
                         (clock clk rise edge)        0.000     0.000 r  
                                                      0.000     0.000 r  clk (IN)
                         net (fo=23380, unset)        0.043     0.043    u_output_router/clk
    SLICE_X38Y149        FDRE                                         r  u_output_router/rr_col_r_reg[3][1]/C
  -------------------------------------------------------------------    -------------------
    SLICE_X38Y149        FDRE (Prop_DFF_SLICEM_C_Q)
                                                      0.116     0.159 r  u_output_router/rr_col_r_reg[3][1]/Q
                         net (fo=40, routed)          0.304     0.463    u_output_router/rr_col_r_reg[3]_31[1]
    SLICE_X40Y146        LUT6 (Prop_F6LUT_SLICEM_I2_O)
                                                      0.224     0.687 f  u_output_router/result_valid_r[3]_i_47/O
                         net (fo=2, routed)           0.122     0.809    u_output_router/result_valid_r[3]_i_47_n_0
    SLICE_X40Y145        LUT5 (Prop_B6LUT_SLICEM_I4_O)
                                                      0.225     1.034 r  u_output_router/result_valid_r[3]_i_33/O
                         net (fo=1, routed)           0.105     1.139    u_output_router/result_valid_r[3]_i_33_n_0
    SLICE_X40Y144        LUT4 (Prop_H6LUT_SLICEM_I3_O)
                                                      0.154     1.293 f  u_output_router/result_valid_r[3]_i_12/O
                         net (fo=11, routed)          0.217     1.509    u_output_router/result_valid_r[3]_i_12_n_0
    SLICE_X41Y143        LUT5 (Prop_H6LUT_SLICEM_I4_O)
                                                      0.084     1.593 r  u_output_router/result_valid_r[3]_i_11/O
                         net (fo=9, routed)           0.247     1.840    u_output_router/p_269_out
    SLICE_X42Y142        LUT6 (Prop_H6LUT_SLICEL_I4_O)
                                                      0.058     1.898 r  u_output_router/rr_col_r[3][2]_i_10/O
                         net (fo=15, routed)          0.290     2.189    u_output_router/rr_col_r[3][2]_i_10_n_0
    SLICE_X43Y141        LUT6 (Prop_H6LUT_SLICEM_I1_O)
                                                      0.228     2.417 r  u_output_router/queue_head_ptr_r[3][0][1]_i_4/O
                         net (fo=152, routed)         1.063     3.480    u_output_router/queue_head_ptr_r[3][0][1]_i_4_n_0
    SLICE_X52Y132        LUT3 (Prop_H6LUT_SLICEL_I1_O)
                                                      0.058     3.538 r  u_output_router/result_packet_r[3][addr_hi][3]_i_14/O
                         net (fo=1, routed)           0.731     4.269    u_output_router/result_packet_r[3][addr_hi][3]_i_14_n_0
    SLICE_X46Y138        LUT6 (Prop_H6LUT_SLICEL_I0_O)
                                                      0.058     4.327 r  u_output_router/result_packet_r[3][addr_hi][3]_i_4/O
                         net (fo=1, routed)           0.390     4.717    u_output_router/result_packet_r[3][addr_hi][3]_i_4_n_0
    SLICE_X45Y128        LUT6 (Prop_C6LUT_SLICEM_I2_O)
                                                      0.135     4.852 r  u_output_router/result_packet_r[3][addr_hi][3]_i_1/O
                         net (fo=1, routed)           0.095     4.947    u_output_router/result_packet_r[3][addr_hi][3]_i_1_n_0
    SLICE_X45Y128        FDRE                                         r  u_output_router/result_packet_r_reg[3][addr_hi][3]/D
  -------------------------------------------------------------------    -------------------

                         (clock clk rise edge)        5.000     5.000 r  
                                                      0.000     5.000 r  clk (IN)
                         net (fo=23380, unset)        0.030     5.030    u_output_router/clk
    SLICE_X45Y128        FDRE                                         r  u_output_router/result_packet_r_reg[3][addr_hi][3]/C
                         clock pessimism              0.000     5.030    
                         clock uncertainty           -0.035     4.995    
    SLICE_X45Y128        FDRE (Setup_CFF_SLICEM_C_D)
                                                      0.043     5.038    u_output_router/result_packet_r_reg[3][addr_hi][3]
  -------------------------------------------------------------------
                         required time                          5.038    
                         arrival time                          -4.947    
  -------------------------------------------------------------------
                         slack                                  0.091    

Slack (MET) :             0.100ns  (required time - arrival time)
  Source:                 u_output_router/queue_count_r_reg[0][2][2]/C
                            (rising edge-triggered cell FDRE clocked by clk  {rise@0.000ns fall@2.500ns period=5.000ns})
  Destination:            u_output_router/queue_mem_r_reg[2][7][0][channel_hi][2]/CE
                            (rising edge-triggered cell FDRE clocked by clk  {rise@0.000ns fall@2.500ns period=5.000ns})
  Path Group:             clk
  Path Type:              Setup (Max at Slow Process Corner)
  Requirement:            5.000ns  (clk rise@5.000ns - clk rise@0.000ns)
  Data Path Delay:        4.771ns  (logic 1.269ns (26.597%)  route 3.502ns (73.403%))
  Logic Levels:           7  (LUT2=1 LUT4=3 LUT5=1 LUT6=2)
  Clock Path Skew:        -0.014ns (DCD - SCD + CPR)
    Destination Clock Delay (DCD):    0.029ns = ( 5.029 - 5.000 ) 
    Source Clock Delay      (SCD):    0.043ns
    Clock Pessimism Removal (CPR):    0.000ns
  Clock Uncertainty:      0.035ns  ((TSJ^2 + TIJ^2)^1/2 + DJ) / 2 + PE
    Total System Jitter     (TSJ):    0.071ns
    Total Input Jitter      (TIJ):    0.000ns
    Discrete Jitter          (DJ):    0.000ns
    Phase Error              (PE):    0.000ns

    Location             Delay type                Incr(ns)  Path(ns)    Netlist Resource(s)
  -------------------------------------------------------------------    -------------------
                         (clock clk rise edge)        0.000     0.000 r  
                                                      0.000     0.000 r  clk (IN)
                         net (fo=23380, unset)        0.043     0.043    u_output_router/clk
    SLICE_X28Y203        FDRE                                         r  u_output_router/queue_count_r_reg[0][2][2]/C
  -------------------------------------------------------------------    -------------------
    SLICE_X28Y203        FDRE (Prop_CFF2_SLICEM_C_Q)
                                                      0.114     0.157 f  u_output_router/queue_count_r_reg[0][2][2]/Q
                         net (fo=7, routed)           0.269     0.426    u_output_router/queue_count_r_reg[0][2]_41[2]
    SLICE_X28Y203        LUT6 (Prop_G6LUT_SLICEM_I4_O)
                                                      0.226     0.652 f  u_output_router/pix_rd_en_INST_0_i_22/O
                         net (fo=1, routed)           0.195     0.847    u_output_router/pix_rd_en_INST_0_i_22_n_0
    SLICE_X31Y202        LUT4 (Prop_H6LUT_SLICEM_I3_O)
                                                      0.138     0.985 f  u_output_router/pix_rd_en_INST_0_i_18/O
                         net (fo=1, routed)           0.368     1.353    u_output_router/pix_rd_en_INST_0_i_18_n_0
    SLICE_X32Y182        LUT5 (Prop_F6LUT_SLICEM_I4_O)
                                                      0.135     1.488 f  u_output_router/pix_rd_en_INST_0_i_8/O
                         net (fo=1, routed)           0.157     1.645    u_output_router/pix_rd_en_INST_0_i_8_n_0
    SLICE_X33Y180        LUT6 (Prop_G6LUT_SLICEL_I5_O)
                                                      0.186     1.831 r  u_output_router/pix_rd_en_INST_0_i_1/O
                         net (fo=26, routed)          0.600     2.431    u_output_router/router_ingress_ready
    SLICE_X37Y158        LUT2 (Prop_D5LUT_SLICEM_I1_O)
                                                      0.091     2.522 r  u_output_router/PREG_reg_i_1__19/O
                         net (fo=15, routed)          0.623     3.145    u_output_router/en_15
    SLICE_X45Y158        LUT4 (Prop_G6LUT_SLICEM_I0_O)
                                                      0.226     3.371 r  u_output_router/queue_tail_ptr_r[2][7][1]_i_1/O
                         net (fo=13, routed)          0.235     3.606    u_output_router/enq_valid_c[2][7]_21
    SLICE_X46Y158        LUT4 (Prop_H6LUT_SLICEL_I2_O)
                                                      0.153     3.759 r  u_output_router/queue_mem_r[2][7][0][layer_id][2]_i_1/O
                         net (fo=117, routed)         1.055     4.814    u_output_router/queue_mem_r[2][7][0][layer_id][2]_i_1_n_0
    SLICE_X59Y165        FDRE                                         r  u_output_router/queue_mem_r_reg[2][7][0][channel_hi][2]/CE
  -------------------------------------------------------------------    -------------------

                         (clock clk rise edge)        5.000     5.000 r  
                                                      0.000     5.000 r  clk (IN)
                         net (fo=23380, unset)        0.029     5.029    u_output_router/clk
    SLICE_X59Y165        FDRE                                         r  u_output_router/queue_mem_r_reg[2][7][0][channel_hi][2]/C
                         clock pessimism              0.000     5.029    
                         clock uncertainty           -0.035     4.994    
    SLICE_X59Y165        FDRE (Setup_HFF2_SLICEL_C_CE)
                                                     -0.079     4.915    u_output_router/queue_mem_r_reg[2][7][0][channel_hi][2]
  -------------------------------------------------------------------
                         required time                          4.915    
                         arrival time                          -4.814    
  -------------------------------------------------------------------
                         slack                                  0.100    

Slack (MET) :             0.100ns  (required time - arrival time)
  Source:                 u_output_router/queue_count_r_reg[0][2][2]/C
                            (rising edge-triggered cell FDRE clocked by clk  {rise@0.000ns fall@2.500ns period=5.000ns})
  Destination:            u_output_router/queue_mem_r_reg[2][7][0][channel_lo][1]/CE
                            (rising edge-triggered cell FDRE clocked by clk  {rise@0.000ns fall@2.500ns period=5.000ns})
  Path Group:             clk
  Path Type:              Setup (Max at Slow Process Corner)
  Requirement:            5.000ns  (clk rise@5.000ns - clk rise@0.000ns)
  Data Path Delay:        4.771ns  (logic 1.269ns (26.597%)  route 3.502ns (73.403%))
  Logic Levels:           7  (LUT2=1 LUT4=3 LUT5=1 LUT6=2)
  Clock Path Skew:        -0.014ns (DCD - SCD + CPR)
    Destination Clock Delay (DCD):    0.029ns = ( 5.029 - 5.000 ) 
    Source Clock Delay      (SCD):    0.043ns
    Clock Pessimism Removal (CPR):    0.000ns
  Clock Uncertainty:      0.035ns  ((TSJ^2 + TIJ^2)^1/2 + DJ) / 2 + PE
    Total System Jitter     (TSJ):    0.071ns
    Total Input Jitter      (TIJ):    0.000ns
    Discrete Jitter          (DJ):    0.000ns
    Phase Error              (PE):    0.000ns

    Location             Delay type                Incr(ns)  Path(ns)    Netlist Resource(s)
  -------------------------------------------------------------------    -------------------
                         (clock clk rise edge)        0.000     0.000 r  
                                                      0.000     0.000 r  clk (IN)
                         net (fo=23380, unset)        0.043     0.043    u_output_router/clk
    SLICE_X28Y203        FDRE                                         r  u_output_router/queue_count_r_reg[0][2][2]/C
  -------------------------------------------------------------------    -------------------
    SLICE_X28Y203        FDRE (Prop_CFF2_SLICEM_C_Q)
                                                      0.114     0.157 f  u_output_router/queue_count_r_reg[0][2][2]/Q
                         net (fo=7, routed)           0.269     0.426    u_output_router/queue_count_r_reg[0][2]_41[2]
    SLICE_X28Y203        LUT6 (Prop_G6LUT_SLICEM_I4_O)
                                                      0.226     0.652 f  u_output_router/pix_rd_en_INST_0_i_22/O
                         net (fo=1, routed)           0.195     0.847    u_output_router/pix_rd_en_INST_0_i_22_n_0
    SLICE_X31Y202        LUT4 (Prop_H6LUT_SLICEM_I3_O)
                                                      0.138     0.985 f  u_output_router/pix_rd_en_INST_0_i_18/O
                         net (fo=1, routed)           0.368     1.353    u_output_router/pix_rd_en_INST_0_i_18_n_0
    SLICE_X32Y182        LUT5 (Prop_F6LUT_SLICEM_I4_O)
                                                      0.135     1.488 f  u_output_router/pix_rd_en_INST_0_i_8/O
                         net (fo=1, routed)           0.157     1.645    u_output_router/pix_rd_en_INST_0_i_8_n_0
    SLICE_X33Y180        LUT6 (Prop_G6LUT_SLICEL_I5_O)
                                                      0.186     1.831 r  u_output_router/pix_rd_en_INST_0_i_1/O
                         net (fo=26, routed)          0.600     2.431    u_output_router/router_ingress_ready
    SLICE_X37Y158        LUT2 (Prop_D5LUT_SLICEM_I1_O)
                                                      0.091     2.522 r  u_output_router/PREG_reg_i_1__19/O
                         net (fo=15, routed)          0.623     3.145    u_output_router/en_15
    SLICE_X45Y158        LUT4 (Prop_G6LUT_SLICEM_I0_O)
                                                      0.226     3.371 r  u_output_router/queue_tail_ptr_r[2][7][1]_i_1/O
                         net (fo=13, routed)          0.235     3.606    u_output_router/enq_valid_c[2][7]_21
    SLICE_X46Y158        LUT4 (Prop_H6LUT_SLICEL_I2_O)
                                                      0.153     3.759 r  u_output_router/queue_mem_r[2][7][0][layer_id][2]_i_1/O
                         net (fo=117, routed)         1.055     4.814    u_output_router/queue_mem_r[2][7][0][layer_id][2]_i_1_n_0
    SLICE_X59Y165        FDRE                                         r  u_output_router/queue_mem_r_reg[2][7][0][channel_lo][1]/CE
  -------------------------------------------------------------------    -------------------

                         (clock clk rise edge)        5.000     5.000 r  
                                                      0.000     5.000 r  clk (IN)
                         net (fo=23380, unset)        0.029     5.029    u_output_router/clk
    SLICE_X59Y165        FDRE                                         r  u_output_router/queue_mem_r_reg[2][7][0][channel_lo][1]/C
                         clock pessimism              0.000     5.029    
                         clock uncertainty           -0.035     4.994    
    SLICE_X59Y165        FDRE (Setup_GFF2_SLICEL_C_CE)
                                                     -0.079     4.915    u_output_router/queue_mem_r_reg[2][7][0][channel_lo][1]
  -------------------------------------------------------------------
                         required time                          4.915    
                         arrival time                          -4.814    
  -------------------------------------------------------------------
                         slack                                  0.100    

Slack (MET) :             0.100ns  (required time - arrival time)
  Source:                 u_output_router/queue_count_r_reg[0][2][2]/C
                            (rising edge-triggered cell FDRE clocked by clk  {rise@0.000ns fall@2.500ns period=5.000ns})
  Destination:            u_output_router/queue_mem_r_reg[2][7][0][channel_lo][2]/CE
                            (rising edge-triggered cell FDRE clocked by clk  {rise@0.000ns fall@2.500ns period=5.000ns})
  Path Group:             clk
  Path Type:              Setup (Max at Slow Process Corner)
  Requirement:            5.000ns  (clk rise@5.000ns - clk rise@0.000ns)
  Data Path Delay:        4.771ns  (logic 1.269ns (26.597%)  route 3.502ns (73.403%))
  Logic Levels:           7  (LUT2=1 LUT4=3 LUT5=1 LUT6=2)
  Clock Path Skew:        -0.014ns (DCD - SCD + CPR)
    Destination Clock Delay (DCD):    0.029ns = ( 5.029 - 5.000 ) 
    Source Clock Delay      (SCD):    0.043ns
    Clock Pessimism Removal (CPR):    0.000ns
  Clock Uncertainty:      0.035ns  ((TSJ^2 + TIJ^2)^1/2 + DJ) / 2 + PE
    Total System Jitter     (TSJ):    0.071ns
    Total Input Jitter      (TIJ):    0.000ns
    Discrete Jitter          (DJ):    0.000ns
    Phase Error              (PE):    0.000ns

    Location             Delay type                Incr(ns)  Path(ns)    Netlist Resource(s)
  -------------------------------------------------------------------    -------------------
                         (clock clk rise edge)        0.000     0.000 r  
                                                      0.000     0.000 r  clk (IN)
                         net (fo=23380, unset)        0.043     0.043    u_output_router/clk
    SLICE_X28Y203        FDRE                                         r  u_output_router/queue_count_r_reg[0][2][2]/C
  -------------------------------------------------------------------    -------------------
    SLICE_X28Y203        FDRE (Prop_CFF2_SLICEM_C_Q)
                                                      0.114     0.157 f  u_output_router/queue_count_r_reg[0][2][2]/Q
                         net (fo=7, routed)           0.269     0.426    u_output_router/queue_count_r_reg[0][2]_41[2]
    SLICE_X28Y203        LUT6 (Prop_G6LUT_SLICEM_I4_O)
                                                      0.226     0.652 f  u_output_router/pix_rd_en_INST_0_i_22/O
                         net (fo=1, routed)           0.195     0.847    u_output_router/pix_rd_en_INST_0_i_22_n_0
    SLICE_X31Y202        LUT4 (Prop_H6LUT_SLICEM_I3_O)
                                                      0.138     0.985 f  u_output_router/pix_rd_en_INST_0_i_18/O
                         net (fo=1, routed)           0.368     1.353    u_output_router/pix_rd_en_INST_0_i_18_n_0
    SLICE_X32Y182        LUT5 (Prop_F6LUT_SLICEM_I4_O)
                                                      0.135     1.488 f  u_output_router/pix_rd_en_INST_0_i_8/O
                         net (fo=1, routed)           0.157     1.645    u_output_router/pix_rd_en_INST_0_i_8_n_0
    SLICE_X33Y180        LUT6 (Prop_G6LUT_SLICEL_I5_O)
                                                      0.186     1.831 r  u_output_router/pix_rd_en_INST_0_i_1/O
                         net (fo=26, routed)          0.600     2.431    u_output_router/router_ingress_ready
    SLICE_X37Y158        LUT2 (Prop_D5LUT_SLICEM_I1_O)
                                                      0.091     2.522 r  u_output_router/PREG_reg_i_1__19/O
                         net (fo=15, routed)          0.623     3.145    u_output_router/en_15
    SLICE_X45Y158        LUT4 (Prop_G6LUT_SLICEM_I0_O)
                                                      0.226     3.371 r  u_output_router/queue_tail_ptr_r[2][7][1]_i_1/O
                         net (fo=13, routed)          0.235     3.606    u_output_router/enq_valid_c[2][7]_21
    SLICE_X46Y158        LUT4 (Prop_H6LUT_SLICEL_I2_O)
                                                      0.153     3.759 r  u_output_router/queue_mem_r[2][7][0][layer_id][2]_i_1/O
                         net (fo=117, routed)         1.055     4.814    u_output_router/queue_mem_r[2][7][0][layer_id][2]_i_1_n_0
    SLICE_X59Y165        FDRE                                         r  u_output_router/queue_mem_r_reg[2][7][0][channel_lo][2]/CE
  -------------------------------------------------------------------    -------------------

                         (clock clk rise edge)        5.000     5.000 r  
                                                      0.000     5.000 r  clk (IN)
                         net (fo=23380, unset)        0.029     5.029    u_output_router/clk
    SLICE_X59Y165        FDRE                                         r  u_output_router/queue_mem_r_reg[2][7][0][channel_lo][2]/C
                         clock pessimism              0.000     5.029    
                         clock uncertainty           -0.035     4.994    
    SLICE_X59Y165        FDRE (Setup_FFF2_SLICEL_C_CE)
                                                     -0.079     4.915    u_output_router/queue_mem_r_reg[2][7][0][channel_lo][2]
  -------------------------------------------------------------------
                         required time                          4.915    
                         arrival time                          -4.814    
  -------------------------------------------------------------------
                         slack                                  0.100    

Slack (MET) :             0.102ns  (required time - arrival time)
  Source:                 u_output_router/queue_count_r_reg[0][2][2]/C
                            (rising edge-triggered cell FDRE clocked by clk  {rise@0.000ns fall@2.500ns period=5.000ns})
  Destination:            u_output_router/queue_mem_r_reg[2][7][1][addr_hi][2]/CE
                            (rising edge-triggered cell FDRE clocked by clk  {rise@0.000ns fall@2.500ns period=5.000ns})
  Path Group:             clk
  Path Type:              Setup (Max at Slow Process Corner)
  Requirement:            5.000ns  (clk rise@5.000ns - clk rise@0.000ns)
  Data Path Delay:        4.770ns  (logic 1.267ns (26.564%)  route 3.503ns (73.436%))
  Logic Levels:           7  (LUT2=1 LUT4=3 LUT5=1 LUT6=2)
  Clock Path Skew:        -0.014ns (DCD - SCD + CPR)
    Destination Clock Delay (DCD):    0.029ns = ( 5.029 - 5.000 ) 
    Source Clock Delay      (SCD):    0.043ns
    Clock Pessimism Removal (CPR):    0.000ns
  Clock Uncertainty:      0.035ns  ((TSJ^2 + TIJ^2)^1/2 + DJ) / 2 + PE
    Total System Jitter     (TSJ):    0.071ns
    Total Input Jitter      (TIJ):    0.000ns
    Discrete Jitter          (DJ):    0.000ns
    Phase Error              (PE):    0.000ns

    Location             Delay type                Incr(ns)  Path(ns)    Netlist Resource(s)
  -------------------------------------------------------------------    -------------------
                         (clock clk rise edge)        0.000     0.000 r  
                                                      0.000     0.000 r  clk (IN)
                         net (fo=23380, unset)        0.043     0.043    u_output_router/clk
    SLICE_X28Y203        FDRE                                         r  u_output_router/queue_count_r_reg[0][2][2]/C
  -------------------------------------------------------------------    -------------------
    SLICE_X28Y203        FDRE (Prop_CFF2_SLICEM_C_Q)
                                                      0.114     0.157 f  u_output_router/queue_count_r_reg[0][2][2]/Q
                         net (fo=7, routed)           0.269     0.426    u_output_router/queue_count_r_reg[0][2]_41[2]
    SLICE_X28Y203        LUT6 (Prop_G6LUT_SLICEM_I4_O)
                                                      0.226     0.652 f  u_output_router/pix_rd_en_INST_0_i_22/O
                         net (fo=1, routed)           0.195     0.847    u_output_router/pix_rd_en_INST_0_i_22_n_0
    SLICE_X31Y202        LUT4 (Prop_H6LUT_SLICEM_I3_O)
                                                      0.138     0.985 f  u_output_router/pix_rd_en_INST_0_i_18/O
                         net (fo=1, routed)           0.368     1.353    u_output_router/pix_rd_en_INST_0_i_18_n_0
    SLICE_X32Y182        LUT5 (Prop_F6LUT_SLICEM_I4_O)
                                                      0.135     1.488 f  u_output_router/pix_rd_en_INST_0_i_8/O
                         net (fo=1, routed)           0.157     1.645    u_output_router/pix_rd_en_INST_0_i_8_n_0
    SLICE_X33Y180        LUT6 (Prop_G6LUT_SLICEL_I5_O)
                                                      0.186     1.831 r  u_output_router/pix_rd_en_INST_0_i_1/O
                         net (fo=26, routed)          0.600     2.431    u_output_router/router_ingress_ready
    SLICE_X37Y158        LUT2 (Prop_D5LUT_SLICEM_I1_O)
                                                      0.091     2.522 r  u_output_router/PREG_reg_i_1__19/O
                         net (fo=15, routed)          0.623     3.145    u_output_router/en_15
    SLICE_X45Y158        LUT4 (Prop_G6LUT_SLICEM_I0_O)
                                                      0.226     3.371 r  u_output_router/queue_tail_ptr_r[2][7][1]_i_1/O
                         net (fo=13, routed)          0.234     3.605    u_output_router/enq_valid_c[2][7]_21
    SLICE_X46Y158        LUT4 (Prop_G6LUT_SLICEL_I2_O)
                                                      0.151     3.756 r  u_output_router/queue_mem_r[2][7][1][layer_id][2]_i_1/O
                         net (fo=117, routed)         1.056     4.813    u_output_router/queue_mem_r[2][7][1][layer_id][2]_i_1_n_0
    SLICE_X52Y166        FDRE                                         r  u_output_router/queue_mem_r_reg[2][7][1][addr_hi][2]/CE
  -------------------------------------------------------------------    -------------------

                         (clock clk rise edge)        5.000     5.000 r  
                                                      0.000     5.000 r  clk (IN)
                         net (fo=23380, unset)        0.029     5.029    u_output_router/clk
    SLICE_X52Y166        FDRE                                         r  u_output_router/queue_mem_r_reg[2][7][1][addr_hi][2]/C
                         clock pessimism              0.000     5.029    
                         clock uncertainty           -0.035     4.994    
    SLICE_X52Y166        FDRE (Setup_HFF2_SLICEL_C_CE)
                                                     -0.079     4.915    u_output_router/queue_mem_r_reg[2][7][1][addr_hi][2]
  -------------------------------------------------------------------
                         required time                          4.915    
                         arrival time                          -4.813    
  -------------------------------------------------------------------
                         slack                                  0.102    

Slack (MET) :             2.864ns  (required time - arrival time)
  Source:                 rst_n
                            (input port clocked by clk  {rise@0.000ns fall@2.500ns period=5.000ns})
  Destination:            src_win_q_reg[0][0]/CLR
                            (recovery check against rising-edge clock clk  {rise@0.000ns fall@2.500ns period=5.000ns})
  Path Group:             **async_default**
  Path Type:              Recovery (Max at Slow Process Corner)
  Requirement:            5.000ns  (clk rise@5.000ns - clk rise@0.000ns)
  Data Path Delay:        0.038ns  (logic 0.000ns (0.000%)  route 0.038ns (100.000%))
  Logic Levels:           0  
  Input Delay:            2.000ns
  Clock Path Skew:        0.030ns (DCD - SCD + CPR)
    Destination Clock Delay (DCD):    0.030ns = ( 5.030 - 5.000 ) 
    Source Clock Delay      (SCD):    0.000ns
    Clock Pessimism Removal (CPR):    0.000ns
  Clock Uncertainty:      0.035ns  ((TSJ^2 + TIJ^2)^1/2 + DJ) / 2 + PE
    Total System Jitter     (TSJ):    0.071ns
    Total Input Jitter      (TIJ):    0.000ns
    Discrete Jitter          (DJ):    0.000ns
    Phase Error              (PE):    0.000ns

    Location             Delay type                Incr(ns)  Path(ns)    Netlist Resource(s)
  -------------------------------------------------------------------    -------------------
                         (clock clk rise edge)        0.000     0.000 r  
                         input delay                  2.000     2.000    
                                                      0.000     2.000 r  rst_n (IN)
                         net (fo=5339, unset)         0.038     2.038    u_sa_n_0
    SLICE_X32Y146        FDCE                                         f  src_win_q_reg[0][0]/CLR  (IS_INVERTED)
  -------------------------------------------------------------------    -------------------

                         (clock clk rise edge)        5.000     5.000 r  
                                                      0.000     5.000 r  clk (IN)
                         net (fo=23380, unset)        0.030     5.030    clk
    SLICE_X32Y146        FDCE                                         r  src_win_q_reg[0][0]/C
                         clock pessimism              0.000     5.030    
                         clock uncertainty           -0.035     4.995    
    SLICE_X32Y146        FDCE (Recov_DFF_SLICEM_C_CLR)
                                                     -0.093     4.902    src_win_q_reg[0][0]
  -------------------------------------------------------------------
                         required time                          4.902    
                         arrival time                          -2.038    
  -------------------------------------------------------------------
                         slack                                  2.864    

Slack (MET) :             2.864ns  (required time - arrival time)
  Source:                 rst_n
                            (input port clocked by clk  {rise@0.000ns fall@2.500ns period=5.000ns})
  Destination:            src_win_q_reg[0][2]/CLR
                            (recovery check against rising-edge clock clk  {rise@0.000ns fall@2.500ns period=5.000ns})
  Path Group:             **async_default**
  Path Type:              Recovery (Max at Slow Process Corner)
  Requirement:            5.000ns  (clk rise@5.000ns - clk rise@0.000ns)
  Data Path Delay:        0.038ns  (logic 0.000ns (0.000%)  route 0.038ns (100.000%))
  Logic Levels:           0  
  Input Delay:            2.000ns
  Clock Path Skew:        0.030ns (DCD - SCD + CPR)
    Destination Clock Delay (DCD):    0.030ns = ( 5.030 - 5.000 ) 
    Source Clock Delay      (SCD):    0.000ns
    Clock Pessimism Removal (CPR):    0.000ns
  Clock Uncertainty:      0.035ns  ((TSJ^2 + TIJ^2)^1/2 + DJ) / 2 + PE
    Total System Jitter     (TSJ):    0.071ns
    Total Input Jitter      (TIJ):    0.000ns
    Discrete Jitter          (DJ):    0.000ns
    Phase Error              (PE):    0.000ns

    Location             Delay type                Incr(ns)  Path(ns)    Netlist Resource(s)
  -------------------------------------------------------------------    -------------------
                         (clock clk rise edge)        0.000     0.000 r  
                         input delay                  2.000     2.000    
                                                      0.000     2.000 r  rst_n (IN)
                         net (fo=5339, unset)         0.038     2.038    u_sa_n_0
    SLICE_X32Y140        FDCE                                         f  src_win_q_reg[0][2]/CLR  (IS_INVERTED)
  -------------------------------------------------------------------    -------------------

                         (clock clk rise edge)        5.000     5.000 r  
                                                      0.000     5.000 r  clk (IN)
                         net (fo=23380, unset)        0.030     5.030    clk
    SLICE_X32Y140        FDCE                                         r  src_win_q_reg[0][2]/C
                         clock pessimism              0.000     5.030    
                         clock uncertainty           -0.035     4.995    
    SLICE_X32Y140        FDCE (Recov_CFF_SLICEM_C_CLR)
                                                     -0.093     4.902    src_win_q_reg[0][2]
  -------------------------------------------------------------------
                         required time                          4.902    
                         arrival time                          -2.038    
  -------------------------------------------------------------------
                         slack                                  2.864    

Slack (MET) :             2.864ns  (required time - arrival time)
  Source:                 rst_n
                            (input port clocked by clk  {rise@0.000ns fall@2.500ns period=5.000ns})
  Destination:            src_win_q_reg[0][3]/CLR
                            (recovery check against rising-edge clock clk  {rise@0.000ns fall@2.500ns period=5.000ns})
  Path Group:             **async_default**
  Path Type:              Recovery (Max at Slow Process Corner)
  Requirement:            5.000ns  (clk rise@5.000ns - clk rise@0.000ns)
  Data Path Delay:        0.038ns  (logic 0.000ns (0.000%)  route 0.038ns (100.000%))
  Logic Levels:           0  
  Input Delay:            2.000ns
  Clock Path Skew:        0.030ns (DCD - SCD + CPR)
    Destination Clock Delay (DCD):    0.030ns = ( 5.030 - 5.000 ) 
    Source Clock Delay      (SCD):    0.000ns
    Clock Pessimism Removal (CPR):    0.000ns
  Clock Uncertainty:      0.035ns  ((TSJ^2 + TIJ^2)^1/2 + DJ) / 2 + PE
    Total System Jitter     (TSJ):    0.071ns
    Total Input Jitter      (TIJ):    0.000ns
    Discrete Jitter          (DJ):    0.000ns
    Phase Error              (PE):    0.000ns

    Location             Delay type                Incr(ns)  Path(ns)    Netlist Resource(s)
  -------------------------------------------------------------------    -------------------
                         (clock clk rise edge)        0.000     0.000 r  
                         input delay                  2.000     2.000    
                                                      0.000     2.000 r  rst_n (IN)
                         net (fo=5339, unset)         0.038     2.038    u_sa_n_0
    SLICE_X29Y147        FDCE                                         f  src_win_q_reg[0][3]/CLR  (IS_INVERTED)
  -------------------------------------------------------------------    -------------------

                         (clock clk rise edge)        5.000     5.000 r  
                                                      0.000     5.000 r  clk (IN)
                         net (fo=23380, unset)        0.030     5.030    clk
    SLICE_X29Y147        FDCE                                         r  src_win_q_reg[0][3]/C
                         clock pessimism              0.000     5.030    
                         clock uncertainty           -0.035     4.995    
    SLICE_X29Y147        FDCE (Recov_DFF_SLICEM_C_CLR)
                                                     -0.093     4.902    src_win_q_reg[0][3]
  -------------------------------------------------------------------
                         required time                          4.902    
                         arrival time                          -2.038    
  -------------------------------------------------------------------
                         slack                                  2.864    

Slack (MET) :             2.864ns  (required time - arrival time)
  Source:                 rst_n
                            (input port clocked by clk  {rise@0.000ns fall@2.500ns period=5.000ns})
  Destination:            src_win_q_reg[1][0]/CLR
                            (recovery check against rising-edge clock clk  {rise@0.000ns fall@2.500ns period=5.000ns})
  Path Group:             **async_default**
  Path Type:              Recovery (Max at Slow Process Corner)
  Requirement:            5.000ns  (clk rise@5.000ns - clk rise@0.000ns)
  Data Path Delay:        0.038ns  (logic 0.000ns (0.000%)  route 0.038ns (100.000%))
  Logic Levels:           0  
  Input Delay:            2.000ns
  Clock Path Skew:        0.030ns (DCD - SCD + CPR)
    Destination Clock Delay (DCD):    0.030ns = ( 5.030 - 5.000 ) 
    Source Clock Delay      (SCD):    0.000ns
    Clock Pessimism Removal (CPR):    0.000ns
  Clock Uncertainty:      0.035ns  ((TSJ^2 + TIJ^2)^1/2 + DJ) / 2 + PE
    Total System Jitter     (TSJ):    0.071ns
    Total Input Jitter      (TIJ):    0.000ns
    Discrete Jitter          (DJ):    0.000ns
    Phase Error              (PE):    0.000ns

    Location             Delay type                Incr(ns)  Path(ns)    Netlist Resource(s)
  -------------------------------------------------------------------    -------------------
                         (clock clk rise edge)        0.000     0.000 r  
                         input delay                  2.000     2.000    
                                                      0.000     2.000 r  rst_n (IN)
                         net (fo=5339, unset)         0.038     2.038    u_sa_n_0
    SLICE_X32Y141        FDCE                                         f  src_win_q_reg[1][0]/CLR  (IS_INVERTED)
  -------------------------------------------------------------------    -------------------

                         (clock clk rise edge)        5.000     5.000 r  
                                                      0.000     5.000 r  clk (IN)
                         net (fo=23380, unset)        0.030     5.030    clk
    SLICE_X32Y141        FDCE                                         r  src_win_q_reg[1][0]/C
                         clock pessimism              0.000     5.030    
                         clock uncertainty           -0.035     4.995    
    SLICE_X32Y141        FDCE (Recov_DFF_SLICEM_C_CLR)
                                                     -0.093     4.902    src_win_q_reg[1][0]
  -------------------------------------------------------------------
                         required time                          4.902    
                         arrival time                          -2.038    
  -------------------------------------------------------------------
                         slack                                  2.864    

Slack (MET) :             2.864ns  (required time - arrival time)
  Source:                 rst_n
                            (input port clocked by clk  {rise@0.000ns fall@2.500ns period=5.000ns})
  Destination:            src_win_q_reg[1][7]/CLR
                            (recovery check against rising-edge clock clk  {rise@0.000ns fall@2.500ns period=5.000ns})
  Path Group:             **async_default**
  Path Type:              Recovery (Max at Slow Process Corner)
  Requirement:            5.000ns  (clk rise@5.000ns - clk rise@0.000ns)
  Data Path Delay:        0.038ns  (logic 0.000ns (0.000%)  route 0.038ns (100.000%))
  Logic Levels:           0  
  Input Delay:            2.000ns
  Clock Path Skew:        0.030ns (DCD - SCD + CPR)
    Destination Clock Delay (DCD):    0.030ns = ( 5.030 - 5.000 ) 
    Source Clock Delay      (SCD):    0.000ns
    Clock Pessimism Removal (CPR):    0.000ns
  Clock Uncertainty:      0.035ns  ((TSJ^2 + TIJ^2)^1/2 + DJ) / 2 + PE
    Total System Jitter     (TSJ):    0.071ns
    Total Input Jitter      (TIJ):    0.000ns
    Discrete Jitter          (DJ):    0.000ns
    Phase Error              (PE):    0.000ns

    Location             Delay type                Incr(ns)  Path(ns)    Netlist Resource(s)
  -------------------------------------------------------------------    -------------------
                         (clock clk rise edge)        0.000     0.000 r  
                         input delay                  2.000     2.000    
                                                      0.000     2.000 r  rst_n (IN)
                         net (fo=5339, unset)         0.038     2.038    u_sa_n_0
    SLICE_X31Y137        FDCE                                         f  src_win_q_reg[1][7]/CLR  (IS_INVERTED)
  -------------------------------------------------------------------    -------------------

                         (clock clk rise edge)        5.000     5.000 r  
                                                      0.000     5.000 r  clk (IN)
                         net (fo=23380, unset)        0.030     5.030    clk
    SLICE_X31Y137        FDCE                                         r  src_win_q_reg[1][7]/C
                         clock pessimism              0.000     5.030    
                         clock uncertainty           -0.035     4.995    
    SLICE_X31Y137        FDCE (Recov_DFF_SLICEM_C_CLR)
                                                     -0.093     4.902    src_win_q_reg[1][7]
  -------------------------------------------------------------------
                         required time                          4.902    
                         arrival time                          -2.038    
  -------------------------------------------------------------------
                         slack                                  2.864    




