Copyright 1986-2022 Xilinx, Inc. All Rights Reserved. Copyright 2022-2025 Advanced Micro Devices, Inc. All Rights Reserved.
--------------------------------------------------------------------------------------------------------------------------------------------------------
| Tool Version      : Vivado v.2025.1 (lin64) Build 6140274 Wed May 21 22:58:25 MDT 2025
| Date              : Thu Jul 23 20:15:34 2026
| Host              : yun-MS-7B50 running 64-bit Ubuntu 22.04.5 LTS
| Command           : report_timing_summary -delay_type min_max -check_timing_verbose -max_paths 10 -file reports/sa_packed_4x8_impl_timing_summary.rpt
| Design            : sa_packed_4x8
| Device            : xck26-sfvc784
| Speed File        : -2LV  PRODUCTION 1.30 05-15-2022
| Design State      : Routed
| Temperature Grade : C
--------------------------------------------------------------------------------------------------------------------------------------------------------

Timing Summary Report

------------------------------------------------------------------------------------------------
| Timer Settings
| --------------
------------------------------------------------------------------------------------------------

  Enable Multi Corner Analysis               :  Yes
  Enable Pessimism Removal                   :  Yes
  Pessimism Removal Resolution               :  Nearest Common Node
  Enable Input Delay Default Clock           :  No
  Enable Preset / Clear Arcs                 :  No
  Disable Flight Delays                      :  No
  Ignore I/O Paths                           :  No
  Timing Early Launch at Borrowing Latches   :  No
  Borrow Time for Max Delay Exceptions       :  Yes
  Merge Timing Exceptions                    :  Yes
  Inter-SLR Compensation                     :  Conservative

  Corner  Analyze    Analyze    
  Name    Max Paths  Min Paths  
  ------  ---------  ---------  
  Slow    Yes        Yes        
  Fast    Yes        Yes        


------------------------------------------------------------------------------------------------
| Report Methodology
| ------------------
------------------------------------------------------------------------------------------------

No report available as report_methodology has not been run prior. Run report_methodology on the current design for the summary of methodology violations.



check_timing report

Table of Contents
-----------------
1. checking no_clock (0)
2. checking constant_clock (0)
3. checking pulse_width_clock (0)
4. checking unconstrained_internal_endpoints (0)
5. checking no_input_delay (146)
6. checking no_output_delay (0)
7. checking multiple_clock (0)
8. checking generated_clocks (0)
9. checking loops (0)
10. checking partial_input_delay (0)
11. checking partial_output_delay (0)
12. checking latch_loops (0)

1. checking no_clock (0)
------------------------
 There are 0 register/latch pins with no clock.


2. checking constant_clock (0)
------------------------------
 There are 0 register/latch pins with constant_clock.


3. checking pulse_width_clock (0)
---------------------------------
 There are 0 register/latch pins which need pulse_width check


4. checking unconstrained_internal_endpoints (0)
------------------------------------------------
 There are 0 pins that are not constrained for maximum delay.

 There are 0 pins that are not constrained for maximum delay due to constant clock.


5. checking no_input_delay (146)
--------------------------------
 There are 146 input ports with no input delay specified. (HIGH)

act_hi_in[0][0]
act_hi_in[0][1]
act_hi_in[0][2]
act_hi_in[0][3]
act_hi_in[0][4]
act_hi_in[0][5]
act_hi_in[0][6]
act_hi_in[0][7]
act_hi_in[1][0]
act_hi_in[1][1]
act_hi_in[1][2]
act_hi_in[1][3]
act_hi_in[1][4]
act_hi_in[1][5]
act_hi_in[1][6]
act_hi_in[1][7]
act_hi_in[2][0]
act_hi_in[2][1]
act_hi_in[2][2]
act_hi_in[2][3]
act_hi_in[2][4]
act_hi_in[2][5]
act_hi_in[2][6]
act_hi_in[2][7]
act_hi_in[3][0]
act_hi_in[3][1]
act_hi_in[3][2]
act_hi_in[3][3]
act_hi_in[3][4]
act_hi_in[3][5]
act_hi_in[3][6]
act_hi_in[3][7]
act_lo_in[0][0]
act_lo_in[0][1]
act_lo_in[0][2]
act_lo_in[0][3]
act_lo_in[0][4]
act_lo_in[0][5]
act_lo_in[0][6]
act_lo_in[0][7]
act_lo_in[1][0]
act_lo_in[1][1]
act_lo_in[1][2]
act_lo_in[1][3]
act_lo_in[1][4]
act_lo_in[1][5]
act_lo_in[1][6]
act_lo_in[1][7]
act_lo_in[2][0]
act_lo_in[2][1]
act_lo_in[2][2]
act_lo_in[2][3]
act_lo_in[2][4]
act_lo_in[2][5]
act_lo_in[2][6]
act_lo_in[2][7]
act_lo_in[3][0]
act_lo_in[3][1]
act_lo_in[3][2]
act_lo_in[3][3]
act_lo_in[3][4]
act_lo_in[3][5]
act_lo_in[3][6]
act_lo_in[3][7]
depth_last[0]
depth_last[1]
depth_last[2]
depth_last[3]
en
lane_mask[0][0]
lane_mask[0][1]
lane_mask[1][0]
lane_mask[1][1]
lane_mask[2][0]
lane_mask[2][1]
lane_mask[3][0]
lane_mask[3][1]
pair_valid[0]
pair_valid[1]
pair_valid[2]
pair_valid[3]
rst_n
weight_in[0][0]
weight_in[0][1]
weight_in[0][2]
weight_in[0][3]
weight_in[0][4]
weight_in[0][5]
weight_in[0][6]
weight_in[0][7]
weight_in[1][0]
weight_in[1][1]
weight_in[1][2]
weight_in[1][3]
weight_in[1][4]
weight_in[1][5]
weight_in[1][6]
weight_in[1][7]
weight_in[2][0]
weight_in[2][1]
weight_in[2][2]
weight_in[2][3]
weight_in[2][4]
weight_in[2][5]
weight_in[2][6]
weight_in[2][7]
weight_in[3][0]
weight_in[3][1]
weight_in[3][2]
weight_in[3][3]
weight_in[3][4]
weight_in[3][5]
weight_in[3][6]
weight_in[3][7]
weight_in[4][0]
weight_in[4][1]
weight_in[4][2]
weight_in[4][3]
weight_in[4][4]
weight_in[4][5]
weight_in[4][6]
weight_in[4][7]
weight_in[5][0]
weight_in[5][1]
weight_in[5][2]
weight_in[5][3]
weight_in[5][4]
weight_in[5][5]
weight_in[5][6]
weight_in[5][7]
weight_in[6][0]
weight_in[6][1]
weight_in[6][2]
weight_in[6][3]
weight_in[6][4]
weight_in[6][5]
weight_in[6][6]
weight_in[6][7]
weight_in[7][0]
weight_in[7][1]
weight_in[7][2]
weight_in[7][3]
weight_in[7][4]
weight_in[7][5]
weight_in[7][6]
weight_in[7][7]

 There are 0 input ports with no input delay but user has a false path constraint.


6. checking no_output_delay (0)
-------------------------------
 There are 0 ports with no output delay specified.

 There are 0 ports with no output delay but user has a false path constraint

 There are 0 ports with no output delay but with a timing clock defined on it or propagating through it


7. checking multiple_clock (0)
------------------------------
 There are 0 register/latch pins with multiple clocks.


8. checking generated_clocks (0)
--------------------------------
 There are 0 generated clocks that are not connected to a clock source.


9. checking loops (0)
---------------------
 There are 0 combinational loops in the design.


10. checking partial_input_delay (0)
------------------------------------
 There are 0 input ports with partial input delay specified.


11. checking partial_output_delay (0)
-------------------------------------
 There are 0 ports with partial output delay specified.


12. checking latch_loops (0)
----------------------------
 There are 0 combinational latch loops in the design through latch input



------------------------------------------------------------------------------------------------
| Design Timing Summary
| ---------------------
------------------------------------------------------------------------------------------------

    WNS(ns)      TNS(ns)  TNS Failing Endpoints  TNS Total Endpoints      WHS(ns)      THS(ns)  THS Failing Endpoints  THS Total Endpoints     WPWS(ns)     TPWS(ns)  TPWS Failing Endpoints  TPWS Total Endpoints  
    -------      -------  ---------------------  -------------------      -------      -------  ---------------------  -------------------     --------     --------  ----------------------  --------------------  
      2.414        0.000                      0                17670        0.046        0.000                      0                17670        1.738        0.000                       0                  5027  


All user specified timing constraints are met.


------------------------------------------------------------------------------------------------
| Clock Summary
| -------------
------------------------------------------------------------------------------------------------

Clock  Waveform(ns)         Period(ns)      Frequency(MHz)
-----  ------------         ----------      --------------
clk    {0.000 2.500}        5.000           200.000         


------------------------------------------------------------------------------------------------
| Intra Clock Table
| -----------------
------------------------------------------------------------------------------------------------

Clock             WNS(ns)      TNS(ns)  TNS Failing Endpoints  TNS Total Endpoints      WHS(ns)      THS(ns)  THS Failing Endpoints  THS Total Endpoints     WPWS(ns)     TPWS(ns)  TPWS Failing Endpoints  TPWS Total Endpoints  
-----             -------      -------  ---------------------  -------------------      -------      -------  ---------------------  -------------------     --------     --------  ----------------------  --------------------  
clk                 2.414        0.000                      0                17670        0.046        0.000                      0                17670        1.738        0.000                       0                  5027  


------------------------------------------------------------------------------------------------
| Inter Clock Table
| -----------------
------------------------------------------------------------------------------------------------

From Clock    To Clock          WNS(ns)      TNS(ns)  TNS Failing Endpoints  TNS Total Endpoints      WHS(ns)      THS(ns)  THS Failing Endpoints  THS Total Endpoints  
----------    --------          -------      -------  ---------------------  -------------------      -------      -------  ---------------------  -------------------  


------------------------------------------------------------------------------------------------
| Other Path Groups Table
| -----------------------
------------------------------------------------------------------------------------------------

Path Group    From Clock    To Clock          WNS(ns)      TNS(ns)  TNS Failing Endpoints  TNS Total Endpoints      WHS(ns)      THS(ns)  THS Failing Endpoints  THS Total Endpoints  
----------    ----------    --------          -------      -------  ---------------------  -------------------      -------      -------  ---------------------  -------------------  


------------------------------------------------------------------------------------------------
| Timing Details
| --------------
------------------------------------------------------------------------------------------------


---------------------------------------------------------------------------------------------------
From Clock:  clk
  To Clock:  clk

Setup :            0  Failing Endpoints,  Worst Slack        2.414ns,  Total Violation        0.000ns
Hold  :            0  Failing Endpoints,  Worst Slack        0.046ns,  Total Violation        0.000ns
PW    :            0  Failing Endpoints,  Worst Slack        1.738ns,  Total Violation        0.000ns
---------------------------------------------------------------------------------------------------


Max Delay Paths
--------------------------------------------------------------------------------------
Slack (MET) :             2.414ns  (required time - arrival time)
  Source:                 row[0].col[3].u_ppe/PREG_reg/DSP_OUTPUT_INST/CLK
                            (rising edge-triggered cell DSP_OUTPUT clocked by clk  {rise@0.000ns fall@2.500ns period=5.000ns})
  Destination:            row[0].col[3].u_ppe/acc_lo_out_reg[31]/D
                            (rising edge-triggered cell FDCE clocked by clk  {rise@0.000ns fall@2.500ns period=5.000ns})
  Path Group:             clk
  Path Type:              Setup (Max at Slow Process Corner)
  Requirement:            5.000ns  (clk rise@5.000ns - clk rise@0.000ns)
  Data Path Delay:        2.547ns  (logic 0.797ns (31.296%)  route 1.750ns (68.704%))
  Logic Levels:           3  (CARRY8=2 LUT2=1)
  Clock Path Skew:        -0.048ns (DCD - SCD + CPR)
    Destination Clock Delay (DCD):    0.029ns = ( 5.029 - 5.000 ) 
    Source Clock Delay      (SCD):    0.077ns
    Clock Pessimism Removal (CPR):    0.000ns
  Clock Uncertainty:      0.035ns  ((TSJ^2 + TIJ^2)^1/2 + DJ) / 2 + PE
    Total System Jitter     (TSJ):    0.071ns
    Total Input Jitter      (TIJ):    0.000ns
    Discrete Jitter          (DJ):    0.000ns
    Phase Error              (PE):    0.000ns

    Location             Delay type                Incr(ns)  Path(ns)    Netlist Resource(s)
  -------------------------------------------------------------------    -------------------
                         (clock clk rise edge)        0.000     0.000 r  
                                                      0.000     0.000 r  clk (IN)
                         net (fo=5154, unset)         0.077     0.077    row[0].col[3].u_ppe/PREG_reg/CLK
    DSP48E2_X7Y16        DSP_OUTPUT                                   r  row[0].col[3].u_ppe/PREG_reg/DSP_OUTPUT_INST/CLK
  -------------------------------------------------------------------    -------------------
    DSP48E2_X7Y16        DSP_OUTPUT (Prop_DSP_OUTPUT_DSP48E2_CLK_P[16])
                                                      0.266     0.343 r  row[0].col[3].u_ppe/PREG_reg/DSP_OUTPUT_INST/P[16]
                         net (fo=3, routed)           1.672     2.015    row[0].col[3].u_ppe/PREG_reg_n_89
    SLICE_X22Y40         LUT2 (Prop_A6LUT_SLICEL_I1_O)
                                                      0.082     2.097 r  row[0].col[3].u_ppe/acc_lo_out[23]_i_10__2/O
                         net (fo=1, routed)           0.014     2.111    row[0].col[3].u_ppe/acc_lo_out[23]_i_10__2_n_0
    SLICE_X22Y40         CARRY8 (Prop_CARRY8_SLICEL_S[0]_CO[7])
                                                      0.278     2.389 r  row[0].col[3].u_ppe/acc_lo_out_reg[23]_i_1__2/CO[7]
                         net (fo=1, routed)           0.030     2.419    row[0].col[3].u_ppe/acc_lo_out_reg[23]_i_1__2_n_0
    SLICE_X22Y41         CARRY8 (Prop_CARRY8_SLICEL_CI_O[7])
                                                      0.171     2.590 r  row[0].col[3].u_ppe/acc_lo_out_reg[31]_i_2__2/O[7]
                         net (fo=1, routed)           0.034     2.624    row[0].col[3].u_ppe/next_lo[31]
    SLICE_X22Y41         FDCE                                         r  row[0].col[3].u_ppe/acc_lo_out_reg[31]/D
  -------------------------------------------------------------------    -------------------

                         (clock clk rise edge)        5.000     5.000 r  
                                                      0.000     5.000 r  clk (IN)
                         net (fo=5154, unset)         0.029     5.029    row[0].col[3].u_ppe/clk
    SLICE_X22Y41         FDCE                                         r  row[0].col[3].u_ppe/acc_lo_out_reg[31]/C
                         clock pessimism              0.000     5.029    
                         clock uncertainty           -0.035     4.994    
    SLICE_X22Y41         FDCE (Setup_HFF_SLICEL_C_D)
                                                      0.044     5.038    row[0].col[3].u_ppe/acc_lo_out_reg[31]
  -------------------------------------------------------------------
                         required time                          5.038    
                         arrival time                          -2.624    
  -------------------------------------------------------------------
                         slack                                  2.414    

Slack (MET) :             2.425ns  (required time - arrival time)
  Source:                 row[0].col[3].u_ppe/PREG_reg/DSP_OUTPUT_INST/CLK
                            (rising edge-triggered cell DSP_OUTPUT clocked by clk  {rise@0.000ns fall@2.500ns period=5.000ns})
  Destination:            row[0].col[3].u_ppe/acc_lo_out_reg[29]/D
                            (rising edge-triggered cell FDCE clocked by clk  {rise@0.000ns fall@2.500ns period=5.000ns})
  Path Group:             clk
  Path Type:              Setup (Max at Slow Process Corner)
  Requirement:            5.000ns  (clk rise@5.000ns - clk rise@0.000ns)
  Data Path Delay:        2.536ns  (logic 0.787ns (31.037%)  route 1.749ns (68.963%))
  Logic Levels:           3  (CARRY8=2 LUT2=1)
  Clock Path Skew:        -0.048ns (DCD - SCD + CPR)
    Destination Clock Delay (DCD):    0.029ns = ( 5.029 - 5.000 ) 
    Source Clock Delay      (SCD):    0.077ns
    Clock Pessimism Removal (CPR):    0.000ns
  Clock Uncertainty:      0.035ns  ((TSJ^2 + TIJ^2)^1/2 + DJ) / 2 + PE
    Total System Jitter     (TSJ):    0.071ns
    Total Input Jitter      (TIJ):    0.000ns
    Discrete Jitter          (DJ):    0.000ns
    Phase Error              (PE):    0.000ns

    Location             Delay type                Incr(ns)  Path(ns)    Netlist Resource(s)
  -------------------------------------------------------------------    -------------------
                         (clock clk rise edge)        0.000     0.000 r  
                                                      0.000     0.000 r  clk (IN)
                         net (fo=5154, unset)         0.077     0.077    row[0].col[3].u_ppe/PREG_reg/CLK
    DSP48E2_X7Y16        DSP_OUTPUT                                   r  row[0].col[3].u_ppe/PREG_reg/DSP_OUTPUT_INST/CLK
  -------------------------------------------------------------------    -------------------
    DSP48E2_X7Y16        DSP_OUTPUT (Prop_DSP_OUTPUT_DSP48E2_CLK_P[16])
                                                      0.266     0.343 r  row[0].col[3].u_ppe/PREG_reg/DSP_OUTPUT_INST/P[16]
                         net (fo=3, routed)           1.672     2.015    row[0].col[3].u_ppe/PREG_reg_n_89
    SLICE_X22Y40         LUT2 (Prop_A6LUT_SLICEL_I1_O)
                                                      0.082     2.097 r  row[0].col[3].u_ppe/acc_lo_out[23]_i_10__2/O
                         net (fo=1, routed)           0.014     2.111    row[0].col[3].u_ppe/acc_lo_out[23]_i_10__2_n_0
    SLICE_X22Y40         CARRY8 (Prop_CARRY8_SLICEL_S[0]_CO[7])
                                                      0.278     2.389 r  row[0].col[3].u_ppe/acc_lo_out_reg[23]_i_1__2/CO[7]
                         net (fo=1, routed)           0.030     2.419    row[0].col[3].u_ppe/acc_lo_out_reg[23]_i_1__2_n_0
    SLICE_X22Y41         CARRY8 (Prop_CARRY8_SLICEL_CI_O[5])
                                                      0.161     2.580 r  row[0].col[3].u_ppe/acc_lo_out_reg[31]_i_2__2/O[5]
                         net (fo=1, routed)           0.033     2.613    row[0].col[3].u_ppe/next_lo[29]
    SLICE_X22Y41         FDCE                                         r  row[0].col[3].u_ppe/acc_lo_out_reg[29]/D
  -------------------------------------------------------------------    -------------------

                         (clock clk rise edge)        5.000     5.000 r  
                                                      0.000     5.000 r  clk (IN)
                         net (fo=5154, unset)         0.029     5.029    row[0].col[3].u_ppe/clk
    SLICE_X22Y41         FDCE                                         r  row[0].col[3].u_ppe/acc_lo_out_reg[29]/C
                         clock pessimism              0.000     5.029    
                         clock uncertainty           -0.035     4.994    
    SLICE_X22Y41         FDCE (Setup_FFF_SLICEL_C_D)
                                                      0.044     5.038    row[0].col[3].u_ppe/acc_lo_out_reg[29]
  -------------------------------------------------------------------
                         required time                          5.038    
                         arrival time                          -2.613    
  -------------------------------------------------------------------
                         slack                                  2.425    

Slack (MET) :             2.428ns  (required time - arrival time)
  Source:                 row[0].col[3].u_ppe/PREG_reg/DSP_OUTPUT_INST/CLK
                            (rising edge-triggered cell DSP_OUTPUT clocked by clk  {rise@0.000ns fall@2.500ns period=5.000ns})
  Destination:            row[0].col[3].u_ppe/acc_lo_out_reg[30]/D
                            (rising edge-triggered cell FDCE clocked by clk  {rise@0.000ns fall@2.500ns period=5.000ns})
  Path Group:             clk
  Path Type:              Setup (Max at Slow Process Corner)
  Requirement:            5.000ns  (clk rise@5.000ns - clk rise@0.000ns)
  Data Path Delay:        2.533ns  (logic 0.783ns (30.916%)  route 1.750ns (69.084%))
  Logic Levels:           3  (CARRY8=2 LUT2=1)
  Clock Path Skew:        -0.048ns (DCD - SCD + CPR)
    Destination Clock Delay (DCD):    0.029ns = ( 5.029 - 5.000 ) 
    Source Clock Delay      (SCD):    0.077ns
    Clock Pessimism Removal (CPR):    0.000ns
  Clock Uncertainty:      0.035ns  ((TSJ^2 + TIJ^2)^1/2 + DJ) / 2 + PE
    Total System Jitter     (TSJ):    0.071ns
    Total Input Jitter      (TIJ):    0.000ns
    Discrete Jitter          (DJ):    0.000ns
    Phase Error              (PE):    0.000ns

    Location             Delay type                Incr(ns)  Path(ns)    Netlist Resource(s)
  -------------------------------------------------------------------    -------------------
                         (clock clk rise edge)        0.000     0.000 r  
                                                      0.000     0.000 r  clk (IN)
                         net (fo=5154, unset)         0.077     0.077    row[0].col[3].u_ppe/PREG_reg/CLK
    DSP48E2_X7Y16        DSP_OUTPUT                                   r  row[0].col[3].u_ppe/PREG_reg/DSP_OUTPUT_INST/CLK
  -------------------------------------------------------------------    -------------------
    DSP48E2_X7Y16        DSP_OUTPUT (Prop_DSP_OUTPUT_DSP48E2_CLK_P[16])
                                                      0.266     0.343 r  row[0].col[3].u_ppe/PREG_reg/DSP_OUTPUT_INST/P[16]
                         net (fo=3, routed)           1.672     2.015    row[0].col[3].u_ppe/PREG_reg_n_89
    SLICE_X22Y40         LUT2 (Prop_A6LUT_SLICEL_I1_O)
                                                      0.082     2.097 r  row[0].col[3].u_ppe/acc_lo_out[23]_i_10__2/O
                         net (fo=1, routed)           0.014     2.111    row[0].col[3].u_ppe/acc_lo_out[23]_i_10__2_n_0
    SLICE_X22Y40         CARRY8 (Prop_CARRY8_SLICEL_S[0]_CO[7])
                                                      0.278     2.389 r  row[0].col[3].u_ppe/acc_lo_out_reg[23]_i_1__2/CO[7]
                         net (fo=1, routed)           0.030     2.419    row[0].col[3].u_ppe/acc_lo_out_reg[23]_i_1__2_n_0
    SLICE_X22Y41         CARRY8 (Prop_CARRY8_SLICEL_CI_O[6])
                                                      0.157     2.576 r  row[0].col[3].u_ppe/acc_lo_out_reg[31]_i_2__2/O[6]
                         net (fo=1, routed)           0.034     2.610    row[0].col[3].u_ppe/next_lo[30]
    SLICE_X22Y41         FDCE                                         r  row[0].col[3].u_ppe/acc_lo_out_reg[30]/D
  -------------------------------------------------------------------    -------------------

                         (clock clk rise edge)        5.000     5.000 r  
                                                      0.000     5.000 r  clk (IN)
                         net (fo=5154, unset)         0.029     5.029    row[0].col[3].u_ppe/clk
    SLICE_X22Y41         FDCE                                         r  row[0].col[3].u_ppe/acc_lo_out_reg[30]/C
                         clock pessimism              0.000     5.029    
                         clock uncertainty           -0.035     4.994    
    SLICE_X22Y41         FDCE (Setup_GFF_SLICEL_C_D)
                                                      0.044     5.038    row[0].col[3].u_ppe/acc_lo_out_reg[30]
  -------------------------------------------------------------------
                         required time                          5.038    
                         arrival time                          -2.610    
  -------------------------------------------------------------------
                         slack                                  2.428    

Slack (MET) :             2.468ns  (required time - arrival time)
  Source:                 row[0].col[3].u_ppe/PREG_reg/DSP_OUTPUT_INST/CLK
                            (rising edge-triggered cell DSP_OUTPUT clocked by clk  {rise@0.000ns fall@2.500ns period=5.000ns})
  Destination:            row[0].col[3].u_ppe/acc_lo_out_reg[28]/D
                            (rising edge-triggered cell FDCE clocked by clk  {rise@0.000ns fall@2.500ns period=5.000ns})
  Path Group:             clk
  Path Type:              Setup (Max at Slow Process Corner)
  Requirement:            5.000ns  (clk rise@5.000ns - clk rise@0.000ns)
  Data Path Delay:        2.493ns  (logic 0.745ns (29.887%)  route 1.748ns (70.113%))
  Logic Levels:           3  (CARRY8=2 LUT2=1)
  Clock Path Skew:        -0.048ns (DCD - SCD + CPR)
    Destination Clock Delay (DCD):    0.029ns = ( 5.029 - 5.000 ) 
    Source Clock Delay      (SCD):    0.077ns
    Clock Pessimism Removal (CPR):    0.000ns
  Clock Uncertainty:      0.035ns  ((TSJ^2 + TIJ^2)^1/2 + DJ) / 2 + PE
    Total System Jitter     (TSJ):    0.071ns
    Total Input Jitter      (TIJ):    0.000ns
    Discrete Jitter          (DJ):    0.000ns
    Phase Error              (PE):    0.000ns

    Location             Delay type                Incr(ns)  Path(ns)    Netlist Resource(s)
  -------------------------------------------------------------------    -------------------
                         (clock clk rise edge)        0.000     0.000 r  
                                                      0.000     0.000 r  clk (IN)
                         net (fo=5154, unset)         0.077     0.077    row[0].col[3].u_ppe/PREG_reg/CLK
    DSP48E2_X7Y16        DSP_OUTPUT                                   r  row[0].col[3].u_ppe/PREG_reg/DSP_OUTPUT_INST/CLK
  -------------------------------------------------------------------    -------------------
    DSP48E2_X7Y16        DSP_OUTPUT (Prop_DSP_OUTPUT_DSP48E2_CLK_P[16])
                                                      0.266     0.343 r  row[0].col[3].u_ppe/PREG_reg/DSP_OUTPUT_INST/P[16]
                         net (fo=3, routed)           1.672     2.015    row[0].col[3].u_ppe/PREG_reg_n_89
    SLICE_X22Y40         LUT2 (Prop_A6LUT_SLICEL_I1_O)
                                                      0.082     2.097 r  row[0].col[3].u_ppe/acc_lo_out[23]_i_10__2/O
                         net (fo=1, routed)           0.014     2.111    row[0].col[3].u_ppe/acc_lo_out[23]_i_10__2_n_0
    SLICE_X22Y40         CARRY8 (Prop_CARRY8_SLICEL_S[0]_CO[7])
                                                      0.278     2.389 r  row[0].col[3].u_ppe/acc_lo_out_reg[23]_i_1__2/CO[7]
                         net (fo=1, routed)           0.030     2.419    row[0].col[3].u_ppe/acc_lo_out_reg[23]_i_1__2_n_0
    SLICE_X22Y41         CARRY8 (Prop_CARRY8_SLICEL_CI_O[4])
                                                      0.119     2.538 r  row[0].col[3].u_ppe/acc_lo_out_reg[31]_i_2__2/O[4]
                         net (fo=1, routed)           0.032     2.570    row[0].col[3].u_ppe/next_lo[28]
    SLICE_X22Y41         FDCE                                         r  row[0].col[3].u_ppe/acc_lo_out_reg[28]/D
  -------------------------------------------------------------------    -------------------

                         (clock clk rise edge)        5.000     5.000 r  
                                                      0.000     5.000 r  clk (IN)
                         net (fo=5154, unset)         0.029     5.029    row[0].col[3].u_ppe/clk
    SLICE_X22Y41         FDCE                                         r  row[0].col[3].u_ppe/acc_lo_out_reg[28]/C
                         clock pessimism              0.000     5.029    
                         clock uncertainty           -0.035     4.994    
    SLICE_X22Y41         FDCE (Setup_EFF_SLICEL_C_D)
                                                      0.044     5.038    row[0].col[3].u_ppe/acc_lo_out_reg[28]
  -------------------------------------------------------------------
                         required time                          5.038    
                         arrival time                          -2.570    
  -------------------------------------------------------------------
                         slack                                  2.468    

Slack (MET) :             2.471ns  (required time - arrival time)
  Source:                 row[0].col[3].u_ppe/PREG_reg/DSP_OUTPUT_INST/CLK
                            (rising edge-triggered cell DSP_OUTPUT clocked by clk  {rise@0.000ns fall@2.500ns period=5.000ns})
  Destination:            row[0].col[3].u_ppe/acc_lo_out_reg[27]/D
                            (rising edge-triggered cell FDCE clocked by clk  {rise@0.000ns fall@2.500ns period=5.000ns})
  Path Group:             clk
  Path Type:              Setup (Max at Slow Process Corner)
  Requirement:            5.000ns  (clk rise@5.000ns - clk rise@0.000ns)
  Data Path Delay:        2.490ns  (logic 0.740ns (29.723%)  route 1.750ns (70.277%))
  Logic Levels:           3  (CARRY8=2 LUT2=1)
  Clock Path Skew:        -0.048ns (DCD - SCD + CPR)
    Destination Clock Delay (DCD):    0.029ns = ( 5.029 - 5.000 ) 
    Source Clock Delay      (SCD):    0.077ns
    Clock Pessimism Removal (CPR):    0.000ns
  Clock Uncertainty:      0.035ns  ((TSJ^2 + TIJ^2)^1/2 + DJ) / 2 + PE
    Total System Jitter     (TSJ):    0.071ns
    Total Input Jitter      (TIJ):    0.000ns
    Discrete Jitter          (DJ):    0.000ns
    Phase Error              (PE):    0.000ns

    Location             Delay type                Incr(ns)  Path(ns)    Netlist Resource(s)
  -------------------------------------------------------------------    -------------------
                         (clock clk rise edge)        0.000     0.000 r  
                                                      0.000     0.000 r  clk (IN)
                         net (fo=5154, unset)         0.077     0.077    row[0].col[3].u_ppe/PREG_reg/CLK
    DSP48E2_X7Y16        DSP_OUTPUT                                   r  row[0].col[3].u_ppe/PREG_reg/DSP_OUTPUT_INST/CLK
  -------------------------------------------------------------------    -------------------
    DSP48E2_X7Y16        DSP_OUTPUT (Prop_DSP_OUTPUT_DSP48E2_CLK_P[16])
                                                      0.266     0.343 r  row[0].col[3].u_ppe/PREG_reg/DSP_OUTPUT_INST/P[16]
                         net (fo=3, routed)           1.672     2.015    row[0].col[3].u_ppe/PREG_reg_n_89
    SLICE_X22Y40         LUT2 (Prop_A6LUT_SLICEL_I1_O)
                                                      0.082     2.097 r  row[0].col[3].u_ppe/acc_lo_out[23]_i_10__2/O
                         net (fo=1, routed)           0.014     2.111    row[0].col[3].u_ppe/acc_lo_out[23]_i_10__2_n_0
    SLICE_X22Y40         CARRY8 (Prop_CARRY8_SLICEL_S[0]_CO[7])
                                                      0.278     2.389 r  row[0].col[3].u_ppe/acc_lo_out_reg[23]_i_1__2/CO[7]
                         net (fo=1, routed)           0.030     2.419    row[0].col[3].u_ppe/acc_lo_out_reg[23]_i_1__2_n_0
    SLICE_X22Y41         CARRY8 (Prop_CARRY8_SLICEL_CI_O[3])
                                                      0.114     2.533 r  row[0].col[3].u_ppe/acc_lo_out_reg[31]_i_2__2/O[3]
                         net (fo=1, routed)           0.034     2.567    row[0].col[3].u_ppe/next_lo[27]
    SLICE_X22Y41         FDCE                                         r  row[0].col[3].u_ppe/acc_lo_out_reg[27]/D
  -------------------------------------------------------------------    -------------------

                         (clock clk rise edge)        5.000     5.000 r  
                                                      0.000     5.000 r  clk (IN)
                         net (fo=5154, unset)         0.029     5.029    row[0].col[3].u_ppe/clk
    SLICE_X22Y41         FDCE                                         r  row[0].col[3].u_ppe/acc_lo_out_reg[27]/C
                         clock pessimism              0.000     5.029    
                         clock uncertainty           -0.035     4.994    
    SLICE_X22Y41         FDCE (Setup_DFF_SLICEL_C_D)
                                                      0.044     5.038    row[0].col[3].u_ppe/acc_lo_out_reg[27]
  -------------------------------------------------------------------
                         required time                          5.038    
                         arrival time                          -2.567    
  -------------------------------------------------------------------
                         slack                                  2.471    

Slack (MET) :             2.480ns  (required time - arrival time)
  Source:                 row[0].col[3].u_ppe/PREG_reg/DSP_OUTPUT_INST/CLK
                            (rising edge-triggered cell DSP_OUTPUT clocked by clk  {rise@0.000ns fall@2.500ns period=5.000ns})
  Destination:            row[0].col[3].u_ppe/acc_lo_out_reg[25]/D
                            (rising edge-triggered cell FDCE clocked by clk  {rise@0.000ns fall@2.500ns period=5.000ns})
  Path Group:             clk
  Path Type:              Setup (Max at Slow Process Corner)
  Requirement:            5.000ns  (clk rise@5.000ns - clk rise@0.000ns)
  Data Path Delay:        2.481ns  (logic 0.732ns (29.508%)  route 1.749ns (70.492%))
  Logic Levels:           3  (CARRY8=2 LUT2=1)
  Clock Path Skew:        -0.048ns (DCD - SCD + CPR)
    Destination Clock Delay (DCD):    0.029ns = ( 5.029 - 5.000 ) 
    Source Clock Delay      (SCD):    0.077ns
    Clock Pessimism Removal (CPR):    0.000ns
  Clock Uncertainty:      0.035ns  ((TSJ^2 + TIJ^2)^1/2 + DJ) / 2 + PE
    Total System Jitter     (TSJ):    0.071ns
    Total Input Jitter      (TIJ):    0.000ns
    Discrete Jitter          (DJ):    0.000ns
    Phase Error              (PE):    0.000ns

    Location             Delay type                Incr(ns)  Path(ns)    Netlist Resource(s)
  -------------------------------------------------------------------    -------------------
                         (clock clk rise edge)        0.000     0.000 r  
                                                      0.000     0.000 r  clk (IN)
                         net (fo=5154, unset)         0.077     0.077    row[0].col[3].u_ppe/PREG_reg/CLK
    DSP48E2_X7Y16        DSP_OUTPUT                                   r  row[0].col[3].u_ppe/PREG_reg/DSP_OUTPUT_INST/CLK
  -------------------------------------------------------------------    -------------------
    DSP48E2_X7Y16        DSP_OUTPUT (Prop_DSP_OUTPUT_DSP48E2_CLK_P[16])
                                                      0.266     0.343 r  row[0].col[3].u_ppe/PREG_reg/DSP_OUTPUT_INST/P[16]
                         net (fo=3, routed)           1.672     2.015    row[0].col[3].u_ppe/PREG_reg_n_89
    SLICE_X22Y40         LUT2 (Prop_A6LUT_SLICEL_I1_O)
                                                      0.082     2.097 r  row[0].col[3].u_ppe/acc_lo_out[23]_i_10__2/O
                         net (fo=1, routed)           0.014     2.111    row[0].col[3].u_ppe/acc_lo_out[23]_i_10__2_n_0
    SLICE_X22Y40         CARRY8 (Prop_CARRY8_SLICEL_S[0]_CO[7])
                                                      0.278     2.389 r  row[0].col[3].u_ppe/acc_lo_out_reg[23]_i_1__2/CO[7]
                         net (fo=1, routed)           0.030     2.419    row[0].col[3].u_ppe/acc_lo_out_reg[23]_i_1__2_n_0
    SLICE_X22Y41         CARRY8 (Prop_CARRY8_SLICEL_CI_O[1])
                                                      0.106     2.525 r  row[0].col[3].u_ppe/acc_lo_out_reg[31]_i_2__2/O[1]
                         net (fo=1, routed)           0.033     2.558    row[0].col[3].u_ppe/next_lo[25]
    SLICE_X22Y41         FDCE                                         r  row[0].col[3].u_ppe/acc_lo_out_reg[25]/D
  -------------------------------------------------------------------    -------------------

                         (clock clk rise edge)        5.000     5.000 r  
                                                      0.000     5.000 r  clk (IN)
                         net (fo=5154, unset)         0.029     5.029    row[0].col[3].u_ppe/clk
    SLICE_X22Y41         FDCE                                         r  row[0].col[3].u_ppe/acc_lo_out_reg[25]/C
                         clock pessimism              0.000     5.029    
                         clock uncertainty           -0.035     4.994    
    SLICE_X22Y41         FDCE (Setup_BFF_SLICEL_C_D)
                                                      0.044     5.038    row[0].col[3].u_ppe/acc_lo_out_reg[25]
  -------------------------------------------------------------------
                         required time                          5.038    
                         arrival time                          -2.558    
  -------------------------------------------------------------------
                         slack                                  2.480    

Slack (MET) :             2.492ns  (required time - arrival time)
  Source:                 row[0].col[3].u_ppe/PREG_reg/DSP_OUTPUT_INST/CLK
                            (rising edge-triggered cell DSP_OUTPUT clocked by clk  {rise@0.000ns fall@2.500ns period=5.000ns})
  Destination:            row[0].col[3].u_ppe/acc_lo_out_reg[26]/D
                            (rising edge-triggered cell FDCE clocked by clk  {rise@0.000ns fall@2.500ns period=5.000ns})
  Path Group:             clk
  Path Type:              Setup (Max at Slow Process Corner)
  Requirement:            5.000ns  (clk rise@5.000ns - clk rise@0.000ns)
  Data Path Delay:        2.469ns  (logic 0.719ns (29.125%)  route 1.750ns (70.875%))
  Logic Levels:           3  (CARRY8=2 LUT2=1)
  Clock Path Skew:        -0.048ns (DCD - SCD + CPR)
    Destination Clock Delay (DCD):    0.029ns = ( 5.029 - 5.000 ) 
    Source Clock Delay      (SCD):    0.077ns
    Clock Pessimism Removal (CPR):    0.000ns
  Clock Uncertainty:      0.035ns  ((TSJ^2 + TIJ^2)^1/2 + DJ) / 2 + PE
    Total System Jitter     (TSJ):    0.071ns
    Total Input Jitter      (TIJ):    0.000ns
    Discrete Jitter          (DJ):    0.000ns
    Phase Error              (PE):    0.000ns

    Location             Delay type                Incr(ns)  Path(ns)    Netlist Resource(s)
  -------------------------------------------------------------------    -------------------
                         (clock clk rise edge)        0.000     0.000 r  
                                                      0.000     0.000 r  clk (IN)
                         net (fo=5154, unset)         0.077     0.077    row[0].col[3].u_ppe/PREG_reg/CLK
    DSP48E2_X7Y16        DSP_OUTPUT                                   r  row[0].col[3].u_ppe/PREG_reg/DSP_OUTPUT_INST/CLK
  -------------------------------------------------------------------    -------------------
    DSP48E2_X7Y16        DSP_OUTPUT (Prop_DSP_OUTPUT_DSP48E2_CLK_P[16])
                                                      0.266     0.343 r  row[0].col[3].u_ppe/PREG_reg/DSP_OUTPUT_INST/P[16]
                         net (fo=3, routed)           1.672     2.015    row[0].col[3].u_ppe/PREG_reg_n_89
    SLICE_X22Y40         LUT2 (Prop_A6LUT_SLICEL_I1_O)
                                                      0.082     2.097 r  row[0].col[3].u_ppe/acc_lo_out[23]_i_10__2/O
                         net (fo=1, routed)           0.014     2.111    row[0].col[3].u_ppe/acc_lo_out[23]_i_10__2_n_0
    SLICE_X22Y40         CARRY8 (Prop_CARRY8_SLICEL_S[0]_CO[7])
                                                      0.278     2.389 r  row[0].col[3].u_ppe/acc_lo_out_reg[23]_i_1__2/CO[7]
                         net (fo=1, routed)           0.030     2.419    row[0].col[3].u_ppe/acc_lo_out_reg[23]_i_1__2_n_0
    SLICE_X22Y41         CARRY8 (Prop_CARRY8_SLICEL_CI_O[2])
                                                      0.093     2.512 r  row[0].col[3].u_ppe/acc_lo_out_reg[31]_i_2__2/O[2]
                         net (fo=1, routed)           0.034     2.546    row[0].col[3].u_ppe/next_lo[26]
    SLICE_X22Y41         FDCE                                         r  row[0].col[3].u_ppe/acc_lo_out_reg[26]/D
  -------------------------------------------------------------------    -------------------

                         (clock clk rise edge)        5.000     5.000 r  
                                                      0.000     5.000 r  clk (IN)
                         net (fo=5154, unset)         0.029     5.029    row[0].col[3].u_ppe/clk
    SLICE_X22Y41         FDCE                                         r  row[0].col[3].u_ppe/acc_lo_out_reg[26]/C
                         clock pessimism              0.000     5.029    
                         clock uncertainty           -0.035     4.994    
    SLICE_X22Y41         FDCE (Setup_CFF_SLICEL_C_D)
                                                      0.044     5.038    row[0].col[3].u_ppe/acc_lo_out_reg[26]
  -------------------------------------------------------------------
                         required time                          5.038    
                         arrival time                          -2.546    
  -------------------------------------------------------------------
                         slack                                  2.492    

Slack (MET) :             2.509ns  (required time - arrival time)
  Source:                 row[0].col[3].u_ppe/PREG_reg/DSP_OUTPUT_INST/CLK
                            (rising edge-triggered cell DSP_OUTPUT clocked by clk  {rise@0.000ns fall@2.500ns period=5.000ns})
  Destination:            row[0].col[3].u_ppe/acc_lo_out_reg[24]/D
                            (rising edge-triggered cell FDCE clocked by clk  {rise@0.000ns fall@2.500ns period=5.000ns})
  Path Group:             clk
  Path Type:              Setup (Max at Slow Process Corner)
  Requirement:            5.000ns  (clk rise@5.000ns - clk rise@0.000ns)
  Data Path Delay:        2.452ns  (logic 0.704ns (28.715%)  route 1.748ns (71.285%))
  Logic Levels:           3  (CARRY8=2 LUT2=1)
  Clock Path Skew:        -0.048ns (DCD - SCD + CPR)
    Destination Clock Delay (DCD):    0.029ns = ( 5.029 - 5.000 ) 
    Source Clock Delay      (SCD):    0.077ns
    Clock Pessimism Removal (CPR):    0.000ns
  Clock Uncertainty:      0.035ns  ((TSJ^2 + TIJ^2)^1/2 + DJ) / 2 + PE
    Total System Jitter     (TSJ):    0.071ns
    Total Input Jitter      (TIJ):    0.000ns
    Discrete Jitter          (DJ):    0.000ns
    Phase Error              (PE):    0.000ns

    Location             Delay type                Incr(ns)  Path(ns)    Netlist Resource(s)
  -------------------------------------------------------------------    -------------------
                         (clock clk rise edge)        0.000     0.000 r  
                                                      0.000     0.000 r  clk (IN)
                         net (fo=5154, unset)         0.077     0.077    row[0].col[3].u_ppe/PREG_reg/CLK
    DSP48E2_X7Y16        DSP_OUTPUT                                   r  row[0].col[3].u_ppe/PREG_reg/DSP_OUTPUT_INST/CLK
  -------------------------------------------------------------------    -------------------
    DSP48E2_X7Y16        DSP_OUTPUT (Prop_DSP_OUTPUT_DSP48E2_CLK_P[16])
                                                      0.266     0.343 r  row[0].col[3].u_ppe/PREG_reg/DSP_OUTPUT_INST/P[16]
                         net (fo=3, routed)           1.672     2.015    row[0].col[3].u_ppe/PREG_reg_n_89
    SLICE_X22Y40         LUT2 (Prop_A6LUT_SLICEL_I1_O)
                                                      0.082     2.097 r  row[0].col[3].u_ppe/acc_lo_out[23]_i_10__2/O
                         net (fo=1, routed)           0.014     2.111    row[0].col[3].u_ppe/acc_lo_out[23]_i_10__2_n_0
    SLICE_X22Y40         CARRY8 (Prop_CARRY8_SLICEL_S[0]_CO[7])
                                                      0.278     2.389 r  row[0].col[3].u_ppe/acc_lo_out_reg[23]_i_1__2/CO[7]
                         net (fo=1, routed)           0.030     2.419    row[0].col[3].u_ppe/acc_lo_out_reg[23]_i_1__2_n_0
    SLICE_X22Y41         CARRY8 (Prop_CARRY8_SLICEL_CI_O[0])
                                                      0.078     2.497 r  row[0].col[3].u_ppe/acc_lo_out_reg[31]_i_2__2/O[0]
                         net (fo=1, routed)           0.032     2.529    row[0].col[3].u_ppe/next_lo[24]
    SLICE_X22Y41         FDCE                                         r  row[0].col[3].u_ppe/acc_lo_out_reg[24]/D
  -------------------------------------------------------------------    -------------------

                         (clock clk rise edge)        5.000     5.000 r  
                                                      0.000     5.000 r  clk (IN)
                         net (fo=5154, unset)         0.029     5.029    row[0].col[3].u_ppe/clk
    SLICE_X22Y41         FDCE                                         r  row[0].col[3].u_ppe/acc_lo_out_reg[24]/C
                         clock pessimism              0.000     5.029    
                         clock uncertainty           -0.035     4.994    
    SLICE_X22Y41         FDCE (Setup_AFF_SLICEL_C_D)
                                                      0.044     5.038    row[0].col[3].u_ppe/acc_lo_out_reg[24]
  -------------------------------------------------------------------
                         required time                          5.038    
                         arrival time                          -2.529    
  -------------------------------------------------------------------
                         slack                                  2.509    

Slack (MET) :             2.549ns  (required time - arrival time)
  Source:                 row[0].col[5].u_ppe/PREG_reg/DSP_OUTPUT_INST/CLK
                            (rising edge-triggered cell DSP_OUTPUT clocked by clk  {rise@0.000ns fall@2.500ns period=5.000ns})
  Destination:            row[0].col[5].u_ppe/acc_lo_q_reg[31]/D
                            (rising edge-triggered cell FDCE clocked by clk  {rise@0.000ns fall@2.500ns period=5.000ns})
  Path Group:             clk
  Path Type:              Setup (Max at Slow Process Corner)
  Requirement:            5.000ns  (clk rise@5.000ns - clk rise@0.000ns)
  Data Path Delay:        2.411ns  (logic 0.982ns (40.725%)  route 1.429ns (59.275%))
  Logic Levels:           5  (CARRY8=4 LUT3=1)
  Clock Path Skew:        -0.048ns (DCD - SCD + CPR)
    Destination Clock Delay (DCD):    0.029ns = ( 5.029 - 5.000 ) 
    Source Clock Delay      (SCD):    0.077ns
    Clock Pessimism Removal (CPR):    0.000ns
  Clock Uncertainty:      0.035ns  ((TSJ^2 + TIJ^2)^1/2 + DJ) / 2 + PE
    Total System Jitter     (TSJ):    0.071ns
    Total Input Jitter      (TIJ):    0.000ns
    Discrete Jitter          (DJ):    0.000ns
    Phase Error              (PE):    0.000ns

    Location             Delay type                Incr(ns)  Path(ns)    Netlist Resource(s)
  -------------------------------------------------------------------    -------------------
                         (clock clk rise edge)        0.000     0.000 r  
                                                      0.000     0.000 r  clk (IN)
                         net (fo=5154, unset)         0.077     0.077    row[0].col[5].u_ppe/PREG_reg/CLK
    DSP48E2_X6Y12        DSP_OUTPUT                                   r  row[0].col[5].u_ppe/PREG_reg/DSP_OUTPUT_INST/CLK
  -------------------------------------------------------------------    -------------------
    DSP48E2_X6Y12        DSP_OUTPUT (Prop_DSP_OUTPUT_DSP48E2_CLK_P[1])
                                                      0.282     0.359 r  row[0].col[5].u_ppe/PREG_reg/DSP_OUTPUT_INST/P[1]
                         net (fo=3, routed)           1.260     1.619    row[0].col[5].u_ppe/PREG_reg_n_104
    SLICE_X23Y28         LUT3 (Prop_B6LUT_SLICEL_I0_O)
                                                      0.138     1.757 r  row[0].col[5].u_ppe/acc_lo_q[0]_i_16__4/O
                         net (fo=1, routed)           0.013     1.770    row[0].col[5].u_ppe/acc_lo_q[0]_i_16__4_n_0
    SLICE_X23Y28         CARRY8 (Prop_CARRY8_SLICEL_S[1]_CO[7])
                                                      0.261     2.031 r  row[0].col[5].u_ppe/acc_lo_q_reg[0]_i_1__4/CO[7]
                         net (fo=1, routed)           0.030     2.061    row[0].col[5].u_ppe/acc_lo_q_reg[0]_i_1__4_n_0
    SLICE_X23Y29         CARRY8 (Prop_CARRY8_SLICEL_CI_CO[7])
                                                      0.065     2.126 r  row[0].col[5].u_ppe/acc_lo_q_reg[8]_i_1__4/CO[7]
                         net (fo=1, routed)           0.062     2.188    row[0].col[5].u_ppe/acc_lo_q_reg[8]_i_1__4_n_0
    SLICE_X23Y30         CARRY8 (Prop_CARRY8_SLICEL_CI_CO[7])
                                                      0.065     2.253 r  row[0].col[5].u_ppe/acc_lo_q_reg[16]_i_1__4/CO[7]
                         net (fo=1, routed)           0.030     2.283    row[0].col[5].u_ppe/acc_lo_q_reg[16]_i_1__4_n_0
    SLICE_X23Y31         CARRY8 (Prop_CARRY8_SLICEL_CI_O[7])
                                                      0.171     2.454 r  row[0].col[5].u_ppe/acc_lo_q_reg[24]_i_1__4/O[7]
                         net (fo=1, routed)           0.034     2.488    row[0].col[5].u_ppe/acc_lo_q_reg[24]_i_1__4_n_8
    SLICE_X23Y31         FDCE                                         r  row[0].col[5].u_ppe/acc_lo_q_reg[31]/D
  -------------------------------------------------------------------    -------------------

                         (clock clk rise edge)        5.000     5.000 r  
                                                      0.000     5.000 r  clk (IN)
                         net (fo=5154, unset)         0.029     5.029    row[0].col[5].u_ppe/clk
    SLICE_X23Y31         FDCE                                         r  row[0].col[5].u_ppe/acc_lo_q_reg[31]/C
                         clock pessimism              0.000     5.029    
                         clock uncertainty           -0.035     4.994    
    SLICE_X23Y31         FDCE (Setup_HFF_SLICEL_C_D)
                                                      0.044     5.038    row[0].col[5].u_ppe/acc_lo_q_reg[31]
  -------------------------------------------------------------------
                         required time                          5.038    
                         arrival time                          -2.488    
  -------------------------------------------------------------------
                         slack                                  2.549    

Slack (MET) :             2.560ns  (required time - arrival time)
  Source:                 row[0].col[5].u_ppe/PREG_reg/DSP_OUTPUT_INST/CLK
                            (rising edge-triggered cell DSP_OUTPUT clocked by clk  {rise@0.000ns fall@2.500ns period=5.000ns})
  Destination:            row[0].col[5].u_ppe/acc_lo_q_reg[29]/D
                            (rising edge-triggered cell FDCE clocked by clk  {rise@0.000ns fall@2.500ns period=5.000ns})
  Path Group:             clk
  Path Type:              Setup (Max at Slow Process Corner)
  Requirement:            5.000ns  (clk rise@5.000ns - clk rise@0.000ns)
  Data Path Delay:        2.400ns  (logic 0.972ns (40.495%)  route 1.428ns (59.505%))
  Logic Levels:           5  (CARRY8=4 LUT3=1)
  Clock Path Skew:        -0.048ns (DCD - SCD + CPR)
    Destination Clock Delay (DCD):    0.029ns = ( 5.029 - 5.000 ) 
    Source Clock Delay      (SCD):    0.077ns
    Clock Pessimism Removal (CPR):    0.000ns
  Clock Uncertainty:      0.035ns  ((TSJ^2 + TIJ^2)^1/2 + DJ) / 2 + PE
    Total System Jitter     (TSJ):    0.071ns
    Total Input Jitter      (TIJ):    0.000ns
    Discrete Jitter          (DJ):    0.000ns
    Phase Error              (PE):    0.000ns

    Location             Delay type                Incr(ns)  Path(ns)    Netlist Resource(s)
  -------------------------------------------------------------------    -------------------
                         (clock clk rise edge)        0.000     0.000 r  
                                                      0.000     0.000 r  clk (IN)
                         net (fo=5154, unset)         0.077     0.077    row[0].col[5].u_ppe/PREG_reg/CLK
    DSP48E2_X6Y12        DSP_OUTPUT                                   r  row[0].col[5].u_ppe/PREG_reg/DSP_OUTPUT_INST/CLK
  -------------------------------------------------------------------    -------------------
    DSP48E2_X6Y12        DSP_OUTPUT (Prop_DSP_OUTPUT_DSP48E2_CLK_P[1])
                                                      0.282     0.359 r  row[0].col[5].u_ppe/PREG_reg/DSP_OUTPUT_INST/P[1]
                         net (fo=3, routed)           1.260     1.619    row[0].col[5].u_ppe/PREG_reg_n_104
    SLICE_X23Y28         LUT3 (Prop_B6LUT_SLICEL_I0_O)
                                                      0.138     1.757 r  row[0].col[5].u_ppe/acc_lo_q[0]_i_16__4/O
                         net (fo=1, routed)           0.013     1.770    row[0].col[5].u_ppe/acc_lo_q[0]_i_16__4_n_0
    SLICE_X23Y28         CARRY8 (Prop_CARRY8_SLICEL_S[1]_CO[7])
                                                      0.261     2.031 r  row[0].col[5].u_ppe/acc_lo_q_reg[0]_i_1__4/CO[7]
                         net (fo=1, routed)           0.030     2.061    row[0].col[5].u_ppe/acc_lo_q_reg[0]_i_1__4_n_0
    SLICE_X23Y29         CARRY8 (Prop_CARRY8_SLICEL_CI_CO[7])
                                                      0.065     2.126 r  row[0].col[5].u_ppe/acc_lo_q_reg[8]_i_1__4/CO[7]
                         net (fo=1, routed)           0.062     2.188    row[0].col[5].u_ppe/acc_lo_q_reg[8]_i_1__4_n_0
    SLICE_X23Y30         CARRY8 (Prop_CARRY8_SLICEL_CI_CO[7])
                                                      0.065     2.253 r  row[0].col[5].u_ppe/acc_lo_q_reg[16]_i_1__4/CO[7]
                         net (fo=1, routed)           0.030     2.283    row[0].col[5].u_ppe/acc_lo_q_reg[16]_i_1__4_n_0
    SLICE_X23Y31         CARRY8 (Prop_CARRY8_SLICEL_CI_O[5])
                                                      0.161     2.444 r  row[0].col[5].u_ppe/acc_lo_q_reg[24]_i_1__4/O[5]
                         net (fo=1, routed)           0.033     2.477    row[0].col[5].u_ppe/acc_lo_q_reg[24]_i_1__4_n_10
    SLICE_X23Y31         FDCE                                         r  row[0].col[5].u_ppe/acc_lo_q_reg[29]/D
  -------------------------------------------------------------------    -------------------

                         (clock clk rise edge)        5.000     5.000 r  
                                                      0.000     5.000 r  clk (IN)
                         net (fo=5154, unset)         0.029     5.029    row[0].col[5].u_ppe/clk
    SLICE_X23Y31         FDCE                                         r  row[0].col[5].u_ppe/acc_lo_q_reg[29]/C
                         clock pessimism              0.000     5.029    
                         clock uncertainty           -0.035     4.994    
    SLICE_X23Y31         FDCE (Setup_FFF_SLICEL_C_D)
                                                      0.044     5.038    row[0].col[5].u_ppe/acc_lo_q_reg[29]
  -------------------------------------------------------------------
                         required time                          5.038    
                         arrival time                          -2.477    
  -------------------------------------------------------------------
                         slack                                  2.560    





Min Delay Paths
--------------------------------------------------------------------------------------
Slack (MET) :             0.046ns  (arrival time - required time)
  Source:                 row[0].col[0].u_ppe/PREG_reg/DSP_PREADD_DATA_INST/CLK
                            (rising edge-triggered cell DSP_PREADD_DATA clocked by clk  {rise@0.000ns fall@2.500ns period=5.000ns})
  Destination:            row[0].col[0].u_ppe/PREG_reg/DSP_PREADD_DATA_INST/AD[0]
                            (rising edge-triggered cell DSP_PREADD_DATA clocked by clk  {rise@0.000ns fall@2.500ns period=5.000ns})
  Path Group:             clk
  Path Type:              Hold (Min at Fast Process Corner)
  Requirement:            0.000ns  (clk rise@0.000ns - clk rise@0.000ns)
  Data Path Delay:        0.114ns  (logic 0.114ns (100.000%)  route 0.000ns (0.000%))
  Logic Levels:           1  (DSP_PREADD=1)
  Clock Path Skew:        0.008ns (DCD - SCD - CPR)
    Destination Clock Delay (DCD):    0.042ns
    Source Clock Delay      (SCD):    0.034ns
    Clock Pessimism Removal (CPR):    -0.000ns

    Location             Delay type                Incr(ns)  Path(ns)    Netlist Resource(s)
  -------------------------------------------------------------------    -------------------
                         (clock clk rise edge)        0.000     0.000 r  
                                                      0.000     0.000 r  clk (IN)
                         net (fo=5154, unset)         0.034     0.034    row[0].col[0].u_ppe/PREG_reg/CLK
    DSP48E2_X6Y30        DSP_PREADD_DATA                              r  row[0].col[0].u_ppe/PREG_reg/DSP_PREADD_DATA_INST/CLK
  -------------------------------------------------------------------    -------------------
    DSP48E2_X6Y30        DSP_PREADD_DATA (Prop_DSP_PREADD_DATA_DSP48E2_CLK_D_DATA[0])
                                                      0.081     0.115 r  row[0].col[0].u_ppe/PREG_reg/DSP_PREADD_DATA_INST/D_DATA[0]
                         net (fo=1, routed)           0.000     0.115    row[0].col[0].u_ppe/PREG_reg/DSP_PREADD_DATA.D_DATA<0>
    DSP48E2_X6Y30        DSP_PREADD (Prop_DSP_PREADD_DSP48E2_D_DATA[0]_AD[0])
                                                      0.033     0.148 r  row[0].col[0].u_ppe/PREG_reg/DSP_PREADD_INST/AD[0]
                         net (fo=1, routed)           0.000     0.148    row[0].col[0].u_ppe/PREG_reg/DSP_PREADD.AD<0>
    DSP48E2_X6Y30        DSP_PREADD_DATA                              r  row[0].col[0].u_ppe/PREG_reg/DSP_PREADD_DATA_INST/AD[0]
  -------------------------------------------------------------------    -------------------

                         (clock clk rise edge)        0.000     0.000 r  
                                                      0.000     0.000 r  clk (IN)
                         net (fo=5154, unset)         0.042     0.042    row[0].col[0].u_ppe/PREG_reg/CLK
    DSP48E2_X6Y30        DSP_PREADD_DATA                              r  row[0].col[0].u_ppe/PREG_reg/DSP_PREADD_DATA_INST/CLK
                         clock pessimism              0.000     0.042    
    DSP48E2_X6Y30        DSP_PREADD_DATA (Hold_DSP_PREADD_DATA_DSP48E2_CLK_AD[0])
                                                      0.060     0.102    row[0].col[0].u_ppe/PREG_reg/DSP_PREADD_DATA_INST
  -------------------------------------------------------------------
                         required time                         -0.102    
                         arrival time                           0.148    
  -------------------------------------------------------------------
                         slack                                  0.046    

Slack (MET) :             0.046ns  (arrival time - required time)
  Source:                 row[0].col[0].u_ppe/PREG_reg/DSP_PREADD_DATA_INST/CLK
                            (rising edge-triggered cell DSP_PREADD_DATA clocked by clk  {rise@0.000ns fall@2.500ns period=5.000ns})
  Destination:            row[0].col[0].u_ppe/PREG_reg/DSP_PREADD_DATA_INST/AD[10]
                            (rising edge-triggered cell DSP_PREADD_DATA clocked by clk  {rise@0.000ns fall@2.500ns period=5.000ns})
  Path Group:             clk
  Path Type:              Hold (Min at Fast Process Corner)
  Requirement:            0.000ns  (clk rise@0.000ns - clk rise@0.000ns)
  Data Path Delay:        0.114ns  (logic 0.114ns (100.000%)  route 0.000ns (0.000%))
  Logic Levels:           1  (DSP_PREADD=1)
  Clock Path Skew:        0.008ns (DCD - SCD - CPR)
    Destination Clock Delay (DCD):    0.042ns
    Source Clock Delay      (SCD):    0.034ns
    Clock Pessimism Removal (CPR):    -0.000ns

    Location             Delay type                Incr(ns)  Path(ns)    Netlist Resource(s)
  -------------------------------------------------------------------    -------------------
                         (clock clk rise edge)        0.000     0.000 r  
                                                      0.000     0.000 r  clk (IN)
                         net (fo=5154, unset)         0.034     0.034    row[0].col[0].u_ppe/PREG_reg/CLK
    DSP48E2_X6Y30        DSP_PREADD_DATA                              r  row[0].col[0].u_ppe/PREG_reg/DSP_PREADD_DATA_INST/CLK
  -------------------------------------------------------------------    -------------------
    DSP48E2_X6Y30        DSP_PREADD_DATA (Prop_DSP_PREADD_DATA_DSP48E2_CLK_D_DATA[10])
                                                      0.081     0.115 r  row[0].col[0].u_ppe/PREG_reg/DSP_PREADD_DATA_INST/D_DATA[10]
                         net (fo=1, routed)           0.000     0.115    row[0].col[0].u_ppe/PREG_reg/DSP_PREADD_DATA.D_DATA<10>
    DSP48E2_X6Y30        DSP_PREADD (Prop_DSP_PREADD_DSP48E2_D_DATA[10]_AD[10])
                                                      0.033     0.148 r  row[0].col[0].u_ppe/PREG_reg/DSP_PREADD_INST/AD[10]
                         net (fo=1, routed)           0.000     0.148    row[0].col[0].u_ppe/PREG_reg/DSP_PREADD.AD<10>
    DSP48E2_X6Y30        DSP_PREADD_DATA                              r  row[0].col[0].u_ppe/PREG_reg/DSP_PREADD_DATA_INST/AD[10]
  -------------------------------------------------------------------    -------------------

                         (clock clk rise edge)        0.000     0.000 r  
                                                      0.000     0.000 r  clk (IN)
                         net (fo=5154, unset)         0.042     0.042    row[0].col[0].u_ppe/PREG_reg/CLK
    DSP48E2_X6Y30        DSP_PREADD_DATA                              r  row[0].col[0].u_ppe/PREG_reg/DSP_PREADD_DATA_INST/CLK
                         clock pessimism              0.000     0.042    
    DSP48E2_X6Y30        DSP_PREADD_DATA (Hold_DSP_PREADD_DATA_DSP48E2_CLK_AD[10])
                                                      0.060     0.102    row[0].col[0].u_ppe/PREG_reg/DSP_PREADD_DATA_INST
  -------------------------------------------------------------------
                         required time                         -0.102    
                         arrival time                           0.148    
  -------------------------------------------------------------------
                         slack                                  0.046    

Slack (MET) :             0.046ns  (arrival time - required time)
  Source:                 row[0].col[0].u_ppe/PREG_reg/DSP_PREADD_DATA_INST/CLK
                            (rising edge-triggered cell DSP_PREADD_DATA clocked by clk  {rise@0.000ns fall@2.500ns period=5.000ns})
  Destination:            row[0].col[0].u_ppe/PREG_reg/DSP_PREADD_DATA_INST/AD[11]
                            (rising edge-triggered cell DSP_PREADD_DATA clocked by clk  {rise@0.000ns fall@2.500ns period=5.000ns})
  Path Group:             clk
  Path Type:              Hold (Min at Fast Process Corner)
  Requirement:            0.000ns  (clk rise@0.000ns - clk rise@0.000ns)
  Data Path Delay:        0.114ns  (logic 0.114ns (100.000%)  route 0.000ns (0.000%))
  Logic Levels:           1  (DSP_PREADD=1)
  Clock Path Skew:        0.008ns (DCD - SCD - CPR)
    Destination Clock Delay (DCD):    0.042ns
    Source Clock Delay      (SCD):    0.034ns
    Clock Pessimism Removal (CPR):    -0.000ns

    Location             Delay type                Incr(ns)  Path(ns)    Netlist Resource(s)
  -------------------------------------------------------------------    -------------------
                         (clock clk rise edge)        0.000     0.000 r  
                                                      0.000     0.000 r  clk (IN)
                         net (fo=5154, unset)         0.034     0.034    row[0].col[0].u_ppe/PREG_reg/CLK
    DSP48E2_X6Y30        DSP_PREADD_DATA                              r  row[0].col[0].u_ppe/PREG_reg/DSP_PREADD_DATA_INST/CLK
  -------------------------------------------------------------------    -------------------
    DSP48E2_X6Y30        DSP_PREADD_DATA (Prop_DSP_PREADD_DATA_DSP48E2_CLK_D_DATA[11])
                                                      0.081     0.115 r  row[0].col[0].u_ppe/PREG_reg/DSP_PREADD_DATA_INST/D_DATA[11]
                         net (fo=1, routed)           0.000     0.115    row[0].col[0].u_ppe/PREG_reg/DSP_PREADD_DATA.D_DATA<11>
    DSP48E2_X6Y30        DSP_PREADD (Prop_DSP_PREADD_DSP48E2_D_DATA[11]_AD[11])
                                                      0.033     0.148 r  row[0].col[0].u_ppe/PREG_reg/DSP_PREADD_INST/AD[11]
                         net (fo=1, routed)           0.000     0.148    row[0].col[0].u_ppe/PREG_reg/DSP_PREADD.AD<11>
    DSP48E2_X6Y30        DSP_PREADD_DATA                              r  row[0].col[0].u_ppe/PREG_reg/DSP_PREADD_DATA_INST/AD[11]
  -------------------------------------------------------------------    -------------------

                         (clock clk rise edge)        0.000     0.000 r  
                                                      0.000     0.000 r  clk (IN)
                         net (fo=5154, unset)         0.042     0.042    row[0].col[0].u_ppe/PREG_reg/CLK
    DSP48E2_X6Y30        DSP_PREADD_DATA                              r  row[0].col[0].u_ppe/PREG_reg/DSP_PREADD_DATA_INST/CLK
                         clock pessimism              0.000     0.042    
    DSP48E2_X6Y30        DSP_PREADD_DATA (Hold_DSP_PREADD_DATA_DSP48E2_CLK_AD[11])
                                                      0.060     0.102    row[0].col[0].u_ppe/PREG_reg/DSP_PREADD_DATA_INST
  -------------------------------------------------------------------
                         required time                         -0.102    
                         arrival time                           0.148    
  -------------------------------------------------------------------
                         slack                                  0.046    

Slack (MET) :             0.046ns  (arrival time - required time)
  Source:                 row[0].col[0].u_ppe/PREG_reg/DSP_PREADD_DATA_INST/CLK
                            (rising edge-triggered cell DSP_PREADD_DATA clocked by clk  {rise@0.000ns fall@2.500ns period=5.000ns})
  Destination:            row[0].col[0].u_ppe/PREG_reg/DSP_PREADD_DATA_INST/AD[12]
                            (rising edge-triggered cell DSP_PREADD_DATA clocked by clk  {rise@0.000ns fall@2.500ns period=5.000ns})
  Path Group:             clk
  Path Type:              Hold (Min at Fast Process Corner)
  Requirement:            0.000ns  (clk rise@0.000ns - clk rise@0.000ns)
  Data Path Delay:        0.114ns  (logic 0.114ns (100.000%)  route 0.000ns (0.000%))
  Logic Levels:           1  (DSP_PREADD=1)
  Clock Path Skew:        0.008ns (DCD - SCD - CPR)
    Destination Clock Delay (DCD):    0.042ns
    Source Clock Delay      (SCD):    0.034ns
    Clock Pessimism Removal (CPR):    -0.000ns

    Location             Delay type                Incr(ns)  Path(ns)    Netlist Resource(s)
  -------------------------------------------------------------------    -------------------
                         (clock clk rise edge)        0.000     0.000 r  
                                                      0.000     0.000 r  clk (IN)
                         net (fo=5154, unset)         0.034     0.034    row[0].col[0].u_ppe/PREG_reg/CLK
    DSP48E2_X6Y30        DSP_PREADD_DATA                              r  row[0].col[0].u_ppe/PREG_reg/DSP_PREADD_DATA_INST/CLK
  -------------------------------------------------------------------    -------------------
    DSP48E2_X6Y30        DSP_PREADD_DATA (Prop_DSP_PREADD_DATA_DSP48E2_CLK_D_DATA[12])
                                                      0.081     0.115 r  row[0].col[0].u_ppe/PREG_reg/DSP_PREADD_DATA_INST/D_DATA[12]
                         net (fo=1, routed)           0.000     0.115    row[0].col[0].u_ppe/PREG_reg/DSP_PREADD_DATA.D_DATA<12>
    DSP48E2_X6Y30        DSP_PREADD (Prop_DSP_PREADD_DSP48E2_D_DATA[12]_AD[12])
                                                      0.033     0.148 r  row[0].col[0].u_ppe/PREG_reg/DSP_PREADD_INST/AD[12]
                         net (fo=1, routed)           0.000     0.148    row[0].col[0].u_ppe/PREG_reg/DSP_PREADD.AD<12>
    DSP48E2_X6Y30        DSP_PREADD_DATA                              r  row[0].col[0].u_ppe/PREG_reg/DSP_PREADD_DATA_INST/AD[12]
  -------------------------------------------------------------------    -------------------

                         (clock clk rise edge)        0.000     0.000 r  
                                                      0.000     0.000 r  clk (IN)
                         net (fo=5154, unset)         0.042     0.042    row[0].col[0].u_ppe/PREG_reg/CLK
    DSP48E2_X6Y30        DSP_PREADD_DATA                              r  row[0].col[0].u_ppe/PREG_reg/DSP_PREADD_DATA_INST/CLK
                         clock pessimism              0.000     0.042    
    DSP48E2_X6Y30        DSP_PREADD_DATA (Hold_DSP_PREADD_DATA_DSP48E2_CLK_AD[12])
                                                      0.060     0.102    row[0].col[0].u_ppe/PREG_reg/DSP_PREADD_DATA_INST
  -------------------------------------------------------------------
                         required time                         -0.102    
                         arrival time                           0.148    
  -------------------------------------------------------------------
                         slack                                  0.046    

Slack (MET) :             0.046ns  (arrival time - required time)
  Source:                 row[0].col[0].u_ppe/PREG_reg/DSP_PREADD_DATA_INST/CLK
                            (rising edge-triggered cell DSP_PREADD_DATA clocked by clk  {rise@0.000ns fall@2.500ns period=5.000ns})
  Destination:            row[0].col[0].u_ppe/PREG_reg/DSP_PREADD_DATA_INST/AD[13]
                            (rising edge-triggered cell DSP_PREADD_DATA clocked by clk  {rise@0.000ns fall@2.500ns period=5.000ns})
  Path Group:             clk
  Path Type:              Hold (Min at Fast Process Corner)
  Requirement:            0.000ns  (clk rise@0.000ns - clk rise@0.000ns)
  Data Path Delay:        0.114ns  (logic 0.114ns (100.000%)  route 0.000ns (0.000%))
  Logic Levels:           1  (DSP_PREADD=1)
  Clock Path Skew:        0.008ns (DCD - SCD - CPR)
    Destination Clock Delay (DCD):    0.042ns
    Source Clock Delay      (SCD):    0.034ns
    Clock Pessimism Removal (CPR):    -0.000ns

    Location             Delay type                Incr(ns)  Path(ns)    Netlist Resource(s)
  -------------------------------------------------------------------    -------------------
                         (clock clk rise edge)        0.000     0.000 r  
                                                      0.000     0.000 r  clk (IN)
                         net (fo=5154, unset)         0.034     0.034    row[0].col[0].u_ppe/PREG_reg/CLK
    DSP48E2_X6Y30        DSP_PREADD_DATA                              r  row[0].col[0].u_ppe/PREG_reg/DSP_PREADD_DATA_INST/CLK
  -------------------------------------------------------------------    -------------------
    DSP48E2_X6Y30        DSP_PREADD_DATA (Prop_DSP_PREADD_DATA_DSP48E2_CLK_D_DATA[13])
                                                      0.081     0.115 r  row[0].col[0].u_ppe/PREG_reg/DSP_PREADD_DATA_INST/D_DATA[13]
                         net (fo=1, routed)           0.000     0.115    row[0].col[0].u_ppe/PREG_reg/DSP_PREADD_DATA.D_DATA<13>
    DSP48E2_X6Y30        DSP_PREADD (Prop_DSP_PREADD_DSP48E2_D_DATA[13]_AD[13])
                                                      0.033     0.148 r  row[0].col[0].u_ppe/PREG_reg/DSP_PREADD_INST/AD[13]
                         net (fo=1, routed)           0.000     0.148    row[0].col[0].u_ppe/PREG_reg/DSP_PREADD.AD<13>
    DSP48E2_X6Y30        DSP_PREADD_DATA                              r  row[0].col[0].u_ppe/PREG_reg/DSP_PREADD_DATA_INST/AD[13]
  -------------------------------------------------------------------    -------------------

                         (clock clk rise edge)        0.000     0.000 r  
                                                      0.000     0.000 r  clk (IN)
                         net (fo=5154, unset)         0.042     0.042    row[0].col[0].u_ppe/PREG_reg/CLK
    DSP48E2_X6Y30        DSP_PREADD_DATA                              r  row[0].col[0].u_ppe/PREG_reg/DSP_PREADD_DATA_INST/CLK
                         clock pessimism              0.000     0.042    
    DSP48E2_X6Y30        DSP_PREADD_DATA (Hold_DSP_PREADD_DATA_DSP48E2_CLK_AD[13])
                                                      0.060     0.102    row[0].col[0].u_ppe/PREG_reg/DSP_PREADD_DATA_INST
  -------------------------------------------------------------------
                         required time                         -0.102    
                         arrival time                           0.148    
  -------------------------------------------------------------------
                         slack                                  0.046    

Slack (MET) :             0.046ns  (arrival time - required time)
  Source:                 row[0].col[0].u_ppe/PREG_reg/DSP_PREADD_DATA_INST/CLK
                            (rising edge-triggered cell DSP_PREADD_DATA clocked by clk  {rise@0.000ns fall@2.500ns period=5.000ns})
  Destination:            row[0].col[0].u_ppe/PREG_reg/DSP_PREADD_DATA_INST/AD[14]
                            (rising edge-triggered cell DSP_PREADD_DATA clocked by clk  {rise@0.000ns fall@2.500ns period=5.000ns})
  Path Group:             clk
  Path Type:              Hold (Min at Fast Process Corner)
  Requirement:            0.000ns  (clk rise@0.000ns - clk rise@0.000ns)
  Data Path Delay:        0.114ns  (logic 0.114ns (100.000%)  route 0.000ns (0.000%))
  Logic Levels:           1  (DSP_PREADD=1)
  Clock Path Skew:        0.008ns (DCD - SCD - CPR)
    Destination Clock Delay (DCD):    0.042ns
    Source Clock Delay      (SCD):    0.034ns
    Clock Pessimism Removal (CPR):    -0.000ns

    Location             Delay type                Incr(ns)  Path(ns)    Netlist Resource(s)
  -------------------------------------------------------------------    -------------------
                         (clock clk rise edge)        0.000     0.000 r  
                                                      0.000     0.000 r  clk (IN)
                         net (fo=5154, unset)         0.034     0.034    row[0].col[0].u_ppe/PREG_reg/CLK
    DSP48E2_X6Y30        DSP_PREADD_DATA                              r  row[0].col[0].u_ppe/PREG_reg/DSP_PREADD_DATA_INST/CLK
  -------------------------------------------------------------------    -------------------
    DSP48E2_X6Y30        DSP_PREADD_DATA (Prop_DSP_PREADD_DATA_DSP48E2_CLK_D_DATA[14])
                                                      0.081     0.115 r  row[0].col[0].u_ppe/PREG_reg/DSP_PREADD_DATA_INST/D_DATA[14]
                         net (fo=1, routed)           0.000     0.115    row[0].col[0].u_ppe/PREG_reg/DSP_PREADD_DATA.D_DATA<14>
    DSP48E2_X6Y30        DSP_PREADD (Prop_DSP_PREADD_DSP48E2_D_DATA[14]_AD[14])
                                                      0.033     0.148 r  row[0].col[0].u_ppe/PREG_reg/DSP_PREADD_INST/AD[14]
                         net (fo=1, routed)           0.000     0.148    row[0].col[0].u_ppe/PREG_reg/DSP_PREADD.AD<14>
    DSP48E2_X6Y30        DSP_PREADD_DATA                              r  row[0].col[0].u_ppe/PREG_reg/DSP_PREADD_DATA_INST/AD[14]
  -------------------------------------------------------------------    -------------------

                         (clock clk rise edge)        0.000     0.000 r  
                                                      0.000     0.000 r  clk (IN)
                         net (fo=5154, unset)         0.042     0.042    row[0].col[0].u_ppe/PREG_reg/CLK
    DSP48E2_X6Y30        DSP_PREADD_DATA                              r  row[0].col[0].u_ppe/PREG_reg/DSP_PREADD_DATA_INST/CLK
                         clock pessimism              0.000     0.042    
    DSP48E2_X6Y30        DSP_PREADD_DATA (Hold_DSP_PREADD_DATA_DSP48E2_CLK_AD[14])
                                                      0.060     0.102    row[0].col[0].u_ppe/PREG_reg/DSP_PREADD_DATA_INST
  -------------------------------------------------------------------
                         required time                         -0.102    
                         arrival time                           0.148    
  -------------------------------------------------------------------
                         slack                                  0.046    

Slack (MET) :             0.046ns  (arrival time - required time)
  Source:                 row[0].col[0].u_ppe/PREG_reg/DSP_PREADD_DATA_INST/CLK
                            (rising edge-triggered cell DSP_PREADD_DATA clocked by clk  {rise@0.000ns fall@2.500ns period=5.000ns})
  Destination:            row[0].col[0].u_ppe/PREG_reg/DSP_PREADD_DATA_INST/AD[15]
                            (rising edge-triggered cell DSP_PREADD_DATA clocked by clk  {rise@0.000ns fall@2.500ns period=5.000ns})
  Path Group:             clk
  Path Type:              Hold (Min at Fast Process Corner)
  Requirement:            0.000ns  (clk rise@0.000ns - clk rise@0.000ns)
  Data Path Delay:        0.114ns  (logic 0.114ns (100.000%)  route 0.000ns (0.000%))
  Logic Levels:           1  (DSP_PREADD=1)
  Clock Path Skew:        0.008ns (DCD - SCD - CPR)
    Destination Clock Delay (DCD):    0.042ns
    Source Clock Delay      (SCD):    0.034ns
    Clock Pessimism Removal (CPR):    -0.000ns

    Location             Delay type                Incr(ns)  Path(ns)    Netlist Resource(s)
  -------------------------------------------------------------------    -------------------
                         (clock clk rise edge)        0.000     0.000 r  
                                                      0.000     0.000 r  clk (IN)
                         net (fo=5154, unset)         0.034     0.034    row[0].col[0].u_ppe/PREG_reg/CLK
    DSP48E2_X6Y30        DSP_PREADD_DATA                              r  row[0].col[0].u_ppe/PREG_reg/DSP_PREADD_DATA_INST/CLK
  -------------------------------------------------------------------    -------------------
    DSP48E2_X6Y30        DSP_PREADD_DATA (Prop_DSP_PREADD_DATA_DSP48E2_CLK_D_DATA[15])
                                                      0.081     0.115 r  row[0].col[0].u_ppe/PREG_reg/DSP_PREADD_DATA_INST/D_DATA[15]
                         net (fo=1, routed)           0.000     0.115    row[0].col[0].u_ppe/PREG_reg/DSP_PREADD_DATA.D_DATA<15>
    DSP48E2_X6Y30        DSP_PREADD (Prop_DSP_PREADD_DSP48E2_D_DATA[15]_AD[15])
                                                      0.033     0.148 r  row[0].col[0].u_ppe/PREG_reg/DSP_PREADD_INST/AD[15]
                         net (fo=1, routed)           0.000     0.148    row[0].col[0].u_ppe/PREG_reg/DSP_PREADD.AD<15>
    DSP48E2_X6Y30        DSP_PREADD_DATA                              r  row[0].col[0].u_ppe/PREG_reg/DSP_PREADD_DATA_INST/AD[15]
  -------------------------------------------------------------------    -------------------

                         (clock clk rise edge)        0.000     0.000 r  
                                                      0.000     0.000 r  clk (IN)
                         net (fo=5154, unset)         0.042     0.042    row[0].col[0].u_ppe/PREG_reg/CLK
    DSP48E2_X6Y30        DSP_PREADD_DATA                              r  row[0].col[0].u_ppe/PREG_reg/DSP_PREADD_DATA_INST/CLK
                         clock pessimism              0.000     0.042    
    DSP48E2_X6Y30        DSP_PREADD_DATA (Hold_DSP_PREADD_DATA_DSP48E2_CLK_AD[15])
                                                      0.060     0.102    row[0].col[0].u_ppe/PREG_reg/DSP_PREADD_DATA_INST
  -------------------------------------------------------------------
                         required time                         -0.102    
                         arrival time                           0.148    
  -------------------------------------------------------------------
                         slack                                  0.046    

Slack (MET) :             0.046ns  (arrival time - required time)
  Source:                 row[0].col[0].u_ppe/PREG_reg/DSP_PREADD_DATA_INST/CLK
                            (rising edge-triggered cell DSP_PREADD_DATA clocked by clk  {rise@0.000ns fall@2.500ns period=5.000ns})
  Destination:            row[0].col[0].u_ppe/PREG_reg/DSP_PREADD_DATA_INST/AD[16]
                            (rising edge-triggered cell DSP_PREADD_DATA clocked by clk  {rise@0.000ns fall@2.500ns period=5.000ns})
  Path Group:             clk
  Path Type:              Hold (Min at Fast Process Corner)
  Requirement:            0.000ns  (clk rise@0.000ns - clk rise@0.000ns)
  Data Path Delay:        0.114ns  (logic 0.114ns (100.000%)  route 0.000ns (0.000%))
  Logic Levels:           1  (DSP_PREADD=1)
  Clock Path Skew:        0.008ns (DCD - SCD - CPR)
    Destination Clock Delay (DCD):    0.042ns
    Source Clock Delay      (SCD):    0.034ns
    Clock Pessimism Removal (CPR):    -0.000ns

    Location             Delay type                Incr(ns)  Path(ns)    Netlist Resource(s)
  -------------------------------------------------------------------    -------------------
                         (clock clk rise edge)        0.000     0.000 r  
                                                      0.000     0.000 r  clk (IN)
                         net (fo=5154, unset)         0.034     0.034    row[0].col[0].u_ppe/PREG_reg/CLK
    DSP48E2_X6Y30        DSP_PREADD_DATA                              r  row[0].col[0].u_ppe/PREG_reg/DSP_PREADD_DATA_INST/CLK
  -------------------------------------------------------------------    -------------------
    DSP48E2_X6Y30        DSP_PREADD_DATA (Prop_DSP_PREADD_DATA_DSP48E2_CLK_D_DATA[16])
                                                      0.081     0.115 r  row[0].col[0].u_ppe/PREG_reg/DSP_PREADD_DATA_INST/D_DATA[16]
                         net (fo=1, routed)           0.000     0.115    row[0].col[0].u_ppe/PREG_reg/DSP_PREADD_DATA.D_DATA<16>
    DSP48E2_X6Y30        DSP_PREADD (Prop_DSP_PREADD_DSP48E2_D_DATA[16]_AD[16])
                                                      0.033     0.148 r  row[0].col[0].u_ppe/PREG_reg/DSP_PREADD_INST/AD[16]
                         net (fo=1, routed)           0.000     0.148    row[0].col[0].u_ppe/PREG_reg/DSP_PREADD.AD<16>
    DSP48E2_X6Y30        DSP_PREADD_DATA                              r  row[0].col[0].u_ppe/PREG_reg/DSP_PREADD_DATA_INST/AD[16]
  -------------------------------------------------------------------    -------------------

                         (clock clk rise edge)        0.000     0.000 r  
                                                      0.000     0.000 r  clk (IN)
                         net (fo=5154, unset)         0.042     0.042    row[0].col[0].u_ppe/PREG_reg/CLK
    DSP48E2_X6Y30        DSP_PREADD_DATA                              r  row[0].col[0].u_ppe/PREG_reg/DSP_PREADD_DATA_INST/CLK
                         clock pessimism              0.000     0.042    
    DSP48E2_X6Y30        DSP_PREADD_DATA (Hold_DSP_PREADD_DATA_DSP48E2_CLK_AD[16])
                                                      0.060     0.102    row[0].col[0].u_ppe/PREG_reg/DSP_PREADD_DATA_INST
  -------------------------------------------------------------------
                         required time                         -0.102    
                         arrival time                           0.148    
  -------------------------------------------------------------------
                         slack                                  0.046    

Slack (MET) :             0.046ns  (arrival time - required time)
  Source:                 row[0].col[0].u_ppe/PREG_reg/DSP_PREADD_DATA_INST/CLK
                            (rising edge-triggered cell DSP_PREADD_DATA clocked by clk  {rise@0.000ns fall@2.500ns period=5.000ns})
  Destination:            row[0].col[0].u_ppe/PREG_reg/DSP_PREADD_DATA_INST/AD[17]
                            (rising edge-triggered cell DSP_PREADD_DATA clocked by clk  {rise@0.000ns fall@2.500ns period=5.000ns})
  Path Group:             clk
  Path Type:              Hold (Min at Fast Process Corner)
  Requirement:            0.000ns  (clk rise@0.000ns - clk rise@0.000ns)
  Data Path Delay:        0.114ns  (logic 0.114ns (100.000%)  route 0.000ns (0.000%))
  Logic Levels:           1  (DSP_PREADD=1)
  Clock Path Skew:        0.008ns (DCD - SCD - CPR)
    Destination Clock Delay (DCD):    0.042ns
    Source Clock Delay      (SCD):    0.034ns
    Clock Pessimism Removal (CPR):    -0.000ns

    Location             Delay type                Incr(ns)  Path(ns)    Netlist Resource(s)
  -------------------------------------------------------------------    -------------------
                         (clock clk rise edge)        0.000     0.000 r  
                                                      0.000     0.000 r  clk (IN)
                         net (fo=5154, unset)         0.034     0.034    row[0].col[0].u_ppe/PREG_reg/CLK
    DSP48E2_X6Y30        DSP_PREADD_DATA                              r  row[0].col[0].u_ppe/PREG_reg/DSP_PREADD_DATA_INST/CLK
  -------------------------------------------------------------------    -------------------
    DSP48E2_X6Y30        DSP_PREADD_DATA (Prop_DSP_PREADD_DATA_DSP48E2_CLK_D_DATA[17])
                                                      0.081     0.115 r  row[0].col[0].u_ppe/PREG_reg/DSP_PREADD_DATA_INST/D_DATA[17]
                         net (fo=1, routed)           0.000     0.115    row[0].col[0].u_ppe/PREG_reg/DSP_PREADD_DATA.D_DATA<17>
    DSP48E2_X6Y30        DSP_PREADD (Prop_DSP_PREADD_DSP48E2_D_DATA[17]_AD[17])
                                                      0.033     0.148 r  row[0].col[0].u_ppe/PREG_reg/DSP_PREADD_INST/AD[17]
                         net (fo=1, routed)           0.000     0.148    row[0].col[0].u_ppe/PREG_reg/DSP_PREADD.AD<17>
    DSP48E2_X6Y30        DSP_PREADD_DATA                              r  row[0].col[0].u_ppe/PREG_reg/DSP_PREADD_DATA_INST/AD[17]
  -------------------------------------------------------------------    -------------------

                         (clock clk rise edge)        0.000     0.000 r  
                                                      0.000     0.000 r  clk (IN)
                         net (fo=5154, unset)         0.042     0.042    row[0].col[0].u_ppe/PREG_reg/CLK
    DSP48E2_X6Y30        DSP_PREADD_DATA                              r  row[0].col[0].u_ppe/PREG_reg/DSP_PREADD_DATA_INST/CLK
                         clock pessimism              0.000     0.042    
    DSP48E2_X6Y30        DSP_PREADD_DATA (Hold_DSP_PREADD_DATA_DSP48E2_CLK_AD[17])
                                                      0.060     0.102    row[0].col[0].u_ppe/PREG_reg/DSP_PREADD_DATA_INST
  -------------------------------------------------------------------
                         required time                         -0.102    
                         arrival time                           0.148    
  -------------------------------------------------------------------
                         slack                                  0.046    

Slack (MET) :             0.046ns  (arrival time - required time)
  Source:                 row[0].col[0].u_ppe/PREG_reg/DSP_PREADD_DATA_INST/CLK
                            (rising edge-triggered cell DSP_PREADD_DATA clocked by clk  {rise@0.000ns fall@2.500ns period=5.000ns})
  Destination:            row[0].col[0].u_ppe/PREG_reg/DSP_PREADD_DATA_INST/AD[18]
                            (rising edge-triggered cell DSP_PREADD_DATA clocked by clk  {rise@0.000ns fall@2.500ns period=5.000ns})
  Path Group:             clk
  Path Type:              Hold (Min at Fast Process Corner)
  Requirement:            0.000ns  (clk rise@0.000ns - clk rise@0.000ns)
  Data Path Delay:        0.114ns  (logic 0.114ns (100.000%)  route 0.000ns (0.000%))
  Logic Levels:           1  (DSP_PREADD=1)
  Clock Path Skew:        0.008ns (DCD - SCD - CPR)
    Destination Clock Delay (DCD):    0.042ns
    Source Clock Delay      (SCD):    0.034ns
    Clock Pessimism Removal (CPR):    -0.000ns

    Location             Delay type                Incr(ns)  Path(ns)    Netlist Resource(s)
  -------------------------------------------------------------------    -------------------
                         (clock clk rise edge)        0.000     0.000 r  
                                                      0.000     0.000 r  clk (IN)
                         net (fo=5154, unset)         0.034     0.034    row[0].col[0].u_ppe/PREG_reg/CLK
    DSP48E2_X6Y30        DSP_PREADD_DATA                              r  row[0].col[0].u_ppe/PREG_reg/DSP_PREADD_DATA_INST/CLK
  -------------------------------------------------------------------    -------------------
    DSP48E2_X6Y30        DSP_PREADD_DATA (Prop_DSP_PREADD_DATA_DSP48E2_CLK_D_DATA[18])
                                                      0.081     0.115 r  row[0].col[0].u_ppe/PREG_reg/DSP_PREADD_DATA_INST/D_DATA[18]
                         net (fo=1, routed)           0.000     0.115    row[0].col[0].u_ppe/PREG_reg/DSP_PREADD_DATA.D_DATA<18>
    DSP48E2_X6Y30        DSP_PREADD (Prop_DSP_PREADD_DSP48E2_D_DATA[18]_AD[18])
                                                      0.033     0.148 r  row[0].col[0].u_ppe/PREG_reg/DSP_PREADD_INST/AD[18]
                         net (fo=1, routed)           0.000     0.148    row[0].col[0].u_ppe/PREG_reg/DSP_PREADD.AD<18>
    DSP48E2_X6Y30        DSP_PREADD_DATA                              r  row[0].col[0].u_ppe/PREG_reg/DSP_PREADD_DATA_INST/AD[18]
  -------------------------------------------------------------------    -------------------

                         (clock clk rise edge)        0.000     0.000 r  
                                                      0.000     0.000 r  clk (IN)
                         net (fo=5154, unset)         0.042     0.042    row[0].col[0].u_ppe/PREG_reg/CLK
    DSP48E2_X6Y30        DSP_PREADD_DATA                              r  row[0].col[0].u_ppe/PREG_reg/DSP_PREADD_DATA_INST/CLK
                         clock pessimism              0.000     0.042    
    DSP48E2_X6Y30        DSP_PREADD_DATA (Hold_DSP_PREADD_DATA_DSP48E2_CLK_AD[18])
                                                      0.060     0.102    row[0].col[0].u_ppe/PREG_reg/DSP_PREADD_DATA_INST
  -------------------------------------------------------------------
                         required time                         -0.102    
                         arrival time                           0.148    
  -------------------------------------------------------------------
                         slack                                  0.046    





Pulse Width Checks
--------------------------------------------------------------------------------------
Clock Name:         clk
Waveform(ns):       { 0.000 2.500 }
Period(ns):         5.000
Sources:            { clk }

Check Type        Corner  Lib Pin     Reference Pin  Required(ns)  Actual(ns)  Slack(ns)  Location      Pin
Min Period        n/a     SRL16E/CLK  n/a            1.524         5.000       3.476      SLICE_X29Y80  row[0].col[0].u_ppe/tag_pipe_reg[1][depth_last]_srl2_row_c_0/CLK
Min Period        n/a     SRL16E/CLK  n/a            1.524         5.000       3.476      SLICE_X28Y76  row[0].col[0].u_ppe/tag_pipe_reg[1][lane_mask][0]_srl2_row_c_0/CLK
Min Period        n/a     SRL16E/CLK  n/a            1.524         5.000       3.476      SLICE_X28Y76  row[0].col[0].u_ppe/tag_pipe_reg[1][lane_mask][1]_srl2_row_c_0/CLK
Min Period        n/a     SRL16E/CLK  n/a            1.524         5.000       3.476      SLICE_X29Y80  row[0].col[0].u_ppe/tag_pipe_reg[1][valid]_srl2_row_c_0/CLK
Min Period        n/a     SRL16E/CLK  n/a            1.524         5.000       3.476      SLICE_X38Y83  row[1].col[0].u_ppe/tag_pipe_reg[1][depth_last]_srl2_row_c_0/CLK
Min Period        n/a     SRL16E/CLK  n/a            1.524         5.000       3.476      SLICE_X38Y75  row[1].col[0].u_ppe/tag_pipe_reg[1][lane_mask][0]_srl2_row_c_0/CLK
Min Period        n/a     SRL16E/CLK  n/a            1.524         5.000       3.476      SLICE_X38Y75  row[1].col[0].u_ppe/tag_pipe_reg[1][lane_mask][1]_srl2_row_c_0/CLK
Min Period        n/a     SRL16E/CLK  n/a            1.524         5.000       3.476      SLICE_X38Y83  row[1].col[0].u_ppe/tag_pipe_reg[1][valid]_srl2_row_c_0/CLK
Min Period        n/a     SRL16E/CLK  n/a            1.524         5.000       3.476      SLICE_X34Y82  row[2].col[0].u_ppe/tag_pipe_reg[1][depth_last]_srl2_row_c_0/CLK
Min Period        n/a     SRL16E/CLK  n/a            1.524         5.000       3.476      SLICE_X32Y79  row[2].col[0].u_ppe/tag_pipe_reg[1][lane_mask][0]_srl2_row_c_0/CLK
Low Pulse Width   Slow    SRL16E/CLK  n/a            0.762         2.500       1.738      SLICE_X29Y80  row[0].col[0].u_ppe/tag_pipe_reg[1][depth_last]_srl2_row_c_0/CLK
Low Pulse Width   Fast    SRL16E/CLK  n/a            0.762         2.500       1.738      SLICE_X29Y80  row[0].col[0].u_ppe/tag_pipe_reg[1][depth_last]_srl2_row_c_0/CLK
Low Pulse Width   Slow    SRL16E/CLK  n/a            0.762         2.500       1.738      SLICE_X28Y76  row[0].col[0].u_ppe/tag_pipe_reg[1][lane_mask][0]_srl2_row_c_0/CLK
Low Pulse Width   Fast    SRL16E/CLK  n/a            0.762         2.500       1.738      SLICE_X28Y76  row[0].col[0].u_ppe/tag_pipe_reg[1][lane_mask][0]_srl2_row_c_0/CLK
Low Pulse Width   Slow    SRL16E/CLK  n/a            0.762         2.500       1.738      SLICE_X28Y76  row[0].col[0].u_ppe/tag_pipe_reg[1][lane_mask][1]_srl2_row_c_0/CLK
Low Pulse Width   Fast    SRL16E/CLK  n/a            0.762         2.500       1.738      SLICE_X28Y76  row[0].col[0].u_ppe/tag_pipe_reg[1][lane_mask][1]_srl2_row_c_0/CLK
Low Pulse Width   Slow    SRL16E/CLK  n/a            0.762         2.500       1.738      SLICE_X29Y80  row[0].col[0].u_ppe/tag_pipe_reg[1][valid]_srl2_row_c_0/CLK
Low Pulse Width   Fast    SRL16E/CLK  n/a            0.762         2.500       1.738      SLICE_X29Y80  row[0].col[0].u_ppe/tag_pipe_reg[1][valid]_srl2_row_c_0/CLK
Low Pulse Width   Slow    SRL16E/CLK  n/a            0.762         2.500       1.738      SLICE_X38Y83  row[1].col[0].u_ppe/tag_pipe_reg[1][depth_last]_srl2_row_c_0/CLK
Low Pulse Width   Fast    SRL16E/CLK  n/a            0.762         2.500       1.738      SLICE_X38Y83  row[1].col[0].u_ppe/tag_pipe_reg[1][depth_last]_srl2_row_c_0/CLK
High Pulse Width  Slow    SRL16E/CLK  n/a            0.762         2.500       1.738      SLICE_X29Y80  row[0].col[0].u_ppe/tag_pipe_reg[1][depth_last]_srl2_row_c_0/CLK
High Pulse Width  Fast    SRL16E/CLK  n/a            0.762         2.500       1.738      SLICE_X29Y80  row[0].col[0].u_ppe/tag_pipe_reg[1][depth_last]_srl2_row_c_0/CLK
High Pulse Width  Slow    SRL16E/CLK  n/a            0.762         2.500       1.738      SLICE_X28Y76  row[0].col[0].u_ppe/tag_pipe_reg[1][lane_mask][0]_srl2_row_c_0/CLK
High Pulse Width  Fast    SRL16E/CLK  n/a            0.762         2.500       1.738      SLICE_X28Y76  row[0].col[0].u_ppe/tag_pipe_reg[1][lane_mask][0]_srl2_row_c_0/CLK
High Pulse Width  Slow    SRL16E/CLK  n/a            0.762         2.500       1.738      SLICE_X28Y76  row[0].col[0].u_ppe/tag_pipe_reg[1][lane_mask][1]_srl2_row_c_0/CLK
High Pulse Width  Fast    SRL16E/CLK  n/a            0.762         2.500       1.738      SLICE_X28Y76  row[0].col[0].u_ppe/tag_pipe_reg[1][lane_mask][1]_srl2_row_c_0/CLK
High Pulse Width  Slow    SRL16E/CLK  n/a            0.762         2.500       1.738      SLICE_X29Y80  row[0].col[0].u_ppe/tag_pipe_reg[1][valid]_srl2_row_c_0/CLK
High Pulse Width  Fast    SRL16E/CLK  n/a            0.762         2.500       1.738      SLICE_X29Y80  row[0].col[0].u_ppe/tag_pipe_reg[1][valid]_srl2_row_c_0/CLK
High Pulse Width  Slow    SRL16E/CLK  n/a            0.762         2.500       1.738      SLICE_X38Y83  row[1].col[0].u_ppe/tag_pipe_reg[1][depth_last]_srl2_row_c_0/CLK
High Pulse Width  Fast    SRL16E/CLK  n/a            0.762         2.500       1.738      SLICE_X38Y83  row[1].col[0].u_ppe/tag_pipe_reg[1][depth_last]_srl2_row_c_0/CLK



