Copyright 1986-2022 Xilinx, Inc. All Rights Reserved. Copyright 2022-2025 Advanced Micro Devices, Inc. All Rights Reserved.
--------------------------------------------------------------------------------------------------------------------------------------------------
| Tool Version      : Vivado v.2025.1 (lin64) Build 6140274 Wed May 21 22:58:25 MDT 2025
| Date              : Thu Jul 23 20:15:34 2026
| Host              : yun-MS-7B50 running 64-bit Ubuntu 22.04.5 LTS
| Command           : report_timing -delay_type max -max_paths 5 -sort_by group -file reports/sa_packed_4x8_impl_timing_worst.rpt
| Design            : sa_packed_4x8
| Device            : xck26-sfvc784
| Speed File        : -2LV  PRODUCTION 1.30 05-15-2022
| Design State      : Routed
| Temperature Grade : C
--------------------------------------------------------------------------------------------------------------------------------------------------

Timing Report

Slack (MET) :             2.414ns  (required time - arrival time)
  Source:                 row[0].col[3].u_ppe/PREG_reg/DSP_OUTPUT_INST/CLK
                            (rising edge-triggered cell DSP_OUTPUT clocked by clk  {rise@0.000ns fall@2.500ns period=5.000ns})
  Destination:            row[0].col[3].u_ppe/acc_lo_out_reg[31]/D
                            (rising edge-triggered cell FDCE clocked by clk  {rise@0.000ns fall@2.500ns period=5.000ns})
  Path Group:             clk
  Path Type:              Setup (Max at Slow Process Corner)
  Requirement:            5.000ns  (clk rise@5.000ns - clk rise@0.000ns)
  Data Path Delay:        2.547ns  (logic 0.797ns (31.296%)  route 1.750ns (68.704%))
  Logic Levels:           3  (CARRY8=2 LUT2=1)
  Clock Path Skew:        -0.048ns (DCD - SCD + CPR)
    Destination Clock Delay (DCD):    0.029ns = ( 5.029 - 5.000 ) 
    Source Clock Delay      (SCD):    0.077ns
    Clock Pessimism Removal (CPR):    0.000ns
  Clock Uncertainty:      0.035ns  ((TSJ^2 + TIJ^2)^1/2 + DJ) / 2 + PE
    Total System Jitter     (TSJ):    0.071ns
    Total Input Jitter      (TIJ):    0.000ns
    Discrete Jitter          (DJ):    0.000ns
    Phase Error              (PE):    0.000ns

    Location             Delay type                Incr(ns)  Path(ns)    Netlist Resource(s)
  -------------------------------------------------------------------    -------------------
                         (clock clk rise edge)        0.000     0.000 r  
                                                      0.000     0.000 r  clk (IN)
                         net (fo=5154, unset)         0.077     0.077    row[0].col[3].u_ppe/PREG_reg/CLK
    DSP48E2_X7Y16        DSP_OUTPUT                                   r  row[0].col[3].u_ppe/PREG_reg/DSP_OUTPUT_INST/CLK
  -------------------------------------------------------------------    -------------------
    DSP48E2_X7Y16        DSP_OUTPUT (Prop_DSP_OUTPUT_DSP48E2_CLK_P[16])
                                                      0.266     0.343 r  row[0].col[3].u_ppe/PREG_reg/DSP_OUTPUT_INST/P[16]
                         net (fo=3, routed)           1.672     2.015    row[0].col[3].u_ppe/PREG_reg_n_89
    SLICE_X22Y40         LUT2 (Prop_A6LUT_SLICEL_I1_O)
                                                      0.082     2.097 r  row[0].col[3].u_ppe/acc_lo_out[23]_i_10__2/O
                         net (fo=1, routed)           0.014     2.111    row[0].col[3].u_ppe/acc_lo_out[23]_i_10__2_n_0
    SLICE_X22Y40         CARRY8 (Prop_CARRY8_SLICEL_S[0]_CO[7])
                                                      0.278     2.389 r  row[0].col[3].u_ppe/acc_lo_out_reg[23]_i_1__2/CO[7]
                         net (fo=1, routed)           0.030     2.419    row[0].col[3].u_ppe/acc_lo_out_reg[23]_i_1__2_n_0
    SLICE_X22Y41         CARRY8 (Prop_CARRY8_SLICEL_CI_O[7])
                                                      0.171     2.590 r  row[0].col[3].u_ppe/acc_lo_out_reg[31]_i_2__2/O[7]
                         net (fo=1, routed)           0.034     2.624    row[0].col[3].u_ppe/next_lo[31]
    SLICE_X22Y41         FDCE                                         r  row[0].col[3].u_ppe/acc_lo_out_reg[31]/D
  -------------------------------------------------------------------    -------------------

                         (clock clk rise edge)        5.000     5.000 r  
                                                      0.000     5.000 r  clk (IN)
                         net (fo=5154, unset)         0.029     5.029    row[0].col[3].u_ppe/clk
    SLICE_X22Y41         FDCE                                         r  row[0].col[3].u_ppe/acc_lo_out_reg[31]/C
                         clock pessimism              0.000     5.029    
                         clock uncertainty           -0.035     4.994    
    SLICE_X22Y41         FDCE (Setup_HFF_SLICEL_C_D)
                                                      0.044     5.038    row[0].col[3].u_ppe/acc_lo_out_reg[31]
  -------------------------------------------------------------------
                         required time                          5.038    
                         arrival time                          -2.624    
  -------------------------------------------------------------------
                         slack                                  2.414    

Slack (MET) :             2.425ns  (required time - arrival time)
  Source:                 row[0].col[3].u_ppe/PREG_reg/DSP_OUTPUT_INST/CLK
                            (rising edge-triggered cell DSP_OUTPUT clocked by clk  {rise@0.000ns fall@2.500ns period=5.000ns})
  Destination:            row[0].col[3].u_ppe/acc_lo_out_reg[29]/D
                            (rising edge-triggered cell FDCE clocked by clk  {rise@0.000ns fall@2.500ns period=5.000ns})
  Path Group:             clk
  Path Type:              Setup (Max at Slow Process Corner)
  Requirement:            5.000ns  (clk rise@5.000ns - clk rise@0.000ns)
  Data Path Delay:        2.536ns  (logic 0.787ns (31.037%)  route 1.749ns (68.963%))
  Logic Levels:           3  (CARRY8=2 LUT2=1)
  Clock Path Skew:        -0.048ns (DCD - SCD + CPR)
    Destination Clock Delay (DCD):    0.029ns = ( 5.029 - 5.000 ) 
    Source Clock Delay      (SCD):    0.077ns
    Clock Pessimism Removal (CPR):    0.000ns
  Clock Uncertainty:      0.035ns  ((TSJ^2 + TIJ^2)^1/2 + DJ) / 2 + PE
    Total System Jitter     (TSJ):    0.071ns
    Total Input Jitter      (TIJ):    0.000ns
    Discrete Jitter          (DJ):    0.000ns
    Phase Error              (PE):    0.000ns

    Location             Delay type                Incr(ns)  Path(ns)    Netlist Resource(s)
  -------------------------------------------------------------------    -------------------
                         (clock clk rise edge)        0.000     0.000 r  
                                                      0.000     0.000 r  clk (IN)
                         net (fo=5154, unset)         0.077     0.077    row[0].col[3].u_ppe/PREG_reg/CLK
    DSP48E2_X7Y16        DSP_OUTPUT                                   r  row[0].col[3].u_ppe/PREG_reg/DSP_OUTPUT_INST/CLK
  -------------------------------------------------------------------    -------------------
    DSP48E2_X7Y16        DSP_OUTPUT (Prop_DSP_OUTPUT_DSP48E2_CLK_P[16])
                                                      0.266     0.343 r  row[0].col[3].u_ppe/PREG_reg/DSP_OUTPUT_INST/P[16]
                         net (fo=3, routed)           1.672     2.015    row[0].col[3].u_ppe/PREG_reg_n_89
    SLICE_X22Y40         LUT2 (Prop_A6LUT_SLICEL_I1_O)
                                                      0.082     2.097 r  row[0].col[3].u_ppe/acc_lo_out[23]_i_10__2/O
                         net (fo=1, routed)           0.014     2.111    row[0].col[3].u_ppe/acc_lo_out[23]_i_10__2_n_0
    SLICE_X22Y40         CARRY8 (Prop_CARRY8_SLICEL_S[0]_CO[7])
                                                      0.278     2.389 r  row[0].col[3].u_ppe/acc_lo_out_reg[23]_i_1__2/CO[7]
                         net (fo=1, routed)           0.030     2.419    row[0].col[3].u_ppe/acc_lo_out_reg[23]_i_1__2_n_0
    SLICE_X22Y41         CARRY8 (Prop_CARRY8_SLICEL_CI_O[5])
                                                      0.161     2.580 r  row[0].col[3].u_ppe/acc_lo_out_reg[31]_i_2__2/O[5]
                         net (fo=1, routed)           0.033     2.613    row[0].col[3].u_ppe/next_lo[29]
    SLICE_X22Y41         FDCE                                         r  row[0].col[3].u_ppe/acc_lo_out_reg[29]/D
  -------------------------------------------------------------------    -------------------

                         (clock clk rise edge)        5.000     5.000 r  
                                                      0.000     5.000 r  clk (IN)
                         net (fo=5154, unset)         0.029     5.029    row[0].col[3].u_ppe/clk
    SLICE_X22Y41         FDCE                                         r  row[0].col[3].u_ppe/acc_lo_out_reg[29]/C
                         clock pessimism              0.000     5.029    
                         clock uncertainty           -0.035     4.994    
    SLICE_X22Y41         FDCE (Setup_FFF_SLICEL_C_D)
                                                      0.044     5.038    row[0].col[3].u_ppe/acc_lo_out_reg[29]
  -------------------------------------------------------------------
                         required time                          5.038    
                         arrival time                          -2.613    
  -------------------------------------------------------------------
                         slack                                  2.425    

Slack (MET) :             2.428ns  (required time - arrival time)
  Source:                 row[0].col[3].u_ppe/PREG_reg/DSP_OUTPUT_INST/CLK
                            (rising edge-triggered cell DSP_OUTPUT clocked by clk  {rise@0.000ns fall@2.500ns period=5.000ns})
  Destination:            row[0].col[3].u_ppe/acc_lo_out_reg[30]/D
                            (rising edge-triggered cell FDCE clocked by clk  {rise@0.000ns fall@2.500ns period=5.000ns})
  Path Group:             clk
  Path Type:              Setup (Max at Slow Process Corner)
  Requirement:            5.000ns  (clk rise@5.000ns - clk rise@0.000ns)
  Data Path Delay:        2.533ns  (logic 0.783ns (30.916%)  route 1.750ns (69.084%))
  Logic Levels:           3  (CARRY8=2 LUT2=1)
  Clock Path Skew:        -0.048ns (DCD - SCD + CPR)
    Destination Clock Delay (DCD):    0.029ns = ( 5.029 - 5.000 ) 
    Source Clock Delay      (SCD):    0.077ns
    Clock Pessimism Removal (CPR):    0.000ns
  Clock Uncertainty:      0.035ns  ((TSJ^2 + TIJ^2)^1/2 + DJ) / 2 + PE
    Total System Jitter     (TSJ):    0.071ns
    Total Input Jitter      (TIJ):    0.000ns
    Discrete Jitter          (DJ):    0.000ns
    Phase Error              (PE):    0.000ns

    Location             Delay type                Incr(ns)  Path(ns)    Netlist Resource(s)
  -------------------------------------------------------------------    -------------------
                         (clock clk rise edge)        0.000     0.000 r  
                                                      0.000     0.000 r  clk (IN)
                         net (fo=5154, unset)         0.077     0.077    row[0].col[3].u_ppe/PREG_reg/CLK
    DSP48E2_X7Y16        DSP_OUTPUT                                   r  row[0].col[3].u_ppe/PREG_reg/DSP_OUTPUT_INST/CLK
  -------------------------------------------------------------------    -------------------
    DSP48E2_X7Y16        DSP_OUTPUT (Prop_DSP_OUTPUT_DSP48E2_CLK_P[16])
                                                      0.266     0.343 r  row[0].col[3].u_ppe/PREG_reg/DSP_OUTPUT_INST/P[16]
                         net (fo=3, routed)           1.672     2.015    row[0].col[3].u_ppe/PREG_reg_n_89
    SLICE_X22Y40         LUT2 (Prop_A6LUT_SLICEL_I1_O)
                                                      0.082     2.097 r  row[0].col[3].u_ppe/acc_lo_out[23]_i_10__2/O
                         net (fo=1, routed)           0.014     2.111    row[0].col[3].u_ppe/acc_lo_out[23]_i_10__2_n_0
    SLICE_X22Y40         CARRY8 (Prop_CARRY8_SLICEL_S[0]_CO[7])
                                                      0.278     2.389 r  row[0].col[3].u_ppe/acc_lo_out_reg[23]_i_1__2/CO[7]
                         net (fo=1, routed)           0.030     2.419    row[0].col[3].u_ppe/acc_lo_out_reg[23]_i_1__2_n_0
    SLICE_X22Y41         CARRY8 (Prop_CARRY8_SLICEL_CI_O[6])
                                                      0.157     2.576 r  row[0].col[3].u_ppe/acc_lo_out_reg[31]_i_2__2/O[6]
                         net (fo=1, routed)           0.034     2.610    row[0].col[3].u_ppe/next_lo[30]
    SLICE_X22Y41         FDCE                                         r  row[0].col[3].u_ppe/acc_lo_out_reg[30]/D
  -------------------------------------------------------------------    -------------------

                         (clock clk rise edge)        5.000     5.000 r  
                                                      0.000     5.000 r  clk (IN)
                         net (fo=5154, unset)         0.029     5.029    row[0].col[3].u_ppe/clk
    SLICE_X22Y41         FDCE                                         r  row[0].col[3].u_ppe/acc_lo_out_reg[30]/C
                         clock pessimism              0.000     5.029    
                         clock uncertainty           -0.035     4.994    
    SLICE_X22Y41         FDCE (Setup_GFF_SLICEL_C_D)
                                                      0.044     5.038    row[0].col[3].u_ppe/acc_lo_out_reg[30]
  -------------------------------------------------------------------
                         required time                          5.038    
                         arrival time                          -2.610    
  -------------------------------------------------------------------
                         slack                                  2.428    

Slack (MET) :             2.468ns  (required time - arrival time)
  Source:                 row[0].col[3].u_ppe/PREG_reg/DSP_OUTPUT_INST/CLK
                            (rising edge-triggered cell DSP_OUTPUT clocked by clk  {rise@0.000ns fall@2.500ns period=5.000ns})
  Destination:            row[0].col[3].u_ppe/acc_lo_out_reg[28]/D
                            (rising edge-triggered cell FDCE clocked by clk  {rise@0.000ns fall@2.500ns period=5.000ns})
  Path Group:             clk
  Path Type:              Setup (Max at Slow Process Corner)
  Requirement:            5.000ns  (clk rise@5.000ns - clk rise@0.000ns)
  Data Path Delay:        2.493ns  (logic 0.745ns (29.887%)  route 1.748ns (70.113%))
  Logic Levels:           3  (CARRY8=2 LUT2=1)
  Clock Path Skew:        -0.048ns (DCD - SCD + CPR)
    Destination Clock Delay (DCD):    0.029ns = ( 5.029 - 5.000 ) 
    Source Clock Delay      (SCD):    0.077ns
    Clock Pessimism Removal (CPR):    0.000ns
  Clock Uncertainty:      0.035ns  ((TSJ^2 + TIJ^2)^1/2 + DJ) / 2 + PE
    Total System Jitter     (TSJ):    0.071ns
    Total Input Jitter      (TIJ):    0.000ns
    Discrete Jitter          (DJ):    0.000ns
    Phase Error              (PE):    0.000ns

    Location             Delay type                Incr(ns)  Path(ns)    Netlist Resource(s)
  -------------------------------------------------------------------    -------------------
                         (clock clk rise edge)        0.000     0.000 r  
                                                      0.000     0.000 r  clk (IN)
                         net (fo=5154, unset)         0.077     0.077    row[0].col[3].u_ppe/PREG_reg/CLK
    DSP48E2_X7Y16        DSP_OUTPUT                                   r  row[0].col[3].u_ppe/PREG_reg/DSP_OUTPUT_INST/CLK
  -------------------------------------------------------------------    -------------------
    DSP48E2_X7Y16        DSP_OUTPUT (Prop_DSP_OUTPUT_DSP48E2_CLK_P[16])
                                                      0.266     0.343 r  row[0].col[3].u_ppe/PREG_reg/DSP_OUTPUT_INST/P[16]
                         net (fo=3, routed)           1.672     2.015    row[0].col[3].u_ppe/PREG_reg_n_89
    SLICE_X22Y40         LUT2 (Prop_A6LUT_SLICEL_I1_O)
                                                      0.082     2.097 r  row[0].col[3].u_ppe/acc_lo_out[23]_i_10__2/O
                         net (fo=1, routed)           0.014     2.111    row[0].col[3].u_ppe/acc_lo_out[23]_i_10__2_n_0
    SLICE_X22Y40         CARRY8 (Prop_CARRY8_SLICEL_S[0]_CO[7])
                                                      0.278     2.389 r  row[0].col[3].u_ppe/acc_lo_out_reg[23]_i_1__2/CO[7]
                         net (fo=1, routed)           0.030     2.419    row[0].col[3].u_ppe/acc_lo_out_reg[23]_i_1__2_n_0
    SLICE_X22Y41         CARRY8 (Prop_CARRY8_SLICEL_CI_O[4])
                                                      0.119     2.538 r  row[0].col[3].u_ppe/acc_lo_out_reg[31]_i_2__2/O[4]
                         net (fo=1, routed)           0.032     2.570    row[0].col[3].u_ppe/next_lo[28]
    SLICE_X22Y41         FDCE                                         r  row[0].col[3].u_ppe/acc_lo_out_reg[28]/D
  -------------------------------------------------------------------    -------------------

                         (clock clk rise edge)        5.000     5.000 r  
                                                      0.000     5.000 r  clk (IN)
                         net (fo=5154, unset)         0.029     5.029    row[0].col[3].u_ppe/clk
    SLICE_X22Y41         FDCE                                         r  row[0].col[3].u_ppe/acc_lo_out_reg[28]/C
                         clock pessimism              0.000     5.029    
                         clock uncertainty           -0.035     4.994    
    SLICE_X22Y41         FDCE (Setup_EFF_SLICEL_C_D)
                                                      0.044     5.038    row[0].col[3].u_ppe/acc_lo_out_reg[28]
  -------------------------------------------------------------------
                         required time                          5.038    
                         arrival time                          -2.570    
  -------------------------------------------------------------------
                         slack                                  2.468    

Slack (MET) :             2.471ns  (required time - arrival time)
  Source:                 row[0].col[3].u_ppe/PREG_reg/DSP_OUTPUT_INST/CLK
                            (rising edge-triggered cell DSP_OUTPUT clocked by clk  {rise@0.000ns fall@2.500ns period=5.000ns})
  Destination:            row[0].col[3].u_ppe/acc_lo_out_reg[27]/D
                            (rising edge-triggered cell FDCE clocked by clk  {rise@0.000ns fall@2.500ns period=5.000ns})
  Path Group:             clk
  Path Type:              Setup (Max at Slow Process Corner)
  Requirement:            5.000ns  (clk rise@5.000ns - clk rise@0.000ns)
  Data Path Delay:        2.490ns  (logic 0.740ns (29.723%)  route 1.750ns (70.277%))
  Logic Levels:           3  (CARRY8=2 LUT2=1)
  Clock Path Skew:        -0.048ns (DCD - SCD + CPR)
    Destination Clock Delay (DCD):    0.029ns = ( 5.029 - 5.000 ) 
    Source Clock Delay      (SCD):    0.077ns
    Clock Pessimism Removal (CPR):    0.000ns
  Clock Uncertainty:      0.035ns  ((TSJ^2 + TIJ^2)^1/2 + DJ) / 2 + PE
    Total System Jitter     (TSJ):    0.071ns
    Total Input Jitter      (TIJ):    0.000ns
    Discrete Jitter          (DJ):    0.000ns
    Phase Error              (PE):    0.000ns

    Location             Delay type                Incr(ns)  Path(ns)    Netlist Resource(s)
  -------------------------------------------------------------------    -------------------
                         (clock clk rise edge)        0.000     0.000 r  
                                                      0.000     0.000 r  clk (IN)
                         net (fo=5154, unset)         0.077     0.077    row[0].col[3].u_ppe/PREG_reg/CLK
    DSP48E2_X7Y16        DSP_OUTPUT                                   r  row[0].col[3].u_ppe/PREG_reg/DSP_OUTPUT_INST/CLK
  -------------------------------------------------------------------    -------------------
    DSP48E2_X7Y16        DSP_OUTPUT (Prop_DSP_OUTPUT_DSP48E2_CLK_P[16])
                                                      0.266     0.343 r  row[0].col[3].u_ppe/PREG_reg/DSP_OUTPUT_INST/P[16]
                         net (fo=3, routed)           1.672     2.015    row[0].col[3].u_ppe/PREG_reg_n_89
    SLICE_X22Y40         LUT2 (Prop_A6LUT_SLICEL_I1_O)
                                                      0.082     2.097 r  row[0].col[3].u_ppe/acc_lo_out[23]_i_10__2/O
                         net (fo=1, routed)           0.014     2.111    row[0].col[3].u_ppe/acc_lo_out[23]_i_10__2_n_0
    SLICE_X22Y40         CARRY8 (Prop_CARRY8_SLICEL_S[0]_CO[7])
                                                      0.278     2.389 r  row[0].col[3].u_ppe/acc_lo_out_reg[23]_i_1__2/CO[7]
                         net (fo=1, routed)           0.030     2.419    row[0].col[3].u_ppe/acc_lo_out_reg[23]_i_1__2_n_0
    SLICE_X22Y41         CARRY8 (Prop_CARRY8_SLICEL_CI_O[3])
                                                      0.114     2.533 r  row[0].col[3].u_ppe/acc_lo_out_reg[31]_i_2__2/O[3]
                         net (fo=1, routed)           0.034     2.567    row[0].col[3].u_ppe/next_lo[27]
    SLICE_X22Y41         FDCE                                         r  row[0].col[3].u_ppe/acc_lo_out_reg[27]/D
  -------------------------------------------------------------------    -------------------

                         (clock clk rise edge)        5.000     5.000 r  
                                                      0.000     5.000 r  clk (IN)
                         net (fo=5154, unset)         0.029     5.029    row[0].col[3].u_ppe/clk
    SLICE_X22Y41         FDCE                                         r  row[0].col[3].u_ppe/acc_lo_out_reg[27]/C
                         clock pessimism              0.000     5.029    
                         clock uncertainty           -0.035     4.994    
    SLICE_X22Y41         FDCE (Setup_DFF_SLICEL_C_D)
                                                      0.044     5.038    row[0].col[3].u_ppe/acc_lo_out_reg[27]
  -------------------------------------------------------------------
                         required time                          5.038    
                         arrival time                          -2.567    
  -------------------------------------------------------------------
                         slack                                  2.471    




