Copyright 1986-2022 Xilinx, Inc. All Rights Reserved. Copyright 2022-2025 Advanced Micro Devices, Inc. All Rights Reserved.
---------------------------------------------------------------------------------------------------------------------------------------------------
| Tool Version      : Vivado v.2025.1 (lin64) Build 6140274 Wed May 21 22:58:25 MDT 2025
| Date              : Fri Jul 24 13:44:28 2026
| Host              : yun-MS-7B50 running 64-bit Ubuntu 22.04.5 LTS
| Command           : report_timing_summary -delay_type min_max -check_timing_verbose -max_paths 10 -file reports/skew_buf_impl_timing_summary.rpt
| Design            : skew_buf
| Device            : xck26-sfvc784
| Speed File        : -2LV  PRODUCTION 1.30 05-15-2022
| Design State      : Routed
| Temperature Grade : C
---------------------------------------------------------------------------------------------------------------------------------------------------

Timing Summary Report

------------------------------------------------------------------------------------------------
| Timer Settings
| --------------
------------------------------------------------------------------------------------------------

  Enable Multi Corner Analysis               :  Yes
  Enable Pessimism Removal                   :  Yes
  Pessimism Removal Resolution               :  Nearest Common Node
  Enable Input Delay Default Clock           :  No
  Enable Preset / Clear Arcs                 :  No
  Disable Flight Delays                      :  No
  Ignore I/O Paths                           :  No
  Timing Early Launch at Borrowing Latches   :  No
  Borrow Time for Max Delay Exceptions       :  Yes
  Merge Timing Exceptions                    :  Yes
  Inter-SLR Compensation                     :  Conservative

  Corner  Analyze    Analyze    
  Name    Max Paths  Min Paths  
  ------  ---------  ---------  
  Slow    Yes        Yes        
  Fast    Yes        Yes        


------------------------------------------------------------------------------------------------
| Report Methodology
| ------------------
------------------------------------------------------------------------------------------------

No report available as report_methodology has not been run prior. Run report_methodology on the current design for the summary of methodology violations.



check_timing report

Table of Contents
-----------------
1. checking no_clock (0)
2. checking constant_clock (0)
3. checking pulse_width_clock (0)
4. checking unconstrained_internal_endpoints (0)
5. checking no_input_delay (118)
6. checking no_output_delay (0)
7. checking multiple_clock (0)
8. checking generated_clocks (0)
9. checking loops (0)
10. checking partial_input_delay (0)
11. checking partial_output_delay (0)
12. checking latch_loops (0)

1. checking no_clock (0)
------------------------
 There are 0 register/latch pins with no clock.


2. checking constant_clock (0)
------------------------------
 There are 0 register/latch pins with constant_clock.


3. checking pulse_width_clock (0)
---------------------------------
 There are 0 register/latch pins which need pulse_width check


4. checking unconstrained_internal_endpoints (0)
------------------------------------------------
 There are 0 pins that are not constrained for maximum delay.

 There are 0 pins that are not constrained for maximum delay due to constant clock.


5. checking no_input_delay (118)
--------------------------------
 There are 118 input ports with no input delay specified. (HIGH)

depth_last_in[1]
depth_last_in[2]
depth_last_in[3]
en
lane_mask_in[1][0]
lane_mask_in[1][1]
lane_mask_in[2][0]
lane_mask_in[2][1]
lane_mask_in[3][0]
lane_mask_in[3][1]
pair_valid_in[1]
pair_valid_in[2]
pair_valid_in[3]
rst_n
weight_q[1][0]
weight_q[1][1]
weight_q[1][2]
weight_q[1][3]
weight_q[1][4]
weight_q[1][5]
weight_q[1][6]
weight_q[1][7]
weight_q[2][0]
weight_q[2][1]
weight_q[2][2]
weight_q[2][3]
weight_q[2][4]
weight_q[2][5]
weight_q[2][6]
weight_q[2][7]
weight_q[3][0]
weight_q[3][1]
weight_q[3][2]
weight_q[3][3]
weight_q[3][4]
weight_q[3][5]
weight_q[3][6]
weight_q[3][7]
weight_q[4][0]
weight_q[4][1]
weight_q[4][2]
weight_q[4][3]
weight_q[4][4]
weight_q[4][5]
weight_q[4][6]
weight_q[4][7]
weight_q[5][0]
weight_q[5][1]
weight_q[5][2]
weight_q[5][3]
weight_q[5][4]
weight_q[5][5]
weight_q[5][6]
weight_q[5][7]
weight_q[6][0]
weight_q[6][1]
weight_q[6][2]
weight_q[6][3]
weight_q[6][4]
weight_q[6][5]
weight_q[6][6]
weight_q[6][7]
weight_q[7][0]
weight_q[7][1]
weight_q[7][2]
weight_q[7][3]
weight_q[7][4]
weight_q[7][5]
weight_q[7][6]
weight_q[7][7]
win_q[2][0]
win_q[2][1]
win_q[2][2]
win_q[2][3]
win_q[2][4]
win_q[2][5]
win_q[2][6]
win_q[2][7]
win_q[3][0]
win_q[3][1]
win_q[3][2]
win_q[3][3]
win_q[3][4]
win_q[3][5]
win_q[3][6]
win_q[3][7]
win_q[4][0]
win_q[4][1]
win_q[4][2]
win_q[4][3]
win_q[4][4]
win_q[4][5]
win_q[4][6]
win_q[4][7]
win_q[5][0]
win_q[5][1]
win_q[5][2]
win_q[5][3]
win_q[5][4]
win_q[5][5]
win_q[5][6]
win_q[5][7]
win_q[6][0]
win_q[6][1]
win_q[6][2]
win_q[6][3]
win_q[6][4]
win_q[6][5]
win_q[6][6]
win_q[6][7]
win_q[7][0]
win_q[7][1]
win_q[7][2]
win_q[7][3]
win_q[7][4]
win_q[7][5]
win_q[7][6]
win_q[7][7]

 There are 0 input ports with no input delay but user has a false path constraint.


6. checking no_output_delay (0)
-------------------------------
 There are 0 ports with no output delay specified.

 There are 0 ports with no output delay but user has a false path constraint

 There are 0 ports with no output delay but with a timing clock defined on it or propagating through it


7. checking multiple_clock (0)
------------------------------
 There are 0 register/latch pins with multiple clocks.


8. checking generated_clocks (0)
--------------------------------
 There are 0 generated clocks that are not connected to a clock source.


9. checking loops (0)
---------------------
 There are 0 combinational loops in the design.


10. checking partial_input_delay (0)
------------------------------------
 There are 0 input ports with partial input delay specified.


11. checking partial_output_delay (0)
-------------------------------------
 There are 0 ports with partial output delay specified.


12. checking latch_loops (0)
----------------------------
 There are 0 combinational latch loops in the design through latch input



------------------------------------------------------------------------------------------------
| Design Timing Summary
| ---------------------
------------------------------------------------------------------------------------------------

    WNS(ns)      TNS(ns)  TNS Failing Endpoints  TNS Total Endpoints      WHS(ns)      THS(ns)  THS Failing Endpoints  THS Total Endpoints     WPWS(ns)     TPWS(ns)  TPWS Failing Endpoints  TPWS Total Endpoints  
    -------      -------  ---------------------  -------------------      -------      -------  ---------------------  -------------------     --------     --------  ----------------------  --------------------  
      2.804        0.000                      0                  269        0.064        0.000                      0                  269        1.738        0.000                       0                   270  


All user specified timing constraints are met.


------------------------------------------------------------------------------------------------
| Clock Summary
| -------------
------------------------------------------------------------------------------------------------

Clock  Waveform(ns)         Period(ns)      Frequency(MHz)
-----  ------------         ----------      --------------
clk    {0.000 2.500}        5.000           200.000         


------------------------------------------------------------------------------------------------
| Intra Clock Table
| -----------------
------------------------------------------------------------------------------------------------

Clock             WNS(ns)      TNS(ns)  TNS Failing Endpoints  TNS Total Endpoints      WHS(ns)      THS(ns)  THS Failing Endpoints  THS Total Endpoints     WPWS(ns)     TPWS(ns)  TPWS Failing Endpoints  TPWS Total Endpoints  
-----             -------      -------  ---------------------  -------------------      -------      -------  ---------------------  -------------------     --------     --------  ----------------------  --------------------  
clk                 2.804        0.000                      0                  269        0.064        0.000                      0                  269        1.738        0.000                       0                   270  


------------------------------------------------------------------------------------------------
| Inter Clock Table
| -----------------
------------------------------------------------------------------------------------------------

From Clock    To Clock          WNS(ns)      TNS(ns)  TNS Failing Endpoints  TNS Total Endpoints      WHS(ns)      THS(ns)  THS Failing Endpoints  THS Total Endpoints  
----------    --------          -------      -------  ---------------------  -------------------      -------      -------  ---------------------  -------------------  


------------------------------------------------------------------------------------------------
| Other Path Groups Table
| -----------------------
------------------------------------------------------------------------------------------------

Path Group    From Clock    To Clock          WNS(ns)      TNS(ns)  TNS Failing Endpoints  TNS Total Endpoints      WHS(ns)      THS(ns)  THS Failing Endpoints  THS Total Endpoints  
----------    ----------    --------          -------      -------  ---------------------  -------------------      -------      -------  ---------------------  -------------------  


------------------------------------------------------------------------------------------------
| Timing Details
| --------------
------------------------------------------------------------------------------------------------


---------------------------------------------------------------------------------------------------
From Clock:  clk
  To Clock:  clk

Setup :            0  Failing Endpoints,  Worst Slack        2.804ns,  Total Violation        0.000ns
Hold  :            0  Failing Endpoints,  Worst Slack        0.064ns,  Total Violation        0.000ns
PW    :            0  Failing Endpoints,  Worst Slack        1.738ns,  Total Violation        0.000ns
---------------------------------------------------------------------------------------------------


Max Delay Paths
--------------------------------------------------------------------------------------
Slack (MET) :             2.804ns  (required time - arrival time)
  Source:                 pair_skew[1].gn.d_hi_reg[0][1]/C
                            (rising edge-triggered cell FDCE clocked by clk  {rise@0.000ns fall@2.500ns period=5.000ns})
  Destination:            act_hi_out[1][1]
                            (output port clocked by clk  {rise@0.000ns fall@2.500ns period=5.000ns})
  Path Group:             clk
  Path Type:              Max at Slow Process Corner
  Requirement:            5.000ns  (clk rise@5.000ns - clk rise@0.000ns)
  Data Path Delay:        0.118ns  (logic 0.118ns (100.000%)  route 0.000ns (0.000%))
  Logic Levels:           0  
  Output Delay:           2.000ns
  Clock Path Skew:        -0.043ns (DCD - SCD + CPR)
    Destination Clock Delay (DCD):    0.000ns = ( 5.000 - 5.000 ) 
    Source Clock Delay      (SCD):    0.043ns
    Clock Pessimism Removal (CPR):    0.000ns
  Clock Uncertainty:      0.035ns  ((TSJ^2 + TIJ^2)^1/2 + DJ) / 2 + PE
    Total System Jitter     (TSJ):    0.071ns
    Total Input Jitter      (TIJ):    0.000ns
    Discrete Jitter          (DJ):    0.000ns
    Phase Error              (PE):    0.000ns

    Location             Delay type                Incr(ns)  Path(ns)    Netlist Resource(s)
  -------------------------------------------------------------------    -------------------
                         (clock clk rise edge)        0.000     0.000 r  
                                                      0.000     0.000 r  clk (IN)
                         net (fo=269, unset)          0.043     0.043    clk
    SLICE_X4Y3           FDCE                                         r  pair_skew[1].gn.d_hi_reg[0][1]/C
  -------------------------------------------------------------------    -------------------
    SLICE_X4Y3           FDCE (Prop_EFF2_SLICEM_C_Q)
                                                      0.118     0.161 r  pair_skew[1].gn.d_hi_reg[0][1]/Q
                         net (fo=0)                   0.000     0.161    act_hi_out[1][1]
                                                                      r  act_hi_out[1][1] (OUT)
  -------------------------------------------------------------------    -------------------

                         (clock clk rise edge)        5.000     5.000 r  
                         clock pessimism              0.000     5.000    
                         clock uncertainty           -0.035     4.965    
                         output delay                -2.000     2.965    
  -------------------------------------------------------------------
                         required time                          2.965    
                         arrival time                          -0.161    
  -------------------------------------------------------------------
                         slack                                  2.804    

Slack (MET) :             2.804ns  (required time - arrival time)
  Source:                 pair_skew[1].gn.d_hi_reg[0][3]/C
                            (rising edge-triggered cell FDCE clocked by clk  {rise@0.000ns fall@2.500ns period=5.000ns})
  Destination:            act_hi_out[1][3]
                            (output port clocked by clk  {rise@0.000ns fall@2.500ns period=5.000ns})
  Path Group:             clk
  Path Type:              Max at Slow Process Corner
  Requirement:            5.000ns  (clk rise@5.000ns - clk rise@0.000ns)
  Data Path Delay:        0.118ns  (logic 0.118ns (100.000%)  route 0.000ns (0.000%))
  Logic Levels:           0  
  Output Delay:           2.000ns
  Clock Path Skew:        -0.043ns (DCD - SCD + CPR)
    Destination Clock Delay (DCD):    0.000ns = ( 5.000 - 5.000 ) 
    Source Clock Delay      (SCD):    0.043ns
    Clock Pessimism Removal (CPR):    0.000ns
  Clock Uncertainty:      0.035ns  ((TSJ^2 + TIJ^2)^1/2 + DJ) / 2 + PE
    Total System Jitter     (TSJ):    0.071ns
    Total Input Jitter      (TIJ):    0.000ns
    Discrete Jitter          (DJ):    0.000ns
    Phase Error              (PE):    0.000ns

    Location             Delay type                Incr(ns)  Path(ns)    Netlist Resource(s)
  -------------------------------------------------------------------    -------------------
                         (clock clk rise edge)        0.000     0.000 r  
                                                      0.000     0.000 r  clk (IN)
                         net (fo=269, unset)          0.043     0.043    clk
    SLICE_X4Y3           FDCE                                         r  pair_skew[1].gn.d_hi_reg[0][3]/C
  -------------------------------------------------------------------    -------------------
    SLICE_X4Y3           FDCE (Prop_AFF2_SLICEM_C_Q)
                                                      0.118     0.161 r  pair_skew[1].gn.d_hi_reg[0][3]/Q
                         net (fo=0)                   0.000     0.161    act_hi_out[1][3]
                                                                      r  act_hi_out[1][3] (OUT)
  -------------------------------------------------------------------    -------------------

                         (clock clk rise edge)        5.000     5.000 r  
                         clock pessimism              0.000     5.000    
                         clock uncertainty           -0.035     4.965    
                         output delay                -2.000     2.965    
  -------------------------------------------------------------------
                         required time                          2.965    
                         arrival time                          -0.161    
  -------------------------------------------------------------------
                         slack                                  2.804    

Slack (MET) :             2.804ns  (required time - arrival time)
  Source:                 pair_skew[2].gn.d_hi_reg[1][1]/C
                            (rising edge-triggered cell FDCE clocked by clk  {rise@0.000ns fall@2.500ns period=5.000ns})
  Destination:            act_hi_out[2][1]
                            (output port clocked by clk  {rise@0.000ns fall@2.500ns period=5.000ns})
  Path Group:             clk
  Path Type:              Max at Slow Process Corner
  Requirement:            5.000ns  (clk rise@5.000ns - clk rise@0.000ns)
  Data Path Delay:        0.118ns  (logic 0.118ns (100.000%)  route 0.000ns (0.000%))
  Logic Levels:           0  
  Output Delay:           2.000ns
  Clock Path Skew:        -0.043ns (DCD - SCD + CPR)
    Destination Clock Delay (DCD):    0.000ns = ( 5.000 - 5.000 ) 
    Source Clock Delay      (SCD):    0.043ns
    Clock Pessimism Removal (CPR):    0.000ns
  Clock Uncertainty:      0.035ns  ((TSJ^2 + TIJ^2)^1/2 + DJ) / 2 + PE
    Total System Jitter     (TSJ):    0.071ns
    Total Input Jitter      (TIJ):    0.000ns
    Discrete Jitter          (DJ):    0.000ns
    Phase Error              (PE):    0.000ns

    Location             Delay type                Incr(ns)  Path(ns)    Netlist Resource(s)
  -------------------------------------------------------------------    -------------------
                         (clock clk rise edge)        0.000     0.000 r  
                                                      0.000     0.000 r  clk (IN)
                         net (fo=269, unset)          0.043     0.043    clk
    SLICE_X10Y17         FDCE                                         r  pair_skew[2].gn.d_hi_reg[1][1]/C
  -------------------------------------------------------------------    -------------------
    SLICE_X10Y17         FDCE (Prop_EFF2_SLICEM_C_Q)
                                                      0.118     0.161 r  pair_skew[2].gn.d_hi_reg[1][1]/Q
                         net (fo=0)                   0.000     0.161    act_hi_out[2][1]
                                                                      r  act_hi_out[2][1] (OUT)
  -------------------------------------------------------------------    -------------------

                         (clock clk rise edge)        5.000     5.000 r  
                         clock pessimism              0.000     5.000    
                         clock uncertainty           -0.035     4.965    
                         output delay                -2.000     2.965    
  -------------------------------------------------------------------
                         required time                          2.965    
                         arrival time                          -0.161    
  -------------------------------------------------------------------
                         slack                                  2.804    

Slack (MET) :             2.804ns  (required time - arrival time)
  Source:                 pair_skew[2].gn.d_hi_reg[1][6]/C
                            (rising edge-triggered cell FDCE clocked by clk  {rise@0.000ns fall@2.500ns period=5.000ns})
  Destination:            act_hi_out[2][6]
                            (output port clocked by clk  {rise@0.000ns fall@2.500ns period=5.000ns})
  Path Group:             clk
  Path Type:              Max at Slow Process Corner
  Requirement:            5.000ns  (clk rise@5.000ns - clk rise@0.000ns)
  Data Path Delay:        0.118ns  (logic 0.118ns (100.000%)  route 0.000ns (0.000%))
  Logic Levels:           0  
  Output Delay:           2.000ns
  Clock Path Skew:        -0.043ns (DCD - SCD + CPR)
    Destination Clock Delay (DCD):    0.000ns = ( 5.000 - 5.000 ) 
    Source Clock Delay      (SCD):    0.043ns
    Clock Pessimism Removal (CPR):    0.000ns
  Clock Uncertainty:      0.035ns  ((TSJ^2 + TIJ^2)^1/2 + DJ) / 2 + PE
    Total System Jitter     (TSJ):    0.071ns
    Total Input Jitter      (TIJ):    0.000ns
    Discrete Jitter          (DJ):    0.000ns
    Phase Error              (PE):    0.000ns

    Location             Delay type                Incr(ns)  Path(ns)    Netlist Resource(s)
  -------------------------------------------------------------------    -------------------
                         (clock clk rise edge)        0.000     0.000 r  
                                                      0.000     0.000 r  clk (IN)
                         net (fo=269, unset)          0.043     0.043    clk
    SLICE_X29Y118        FDCE                                         r  pair_skew[2].gn.d_hi_reg[1][6]/C
  -------------------------------------------------------------------    -------------------
    SLICE_X29Y118        FDCE (Prop_GFF2_SLICEM_C_Q)
                                                      0.118     0.161 r  pair_skew[2].gn.d_hi_reg[1][6]/Q
                         net (fo=0)                   0.000     0.161    act_hi_out[2][6]
                                                                      r  act_hi_out[2][6] (OUT)
  -------------------------------------------------------------------    -------------------

                         (clock clk rise edge)        5.000     5.000 r  
                         clock pessimism              0.000     5.000    
                         clock uncertainty           -0.035     4.965    
                         output delay                -2.000     2.965    
  -------------------------------------------------------------------
                         required time                          2.965    
                         arrival time                          -0.161    
  -------------------------------------------------------------------
                         slack                                  2.804    

Slack (MET) :             2.804ns  (required time - arrival time)
  Source:                 pair_skew[2].gn.d_hi_reg[1][7]/C
                            (rising edge-triggered cell FDCE clocked by clk  {rise@0.000ns fall@2.500ns period=5.000ns})
  Destination:            act_hi_out[2][7]
                            (output port clocked by clk  {rise@0.000ns fall@2.500ns period=5.000ns})
  Path Group:             clk
  Path Type:              Max at Slow Process Corner
  Requirement:            5.000ns  (clk rise@5.000ns - clk rise@0.000ns)
  Data Path Delay:        0.118ns  (logic 0.118ns (100.000%)  route 0.000ns (0.000%))
  Logic Levels:           0  
  Output Delay:           2.000ns
  Clock Path Skew:        -0.043ns (DCD - SCD + CPR)
    Destination Clock Delay (DCD):    0.000ns = ( 5.000 - 5.000 ) 
    Source Clock Delay      (SCD):    0.043ns
    Clock Pessimism Removal (CPR):    0.000ns
  Clock Uncertainty:      0.035ns  ((TSJ^2 + TIJ^2)^1/2 + DJ) / 2 + PE
    Total System Jitter     (TSJ):    0.071ns
    Total Input Jitter      (TIJ):    0.000ns
    Discrete Jitter          (DJ):    0.000ns
    Phase Error              (PE):    0.000ns

    Location             Delay type                Incr(ns)  Path(ns)    Netlist Resource(s)
  -------------------------------------------------------------------    -------------------
                         (clock clk rise edge)        0.000     0.000 r  
                                                      0.000     0.000 r  clk (IN)
                         net (fo=269, unset)          0.043     0.043    clk
    SLICE_X29Y118        FDCE                                         r  pair_skew[2].gn.d_hi_reg[1][7]/C
  -------------------------------------------------------------------    -------------------
    SLICE_X29Y118        FDCE (Prop_AFF2_SLICEM_C_Q)
                                                      0.118     0.161 r  pair_skew[2].gn.d_hi_reg[1][7]/Q
                         net (fo=0)                   0.000     0.161    act_hi_out[2][7]
                                                                      r  act_hi_out[2][7] (OUT)
  -------------------------------------------------------------------    -------------------

                         (clock clk rise edge)        5.000     5.000 r  
                         clock pessimism              0.000     5.000    
                         clock uncertainty           -0.035     4.965    
                         output delay                -2.000     2.965    
  -------------------------------------------------------------------
                         required time                          2.965    
                         arrival time                          -0.161    
  -------------------------------------------------------------------
                         slack                                  2.804    

Slack (MET) :             2.804ns  (required time - arrival time)
  Source:                 pair_skew[3].gn.d_hi_reg[2][7]/C
                            (rising edge-triggered cell FDCE clocked by clk  {rise@0.000ns fall@2.500ns period=5.000ns})
  Destination:            act_hi_out[3][7]
                            (output port clocked by clk  {rise@0.000ns fall@2.500ns period=5.000ns})
  Path Group:             clk
  Path Type:              Max at Slow Process Corner
  Requirement:            5.000ns  (clk rise@5.000ns - clk rise@0.000ns)
  Data Path Delay:        0.118ns  (logic 0.118ns (100.000%)  route 0.000ns (0.000%))
  Logic Levels:           0  
  Output Delay:           2.000ns
  Clock Path Skew:        -0.043ns (DCD - SCD + CPR)
    Destination Clock Delay (DCD):    0.000ns = ( 5.000 - 5.000 ) 
    Source Clock Delay      (SCD):    0.043ns
    Clock Pessimism Removal (CPR):    0.000ns
  Clock Uncertainty:      0.035ns  ((TSJ^2 + TIJ^2)^1/2 + DJ) / 2 + PE
    Total System Jitter     (TSJ):    0.071ns
    Total Input Jitter      (TIJ):    0.000ns
    Discrete Jitter          (DJ):    0.000ns
    Phase Error              (PE):    0.000ns

    Location             Delay type                Incr(ns)  Path(ns)    Netlist Resource(s)
  -------------------------------------------------------------------    -------------------
                         (clock clk rise edge)        0.000     0.000 r  
                                                      0.000     0.000 r  clk (IN)
                         net (fo=269, unset)          0.043     0.043    clk
    SLICE_X29Y121        FDCE                                         r  pair_skew[3].gn.d_hi_reg[2][7]/C
  -------------------------------------------------------------------    -------------------
    SLICE_X29Y121        FDCE (Prop_GFF2_SLICEM_C_Q)
                                                      0.118     0.161 r  pair_skew[3].gn.d_hi_reg[2][7]/Q
                         net (fo=0)                   0.000     0.161    act_hi_out[3][7]
                                                                      r  act_hi_out[3][7] (OUT)
  -------------------------------------------------------------------    -------------------

                         (clock clk rise edge)        5.000     5.000 r  
                         clock pessimism              0.000     5.000    
                         clock uncertainty           -0.035     4.965    
                         output delay                -2.000     2.965    
  -------------------------------------------------------------------
                         required time                          2.965    
                         arrival time                          -0.161    
  -------------------------------------------------------------------
                         slack                                  2.804    

Slack (MET) :             2.804ns  (required time - arrival time)
  Source:                 pair_skew[3].gn.d_lo_reg[2][1]/C
                            (rising edge-triggered cell FDCE clocked by clk  {rise@0.000ns fall@2.500ns period=5.000ns})
  Destination:            act_lo_out[3][1]
                            (output port clocked by clk  {rise@0.000ns fall@2.500ns period=5.000ns})
  Path Group:             clk
  Path Type:              Max at Slow Process Corner
  Requirement:            5.000ns  (clk rise@5.000ns - clk rise@0.000ns)
  Data Path Delay:        0.118ns  (logic 0.118ns (100.000%)  route 0.000ns (0.000%))
  Logic Levels:           0  
  Output Delay:           2.000ns
  Clock Path Skew:        -0.043ns (DCD - SCD + CPR)
    Destination Clock Delay (DCD):    0.000ns = ( 5.000 - 5.000 ) 
    Source Clock Delay      (SCD):    0.043ns
    Clock Pessimism Removal (CPR):    0.000ns
  Clock Uncertainty:      0.035ns  ((TSJ^2 + TIJ^2)^1/2 + DJ) / 2 + PE
    Total System Jitter     (TSJ):    0.071ns
    Total Input Jitter      (TIJ):    0.000ns
    Discrete Jitter          (DJ):    0.000ns
    Phase Error              (PE):    0.000ns

    Location             Delay type                Incr(ns)  Path(ns)    Netlist Resource(s)
  -------------------------------------------------------------------    -------------------
                         (clock clk rise edge)        0.000     0.000 r  
                                                      0.000     0.000 r  clk (IN)
                         net (fo=269, unset)          0.043     0.043    clk
    SLICE_X10Y120        FDCE                                         r  pair_skew[3].gn.d_lo_reg[2][1]/C
  -------------------------------------------------------------------    -------------------
    SLICE_X10Y120        FDCE (Prop_GFF2_SLICEM_C_Q)
                                                      0.118     0.161 r  pair_skew[3].gn.d_lo_reg[2][1]/Q
                         net (fo=0)                   0.000     0.161    act_lo_out[3][1]
                                                                      r  act_lo_out[3][1] (OUT)
  -------------------------------------------------------------------    -------------------

                         (clock clk rise edge)        5.000     5.000 r  
                         clock pessimism              0.000     5.000    
                         clock uncertainty           -0.035     4.965    
                         output delay                -2.000     2.965    
  -------------------------------------------------------------------
                         required time                          2.965    
                         arrival time                          -0.161    
  -------------------------------------------------------------------
                         slack                                  2.804    

Slack (MET) :             2.804ns  (required time - arrival time)
  Source:                 pair_skew[2].gn.d_dl_reg[1]/C
                            (rising edge-triggered cell FDCE clocked by clk  {rise@0.000ns fall@2.500ns period=5.000ns})
  Destination:            depth_last_out[2]
                            (output port clocked by clk  {rise@0.000ns fall@2.500ns period=5.000ns})
  Path Group:             clk
  Path Type:              Max at Slow Process Corner
  Requirement:            5.000ns  (clk rise@5.000ns - clk rise@0.000ns)
  Data Path Delay:        0.118ns  (logic 0.118ns (100.000%)  route 0.000ns (0.000%))
  Logic Levels:           0  
  Output Delay:           2.000ns
  Clock Path Skew:        -0.043ns (DCD - SCD + CPR)
    Destination Clock Delay (DCD):    0.000ns = ( 5.000 - 5.000 ) 
    Source Clock Delay      (SCD):    0.043ns
    Clock Pessimism Removal (CPR):    0.000ns
  Clock Uncertainty:      0.035ns  ((TSJ^2 + TIJ^2)^1/2 + DJ) / 2 + PE
    Total System Jitter     (TSJ):    0.071ns
    Total Input Jitter      (TIJ):    0.000ns
    Discrete Jitter          (DJ):    0.000ns
    Phase Error              (PE):    0.000ns

    Location             Delay type                Incr(ns)  Path(ns)    Netlist Resource(s)
  -------------------------------------------------------------------    -------------------
                         (clock clk rise edge)        0.000     0.000 r  
                                                      0.000     0.000 r  clk (IN)
                         net (fo=269, unset)          0.043     0.043    clk
    SLICE_X29Y118        FDCE                                         r  pair_skew[2].gn.d_dl_reg[1]/C
  -------------------------------------------------------------------    -------------------
    SLICE_X29Y118        FDCE (Prop_EFF2_SLICEM_C_Q)
                                                      0.118     0.161 r  pair_skew[2].gn.d_dl_reg[1]/Q
                         net (fo=0)                   0.000     0.161    depth_last_out[2]
                                                                      r  depth_last_out[2] (OUT)
  -------------------------------------------------------------------    -------------------

                         (clock clk rise edge)        5.000     5.000 r  
                         clock pessimism              0.000     5.000    
                         clock uncertainty           -0.035     4.965    
                         output delay                -2.000     2.965    
  -------------------------------------------------------------------
                         required time                          2.965    
                         arrival time                          -0.161    
  -------------------------------------------------------------------
                         slack                                  2.804    

Slack (MET) :             2.804ns  (required time - arrival time)
  Source:                 pair_skew[2].gn.d_lm_reg[1][0]/C
                            (rising edge-triggered cell FDCE clocked by clk  {rise@0.000ns fall@2.500ns period=5.000ns})
  Destination:            lane_mask_out[2][0]
                            (output port clocked by clk  {rise@0.000ns fall@2.500ns period=5.000ns})
  Path Group:             clk
  Path Type:              Max at Slow Process Corner
  Requirement:            5.000ns  (clk rise@5.000ns - clk rise@0.000ns)
  Data Path Delay:        0.118ns  (logic 0.118ns (100.000%)  route 0.000ns (0.000%))
  Logic Levels:           0  
  Output Delay:           2.000ns
  Clock Path Skew:        -0.043ns (DCD - SCD + CPR)
    Destination Clock Delay (DCD):    0.000ns = ( 5.000 - 5.000 ) 
    Source Clock Delay      (SCD):    0.043ns
    Clock Pessimism Removal (CPR):    0.000ns
  Clock Uncertainty:      0.035ns  ((TSJ^2 + TIJ^2)^1/2 + DJ) / 2 + PE
    Total System Jitter     (TSJ):    0.071ns
    Total Input Jitter      (TIJ):    0.000ns
    Discrete Jitter          (DJ):    0.000ns
    Phase Error              (PE):    0.000ns

    Location             Delay type                Incr(ns)  Path(ns)    Netlist Resource(s)
  -------------------------------------------------------------------    -------------------
                         (clock clk rise edge)        0.000     0.000 r  
                                                      0.000     0.000 r  clk (IN)
                         net (fo=269, unset)          0.043     0.043    clk
    SLICE_X21Y119        FDCE                                         r  pair_skew[2].gn.d_lm_reg[1][0]/C
  -------------------------------------------------------------------    -------------------
    SLICE_X21Y119        FDCE (Prop_GFF2_SLICEM_C_Q)
                                                      0.118     0.161 r  pair_skew[2].gn.d_lm_reg[1][0]/Q
                         net (fo=0)                   0.000     0.161    lane_mask_out[2][0]
                                                                      r  lane_mask_out[2][0] (OUT)
  -------------------------------------------------------------------    -------------------

                         (clock clk rise edge)        5.000     5.000 r  
                         clock pessimism              0.000     5.000    
                         clock uncertainty           -0.035     4.965    
                         output delay                -2.000     2.965    
  -------------------------------------------------------------------
                         required time                          2.965    
                         arrival time                          -0.161    
  -------------------------------------------------------------------
                         slack                                  2.804    

Slack (MET) :             2.804ns  (required time - arrival time)
  Source:                 pair_skew[1].gn.d_pv_reg[0]/C
                            (rising edge-triggered cell FDCE clocked by clk  {rise@0.000ns fall@2.500ns period=5.000ns})
  Destination:            pair_valid_out[1]
                            (output port clocked by clk  {rise@0.000ns fall@2.500ns period=5.000ns})
  Path Group:             clk
  Path Type:              Max at Slow Process Corner
  Requirement:            5.000ns  (clk rise@5.000ns - clk rise@0.000ns)
  Data Path Delay:        0.118ns  (logic 0.118ns (100.000%)  route 0.000ns (0.000%))
  Logic Levels:           0  
  Output Delay:           2.000ns
  Clock Path Skew:        -0.043ns (DCD - SCD + CPR)
    Destination Clock Delay (DCD):    0.000ns = ( 5.000 - 5.000 ) 
    Source Clock Delay      (SCD):    0.043ns
    Clock Pessimism Removal (CPR):    0.000ns
  Clock Uncertainty:      0.035ns  ((TSJ^2 + TIJ^2)^1/2 + DJ) / 2 + PE
    Total System Jitter     (TSJ):    0.071ns
    Total Input Jitter      (TIJ):    0.000ns
    Discrete Jitter          (DJ):    0.000ns
    Phase Error              (PE):    0.000ns

    Location             Delay type                Incr(ns)  Path(ns)    Netlist Resource(s)
  -------------------------------------------------------------------    -------------------
                         (clock clk rise edge)        0.000     0.000 r  
                                                      0.000     0.000 r  clk (IN)
                         net (fo=269, unset)          0.043     0.043    clk
    SLICE_X4Y3           FDCE                                         r  pair_skew[1].gn.d_pv_reg[0]/C
  -------------------------------------------------------------------    -------------------
    SLICE_X4Y3           FDCE (Prop_GFF2_SLICEM_C_Q)
                                                      0.118     0.161 r  pair_skew[1].gn.d_pv_reg[0]/Q
                         net (fo=0)                   0.000     0.161    pair_valid_out[1]
                                                                      r  pair_valid_out[1] (OUT)
  -------------------------------------------------------------------    -------------------

                         (clock clk rise edge)        5.000     5.000 r  
                         clock pessimism              0.000     5.000    
                         clock uncertainty           -0.035     4.965    
                         output delay                -2.000     2.965    
  -------------------------------------------------------------------
                         required time                          2.965    
                         arrival time                          -0.161    
  -------------------------------------------------------------------
                         slack                                  2.804    





Min Delay Paths
--------------------------------------------------------------------------------------
Slack (MET) :             0.064ns  (arrival time - required time)
  Source:                 wgt_skew[2].cn.d_w_reg[0][3]/C
                            (rising edge-triggered cell FDCE clocked by clk  {rise@0.000ns fall@2.500ns period=5.000ns})
  Destination:            wgt_skew[2].cn.d_w_reg[1][3]/D
                            (rising edge-triggered cell FDCE clocked by clk  {rise@0.000ns fall@2.500ns period=5.000ns})
  Path Group:             clk
  Path Type:              Hold (Min at Slow Process Corner)
  Requirement:            0.000ns  (clk rise@0.000ns - clk rise@0.000ns)
  Data Path Delay:        0.179ns  (logic 0.112ns (62.570%)  route 0.067ns (37.430%))
  Logic Levels:           0  
  Clock Path Skew:        0.012ns (DCD - SCD - CPR)
    Destination Clock Delay (DCD):    0.043ns
    Source Clock Delay      (SCD):    0.031ns
    Clock Pessimism Removal (CPR):    -0.000ns

    Location             Delay type                Incr(ns)  Path(ns)    Netlist Resource(s)
  -------------------------------------------------------------------    -------------------
                         (clock clk rise edge)        0.000     0.000 r  
                                                      0.000     0.000 r  clk (IN)
                         net (fo=269, unset)          0.031     0.031    clk
    SLICE_X10Y120        FDCE                                         r  wgt_skew[2].cn.d_w_reg[0][3]/C
  -------------------------------------------------------------------    -------------------
    SLICE_X10Y120        FDCE (Prop_HFF_SLICEM_C_Q)
                                                      0.112     0.143 r  wgt_skew[2].cn.d_w_reg[0][3]/Q
                         net (fo=1, routed)           0.067     0.210    wgt_skew[2].cn.d_w_reg[0][3]
    SLICE_X10Y120        FDCE                                         r  wgt_skew[2].cn.d_w_reg[1][3]/D
  -------------------------------------------------------------------    -------------------

                         (clock clk rise edge)        0.000     0.000 r  
                                                      0.000     0.000 r  clk (IN)
                         net (fo=269, unset)          0.043     0.043    clk
    SLICE_X10Y120        FDCE                                         r  wgt_skew[2].cn.d_w_reg[1][3]/C
                         clock pessimism              0.000     0.043    
    SLICE_X10Y120        FDCE (Hold_HFF2_SLICEM_C_D)
                                                      0.103     0.146    wgt_skew[2].cn.d_w_reg[1][3]
  -------------------------------------------------------------------
                         required time                         -0.146    
                         arrival time                           0.210    
  -------------------------------------------------------------------
                         slack                                  0.064    

Slack (MET) :             0.064ns  (arrival time - required time)
  Source:                 pair_skew[2].gn.d_lo_reg[0][0]/C
                            (rising edge-triggered cell FDCE clocked by clk  {rise@0.000ns fall@2.500ns period=5.000ns})
  Destination:            pair_skew[2].gn.d_lo_reg[1][0]/D
                            (rising edge-triggered cell FDCE clocked by clk  {rise@0.000ns fall@2.500ns period=5.000ns})
  Path Group:             clk
  Path Type:              Hold (Min at Slow Process Corner)
  Requirement:            0.000ns  (clk rise@0.000ns - clk rise@0.000ns)
  Data Path Delay:        0.179ns  (logic 0.112ns (62.570%)  route 0.067ns (37.430%))
  Logic Levels:           0  
  Clock Path Skew:        0.012ns (DCD - SCD - CPR)
    Destination Clock Delay (DCD):    0.043ns
    Source Clock Delay      (SCD):    0.031ns
    Clock Pessimism Removal (CPR):    -0.000ns

    Location             Delay type                Incr(ns)  Path(ns)    Netlist Resource(s)
  -------------------------------------------------------------------    -------------------
                         (clock clk rise edge)        0.000     0.000 r  
                                                      0.000     0.000 r  clk (IN)
                         net (fo=269, unset)          0.031     0.031    clk
    SLICE_X21Y119        FDCE                                         r  pair_skew[2].gn.d_lo_reg[0][0]/C
  -------------------------------------------------------------------    -------------------
    SLICE_X21Y119        FDCE (Prop_HFF_SLICEM_C_Q)
                                                      0.112     0.143 r  pair_skew[2].gn.d_lo_reg[0][0]/Q
                         net (fo=1, routed)           0.067     0.210    pair_skew[2].gn.d_lo_reg[0][0]
    SLICE_X21Y119        FDCE                                         r  pair_skew[2].gn.d_lo_reg[1][0]/D
  -------------------------------------------------------------------    -------------------

                         (clock clk rise edge)        0.000     0.000 r  
                                                      0.000     0.000 r  clk (IN)
                         net (fo=269, unset)          0.043     0.043    clk
    SLICE_X21Y119        FDCE                                         r  pair_skew[2].gn.d_lo_reg[1][0]/C
                         clock pessimism              0.000     0.043    
    SLICE_X21Y119        FDCE (Hold_HFF2_SLICEM_C_D)
                                                      0.103     0.146    pair_skew[2].gn.d_lo_reg[1][0]
  -------------------------------------------------------------------
                         required time                         -0.146    
                         arrival time                           0.210    
  -------------------------------------------------------------------
                         slack                                  0.064    

Slack (MET) :             0.070ns  (arrival time - required time)
  Source:                 pair_skew[2].gn.d_lo_reg[0][4]/C
                            (rising edge-triggered cell FDCE clocked by clk  {rise@0.000ns fall@2.500ns period=5.000ns})
  Destination:            pair_skew[2].gn.d_lo_reg[1][4]/D
                            (rising edge-triggered cell FDCE clocked by clk  {rise@0.000ns fall@2.500ns period=5.000ns})
  Path Group:             clk
  Path Type:              Hold (Min at Slow Process Corner)
  Requirement:            0.000ns  (clk rise@0.000ns - clk rise@0.000ns)
  Data Path Delay:        0.185ns  (logic 0.112ns (60.541%)  route 0.073ns (39.459%))
  Logic Levels:           0  
  Clock Path Skew:        0.013ns (DCD - SCD - CPR)
    Destination Clock Delay (DCD):    0.043ns
    Source Clock Delay      (SCD):    0.030ns
    Clock Pessimism Removal (CPR):    -0.000ns

    Location             Delay type                Incr(ns)  Path(ns)    Netlist Resource(s)
  -------------------------------------------------------------------    -------------------
                         (clock clk rise edge)        0.000     0.000 r  
                                                      0.000     0.000 r  clk (IN)
                         net (fo=269, unset)          0.030     0.030    clk
    SLICE_X29Y119        FDCE                                         r  pair_skew[2].gn.d_lo_reg[0][4]/C
  -------------------------------------------------------------------    -------------------
    SLICE_X29Y119        FDCE (Prop_AFF_SLICEM_C_Q)
                                                      0.112     0.142 r  pair_skew[2].gn.d_lo_reg[0][4]/Q
                         net (fo=1, routed)           0.073     0.215    pair_skew[2].gn.d_lo_reg[0][4]
    SLICE_X29Y119        FDCE                                         r  pair_skew[2].gn.d_lo_reg[1][4]/D
  -------------------------------------------------------------------    -------------------

                         (clock clk rise edge)        0.000     0.000 r  
                                                      0.000     0.000 r  clk (IN)
                         net (fo=269, unset)          0.043     0.043    clk
    SLICE_X29Y119        FDCE                                         r  pair_skew[2].gn.d_lo_reg[1][4]/C
                         clock pessimism              0.000     0.043    
    SLICE_X29Y119        FDCE (Hold_BFF2_SLICEM_C_D)
                                                      0.102     0.145    pair_skew[2].gn.d_lo_reg[1][4]
  -------------------------------------------------------------------
                         required time                         -0.145    
                         arrival time                           0.215    
  -------------------------------------------------------------------
                         slack                                  0.070    

Slack (MET) :             0.070ns  (arrival time - required time)
  Source:                 wgt_skew[2].cn.d_w_reg[0][0]/C
                            (rising edge-triggered cell FDCE clocked by clk  {rise@0.000ns fall@2.500ns period=5.000ns})
  Destination:            wgt_skew[2].cn.d_w_reg[1][0]/D
                            (rising edge-triggered cell FDCE clocked by clk  {rise@0.000ns fall@2.500ns period=5.000ns})
  Path Group:             clk
  Path Type:              Hold (Min at Slow Process Corner)
  Requirement:            0.000ns  (clk rise@0.000ns - clk rise@0.000ns)
  Data Path Delay:        0.185ns  (logic 0.112ns (60.541%)  route 0.073ns (39.459%))
  Logic Levels:           0  
  Clock Path Skew:        0.013ns (DCD - SCD - CPR)
    Destination Clock Delay (DCD):    0.043ns
    Source Clock Delay      (SCD):    0.030ns
    Clock Pessimism Removal (CPR):    -0.000ns

    Location             Delay type                Incr(ns)  Path(ns)    Netlist Resource(s)
  -------------------------------------------------------------------    -------------------
                         (clock clk rise edge)        0.000     0.000 r  
                                                      0.000     0.000 r  clk (IN)
                         net (fo=269, unset)          0.030     0.030    clk
    SLICE_X31Y120        FDCE                                         r  wgt_skew[2].cn.d_w_reg[0][0]/C
  -------------------------------------------------------------------    -------------------
    SLICE_X31Y120        FDCE (Prop_AFF_SLICEM_C_Q)
                                                      0.112     0.142 r  wgt_skew[2].cn.d_w_reg[0][0]/Q
                         net (fo=1, routed)           0.073     0.215    wgt_skew[2].cn.d_w_reg[0][0]
    SLICE_X31Y120        FDCE                                         r  wgt_skew[2].cn.d_w_reg[1][0]/D
  -------------------------------------------------------------------    -------------------

                         (clock clk rise edge)        0.000     0.000 r  
                                                      0.000     0.000 r  clk (IN)
                         net (fo=269, unset)          0.043     0.043    clk
    SLICE_X31Y120        FDCE                                         r  wgt_skew[2].cn.d_w_reg[1][0]/C
                         clock pessimism              0.000     0.043    
    SLICE_X31Y120        FDCE (Hold_BFF2_SLICEM_C_D)
                                                      0.102     0.145    wgt_skew[2].cn.d_w_reg[1][0]
  -------------------------------------------------------------------
                         required time                         -0.145    
                         arrival time                           0.215    
  -------------------------------------------------------------------
                         slack                                  0.070    

Slack (MET) :             0.071ns  (arrival time - required time)
  Source:                 pair_skew[2].gn.d_lo_reg[0][7]/C
                            (rising edge-triggered cell FDCE clocked by clk  {rise@0.000ns fall@2.500ns period=5.000ns})
  Destination:            pair_skew[2].gn.d_lo_reg[1][7]/D
                            (rising edge-triggered cell FDCE clocked by clk  {rise@0.000ns fall@2.500ns period=5.000ns})
  Path Group:             clk
  Path Type:              Hold (Min at Slow Process Corner)
  Requirement:            0.000ns  (clk rise@0.000ns - clk rise@0.000ns)
  Data Path Delay:        0.186ns  (logic 0.111ns (59.677%)  route 0.075ns (40.323%))
  Logic Levels:           0  
  Clock Path Skew:        0.013ns (DCD - SCD - CPR)
    Destination Clock Delay (DCD):    0.043ns
    Source Clock Delay      (SCD):    0.030ns
    Clock Pessimism Removal (CPR):    -0.000ns

    Location             Delay type                Incr(ns)  Path(ns)    Netlist Resource(s)
  -------------------------------------------------------------------    -------------------
                         (clock clk rise edge)        0.000     0.000 r  
                                                      0.000     0.000 r  clk (IN)
                         net (fo=269, unset)          0.030     0.030    clk
    SLICE_X29Y119        FDCE                                         r  pair_skew[2].gn.d_lo_reg[0][7]/C
  -------------------------------------------------------------------    -------------------
    SLICE_X29Y119        FDCE (Prop_BFF_SLICEM_C_Q)
                                                      0.111     0.141 r  pair_skew[2].gn.d_lo_reg[0][7]/Q
                         net (fo=1, routed)           0.075     0.216    pair_skew[2].gn.d_lo_reg[0][7]
    SLICE_X29Y119        FDCE                                         r  pair_skew[2].gn.d_lo_reg[1][7]/D
  -------------------------------------------------------------------    -------------------

                         (clock clk rise edge)        0.000     0.000 r  
                                                      0.000     0.000 r  clk (IN)
                         net (fo=269, unset)          0.043     0.043    clk
    SLICE_X29Y119        FDCE                                         r  pair_skew[2].gn.d_lo_reg[1][7]/C
                         clock pessimism              0.000     0.043    
    SLICE_X29Y119        FDCE (Hold_CFF2_SLICEM_C_D)
                                                      0.102     0.145    pair_skew[2].gn.d_lo_reg[1][7]
  -------------------------------------------------------------------
                         required time                         -0.145    
                         arrival time                           0.216    
  -------------------------------------------------------------------
                         slack                                  0.071    

Slack (MET) :             0.071ns  (arrival time - required time)
  Source:                 wgt_skew[2].cn.d_w_reg[0][6]/C
                            (rising edge-triggered cell FDCE clocked by clk  {rise@0.000ns fall@2.500ns period=5.000ns})
  Destination:            wgt_skew[2].cn.d_w_reg[1][6]/D
                            (rising edge-triggered cell FDCE clocked by clk  {rise@0.000ns fall@2.500ns period=5.000ns})
  Path Group:             clk
  Path Type:              Hold (Min at Slow Process Corner)
  Requirement:            0.000ns  (clk rise@0.000ns - clk rise@0.000ns)
  Data Path Delay:        0.186ns  (logic 0.111ns (59.677%)  route 0.075ns (40.323%))
  Logic Levels:           0  
  Clock Path Skew:        0.013ns (DCD - SCD - CPR)
    Destination Clock Delay (DCD):    0.043ns
    Source Clock Delay      (SCD):    0.030ns
    Clock Pessimism Removal (CPR):    -0.000ns

    Location             Delay type                Incr(ns)  Path(ns)    Netlist Resource(s)
  -------------------------------------------------------------------    -------------------
                         (clock clk rise edge)        0.000     0.000 r  
                                                      0.000     0.000 r  clk (IN)
                         net (fo=269, unset)          0.030     0.030    clk
    SLICE_X31Y120        FDCE                                         r  wgt_skew[2].cn.d_w_reg[0][6]/C
  -------------------------------------------------------------------    -------------------
    SLICE_X31Y120        FDCE (Prop_BFF_SLICEM_C_Q)
                                                      0.111     0.141 r  wgt_skew[2].cn.d_w_reg[0][6]/Q
                         net (fo=1, routed)           0.075     0.216    wgt_skew[2].cn.d_w_reg[0][6]
    SLICE_X31Y120        FDCE                                         r  wgt_skew[2].cn.d_w_reg[1][6]/D
  -------------------------------------------------------------------    -------------------

                         (clock clk rise edge)        0.000     0.000 r  
                                                      0.000     0.000 r  clk (IN)
                         net (fo=269, unset)          0.043     0.043    clk
    SLICE_X31Y120        FDCE                                         r  wgt_skew[2].cn.d_w_reg[1][6]/C
                         clock pessimism              0.000     0.043    
    SLICE_X31Y120        FDCE (Hold_CFF2_SLICEM_C_D)
                                                      0.102     0.145    wgt_skew[2].cn.d_w_reg[1][6]
  -------------------------------------------------------------------
                         required time                         -0.145    
                         arrival time                           0.216    
  -------------------------------------------------------------------
                         slack                                  0.071    

Slack (MET) :             0.085ns  (arrival time - required time)
  Source:                 pair_skew[3].gn.d_hi_reg[1][0]/C
                            (rising edge-triggered cell FDCE clocked by clk  {rise@0.000ns fall@2.500ns period=5.000ns})
  Destination:            pair_skew[3].gn.d_hi_reg[2][0]/D
                            (rising edge-triggered cell FDCE clocked by clk  {rise@0.000ns fall@2.500ns period=5.000ns})
  Path Group:             clk
  Path Type:              Hold (Min at Fast Process Corner)
  Requirement:            0.000ns  (clk rise@0.000ns - clk rise@0.000ns)
  Data Path Delay:        0.136ns  (logic 0.082ns (60.294%)  route 0.054ns (39.706%))
  Logic Levels:           0  
  Clock Path Skew:        0.007ns (DCD - SCD - CPR)
    Destination Clock Delay (DCD):    0.021ns
    Source Clock Delay      (SCD):    0.014ns
    Clock Pessimism Removal (CPR):    -0.000ns

    Location             Delay type                Incr(ns)  Path(ns)    Netlist Resource(s)
  -------------------------------------------------------------------    -------------------
                         (clock clk rise edge)        0.000     0.000 r  
                                                      0.000     0.000 r  clk (IN)
                         net (fo=269, unset)          0.014     0.014    clk
    SLICE_X10Y120        FDCE                                         r  pair_skew[3].gn.d_hi_reg[1][0]/C
  -------------------------------------------------------------------    -------------------
    SLICE_X10Y120        FDCE (Prop_BFF_SLICEM_C_Q)
                                                      0.082     0.096 r  pair_skew[3].gn.d_hi_reg[1][0]/Q
                         net (fo=1, routed)           0.054     0.150    pair_skew[3].gn.d_hi_reg[1][0]
    SLICE_X10Y120        FDCE                                         r  pair_skew[3].gn.d_hi_reg[2][0]/D
  -------------------------------------------------------------------    -------------------

                         (clock clk rise edge)        0.000     0.000 r  
                                                      0.000     0.000 r  clk (IN)
                         net (fo=269, unset)          0.021     0.021    clk
    SLICE_X10Y120        FDCE                                         r  pair_skew[3].gn.d_hi_reg[2][0]/C
                         clock pessimism              0.000     0.021    
    SLICE_X10Y120        FDCE (Hold_CFF_SLICEM_C_D)
                                                      0.044     0.065    pair_skew[3].gn.d_hi_reg[2][0]
  -------------------------------------------------------------------
                         required time                         -0.065    
                         arrival time                           0.150    
  -------------------------------------------------------------------
                         slack                                  0.085    

Slack (MET) :             0.085ns  (arrival time - required time)
  Source:                 pair_skew[3].gn.d_lm_reg[1][0]/C
                            (rising edge-triggered cell FDCE clocked by clk  {rise@0.000ns fall@2.500ns period=5.000ns})
  Destination:            pair_skew[3].gn.d_lm_reg[2][0]/D
                            (rising edge-triggered cell FDCE clocked by clk  {rise@0.000ns fall@2.500ns period=5.000ns})
  Path Group:             clk
  Path Type:              Hold (Min at Fast Process Corner)
  Requirement:            0.000ns  (clk rise@0.000ns - clk rise@0.000ns)
  Data Path Delay:        0.136ns  (logic 0.082ns (60.294%)  route 0.054ns (39.706%))
  Logic Levels:           0  
  Clock Path Skew:        0.007ns (DCD - SCD - CPR)
    Destination Clock Delay (DCD):    0.021ns
    Source Clock Delay      (SCD):    0.014ns
    Clock Pessimism Removal (CPR):    -0.000ns

    Location             Delay type                Incr(ns)  Path(ns)    Netlist Resource(s)
  -------------------------------------------------------------------    -------------------
                         (clock clk rise edge)        0.000     0.000 r  
                                                      0.000     0.000 r  clk (IN)
                         net (fo=269, unset)          0.014     0.014    clk
    SLICE_X29Y121        FDCE                                         r  pair_skew[3].gn.d_lm_reg[1][0]/C
  -------------------------------------------------------------------    -------------------
    SLICE_X29Y121        FDCE (Prop_BFF_SLICEM_C_Q)
                                                      0.082     0.096 r  pair_skew[3].gn.d_lm_reg[1][0]/Q
                         net (fo=1, routed)           0.054     0.150    pair_skew[3].gn.d_lm_reg[1][0]
    SLICE_X29Y121        FDCE                                         r  pair_skew[3].gn.d_lm_reg[2][0]/D
  -------------------------------------------------------------------    -------------------

                         (clock clk rise edge)        0.000     0.000 r  
                                                      0.000     0.000 r  clk (IN)
                         net (fo=269, unset)          0.021     0.021    clk
    SLICE_X29Y121        FDCE                                         r  pair_skew[3].gn.d_lm_reg[2][0]/C
                         clock pessimism              0.000     0.021    
    SLICE_X29Y121        FDCE (Hold_CFF_SLICEM_C_D)
                                                      0.044     0.065    pair_skew[3].gn.d_lm_reg[2][0]
  -------------------------------------------------------------------
                         required time                         -0.065    
                         arrival time                           0.150    
  -------------------------------------------------------------------
                         slack                                  0.085    

Slack (MET) :             0.085ns  (arrival time - required time)
  Source:                 wgt_skew[3].cn.d_w_reg[1][6]/C
                            (rising edge-triggered cell FDCE clocked by clk  {rise@0.000ns fall@2.500ns period=5.000ns})
  Destination:            wgt_skew[3].cn.d_w_reg[2][6]/D
                            (rising edge-triggered cell FDCE clocked by clk  {rise@0.000ns fall@2.500ns period=5.000ns})
  Path Group:             clk
  Path Type:              Hold (Min at Fast Process Corner)
  Requirement:            0.000ns  (clk rise@0.000ns - clk rise@0.000ns)
  Data Path Delay:        0.136ns  (logic 0.082ns (60.294%)  route 0.054ns (39.706%))
  Logic Levels:           0  
  Clock Path Skew:        0.007ns (DCD - SCD - CPR)
    Destination Clock Delay (DCD):    0.021ns
    Source Clock Delay      (SCD):    0.014ns
    Clock Pessimism Removal (CPR):    -0.000ns

    Location             Delay type                Incr(ns)  Path(ns)    Netlist Resource(s)
  -------------------------------------------------------------------    -------------------
                         (clock clk rise edge)        0.000     0.000 r  
                                                      0.000     0.000 r  clk (IN)
                         net (fo=269, unset)          0.014     0.014    clk
    SLICE_X31Y121        FDCE                                         r  wgt_skew[3].cn.d_w_reg[1][6]/C
  -------------------------------------------------------------------    -------------------
    SLICE_X31Y121        FDCE (Prop_BFF_SLICEM_C_Q)
                                                      0.082     0.096 r  wgt_skew[3].cn.d_w_reg[1][6]/Q
                         net (fo=1, routed)           0.054     0.150    wgt_skew[3].cn.d_w_reg[1][6]
    SLICE_X31Y121        FDCE                                         r  wgt_skew[3].cn.d_w_reg[2][6]/D
  -------------------------------------------------------------------    -------------------

                         (clock clk rise edge)        0.000     0.000 r  
                                                      0.000     0.000 r  clk (IN)
                         net (fo=269, unset)          0.021     0.021    clk
    SLICE_X31Y121        FDCE                                         r  wgt_skew[3].cn.d_w_reg[2][6]/C
                         clock pessimism              0.000     0.021    
    SLICE_X31Y121        FDCE (Hold_CFF_SLICEM_C_D)
                                                      0.044     0.065    wgt_skew[3].cn.d_w_reg[2][6]
  -------------------------------------------------------------------
                         required time                         -0.065    
                         arrival time                           0.150    
  -------------------------------------------------------------------
                         slack                                  0.085    

Slack (MET) :             0.092ns  (arrival time - required time)
  Source:                 pair_skew[3].gn.d_lo_reg[0][5]/C
                            (rising edge-triggered cell FDCE clocked by clk  {rise@0.000ns fall@2.500ns period=5.000ns})
  Destination:            pair_skew[3].gn.d_lo_reg[1][5]/D
                            (rising edge-triggered cell FDCE clocked by clk  {rise@0.000ns fall@2.500ns period=5.000ns})
  Path Group:             clk
  Path Type:              Hold (Min at Fast Process Corner)
  Requirement:            0.000ns  (clk rise@0.000ns - clk rise@0.000ns)
  Data Path Delay:        0.142ns  (logic 0.084ns (59.155%)  route 0.058ns (40.845%))
  Logic Levels:           0  
  Clock Path Skew:        0.005ns (DCD - SCD - CPR)
    Destination Clock Delay (DCD):    0.019ns
    Source Clock Delay      (SCD):    0.014ns
    Clock Pessimism Removal (CPR):    -0.000ns

    Location             Delay type                Incr(ns)  Path(ns)    Netlist Resource(s)
  -------------------------------------------------------------------    -------------------
                         (clock clk rise edge)        0.000     0.000 r  
                                                      0.000     0.000 r  clk (IN)
                         net (fo=269, unset)          0.014     0.014    clk
    SLICE_X30Y118        FDCE                                         r  pair_skew[3].gn.d_lo_reg[0][5]/C
  -------------------------------------------------------------------    -------------------
    SLICE_X30Y118        FDCE (Prop_BFF_SLICEL_C_Q)
                                                      0.084     0.098 r  pair_skew[3].gn.d_lo_reg[0][5]/Q
                         net (fo=1, routed)           0.058     0.156    pair_skew[3].gn.d_lo_reg[0][5]
    SLICE_X30Y118        FDCE                                         r  pair_skew[3].gn.d_lo_reg[1][5]/D
  -------------------------------------------------------------------    -------------------

                         (clock clk rise edge)        0.000     0.000 r  
                                                      0.000     0.000 r  clk (IN)
                         net (fo=269, unset)          0.019     0.019    clk
    SLICE_X30Y118        FDCE                                         r  pair_skew[3].gn.d_lo_reg[1][5]/C
                         clock pessimism              0.000     0.019    
    SLICE_X30Y118        FDCE (Hold_BFF2_SLICEL_C_D)
                                                      0.045     0.064    pair_skew[3].gn.d_lo_reg[1][5]
  -------------------------------------------------------------------
                         required time                         -0.064    
                         arrival time                           0.156    
  -------------------------------------------------------------------
                         slack                                  0.092    





Pulse Width Checks
--------------------------------------------------------------------------------------
Clock Name:         clk
Waveform(ns):       { 0.000 2.500 }
Period(ns):         5.000
Sources:            { clk }

Check Type        Corner  Lib Pin     Reference Pin  Required(ns)  Actual(ns)  Slack(ns)  Location      Pin
Min Period        n/a     SRL16E/CLK  n/a            1.524         5.000       3.476      SLICE_X12Y47  wgt_skew[4].cn.d_w_reg[1][0]_srl2_wgt_skew_c_0/CLK
Min Period        n/a     SRL16E/CLK  n/a            1.524         5.000       3.476      SLICE_X12Y49  wgt_skew[4].cn.d_w_reg[1][1]_srl2_wgt_skew_c_0/CLK
Min Period        n/a     SRL16E/CLK  n/a            1.524         5.000       3.476      SLICE_X12Y47  wgt_skew[4].cn.d_w_reg[1][2]_srl2_wgt_skew_c_0/CLK
Min Period        n/a     SRL16E/CLK  n/a            1.524         5.000       3.476      SLICE_X12Y47  wgt_skew[4].cn.d_w_reg[1][3]_srl2_wgt_skew_c_0/CLK
Min Period        n/a     SRL16E/CLK  n/a            1.524         5.000       3.476      SLICE_X13Y48  wgt_skew[4].cn.d_w_reg[1][4]_srl2_wgt_skew_c_0/CLK
Min Period        n/a     SRL16E/CLK  n/a            1.524         5.000       3.476      SLICE_X12Y49  wgt_skew[4].cn.d_w_reg[1][5]_srl2_wgt_skew_c_0/CLK
Min Period        n/a     SRL16E/CLK  n/a            1.524         5.000       3.476      SLICE_X12Y47  wgt_skew[4].cn.d_w_reg[1][6]_srl2_wgt_skew_c_0/CLK
Min Period        n/a     SRL16E/CLK  n/a            1.524         5.000       3.476      SLICE_X12Y47  wgt_skew[4].cn.d_w_reg[1][7]_srl2_wgt_skew_c_0/CLK
Min Period        n/a     SRL16E/CLK  n/a            1.524         5.000       3.476      SLICE_X12Y43  wgt_skew[5].cn.d_w_reg[2][0]_srl3_wgt_skew_c_1/CLK
Min Period        n/a     SRL16E/CLK  n/a            1.524         5.000       3.476      SLICE_X12Y47  wgt_skew[5].cn.d_w_reg[2][1]_srl3_wgt_skew_c_1/CLK
Low Pulse Width   Slow    SRL16E/CLK  n/a            0.762         2.500       1.738      SLICE_X12Y47  wgt_skew[4].cn.d_w_reg[1][0]_srl2_wgt_skew_c_0/CLK
Low Pulse Width   Fast    SRL16E/CLK  n/a            0.762         2.500       1.738      SLICE_X12Y47  wgt_skew[4].cn.d_w_reg[1][0]_srl2_wgt_skew_c_0/CLK
Low Pulse Width   Slow    SRL16E/CLK  n/a            0.762         2.500       1.738      SLICE_X12Y49  wgt_skew[4].cn.d_w_reg[1][1]_srl2_wgt_skew_c_0/CLK
Low Pulse Width   Fast    SRL16E/CLK  n/a            0.762         2.500       1.738      SLICE_X12Y49  wgt_skew[4].cn.d_w_reg[1][1]_srl2_wgt_skew_c_0/CLK
Low Pulse Width   Slow    SRL16E/CLK  n/a            0.762         2.500       1.738      SLICE_X12Y47  wgt_skew[4].cn.d_w_reg[1][2]_srl2_wgt_skew_c_0/CLK
Low Pulse Width   Fast    SRL16E/CLK  n/a            0.762         2.500       1.738      SLICE_X12Y47  wgt_skew[4].cn.d_w_reg[1][2]_srl2_wgt_skew_c_0/CLK
Low Pulse Width   Slow    SRL16E/CLK  n/a            0.762         2.500       1.738      SLICE_X12Y47  wgt_skew[4].cn.d_w_reg[1][3]_srl2_wgt_skew_c_0/CLK
Low Pulse Width   Fast    SRL16E/CLK  n/a            0.762         2.500       1.738      SLICE_X12Y47  wgt_skew[4].cn.d_w_reg[1][3]_srl2_wgt_skew_c_0/CLK
Low Pulse Width   Slow    SRL16E/CLK  n/a            0.762         2.500       1.738      SLICE_X13Y48  wgt_skew[4].cn.d_w_reg[1][4]_srl2_wgt_skew_c_0/CLK
Low Pulse Width   Fast    SRL16E/CLK  n/a            0.762         2.500       1.738      SLICE_X13Y48  wgt_skew[4].cn.d_w_reg[1][4]_srl2_wgt_skew_c_0/CLK
High Pulse Width  Slow    SRL16E/CLK  n/a            0.762         2.500       1.738      SLICE_X12Y47  wgt_skew[4].cn.d_w_reg[1][0]_srl2_wgt_skew_c_0/CLK
High Pulse Width  Fast    SRL16E/CLK  n/a            0.762         2.500       1.738      SLICE_X12Y47  wgt_skew[4].cn.d_w_reg[1][0]_srl2_wgt_skew_c_0/CLK
High Pulse Width  Slow    SRL16E/CLK  n/a            0.762         2.500       1.738      SLICE_X12Y49  wgt_skew[4].cn.d_w_reg[1][1]_srl2_wgt_skew_c_0/CLK
High Pulse Width  Fast    SRL16E/CLK  n/a            0.762         2.500       1.738      SLICE_X12Y49  wgt_skew[4].cn.d_w_reg[1][1]_srl2_wgt_skew_c_0/CLK
High Pulse Width  Slow    SRL16E/CLK  n/a            0.762         2.500       1.738      SLICE_X12Y47  wgt_skew[4].cn.d_w_reg[1][2]_srl2_wgt_skew_c_0/CLK
High Pulse Width  Fast    SRL16E/CLK  n/a            0.762         2.500       1.738      SLICE_X12Y47  wgt_skew[4].cn.d_w_reg[1][2]_srl2_wgt_skew_c_0/CLK
High Pulse Width  Slow    SRL16E/CLK  n/a            0.762         2.500       1.738      SLICE_X12Y47  wgt_skew[4].cn.d_w_reg[1][3]_srl2_wgt_skew_c_0/CLK
High Pulse Width  Fast    SRL16E/CLK  n/a            0.762         2.500       1.738      SLICE_X12Y47  wgt_skew[4].cn.d_w_reg[1][3]_srl2_wgt_skew_c_0/CLK
High Pulse Width  Slow    SRL16E/CLK  n/a            0.762         2.500       1.738      SLICE_X13Y48  wgt_skew[4].cn.d_w_reg[1][4]_srl2_wgt_skew_c_0/CLK
High Pulse Width  Fast    SRL16E/CLK  n/a            0.762         2.500       1.738      SLICE_X13Y48  wgt_skew[4].cn.d_w_reg[1][4]_srl2_wgt_skew_c_0/CLK



