Copyright 1986-2022 Xilinx, Inc. All Rights Reserved. Copyright 2022-2025 Advanced Micro Devices, Inc. All Rights Reserved.
--------------------------------------------------------------------------------------------------------------------------------------------------
| Tool Version      : Vivado v.2025.1 (lin64) Build 6140274 Wed May 21 22:58:25 MDT 2025
| Date              : Fri Jul 24 13:44:28 2026
| Host              : yun-MS-7B50 running 64-bit Ubuntu 22.04.5 LTS
| Command           : report_timing -delay_type max -max_paths 5 -sort_by group -file reports/skew_buf_impl_timing_worst.rpt
| Design            : skew_buf
| Device            : xck26-sfvc784
| Speed File        : -2LV  PRODUCTION 1.30 05-15-2022
| Design State      : Routed
| Temperature Grade : C
--------------------------------------------------------------------------------------------------------------------------------------------------

Timing Report

Slack (MET) :             2.804ns  (required time - arrival time)
  Source:                 pair_skew[1].gn.d_hi_reg[0][1]/C
                            (rising edge-triggered cell FDCE clocked by clk  {rise@0.000ns fall@2.500ns period=5.000ns})
  Destination:            act_hi_out[1][1]
                            (output port clocked by clk  {rise@0.000ns fall@2.500ns period=5.000ns})
  Path Group:             clk
  Path Type:              Max at Slow Process Corner
  Requirement:            5.000ns  (clk rise@5.000ns - clk rise@0.000ns)
  Data Path Delay:        0.118ns  (logic 0.118ns (100.000%)  route 0.000ns (0.000%))
  Logic Levels:           0  
  Output Delay:           2.000ns
  Clock Path Skew:        -0.043ns (DCD - SCD + CPR)
    Destination Clock Delay (DCD):    0.000ns = ( 5.000 - 5.000 ) 
    Source Clock Delay      (SCD):    0.043ns
    Clock Pessimism Removal (CPR):    0.000ns
  Clock Uncertainty:      0.035ns  ((TSJ^2 + TIJ^2)^1/2 + DJ) / 2 + PE
    Total System Jitter     (TSJ):    0.071ns
    Total Input Jitter      (TIJ):    0.000ns
    Discrete Jitter          (DJ):    0.000ns
    Phase Error              (PE):    0.000ns

    Location             Delay type                Incr(ns)  Path(ns)    Netlist Resource(s)
  -------------------------------------------------------------------    -------------------
                         (clock clk rise edge)        0.000     0.000 r  
                                                      0.000     0.000 r  clk (IN)
                         net (fo=269, unset)          0.043     0.043    clk
    SLICE_X4Y3           FDCE                                         r  pair_skew[1].gn.d_hi_reg[0][1]/C
  -------------------------------------------------------------------    -------------------
    SLICE_X4Y3           FDCE (Prop_EFF2_SLICEM_C_Q)
                                                      0.118     0.161 r  pair_skew[1].gn.d_hi_reg[0][1]/Q
                         net (fo=0)                   0.000     0.161    act_hi_out[1][1]
                                                                      r  act_hi_out[1][1] (OUT)
  -------------------------------------------------------------------    -------------------

                         (clock clk rise edge)        5.000     5.000 r  
                         clock pessimism              0.000     5.000    
                         clock uncertainty           -0.035     4.965    
                         output delay                -2.000     2.965    
  -------------------------------------------------------------------
                         required time                          2.965    
                         arrival time                          -0.161    
  -------------------------------------------------------------------
                         slack                                  2.804    

Slack (MET) :             2.804ns  (required time - arrival time)
  Source:                 pair_skew[1].gn.d_hi_reg[0][3]/C
                            (rising edge-triggered cell FDCE clocked by clk  {rise@0.000ns fall@2.500ns period=5.000ns})
  Destination:            act_hi_out[1][3]
                            (output port clocked by clk  {rise@0.000ns fall@2.500ns period=5.000ns})
  Path Group:             clk
  Path Type:              Max at Slow Process Corner
  Requirement:            5.000ns  (clk rise@5.000ns - clk rise@0.000ns)
  Data Path Delay:        0.118ns  (logic 0.118ns (100.000%)  route 0.000ns (0.000%))
  Logic Levels:           0  
  Output Delay:           2.000ns
  Clock Path Skew:        -0.043ns (DCD - SCD + CPR)
    Destination Clock Delay (DCD):    0.000ns = ( 5.000 - 5.000 ) 
    Source Clock Delay      (SCD):    0.043ns
    Clock Pessimism Removal (CPR):    0.000ns
  Clock Uncertainty:      0.035ns  ((TSJ^2 + TIJ^2)^1/2 + DJ) / 2 + PE
    Total System Jitter     (TSJ):    0.071ns
    Total Input Jitter      (TIJ):    0.000ns
    Discrete Jitter          (DJ):    0.000ns
    Phase Error              (PE):    0.000ns

    Location             Delay type                Incr(ns)  Path(ns)    Netlist Resource(s)
  -------------------------------------------------------------------    -------------------
                         (clock clk rise edge)        0.000     0.000 r  
                                                      0.000     0.000 r  clk (IN)
                         net (fo=269, unset)          0.043     0.043    clk
    SLICE_X4Y3           FDCE                                         r  pair_skew[1].gn.d_hi_reg[0][3]/C
  -------------------------------------------------------------------    -------------------
    SLICE_X4Y3           FDCE (Prop_AFF2_SLICEM_C_Q)
                                                      0.118     0.161 r  pair_skew[1].gn.d_hi_reg[0][3]/Q
                         net (fo=0)                   0.000     0.161    act_hi_out[1][3]
                                                                      r  act_hi_out[1][3] (OUT)
  -------------------------------------------------------------------    -------------------

                         (clock clk rise edge)        5.000     5.000 r  
                         clock pessimism              0.000     5.000    
                         clock uncertainty           -0.035     4.965    
                         output delay                -2.000     2.965    
  -------------------------------------------------------------------
                         required time                          2.965    
                         arrival time                          -0.161    
  -------------------------------------------------------------------
                         slack                                  2.804    

Slack (MET) :             2.804ns  (required time - arrival time)
  Source:                 pair_skew[2].gn.d_hi_reg[1][1]/C
                            (rising edge-triggered cell FDCE clocked by clk  {rise@0.000ns fall@2.500ns period=5.000ns})
  Destination:            act_hi_out[2][1]
                            (output port clocked by clk  {rise@0.000ns fall@2.500ns period=5.000ns})
  Path Group:             clk
  Path Type:              Max at Slow Process Corner
  Requirement:            5.000ns  (clk rise@5.000ns - clk rise@0.000ns)
  Data Path Delay:        0.118ns  (logic 0.118ns (100.000%)  route 0.000ns (0.000%))
  Logic Levels:           0  
  Output Delay:           2.000ns
  Clock Path Skew:        -0.043ns (DCD - SCD + CPR)
    Destination Clock Delay (DCD):    0.000ns = ( 5.000 - 5.000 ) 
    Source Clock Delay      (SCD):    0.043ns
    Clock Pessimism Removal (CPR):    0.000ns
  Clock Uncertainty:      0.035ns  ((TSJ^2 + TIJ^2)^1/2 + DJ) / 2 + PE
    Total System Jitter     (TSJ):    0.071ns
    Total Input Jitter      (TIJ):    0.000ns
    Discrete Jitter          (DJ):    0.000ns
    Phase Error              (PE):    0.000ns

    Location             Delay type                Incr(ns)  Path(ns)    Netlist Resource(s)
  -------------------------------------------------------------------    -------------------
                         (clock clk rise edge)        0.000     0.000 r  
                                                      0.000     0.000 r  clk (IN)
                         net (fo=269, unset)          0.043     0.043    clk
    SLICE_X10Y17         FDCE                                         r  pair_skew[2].gn.d_hi_reg[1][1]/C
  -------------------------------------------------------------------    -------------------
    SLICE_X10Y17         FDCE (Prop_EFF2_SLICEM_C_Q)
                                                      0.118     0.161 r  pair_skew[2].gn.d_hi_reg[1][1]/Q
                         net (fo=0)                   0.000     0.161    act_hi_out[2][1]
                                                                      r  act_hi_out[2][1] (OUT)
  -------------------------------------------------------------------    -------------------

                         (clock clk rise edge)        5.000     5.000 r  
                         clock pessimism              0.000     5.000    
                         clock uncertainty           -0.035     4.965    
                         output delay                -2.000     2.965    
  -------------------------------------------------------------------
                         required time                          2.965    
                         arrival time                          -0.161    
  -------------------------------------------------------------------
                         slack                                  2.804    

Slack (MET) :             2.804ns  (required time - arrival time)
  Source:                 pair_skew[2].gn.d_hi_reg[1][6]/C
                            (rising edge-triggered cell FDCE clocked by clk  {rise@0.000ns fall@2.500ns period=5.000ns})
  Destination:            act_hi_out[2][6]
                            (output port clocked by clk  {rise@0.000ns fall@2.500ns period=5.000ns})
  Path Group:             clk
  Path Type:              Max at Slow Process Corner
  Requirement:            5.000ns  (clk rise@5.000ns - clk rise@0.000ns)
  Data Path Delay:        0.118ns  (logic 0.118ns (100.000%)  route 0.000ns (0.000%))
  Logic Levels:           0  
  Output Delay:           2.000ns
  Clock Path Skew:        -0.043ns (DCD - SCD + CPR)
    Destination Clock Delay (DCD):    0.000ns = ( 5.000 - 5.000 ) 
    Source Clock Delay      (SCD):    0.043ns
    Clock Pessimism Removal (CPR):    0.000ns
  Clock Uncertainty:      0.035ns  ((TSJ^2 + TIJ^2)^1/2 + DJ) / 2 + PE
    Total System Jitter     (TSJ):    0.071ns
    Total Input Jitter      (TIJ):    0.000ns
    Discrete Jitter          (DJ):    0.000ns
    Phase Error              (PE):    0.000ns

    Location             Delay type                Incr(ns)  Path(ns)    Netlist Resource(s)
  -------------------------------------------------------------------    -------------------
                         (clock clk rise edge)        0.000     0.000 r  
                                                      0.000     0.000 r  clk (IN)
                         net (fo=269, unset)          0.043     0.043    clk
    SLICE_X29Y118        FDCE                                         r  pair_skew[2].gn.d_hi_reg[1][6]/C
  -------------------------------------------------------------------    -------------------
    SLICE_X29Y118        FDCE (Prop_GFF2_SLICEM_C_Q)
                                                      0.118     0.161 r  pair_skew[2].gn.d_hi_reg[1][6]/Q
                         net (fo=0)                   0.000     0.161    act_hi_out[2][6]
                                                                      r  act_hi_out[2][6] (OUT)
  -------------------------------------------------------------------    -------------------

                         (clock clk rise edge)        5.000     5.000 r  
                         clock pessimism              0.000     5.000    
                         clock uncertainty           -0.035     4.965    
                         output delay                -2.000     2.965    
  -------------------------------------------------------------------
                         required time                          2.965    
                         arrival time                          -0.161    
  -------------------------------------------------------------------
                         slack                                  2.804    

Slack (MET) :             2.804ns  (required time - arrival time)
  Source:                 pair_skew[2].gn.d_hi_reg[1][7]/C
                            (rising edge-triggered cell FDCE clocked by clk  {rise@0.000ns fall@2.500ns period=5.000ns})
  Destination:            act_hi_out[2][7]
                            (output port clocked by clk  {rise@0.000ns fall@2.500ns period=5.000ns})
  Path Group:             clk
  Path Type:              Max at Slow Process Corner
  Requirement:            5.000ns  (clk rise@5.000ns - clk rise@0.000ns)
  Data Path Delay:        0.118ns  (logic 0.118ns (100.000%)  route 0.000ns (0.000%))
  Logic Levels:           0  
  Output Delay:           2.000ns
  Clock Path Skew:        -0.043ns (DCD - SCD + CPR)
    Destination Clock Delay (DCD):    0.000ns = ( 5.000 - 5.000 ) 
    Source Clock Delay      (SCD):    0.043ns
    Clock Pessimism Removal (CPR):    0.000ns
  Clock Uncertainty:      0.035ns  ((TSJ^2 + TIJ^2)^1/2 + DJ) / 2 + PE
    Total System Jitter     (TSJ):    0.071ns
    Total Input Jitter      (TIJ):    0.000ns
    Discrete Jitter          (DJ):    0.000ns
    Phase Error              (PE):    0.000ns

    Location             Delay type                Incr(ns)  Path(ns)    Netlist Resource(s)
  -------------------------------------------------------------------    -------------------
                         (clock clk rise edge)        0.000     0.000 r  
                                                      0.000     0.000 r  clk (IN)
                         net (fo=269, unset)          0.043     0.043    clk
    SLICE_X29Y118        FDCE                                         r  pair_skew[2].gn.d_hi_reg[1][7]/C
  -------------------------------------------------------------------    -------------------
    SLICE_X29Y118        FDCE (Prop_AFF2_SLICEM_C_Q)
                                                      0.118     0.161 r  pair_skew[2].gn.d_hi_reg[1][7]/Q
                         net (fo=0)                   0.000     0.161    act_hi_out[2][7]
                                                                      r  act_hi_out[2][7] (OUT)
  -------------------------------------------------------------------    -------------------

                         (clock clk rise edge)        5.000     5.000 r  
                         clock pessimism              0.000     5.000    
                         clock uncertainty           -0.035     4.965    
                         output delay                -2.000     2.965    
  -------------------------------------------------------------------
                         required time                          2.965    
                         arrival time                          -0.161    
  -------------------------------------------------------------------
                         slack                                  2.804    




