Copyright 1986-2022 Xilinx, Inc. All Rights Reserved. Copyright 2022-2025 Advanced Micro Devices, Inc. All Rights Reserved.
--------------------------------------------------------------------------------------------------------------------------------------------------------
| Tool Version      : Vivado v.2025.1 (lin64) Build 6140274 Wed May 21 22:58:25 MDT 2025
| Date              : Fri Jul 24 19:39:54 2026
| Host              : yun-MS-7B50 running 64-bit Ubuntu 22.04.5 LTS
| Command           : report_timing_summary -delay_type min_max -check_timing_verbose -max_paths 10 -file reports/weight_loader_impl_timing_summary.rpt
| Design            : weight_loader
| Device            : xck26-sfvc784
| Speed File        : -2LV  PRODUCTION 1.30 05-15-2022
| Design State      : Routed
| Temperature Grade : C
--------------------------------------------------------------------------------------------------------------------------------------------------------

Timing Summary Report

------------------------------------------------------------------------------------------------
| Timer Settings
| --------------
------------------------------------------------------------------------------------------------

  Enable Multi Corner Analysis               :  Yes
  Enable Pessimism Removal                   :  Yes
  Pessimism Removal Resolution               :  Nearest Common Node
  Enable Input Delay Default Clock           :  No
  Enable Preset / Clear Arcs                 :  No
  Disable Flight Delays                      :  No
  Ignore I/O Paths                           :  No
  Timing Early Launch at Borrowing Latches   :  No
  Borrow Time for Max Delay Exceptions       :  Yes
  Merge Timing Exceptions                    :  Yes
  Inter-SLR Compensation                     :  Conservative

  Corner  Analyze    Analyze    
  Name    Max Paths  Min Paths  
  ------  ---------  ---------  
  Slow    Yes        Yes        
  Fast    Yes        Yes        


------------------------------------------------------------------------------------------------
| Report Methodology
| ------------------
------------------------------------------------------------------------------------------------

No report available as report_methodology has not been run prior. Run report_methodology on the current design for the summary of methodology violations.



check_timing report

Table of Contents
-----------------
1. checking no_clock (0)
2. checking constant_clock (0)
3. checking pulse_width_clock (0)
4. checking unconstrained_internal_endpoints (0)
5. checking no_input_delay (97)
6. checking no_output_delay (0)
7. checking multiple_clock (0)
8. checking generated_clocks (0)
9. checking loops (0)
10. checking partial_input_delay (0)
11. checking partial_output_delay (0)
12. checking latch_loops (0)

1. checking no_clock (0)
------------------------
 There are 0 register/latch pins with no clock.


2. checking constant_clock (0)
------------------------------
 There are 0 register/latch pins with constant_clock.


3. checking pulse_width_clock (0)
---------------------------------
 There are 0 register/latch pins which need pulse_width check


4. checking unconstrained_internal_endpoints (0)
------------------------------------------------
 There are 0 pins that are not constrained for maximum delay.

 There are 0 pins that are not constrained for maximum delay due to constant clock.


5. checking no_input_delay (97)
-------------------------------
 There are 97 input ports with no input delay specified. (HIGH)

base_layer[0]
base_layer[1]
base_layer[2]
base_layer[3]
base_layer[4]
base_layer[5]
base_layer[6]
base_layer[7]
depth_last_in
k_out[0]
k_out[1]
k_out[2]
k_out[3]
k_out[4]
k_out[5]
k_valid
pass_idx[0]
pass_idx[1]
pass_idx[2]
pass_idx[3]
pass_idx[4]
pass_idx[5]
pass_idx[6]
rst_n
wr_addr[0]
wr_addr[1]
wr_addr[2]
wr_addr[3]
wr_addr[4]
wr_addr[5]
wr_addr[6]
wr_addr[7]
wr_data[0][0]
wr_data[0][1]
wr_data[0][2]
wr_data[0][3]
wr_data[0][4]
wr_data[0][5]
wr_data[0][6]
wr_data[0][7]
wr_data[1][0]
wr_data[1][1]
wr_data[1][2]
wr_data[1][3]
wr_data[1][4]
wr_data[1][5]
wr_data[1][6]
wr_data[1][7]
wr_data[2][0]
wr_data[2][1]
wr_data[2][2]
wr_data[2][3]
wr_data[2][4]
wr_data[2][5]
wr_data[2][6]
wr_data[2][7]
wr_data[3][0]
wr_data[3][1]
wr_data[3][2]
wr_data[3][3]
wr_data[3][4]
wr_data[3][5]
wr_data[3][6]
wr_data[3][7]
wr_data[4][0]
wr_data[4][1]
wr_data[4][2]
wr_data[4][3]
wr_data[4][4]
wr_data[4][5]
wr_data[4][6]
wr_data[4][7]
wr_data[5][0]
wr_data[5][1]
wr_data[5][2]
wr_data[5][3]
wr_data[5][4]
wr_data[5][5]
wr_data[5][6]
wr_data[5][7]
wr_data[6][0]
wr_data[6][1]
wr_data[6][2]
wr_data[6][3]
wr_data[6][4]
wr_data[6][5]
wr_data[6][6]
wr_data[6][7]
wr_data[7][0]
wr_data[7][1]
wr_data[7][2]
wr_data[7][3]
wr_data[7][4]
wr_data[7][5]
wr_data[7][6]
wr_data[7][7]
wr_en

 There are 0 input ports with no input delay but user has a false path constraint.


6. checking no_output_delay (0)
-------------------------------
 There are 0 ports with no output delay specified.

 There are 0 ports with no output delay but user has a false path constraint

 There are 0 ports with no output delay but with a timing clock defined on it or propagating through it


7. checking multiple_clock (0)
------------------------------
 There are 0 register/latch pins with multiple clocks.


8. checking generated_clocks (0)
--------------------------------
 There are 0 generated clocks that are not connected to a clock source.


9. checking loops (0)
---------------------
 There are 0 combinational loops in the design.


10. checking partial_input_delay (0)
------------------------------------
 There are 0 input ports with partial input delay specified.


11. checking partial_output_delay (0)
-------------------------------------
 There are 0 ports with partial output delay specified.


12. checking latch_loops (0)
----------------------------
 There are 0 combinational latch loops in the design through latch input



------------------------------------------------------------------------------------------------
| Design Timing Summary
| ---------------------
------------------------------------------------------------------------------------------------

    WNS(ns)      TNS(ns)  TNS Failing Endpoints  TNS Total Endpoints      WHS(ns)      THS(ns)  THS Failing Endpoints  THS Total Endpoints     WPWS(ns)     TPWS(ns)  TPWS Failing Endpoints  TPWS Total Endpoints  
    -------      -------  ---------------------  -------------------      -------      -------  ---------------------  -------------------     --------     --------  ----------------------  --------------------  
      1.944        0.000                      0                  130        0.338        0.000                      0                  130        2.225        0.000                       0                 12866  


All user specified timing constraints are met.


------------------------------------------------------------------------------------------------
| Clock Summary
| -------------
------------------------------------------------------------------------------------------------

Clock  Waveform(ns)         Period(ns)      Frequency(MHz)
-----  ------------         ----------      --------------
clk    {0.000 2.500}        5.000           200.000         


------------------------------------------------------------------------------------------------
| Intra Clock Table
| -----------------
------------------------------------------------------------------------------------------------

Clock             WNS(ns)      TNS(ns)  TNS Failing Endpoints  TNS Total Endpoints      WHS(ns)      THS(ns)  THS Failing Endpoints  THS Total Endpoints     WPWS(ns)     TPWS(ns)  TPWS Failing Endpoints  TPWS Total Endpoints  
-----             -------      -------  ---------------------  -------------------      -------      -------  ---------------------  -------------------     --------     --------  ----------------------  --------------------  
clk                 1.944        0.000                      0                  130        0.338        0.000                      0                  130        2.225        0.000                       0                 12866  


------------------------------------------------------------------------------------------------
| Inter Clock Table
| -----------------
------------------------------------------------------------------------------------------------

From Clock    To Clock          WNS(ns)      TNS(ns)  TNS Failing Endpoints  TNS Total Endpoints      WHS(ns)      THS(ns)  THS Failing Endpoints  THS Total Endpoints  
----------    --------          -------      -------  ---------------------  -------------------      -------      -------  ---------------------  -------------------  


------------------------------------------------------------------------------------------------
| Other Path Groups Table
| -----------------------
------------------------------------------------------------------------------------------------

Path Group    From Clock    To Clock          WNS(ns)      TNS(ns)  TNS Failing Endpoints  TNS Total Endpoints      WHS(ns)      THS(ns)  THS Failing Endpoints  THS Total Endpoints  
----------    ----------    --------          -------      -------  ---------------------  -------------------      -------      -------  ---------------------  -------------------  


------------------------------------------------------------------------------------------------
| Timing Details
| --------------
------------------------------------------------------------------------------------------------


---------------------------------------------------------------------------------------------------
From Clock:  clk
  To Clock:  clk

Setup :            0  Failing Endpoints,  Worst Slack        1.944ns,  Total Violation        0.000ns
Hold  :            0  Failing Endpoints,  Worst Slack        0.338ns,  Total Violation        0.000ns
PW    :            0  Failing Endpoints,  Worst Slack        2.225ns,  Total Violation        0.000ns
---------------------------------------------------------------------------------------------------


Max Delay Paths
--------------------------------------------------------------------------------------
Slack (MET) :             1.944ns  (required time - arrival time)
  Source:                 mem_reg[0][86][2]/C
                            (rising edge-triggered cell FDRE clocked by clk  {rise@0.000ns fall@2.500ns period=5.000ns})
  Destination:            wgt_q_reg[0][2]/D
                            (rising edge-triggered cell FDCE clocked by clk  {rise@0.000ns fall@2.500ns period=5.000ns})
  Path Group:             clk
  Path Type:              Setup (Max at Slow Process Corner)
  Requirement:            5.000ns  (clk rise@5.000ns - clk rise@0.000ns)
  Data Path Delay:        3.053ns  (logic 0.787ns (25.778%)  route 2.266ns (74.222%))
  Logic Levels:           5  (LUT3=1 LUT6=3 MUXF7=1)
  Clock Path Skew:        -0.012ns (DCD - SCD + CPR)
    Destination Clock Delay (DCD):    0.029ns = ( 5.029 - 5.000 ) 
    Source Clock Delay      (SCD):    0.041ns
    Clock Pessimism Removal (CPR):    0.000ns
  Clock Uncertainty:      0.035ns  ((TSJ^2 + TIJ^2)^1/2 + DJ) / 2 + PE
    Total System Jitter     (TSJ):    0.071ns
    Total Input Jitter      (TIJ):    0.000ns
    Discrete Jitter          (DJ):    0.000ns
    Phase Error              (PE):    0.000ns

    Location             Delay type                Incr(ns)  Path(ns)    Netlist Resource(s)
  -------------------------------------------------------------------    -------------------
                         (clock clk rise edge)        0.000     0.000 r  
                                                      0.000     0.000 r  clk (IN)
                         net (fo=12865, unset)        0.041     0.041    clk
    SLICE_X48Y100        FDRE                                         r  mem_reg[0][86][2]/C
  -------------------------------------------------------------------    -------------------
    SLICE_X48Y100        FDRE (Prop_DFF_SLICEL_C_Q)
                                                      0.114     0.155 r  mem_reg[0][86][2]/Q
                         net (fo=1, routed)           0.528     0.683    mem_reg_n_0_[0][86][2]
    SLICE_X49Y100        LUT6 (Prop_G6LUT_SLICEL_I1_O)
                                                      0.186     0.869 r  wgt_q[0][2]_i_63/O
                         net (fo=1, routed)           0.012     0.881    wgt_q[0][2]_i_63_n_0
    SLICE_X49Y100        MUXF7 (Prop_F7MUX_GH_SLICEL_I1_O)
                                                      0.095     0.976 r  wgt_q_reg[0][2]_i_28/O
                         net (fo=1, routed)           0.578     1.554    wgt_q_reg[0][2]_i_28_n_0
    SLICE_X48Y100        LUT3 (Prop_D6LUT_SLICEL_I1_O)
                                                      0.185     1.739 r  wgt_q[0][2]_i_11/O
                         net (fo=1, routed)           0.649     2.388    wgt_q[0][2]_i_11_n_0
    SLICE_X52Y103        LUT6 (Prop_F6LUT_SLICEL_I3_O)
                                                      0.150     2.538 r  wgt_q[0][2]_i_3/O
                         net (fo=1, routed)           0.432     2.970    wgt_q[0][2]_i_3_n_0
    SLICE_X55Y112        LUT6 (Prop_D6LUT_SLICEL_I3_O)
                                                      0.057     3.027 r  wgt_q[0][2]_i_1/O
                         net (fo=1, routed)           0.067     3.094    wgt_q[0][2]_i_1_n_0
    SLICE_X55Y112        FDCE                                         r  wgt_q_reg[0][2]/D
  -------------------------------------------------------------------    -------------------

                         (clock clk rise edge)        5.000     5.000 r  
                                                      0.000     5.000 r  clk (IN)
                         net (fo=12865, unset)        0.029     5.029    clk
    SLICE_X55Y112        FDCE                                         r  wgt_q_reg[0][2]/C
                         clock pessimism              0.000     5.029    
                         clock uncertainty           -0.035     4.994    
    SLICE_X55Y112        FDCE (Setup_DFF_SLICEL_C_D)
                                                      0.044     5.038    wgt_q_reg[0][2]
  -------------------------------------------------------------------
                         required time                          5.038    
                         arrival time                          -3.094    
  -------------------------------------------------------------------
                         slack                                  1.944    

Slack (MET) :             1.994ns  (required time - arrival time)
  Source:                 mem_reg[5][15][2]/C
                            (rising edge-triggered cell FDRE clocked by clk  {rise@0.000ns fall@2.500ns period=5.000ns})
  Destination:            wgt_q_reg[5][2]/D
                            (rising edge-triggered cell FDCE clocked by clk  {rise@0.000ns fall@2.500ns period=5.000ns})
  Path Group:             clk
  Path Type:              Setup (Max at Slow Process Corner)
  Requirement:            5.000ns  (clk rise@5.000ns - clk rise@0.000ns)
  Data Path Delay:        3.002ns  (logic 0.958ns (31.912%)  route 2.044ns (68.088%))
  Logic Levels:           5  (LUT3=1 LUT6=3 MUXF7=1)
  Clock Path Skew:        -0.012ns (DCD - SCD + CPR)
    Destination Clock Delay (DCD):    0.030ns = ( 5.030 - 5.000 ) 
    Source Clock Delay      (SCD):    0.042ns
    Clock Pessimism Removal (CPR):    0.000ns
  Clock Uncertainty:      0.035ns  ((TSJ^2 + TIJ^2)^1/2 + DJ) / 2 + PE
    Total System Jitter     (TSJ):    0.071ns
    Total Input Jitter      (TIJ):    0.000ns
    Discrete Jitter          (DJ):    0.000ns
    Phase Error              (PE):    0.000ns

    Location             Delay type                Incr(ns)  Path(ns)    Netlist Resource(s)
  -------------------------------------------------------------------    -------------------
                         (clock clk rise edge)        0.000     0.000 r  
                                                      0.000     0.000 r  clk (IN)
                         net (fo=12865, unset)        0.042     0.042    clk
    SLICE_X48Y173        FDRE                                         r  mem_reg[5][15][2]/C
  -------------------------------------------------------------------    -------------------
    SLICE_X48Y173        FDRE (Prop_HFF2_SLICEL_C_Q)
                                                      0.115     0.157 r  mem_reg[5][15][2]/Q
                         net (fo=1, routed)           0.213     0.370    mem_reg[5][15][2]
    SLICE_X48Y173        LUT6 (Prop_G6LUT_SLICEL_I0_O)
                                                      0.186     0.556 r  wgt_q[5][2]_i_53/O
                         net (fo=1, routed)           0.012     0.568    wgt_q[5][2]_i_53_n_0
    SLICE_X48Y173        MUXF7 (Prop_F7MUX_GH_SLICEL_I1_O)
                                                      0.095     0.663 r  wgt_q_reg[5][2]_i_23/O
                         net (fo=1, routed)           0.630     1.293    wgt_q_reg[5][2]_i_23_n_0
    SLICE_X49Y175        LUT3 (Prop_D5LUT_SLICEL_I2_O)
                                                      0.187     1.480 r  wgt_q[5][2]_i_8/O
                         net (fo=1, routed)           0.605     2.085    wgt_q[5][2]_i_8_n_0
    SLICE_X45Y175        LUT6 (Prop_F6LUT_SLICEM_I5_O)
                                                      0.224     2.309 r  wgt_q[5][2]_i_2/O
                         net (fo=1, routed)           0.488     2.797    wgt_q[5][2]_i_2_n_0
    SLICE_X41Y182        LUT6 (Prop_D6LUT_SLICEM_I1_O)
                                                      0.151     2.948 r  wgt_q[5][2]_i_1/O
                         net (fo=1, routed)           0.096     3.044    wgt_q[5][2]_i_1_n_0
    SLICE_X41Y182        FDCE                                         r  wgt_q_reg[5][2]/D
  -------------------------------------------------------------------    -------------------

                         (clock clk rise edge)        5.000     5.000 r  
                                                      0.000     5.000 r  clk (IN)
                         net (fo=12865, unset)        0.030     5.030    clk
    SLICE_X41Y182        FDCE                                         r  wgt_q_reg[5][2]/C
                         clock pessimism              0.000     5.030    
                         clock uncertainty           -0.035     4.995    
    SLICE_X41Y182        FDCE (Setup_DFF_SLICEM_C_D)
                                                      0.043     5.038    wgt_q_reg[5][2]
  -------------------------------------------------------------------
                         required time                          5.038    
                         arrival time                          -3.044    
  -------------------------------------------------------------------
                         slack                                  1.994    

Slack (MET) :             2.058ns  (required time - arrival time)
  Source:                 mem_reg[2][149][3]/C
                            (rising edge-triggered cell FDRE clocked by clk  {rise@0.000ns fall@2.500ns period=5.000ns})
  Destination:            wgt_q_reg[2][3]/D
                            (rising edge-triggered cell FDCE clocked by clk  {rise@0.000ns fall@2.500ns period=5.000ns})
  Path Group:             clk
  Path Type:              Setup (Max at Slow Process Corner)
  Requirement:            5.000ns  (clk rise@5.000ns - clk rise@0.000ns)
  Data Path Delay:        2.938ns  (logic 1.029ns (35.024%)  route 1.909ns (64.976%))
  Logic Levels:           5  (LUT3=1 LUT5=1 LUT6=3)
  Clock Path Skew:        -0.013ns (DCD - SCD + CPR)
    Destination Clock Delay (DCD):    0.029ns = ( 5.029 - 5.000 ) 
    Source Clock Delay      (SCD):    0.042ns
    Clock Pessimism Removal (CPR):    0.000ns
  Clock Uncertainty:      0.035ns  ((TSJ^2 + TIJ^2)^1/2 + DJ) / 2 + PE
    Total System Jitter     (TSJ):    0.071ns
    Total Input Jitter      (TIJ):    0.000ns
    Discrete Jitter          (DJ):    0.000ns
    Phase Error              (PE):    0.000ns

    Location             Delay type                Incr(ns)  Path(ns)    Netlist Resource(s)
  -------------------------------------------------------------------    -------------------
                         (clock clk rise edge)        0.000     0.000 r  
                                                      0.000     0.000 r  clk (IN)
                         net (fo=12865, unset)        0.042     0.042    clk
    SLICE_X23Y125        FDRE                                         r  mem_reg[2][149][3]/C
  -------------------------------------------------------------------    -------------------
    SLICE_X23Y125        FDRE (Prop_HFF2_SLICEL_C_Q)
                                                      0.115     0.157 r  mem_reg[2][149][3]/Q
                         net (fo=1, routed)           0.420     0.577    mem_reg[2][149][3]
    SLICE_X22Y126        LUT6 (Prop_D6LUT_SLICEL_I3_O)
                                                      0.221     0.798 r  wgt_q[2][3]_i_80/O
                         net (fo=1, routed)           0.735     1.533    wgt_q[2][3]_i_80_n_0
    SLICE_X25Y126        LUT6 (Prop_G6LUT_SLICEM_I3_O)
                                                      0.186     1.719 r  wgt_q[2][3]_i_36/O
                         net (fo=1, routed)           0.102     1.821    wgt_q[2][3]_i_36_n_0
    SLICE_X25Y126        LUT3 (Prop_D5LUT_SLICEM_I0_O)
                                                      0.135     1.956 r  wgt_q[2][3]_i_15/O
                         net (fo=1, routed)           0.261     2.217    wgt_q[2][3]_i_15_n_0
    SLICE_X27Y126        LUT5 (Prop_F6LUT_SLICEL_I4_O)
                                                      0.187     2.404 r  wgt_q[2][3]_i_4/O
                         net (fo=1, routed)           0.324     2.728    wgt_q[2][3]_i_4_n_0
    SLICE_X27Y114        LUT6 (Prop_D6LUT_SLICEL_I5_O)
                                                      0.185     2.913 r  wgt_q[2][3]_i_1/O
                         net (fo=1, routed)           0.067     2.980    wgt_q[2][3]_i_1_n_0
    SLICE_X27Y114        FDCE                                         r  wgt_q_reg[2][3]/D
  -------------------------------------------------------------------    -------------------

                         (clock clk rise edge)        5.000     5.000 r  
                                                      0.000     5.000 r  clk (IN)
                         net (fo=12865, unset)        0.029     5.029    clk
    SLICE_X27Y114        FDCE                                         r  wgt_q_reg[2][3]/C
                         clock pessimism              0.000     5.029    
                         clock uncertainty           -0.035     4.994    
    SLICE_X27Y114        FDCE (Setup_DFF_SLICEL_C_D)
                                                      0.044     5.038    wgt_q_reg[2][3]
  -------------------------------------------------------------------
                         required time                          5.038    
                         arrival time                          -2.980    
  -------------------------------------------------------------------
                         slack                                  2.058    

Slack (MET) :             2.220ns  (required time - arrival time)
  Source:                 mem_reg[5][174][4]/C
                            (rising edge-triggered cell FDRE clocked by clk  {rise@0.000ns fall@2.500ns period=5.000ns})
  Destination:            wgt_q_reg[5][4]/D
                            (rising edge-triggered cell FDCE clocked by clk  {rise@0.000ns fall@2.500ns period=5.000ns})
  Path Group:             clk
  Path Type:              Setup (Max at Slow Process Corner)
  Requirement:            5.000ns  (clk rise@5.000ns - clk rise@0.000ns)
  Data Path Delay:        2.775ns  (logic 0.925ns (33.333%)  route 1.850ns (66.667%))
  Logic Levels:           5  (LUT3=1 LUT5=1 LUT6=3)
  Clock Path Skew:        -0.013ns (DCD - SCD + CPR)
    Destination Clock Delay (DCD):    0.030ns = ( 5.030 - 5.000 ) 
    Source Clock Delay      (SCD):    0.043ns
    Clock Pessimism Removal (CPR):    0.000ns
  Clock Uncertainty:      0.035ns  ((TSJ^2 + TIJ^2)^1/2 + DJ) / 2 + PE
    Total System Jitter     (TSJ):    0.071ns
    Total Input Jitter      (TIJ):    0.000ns
    Discrete Jitter          (DJ):    0.000ns
    Phase Error              (PE):    0.000ns

    Location             Delay type                Incr(ns)  Path(ns)    Netlist Resource(s)
  -------------------------------------------------------------------    -------------------
                         (clock clk rise edge)        0.000     0.000 r  
                                                      0.000     0.000 r  clk (IN)
                         net (fo=12865, unset)        0.043     0.043    clk
    SLICE_X35Y207        FDRE                                         r  mem_reg[5][174][4]/C
  -------------------------------------------------------------------    -------------------
    SLICE_X35Y207        FDRE (Prop_DFF2_SLICEM_C_Q)
                                                      0.115     0.158 r  mem_reg[5][174][4]/Q
                         net (fo=1, routed)           0.414     0.572    mem_reg[5][174][4]
    SLICE_X35Y207        LUT6 (Prop_D6LUT_SLICEM_I1_O)
                                                      0.151     0.723 r  wgt_q[5][4]_i_74/O
                         net (fo=1, routed)           0.343     1.066    wgt_q[5][4]_i_74_n_0
    SLICE_X36Y205        LUT6 (Prop_H6LUT_SLICEL_I0_O)
                                                      0.188     1.254 r  wgt_q[5][4]_i_35/O
                         net (fo=1, routed)           0.180     1.434    wgt_q[5][4]_i_35_n_0
    SLICE_X37Y202        LUT3 (Prop_D6LUT_SLICEM_I2_O)
                                                      0.151     1.585 r  wgt_q[5][4]_i_14/O
                         net (fo=1, routed)           0.278     1.863    wgt_q[5][4]_i_14_n_0
    SLICE_X37Y197        LUT5 (Prop_F6LUT_SLICEM_I2_O)
                                                      0.135     1.998 r  wgt_q[5][4]_i_4/O
                         net (fo=1, routed)           0.539     2.537    wgt_q[5][4]_i_4_n_0
    SLICE_X38Y174        LUT6 (Prop_D6LUT_SLICEM_I5_O)
                                                      0.185     2.722 r  wgt_q[5][4]_i_1/O
                         net (fo=1, routed)           0.096     2.818    wgt_q[5][4]_i_1_n_0
    SLICE_X38Y174        FDCE                                         r  wgt_q_reg[5][4]/D
  -------------------------------------------------------------------    -------------------

                         (clock clk rise edge)        5.000     5.000 r  
                                                      0.000     5.000 r  clk (IN)
                         net (fo=12865, unset)        0.030     5.030    clk
    SLICE_X38Y174        FDCE                                         r  wgt_q_reg[5][4]/C
                         clock pessimism              0.000     5.030    
                         clock uncertainty           -0.035     4.995    
    SLICE_X38Y174        FDCE (Setup_DFF_SLICEM_C_D)
                                                      0.043     5.038    wgt_q_reg[5][4]
  -------------------------------------------------------------------
                         required time                          5.038    
                         arrival time                          -2.818    
  -------------------------------------------------------------------
                         slack                                  2.220    

Slack (MET) :             2.223ns  (required time - arrival time)
  Source:                 mem_reg[7][154][5]/C
                            (rising edge-triggered cell FDRE clocked by clk  {rise@0.000ns fall@2.500ns period=5.000ns})
  Destination:            wgt_q_reg[7][5]/D
                            (rising edge-triggered cell FDCE clocked by clk  {rise@0.000ns fall@2.500ns period=5.000ns})
  Path Group:             clk
  Path Type:              Setup (Max at Slow Process Corner)
  Requirement:            5.000ns  (clk rise@5.000ns - clk rise@0.000ns)
  Data Path Delay:        2.774ns  (logic 0.980ns (35.328%)  route 1.794ns (64.672%))
  Logic Levels:           5  (LUT3=1 LUT5=1 LUT6=3)
  Clock Path Skew:        -0.011ns (DCD - SCD + CPR)
    Destination Clock Delay (DCD):    0.030ns = ( 5.030 - 5.000 ) 
    Source Clock Delay      (SCD):    0.041ns
    Clock Pessimism Removal (CPR):    0.000ns
  Clock Uncertainty:      0.035ns  ((TSJ^2 + TIJ^2)^1/2 + DJ) / 2 + PE
    Total System Jitter     (TSJ):    0.071ns
    Total Input Jitter      (TIJ):    0.000ns
    Discrete Jitter          (DJ):    0.000ns
    Phase Error              (PE):    0.000ns

    Location             Delay type                Incr(ns)  Path(ns)    Netlist Resource(s)
  -------------------------------------------------------------------    -------------------
                         (clock clk rise edge)        0.000     0.000 r  
                                                      0.000     0.000 r  clk (IN)
                         net (fo=12865, unset)        0.041     0.041    clk
    SLICE_X27Y204        FDRE                                         r  mem_reg[7][154][5]/C
  -------------------------------------------------------------------    -------------------
    SLICE_X27Y204        FDRE (Prop_AFF2_SLICEL_C_Q)
                                                      0.116     0.157 r  mem_reg[7][154][5]/Q
                         net (fo=1, routed)           0.197     0.354    mem_reg[7][154][5]
    SLICE_X27Y204        LUT6 (Prop_B6LUT_SLICEL_I1_O)
                                                      0.224     0.578 r  wgt_q[7][5]_i_79/O
                         net (fo=1, routed)           0.163     0.741    wgt_q[7][5]_i_79_n_0
    SLICE_X27Y206        LUT6 (Prop_H6LUT_SLICEL_I1_O)
                                                      0.188     0.929 r  wgt_q[7][5]_i_36/O
                         net (fo=1, routed)           0.443     1.372    wgt_q[7][5]_i_36_n_0
    SLICE_X29Y202        LUT3 (Prop_C5LUT_SLICEM_I0_O)
                                                      0.223     1.595 r  wgt_q[7][5]_i_15/O
                         net (fo=1, routed)           0.601     2.196    wgt_q[7][5]_i_15_n_0
    SLICE_X29Y165        LUT5 (Prop_F6LUT_SLICEM_I4_O)
                                                      0.149     2.345 r  wgt_q[7][5]_i_4/O
                         net (fo=1, routed)           0.295     2.640    wgt_q[7][5]_i_4_n_0
    SLICE_X28Y159        LUT6 (Prop_C6LUT_SLICEM_I5_O)
                                                      0.080     2.720 r  wgt_q[7][5]_i_1/O
                         net (fo=1, routed)           0.095     2.815    wgt_q[7][5]_i_1_n_0
    SLICE_X28Y159        FDCE                                         r  wgt_q_reg[7][5]/D
  -------------------------------------------------------------------    -------------------

                         (clock clk rise edge)        5.000     5.000 r  
                                                      0.000     5.000 r  clk (IN)
                         net (fo=12865, unset)        0.030     5.030    clk
    SLICE_X28Y159        FDCE                                         r  wgt_q_reg[7][5]/C
                         clock pessimism              0.000     5.030    
                         clock uncertainty           -0.035     4.995    
    SLICE_X28Y159        FDCE (Setup_CFF_SLICEM_C_D)
                                                      0.043     5.038    wgt_q_reg[7][5]
  -------------------------------------------------------------------
                         required time                          5.038    
                         arrival time                          -2.815    
  -------------------------------------------------------------------
                         slack                                  2.223    

Slack (MET) :             2.226ns  (required time - arrival time)
  Source:                 mem_reg[5][168][1]/C
                            (rising edge-triggered cell FDRE clocked by clk  {rise@0.000ns fall@2.500ns period=5.000ns})
  Destination:            wgt_q_reg[5][1]/D
                            (rising edge-triggered cell FDCE clocked by clk  {rise@0.000ns fall@2.500ns period=5.000ns})
  Path Group:             clk
  Path Type:              Setup (Max at Slow Process Corner)
  Requirement:            5.000ns  (clk rise@5.000ns - clk rise@0.000ns)
  Data Path Delay:        2.770ns  (logic 0.903ns (32.599%)  route 1.867ns (67.401%))
  Logic Levels:           5  (LUT3=1 LUT5=1 LUT6=3)
  Clock Path Skew:        -0.013ns (DCD - SCD + CPR)
    Destination Clock Delay (DCD):    0.029ns = ( 5.029 - 5.000 ) 
    Source Clock Delay      (SCD):    0.042ns
    Clock Pessimism Removal (CPR):    0.000ns
  Clock Uncertainty:      0.035ns  ((TSJ^2 + TIJ^2)^1/2 + DJ) / 2 + PE
    Total System Jitter     (TSJ):    0.071ns
    Total Input Jitter      (TIJ):    0.000ns
    Discrete Jitter          (DJ):    0.000ns
    Phase Error              (PE):    0.000ns

    Location             Delay type                Incr(ns)  Path(ns)    Netlist Resource(s)
  -------------------------------------------------------------------    -------------------
                         (clock clk rise edge)        0.000     0.000 r  
                                                      0.000     0.000 r  clk (IN)
                         net (fo=12865, unset)        0.042     0.042    clk
    SLICE_X49Y198        FDRE                                         r  mem_reg[5][168][1]/C
  -------------------------------------------------------------------    -------------------
    SLICE_X49Y198        FDRE (Prop_HFF2_SLICEL_C_Q)
                                                      0.115     0.157 r  mem_reg[5][168][1]/Q
                         net (fo=1, routed)           0.158     0.315    mem_reg[5][168][1]
    SLICE_X49Y198        LUT6 (Prop_D6LUT_SLICEL_I5_O)
                                                      0.221     0.536 r  wgt_q[5][1]_i_75/O
                         net (fo=1, routed)           0.519     1.055    wgt_q[5][1]_i_75_n_0
    SLICE_X48Y199        LUT6 (Prop_H6LUT_SLICEL_I1_O)
                                                      0.188     1.243 r  wgt_q[5][1]_i_35/O
                         net (fo=1, routed)           0.564     1.807    wgt_q[5][1]_i_35_n_0
    SLICE_X49Y195        LUT3 (Prop_D5LUT_SLICEL_I2_O)
                                                      0.217     2.024 r  wgt_q[5][1]_i_14/O
                         net (fo=1, routed)           0.181     2.205    wgt_q[5][1]_i_14_n_0
    SLICE_X49Y195        LUT5 (Prop_F6LUT_SLICEL_I2_O)
                                                      0.081     2.286 r  wgt_q[5][1]_i_4/O
                         net (fo=1, routed)           0.376     2.662    wgt_q[5][1]_i_4_n_0
    SLICE_X50Y182        LUT6 (Prop_C6LUT_SLICEL_I5_O)
                                                      0.081     2.743 r  wgt_q[5][1]_i_1/O
                         net (fo=1, routed)           0.069     2.812    wgt_q[5][1]_i_1_n_0
    SLICE_X50Y182        FDCE                                         r  wgt_q_reg[5][1]/D
  -------------------------------------------------------------------    -------------------

                         (clock clk rise edge)        5.000     5.000 r  
                                                      0.000     5.000 r  clk (IN)
                         net (fo=12865, unset)        0.029     5.029    clk
    SLICE_X50Y182        FDCE                                         r  wgt_q_reg[5][1]/C
                         clock pessimism              0.000     5.029    
                         clock uncertainty           -0.035     4.994    
    SLICE_X50Y182        FDCE (Setup_CFF_SLICEL_C_D)
                                                      0.044     5.038    wgt_q_reg[5][1]
  -------------------------------------------------------------------
                         required time                          5.038    
                         arrival time                          -2.812    
  -------------------------------------------------------------------
                         slack                                  2.226    

Slack (MET) :             2.249ns  (required time - arrival time)
  Source:                 mem_reg[3][48][4]/C
                            (rising edge-triggered cell FDRE clocked by clk  {rise@0.000ns fall@2.500ns period=5.000ns})
  Destination:            wgt_q_reg[3][4]/D
                            (rising edge-triggered cell FDCE clocked by clk  {rise@0.000ns fall@2.500ns period=5.000ns})
  Path Group:             clk
  Path Type:              Setup (Max at Slow Process Corner)
  Requirement:            5.000ns  (clk rise@5.000ns - clk rise@0.000ns)
  Data Path Delay:        2.747ns  (logic 0.905ns (32.945%)  route 1.842ns (67.055%))
  Logic Levels:           5  (LUT3=1 LUT6=3 MUXF7=1)
  Clock Path Skew:        -0.013ns (DCD - SCD + CPR)
    Destination Clock Delay (DCD):    0.029ns = ( 5.029 - 5.000 ) 
    Source Clock Delay      (SCD):    0.042ns
    Clock Pessimism Removal (CPR):    0.000ns
  Clock Uncertainty:      0.035ns  ((TSJ^2 + TIJ^2)^1/2 + DJ) / 2 + PE
    Total System Jitter     (TSJ):    0.071ns
    Total Input Jitter      (TIJ):    0.000ns
    Discrete Jitter          (DJ):    0.000ns
    Phase Error              (PE):    0.000ns

    Location             Delay type                Incr(ns)  Path(ns)    Netlist Resource(s)
  -------------------------------------------------------------------    -------------------
                         (clock clk rise edge)        0.000     0.000 r  
                                                      0.000     0.000 r  clk (IN)
                         net (fo=12865, unset)        0.042     0.042    clk
    SLICE_X49Y144        FDRE                                         r  mem_reg[3][48][4]/C
  -------------------------------------------------------------------    -------------------
    SLICE_X49Y144        FDRE (Prop_HFF2_SLICEL_C_Q)
                                                      0.115     0.157 r  mem_reg[3][48][4]/Q
                         net (fo=1, routed)           0.623     0.780    mem_reg[3][48][4]
    SLICE_X48Y144        LUT6 (Prop_H6LUT_SLICEL_I5_O)
                                                      0.137     0.917 r  wgt_q[3][4]_i_38/O
                         net (fo=1, routed)           0.015     0.932    wgt_q[3][4]_i_38_n_0
    SLICE_X48Y144        MUXF7 (Prop_F7MUX_GH_SLICEL_I0_O)
                                                      0.096     1.028 r  wgt_q_reg[3][4]_i_16/O
                         net (fo=1, routed)           0.331     1.359    wgt_q_reg[3][4]_i_16_n_0
    SLICE_X48Y144        LUT3 (Prop_D5LUT_SLICEL_I1_O)
                                                      0.217     1.576 r  wgt_q[3][4]_i_5/O
                         net (fo=1, routed)           0.648     2.224    wgt_q[3][4]_i_5_n_0
    SLICE_X50Y144        LUT6 (Prop_H6LUT_SLICEL_I0_O)
                                                      0.188     2.412 r  wgt_q[3][4]_i_2/O
                         net (fo=1, routed)           0.158     2.570    wgt_q[3][4]_i_2_n_0
    SLICE_X51Y147        LUT6 (Prop_D6LUT_SLICEL_I1_O)
                                                      0.152     2.722 r  wgt_q[3][4]_i_1/O
                         net (fo=1, routed)           0.067     2.789    wgt_q[3][4]_i_1_n_0
    SLICE_X51Y147        FDCE                                         r  wgt_q_reg[3][4]/D
  -------------------------------------------------------------------    -------------------

                         (clock clk rise edge)        5.000     5.000 r  
                                                      0.000     5.000 r  clk (IN)
                         net (fo=12865, unset)        0.029     5.029    clk
    SLICE_X51Y147        FDCE                                         r  wgt_q_reg[3][4]/C
                         clock pessimism              0.000     5.029    
                         clock uncertainty           -0.035     4.994    
    SLICE_X51Y147        FDCE (Setup_DFF_SLICEL_C_D)
                                                      0.044     5.038    wgt_q_reg[3][4]
  -------------------------------------------------------------------
                         required time                          5.038    
                         arrival time                          -2.789    
  -------------------------------------------------------------------
                         slack                                  2.249    

Slack (MET) :             2.259ns  (required time - arrival time)
  Source:                 mem_reg[0][96][4]/C
                            (rising edge-triggered cell FDRE clocked by clk  {rise@0.000ns fall@2.500ns period=5.000ns})
  Destination:            wgt_q_reg[0][4]/D
                            (rising edge-triggered cell FDCE clocked by clk  {rise@0.000ns fall@2.500ns period=5.000ns})
  Path Group:             clk
  Path Type:              Setup (Max at Slow Process Corner)
  Requirement:            5.000ns  (clk rise@5.000ns - clk rise@0.000ns)
  Data Path Delay:        2.737ns  (logic 0.837ns (30.581%)  route 1.900ns (69.419%))
  Logic Levels:           5  (LUT3=1 LUT6=3 MUXF7=1)
  Clock Path Skew:        -0.013ns (DCD - SCD + CPR)
    Destination Clock Delay (DCD):    0.029ns = ( 5.029 - 5.000 ) 
    Source Clock Delay      (SCD):    0.042ns
    Clock Pessimism Removal (CPR):    0.000ns
  Clock Uncertainty:      0.035ns  ((TSJ^2 + TIJ^2)^1/2 + DJ) / 2 + PE
    Total System Jitter     (TSJ):    0.071ns
    Total Input Jitter      (TIJ):    0.000ns
    Discrete Jitter          (DJ):    0.000ns
    Phase Error              (PE):    0.000ns

    Location             Delay type                Incr(ns)  Path(ns)    Netlist Resource(s)
  -------------------------------------------------------------------    -------------------
                         (clock clk rise edge)        0.000     0.000 r  
                                                      0.000     0.000 r  clk (IN)
                         net (fo=12865, unset)        0.042     0.042    clk
    SLICE_X46Y106        FDRE                                         r  mem_reg[0][96][4]/C
  -------------------------------------------------------------------    -------------------
    SLICE_X46Y106        FDRE (Prop_HFF2_SLICEL_C_Q)
                                                      0.115     0.157 r  mem_reg[0][96][4]/Q
                         net (fo=1, routed)           0.213     0.370    mem_reg_n_0_[0][96][4]
    SLICE_X46Y106        LUT6 (Prop_D6LUT_SLICEL_I5_O)
                                                      0.185     0.555 r  wgt_q[0][4]_i_58/O
                         net (fo=1, routed)           0.013     0.568    wgt_q[0][4]_i_58_n_0
    SLICE_X46Y106        MUXF7 (Prop_F7MUX_CD_SLICEL_I0_O)
                                                      0.095     0.663 r  wgt_q_reg[0][4]_i_26/O
                         net (fo=1, routed)           0.195     0.858    wgt_q_reg[0][4]_i_26_n_0
    SLICE_X46Y106        LUT3 (Prop_B6LUT_SLICEL_I1_O)
                                                      0.152     1.010 r  wgt_q[0][4]_i_10/O
                         net (fo=1, routed)           0.895     1.905    wgt_q[0][4]_i_10_n_0
    SLICE_X50Y103        LUT6 (Prop_E6LUT_SLICEL_I1_O)
                                                      0.138     2.043 r  wgt_q[0][4]_i_3/O
                         net (fo=1, routed)           0.517     2.560    wgt_q[0][4]_i_3_n_0
    SLICE_X55Y113        LUT6 (Prop_D6LUT_SLICEL_I3_O)
                                                      0.152     2.712 r  wgt_q[0][4]_i_1/O
                         net (fo=1, routed)           0.067     2.779    wgt_q[0][4]_i_1_n_0
    SLICE_X55Y113        FDCE                                         r  wgt_q_reg[0][4]/D
  -------------------------------------------------------------------    -------------------

                         (clock clk rise edge)        5.000     5.000 r  
                                                      0.000     5.000 r  clk (IN)
                         net (fo=12865, unset)        0.029     5.029    clk
    SLICE_X55Y113        FDCE                                         r  wgt_q_reg[0][4]/C
                         clock pessimism              0.000     5.029    
                         clock uncertainty           -0.035     4.994    
    SLICE_X55Y113        FDCE (Setup_DFF_SLICEL_C_D)
                                                      0.044     5.038    wgt_q_reg[0][4]
  -------------------------------------------------------------------
                         required time                          5.038    
                         arrival time                          -2.779    
  -------------------------------------------------------------------
                         slack                                  2.259    

Slack (MET) :             2.265ns  (required time - arrival time)
  Source:                 mem_reg[6][142][4]/C
                            (rising edge-triggered cell FDRE clocked by clk  {rise@0.000ns fall@2.500ns period=5.000ns})
  Destination:            wgt_q_reg[6][4]/D
                            (rising edge-triggered cell FDCE clocked by clk  {rise@0.000ns fall@2.500ns period=5.000ns})
  Path Group:             clk
  Path Type:              Setup (Max at Slow Process Corner)
  Requirement:            5.000ns  (clk rise@5.000ns - clk rise@0.000ns)
  Data Path Delay:        2.732ns  (logic 0.964ns (35.286%)  route 1.768ns (64.715%))
  Logic Levels:           5  (LUT3=1 LUT5=1 LUT6=3)
  Clock Path Skew:        -0.011ns (DCD - SCD + CPR)
    Destination Clock Delay (DCD):    0.030ns = ( 5.030 - 5.000 ) 
    Source Clock Delay      (SCD):    0.041ns
    Clock Pessimism Removal (CPR):    0.000ns
  Clock Uncertainty:      0.035ns  ((TSJ^2 + TIJ^2)^1/2 + DJ) / 2 + PE
    Total System Jitter     (TSJ):    0.071ns
    Total Input Jitter      (TIJ):    0.000ns
    Discrete Jitter          (DJ):    0.000ns
    Phase Error              (PE):    0.000ns

    Location             Delay type                Incr(ns)  Path(ns)    Netlist Resource(s)
  -------------------------------------------------------------------    -------------------
                         (clock clk rise edge)        0.000     0.000 r  
                                                      0.000     0.000 r  clk (IN)
                         net (fo=12865, unset)        0.041     0.041    clk
    SLICE_X47Y200        FDRE                                         r  mem_reg[6][142][4]/C
  -------------------------------------------------------------------    -------------------
    SLICE_X47Y200        FDRE (Prop_DFF2_SLICEL_C_Q)
                                                      0.115     0.156 r  mem_reg[6][142][4]/Q
                         net (fo=1, routed)           0.265     0.421    mem_reg[6][142][4]
    SLICE_X47Y200        LUT6 (Prop_H6LUT_SLICEL_I1_O)
                                                      0.153     0.574 r  wgt_q[6][4]_i_84/O
                         net (fo=1, routed)           0.572     1.146    wgt_q[6][4]_i_84_n_0
    SLICE_X49Y200        LUT6 (Prop_H6LUT_SLICEL_I0_O)
                                                      0.137     1.283 r  wgt_q[6][4]_i_37/O
                         net (fo=1, routed)           0.369     1.652    wgt_q[6][4]_i_37_n_0
    SLICE_X52Y197        LUT3 (Prop_C6LUT_SLICEL_I2_O)
                                                      0.150     1.802 r  wgt_q[6][4]_i_15/O
                         net (fo=1, routed)           0.071     1.873    wgt_q[6][4]_i_15_n_0
    SLICE_X52Y197        LUT5 (Prop_F6LUT_SLICEL_I4_O)
                                                      0.224     2.097 r  wgt_q[6][4]_i_4/O
                         net (fo=1, routed)           0.395     2.492    wgt_q[6][4]_i_4_n_0
    SLICE_X54Y185        LUT6 (Prop_D6LUT_SLICEM_I5_O)
                                                      0.185     2.677 r  wgt_q[6][4]_i_1/O
                         net (fo=1, routed)           0.096     2.773    wgt_q[6][4]_i_1_n_0
    SLICE_X54Y185        FDCE                                         r  wgt_q_reg[6][4]/D
  -------------------------------------------------------------------    -------------------

                         (clock clk rise edge)        5.000     5.000 r  
                                                      0.000     5.000 r  clk (IN)
                         net (fo=12865, unset)        0.030     5.030    clk
    SLICE_X54Y185        FDCE                                         r  wgt_q_reg[6][4]/C
                         clock pessimism              0.000     5.030    
                         clock uncertainty           -0.035     4.995    
    SLICE_X54Y185        FDCE (Setup_DFF_SLICEM_C_D)
                                                      0.043     5.038    wgt_q_reg[6][4]
  -------------------------------------------------------------------
                         required time                          5.038    
                         arrival time                          -2.773    
  -------------------------------------------------------------------
                         slack                                  2.265    

Slack (MET) :             2.266ns  (required time - arrival time)
  Source:                 mem_reg[0][113][0]/C
                            (rising edge-triggered cell FDRE clocked by clk  {rise@0.000ns fall@2.500ns period=5.000ns})
  Destination:            wgt_q_reg[0][0]/D
                            (rising edge-triggered cell FDCE clocked by clk  {rise@0.000ns fall@2.500ns period=5.000ns})
  Path Group:             clk
  Path Type:              Setup (Max at Slow Process Corner)
  Requirement:            5.000ns  (clk rise@5.000ns - clk rise@0.000ns)
  Data Path Delay:        2.730ns  (logic 0.860ns (31.502%)  route 1.870ns (68.498%))
  Logic Levels:           5  (LUT3=1 LUT6=3 MUXF7=1)
  Clock Path Skew:        -0.013ns (DCD - SCD + CPR)
    Destination Clock Delay (DCD):    0.029ns = ( 5.029 - 5.000 ) 
    Source Clock Delay      (SCD):    0.042ns
    Clock Pessimism Removal (CPR):    0.000ns
  Clock Uncertainty:      0.035ns  ((TSJ^2 + TIJ^2)^1/2 + DJ) / 2 + PE
    Total System Jitter     (TSJ):    0.071ns
    Total Input Jitter      (TIJ):    0.000ns
    Discrete Jitter          (DJ):    0.000ns
    Phase Error              (PE):    0.000ns

    Location             Delay type                Incr(ns)  Path(ns)    Netlist Resource(s)
  -------------------------------------------------------------------    -------------------
                         (clock clk rise edge)        0.000     0.000 r  
                                                      0.000     0.000 r  clk (IN)
                         net (fo=12865, unset)        0.042     0.042    clk
    SLICE_X44Y100        FDRE                                         r  mem_reg[0][113][0]/C
  -------------------------------------------------------------------    -------------------
    SLICE_X44Y100        FDRE (Prop_HFF2_SLICEL_C_Q)
                                                      0.115     0.157 r  mem_reg[0][113][0]/Q
                         net (fo=1, routed)           0.213     0.370    mem_reg_n_0_[0][113][0]
    SLICE_X44Y100        LUT6 (Prop_D6LUT_SLICEL_I3_O)
                                                      0.152     0.522 r  wgt_q[0][0]_i_55/O
                         net (fo=1, routed)           0.013     0.535    wgt_q[0][0]_i_55_n_0
    SLICE_X44Y100        MUXF7 (Prop_F7MUX_CD_SLICEL_I0_O)
                                                      0.095     0.630 r  wgt_q_reg[0][0]_i_24/O
                         net (fo=1, routed)           0.364     0.994    wgt_q_reg[0][0]_i_24_n_0
    SLICE_X43Y101        LUT3 (Prop_D6LUT_SLICEM_I1_O)
                                                      0.134     1.128 r  wgt_q[0][0]_i_9/O
                         net (fo=1, routed)           0.298     1.426    wgt_q[0][0]_i_9_n_0
    SLICE_X43Y103        LUT6 (Prop_H6LUT_SLICEM_I0_O)
                                                      0.228     1.654 r  wgt_q[0][0]_i_3/O
                         net (fo=1, routed)           0.913     2.567    wgt_q[0][0]_i_3_n_0
    SLICE_X50Y115        LUT6 (Prop_C6LUT_SLICEL_I3_O)
                                                      0.136     2.703 r  wgt_q[0][0]_i_1/O
                         net (fo=1, routed)           0.069     2.772    wgt_q[0][0]_i_1_n_0
    SLICE_X50Y115        FDCE                                         r  wgt_q_reg[0][0]/D
  -------------------------------------------------------------------    -------------------

                         (clock clk rise edge)        5.000     5.000 r  
                                                      0.000     5.000 r  clk (IN)
                         net (fo=12865, unset)        0.029     5.029    clk
    SLICE_X50Y115        FDCE                                         r  wgt_q_reg[0][0]/C
                         clock pessimism              0.000     5.029    
                         clock uncertainty           -0.035     4.994    
    SLICE_X50Y115        FDCE (Setup_CFF_SLICEL_C_D)
                                                      0.044     5.038    wgt_q_reg[0][0]
  -------------------------------------------------------------------
                         required time                          5.038    
                         arrival time                          -2.772    
  -------------------------------------------------------------------
                         slack                                  2.266    





Min Delay Paths
--------------------------------------------------------------------------------------
Slack (MET) :             0.338ns  (arrival time - required time)
  Source:                 mem_reg[7][193][1]/C
                            (rising edge-triggered cell FDRE clocked by clk  {rise@0.000ns fall@2.500ns period=5.000ns})
  Destination:            wgt_q_reg[7][1]/D
                            (rising edge-triggered cell FDCE clocked by clk  {rise@0.000ns fall@2.500ns period=5.000ns})
  Path Group:             clk
  Path Type:              Hold (Min at Fast Process Corner)
  Requirement:            0.000ns  (clk rise@0.000ns - clk rise@0.000ns)
  Data Path Delay:        0.389ns  (logic 0.221ns (56.812%)  route 0.168ns (43.188%))
  Logic Levels:           4  (LUT5=1 LUT6=2 MUXF7=1)
  Clock Path Skew:        0.007ns (DCD - SCD - CPR)
    Destination Clock Delay (DCD):    0.021ns
    Source Clock Delay      (SCD):    0.014ns
    Clock Pessimism Removal (CPR):    -0.000ns

    Location             Delay type                Incr(ns)  Path(ns)    Netlist Resource(s)
  -------------------------------------------------------------------    -------------------
                         (clock clk rise edge)        0.000     0.000 r  
                                                      0.000     0.000 r  clk (IN)
                         net (fo=12865, unset)        0.014     0.014    clk
    SLICE_X30Y134        FDRE                                         r  mem_reg[7][193][1]/C
  -------------------------------------------------------------------    -------------------
    SLICE_X30Y134        FDRE (Prop_BFF_SLICEL_C_Q)
                                                      0.084     0.098 r  mem_reg[7][193][1]/Q
                         net (fo=1, routed)           0.023     0.121    mem_reg[7][193][1]
    SLICE_X30Y134        LUT6 (Prop_B6LUT_SLICEL_I3_O)
                                                      0.022     0.143 r  wgt_q[7][1]_i_32/O
                         net (fo=1, routed)           0.008     0.151    wgt_q[7][1]_i_32_n_0
    SLICE_X30Y134        MUXF7 (Prop_F7MUX_AB_SLICEL_I0_O)
                                                      0.011     0.162 r  wgt_q_reg[7][1]_i_13/O
                         net (fo=1, routed)           0.064     0.226    wgt_q_reg[7][1]_i_13_n_0
    SLICE_X30Y135        LUT5 (Prop_G6LUT_SLICEL_I0_O)
                                                      0.067     0.293 r  wgt_q[7][1]_i_4/O
                         net (fo=1, routed)           0.046     0.339    wgt_q[7][1]_i_4_n_0
    SLICE_X29Y135        LUT6 (Prop_C6LUT_SLICEM_I5_O)
                                                      0.037     0.376 r  wgt_q[7][1]_i_1/O
                         net (fo=1, routed)           0.027     0.403    wgt_q[7][1]_i_1_n_0
    SLICE_X29Y135        FDCE                                         r  wgt_q_reg[7][1]/D
  -------------------------------------------------------------------    -------------------

                         (clock clk rise edge)        0.000     0.000 r  
                                                      0.000     0.000 r  clk (IN)
                         net (fo=12865, unset)        0.021     0.021    clk
    SLICE_X29Y135        FDCE                                         r  wgt_q_reg[7][1]/C
                         clock pessimism              0.000     0.021    
    SLICE_X29Y135        FDCE (Hold_CFF_SLICEM_C_D)
                                                      0.044     0.065    wgt_q_reg[7][1]
  -------------------------------------------------------------------
                         required time                         -0.065    
                         arrival time                           0.403    
  -------------------------------------------------------------------
                         slack                                  0.338    

Slack (MET) :             0.367ns  (arrival time - required time)
  Source:                 mem_reg[3][192][3]/C
                            (rising edge-triggered cell FDRE clocked by clk  {rise@0.000ns fall@2.500ns period=5.000ns})
  Destination:            wgt_q_reg[3][3]/D
                            (rising edge-triggered cell FDCE clocked by clk  {rise@0.000ns fall@2.500ns period=5.000ns})
  Path Group:             clk
  Path Type:              Hold (Min at Fast Process Corner)
  Requirement:            0.000ns  (clk rise@0.000ns - clk rise@0.000ns)
  Data Path Delay:        0.417ns  (logic 0.173ns (41.487%)  route 0.244ns (58.513%))
  Logic Levels:           4  (LUT5=1 LUT6=2 MUXF7=1)
  Clock Path Skew:        0.006ns (DCD - SCD - CPR)
    Destination Clock Delay (DCD):    0.020ns
    Source Clock Delay      (SCD):    0.014ns
    Clock Pessimism Removal (CPR):    -0.000ns

    Location             Delay type                Incr(ns)  Path(ns)    Netlist Resource(s)
  -------------------------------------------------------------------    -------------------
                         (clock clk rise edge)        0.000     0.000 r  
                                                      0.000     0.000 r  clk (IN)
                         net (fo=12865, unset)        0.014     0.014    clk
    SLICE_X54Y142        FDRE                                         r  mem_reg[3][192][3]/C
  -------------------------------------------------------------------    -------------------
    SLICE_X54Y142        FDRE (Prop_HFF_SLICEM_C_Q)
                                                      0.083     0.097 r  mem_reg[3][192][3]/Q
                         net (fo=1, routed)           0.028     0.125    mem_reg[3][192][3]
    SLICE_X54Y142        LUT6 (Prop_H6LUT_SLICEM_I5_O)
                                                      0.021     0.146 r  wgt_q[3][3]_i_33/O
                         net (fo=1, routed)           0.013     0.159    wgt_q[3][3]_i_33_n_0
    SLICE_X54Y142        MUXF7 (Prop_F7MUX_GH_SLICEM_I0_O)
                                                      0.012     0.171 r  wgt_q_reg[3][3]_i_13/O
                         net (fo=1, routed)           0.079     0.250    wgt_q_reg[3][3]_i_13_n_0
    SLICE_X54Y142        LUT5 (Prop_D6LUT_SLICEM_I0_O)
                                                      0.037     0.287 r  wgt_q[3][3]_i_4/O
                         net (fo=1, routed)           0.106     0.393    wgt_q[3][3]_i_4_n_0
    SLICE_X52Y139        LUT6 (Prop_G6LUT_SLICEL_I5_O)
                                                      0.020     0.413 r  wgt_q[3][3]_i_1/O
                         net (fo=1, routed)           0.018     0.431    wgt_q[3][3]_i_1_n_0
    SLICE_X52Y139        FDCE                                         r  wgt_q_reg[3][3]/D
  -------------------------------------------------------------------    -------------------

                         (clock clk rise edge)        0.000     0.000 r  
                                                      0.000     0.000 r  clk (IN)
                         net (fo=12865, unset)        0.020     0.020    clk
    SLICE_X52Y139        FDCE                                         r  wgt_q_reg[3][3]/C
                         clock pessimism              0.000     0.020    
    SLICE_X52Y139        FDCE (Hold_GFF_SLICEL_C_D)
                                                      0.044     0.064    wgt_q_reg[3][3]
  -------------------------------------------------------------------
                         required time                         -0.064    
                         arrival time                           0.431    
  -------------------------------------------------------------------
                         slack                                  0.367    

Slack (MET) :             0.378ns  (arrival time - required time)
  Source:                 mem_reg[3][192][5]/C
                            (rising edge-triggered cell FDRE clocked by clk  {rise@0.000ns fall@2.500ns period=5.000ns})
  Destination:            wgt_q_reg[3][5]/D
                            (rising edge-triggered cell FDCE clocked by clk  {rise@0.000ns fall@2.500ns period=5.000ns})
  Path Group:             clk
  Path Type:              Hold (Min at Fast Process Corner)
  Requirement:            0.000ns  (clk rise@0.000ns - clk rise@0.000ns)
  Data Path Delay:        0.429ns  (logic 0.190ns (44.289%)  route 0.239ns (55.711%))
  Logic Levels:           4  (LUT5=1 LUT6=2 MUXF7=1)
  Clock Path Skew:        0.007ns (DCD - SCD - CPR)
    Destination Clock Delay (DCD):    0.021ns
    Source Clock Delay      (SCD):    0.014ns
    Clock Pessimism Removal (CPR):    -0.000ns

    Location             Delay type                Incr(ns)  Path(ns)    Netlist Resource(s)
  -------------------------------------------------------------------    -------------------
                         (clock clk rise edge)        0.000     0.000 r  
                                                      0.000     0.000 r  clk (IN)
                         net (fo=12865, unset)        0.014     0.014    clk
    SLICE_X56Y151        FDRE                                         r  mem_reg[3][192][5]/C
  -------------------------------------------------------------------    -------------------
    SLICE_X56Y151        FDRE (Prop_HFF_SLICEL_C_Q)
                                                      0.084     0.098 r  mem_reg[3][192][5]/Q
                         net (fo=1, routed)           0.023     0.121    mem_reg[3][192][5]
    SLICE_X56Y151        LUT6 (Prop_H6LUT_SLICEL_I5_O)
                                                      0.021     0.142 r  wgt_q[3][5]_i_32/O
                         net (fo=1, routed)           0.009     0.151    wgt_q[3][5]_i_32_n_0
    SLICE_X56Y151        MUXF7 (Prop_F7MUX_GH_SLICEL_I0_O)
                                                      0.011     0.162 r  wgt_q_reg[3][5]_i_13/O
                         net (fo=1, routed)           0.088     0.250    wgt_q_reg[3][5]_i_13_n_0
    SLICE_X56Y151        LUT5 (Prop_F6LUT_SLICEL_I0_O)
                                                      0.037     0.287 r  wgt_q[3][5]_i_4/O
                         net (fo=1, routed)           0.090     0.377    wgt_q[3][5]_i_4_n_0
    SLICE_X53Y151        LUT6 (Prop_D6LUT_SLICEM_I5_O)
                                                      0.037     0.414 r  wgt_q[3][5]_i_1/O
                         net (fo=1, routed)           0.029     0.443    wgt_q[3][5]_i_1_n_0
    SLICE_X53Y151        FDCE                                         r  wgt_q_reg[3][5]/D
  -------------------------------------------------------------------    -------------------

                         (clock clk rise edge)        0.000     0.000 r  
                                                      0.000     0.000 r  clk (IN)
                         net (fo=12865, unset)        0.021     0.021    clk
    SLICE_X53Y151        FDCE                                         r  wgt_q_reg[3][5]/C
                         clock pessimism              0.000     0.021    
    SLICE_X53Y151        FDCE (Hold_DFF_SLICEM_C_D)
                                                      0.044     0.065    wgt_q_reg[3][5]
  -------------------------------------------------------------------
                         required time                         -0.065    
                         arrival time                           0.443    
  -------------------------------------------------------------------
                         slack                                  0.378    

Slack (MET) :             0.379ns  (arrival time - required time)
  Source:                 mem_reg[3][198][1]/C
                            (rising edge-triggered cell FDRE clocked by clk  {rise@0.000ns fall@2.500ns period=5.000ns})
  Destination:            wgt_q_reg[3][1]/D
                            (rising edge-triggered cell FDCE clocked by clk  {rise@0.000ns fall@2.500ns period=5.000ns})
  Path Group:             clk
  Path Type:              Hold (Min at Fast Process Corner)
  Requirement:            0.000ns  (clk rise@0.000ns - clk rise@0.000ns)
  Data Path Delay:        0.428ns  (logic 0.190ns (44.393%)  route 0.238ns (55.607%))
  Logic Levels:           4  (LUT5=1 LUT6=2 MUXF7=1)
  Clock Path Skew:        0.005ns (DCD - SCD - CPR)
    Destination Clock Delay (DCD):    0.019ns
    Source Clock Delay      (SCD):    0.014ns
    Clock Pessimism Removal (CPR):    -0.000ns

    Location             Delay type                Incr(ns)  Path(ns)    Netlist Resource(s)
  -------------------------------------------------------------------    -------------------
                         (clock clk rise edge)        0.000     0.000 r  
                                                      0.000     0.000 r  clk (IN)
                         net (fo=12865, unset)        0.014     0.014    clk
    SLICE_X53Y133        FDRE                                         r  mem_reg[3][198][1]/C
  -------------------------------------------------------------------    -------------------
    SLICE_X53Y133        FDRE (Prop_HFF_SLICEM_C_Q)
                                                      0.083     0.097 r  mem_reg[3][198][1]/Q
                         net (fo=1, routed)           0.025     0.122    mem_reg[3][198][1]
    SLICE_X53Y133        LUT6 (Prop_G6LUT_SLICEM_I1_O)
                                                      0.037     0.159 r  wgt_q[3][1]_i_33/O
                         net (fo=1, routed)           0.013     0.172    wgt_q[3][1]_i_33_n_0
    SLICE_X53Y133        MUXF7 (Prop_F7MUX_GH_SLICEM_I1_O)
                                                      0.012     0.184 r  wgt_q_reg[3][1]_i_13/O
                         net (fo=1, routed)           0.067     0.251    wgt_q_reg[3][1]_i_13_n_0
    SLICE_X53Y135        LUT5 (Prop_F6LUT_SLICEM_I0_O)
                                                      0.021     0.272 r  wgt_q[3][1]_i_4/O
                         net (fo=1, routed)           0.115     0.387    wgt_q[3][1]_i_4_n_0
    SLICE_X50Y135        LUT6 (Prop_D6LUT_SLICEL_I5_O)
                                                      0.037     0.424 r  wgt_q[3][1]_i_1/O
                         net (fo=1, routed)           0.018     0.442    wgt_q[3][1]_i_1_n_0
    SLICE_X50Y135        FDCE                                         r  wgt_q_reg[3][1]/D
  -------------------------------------------------------------------    -------------------

                         (clock clk rise edge)        0.000     0.000 r  
                                                      0.000     0.000 r  clk (IN)
                         net (fo=12865, unset)        0.019     0.019    clk
    SLICE_X50Y135        FDCE                                         r  wgt_q_reg[3][1]/C
                         clock pessimism              0.000     0.019    
    SLICE_X50Y135        FDCE (Hold_DFF_SLICEL_C_D)
                                                      0.044     0.063    wgt_q_reg[3][1]
  -------------------------------------------------------------------
                         required time                         -0.063    
                         arrival time                           0.442    
  -------------------------------------------------------------------
                         slack                                  0.379    

Slack (MET) :             0.384ns  (arrival time - required time)
  Source:                 mem_reg[5][196][5]/C
                            (rising edge-triggered cell FDRE clocked by clk  {rise@0.000ns fall@2.500ns period=5.000ns})
  Destination:            wgt_q_reg[5][5]/D
                            (rising edge-triggered cell FDCE clocked by clk  {rise@0.000ns fall@2.500ns period=5.000ns})
  Path Group:             clk
  Path Type:              Hold (Min at Fast Process Corner)
  Requirement:            0.000ns  (clk rise@0.000ns - clk rise@0.000ns)
  Data Path Delay:        0.433ns  (logic 0.173ns (39.954%)  route 0.260ns (60.046%))
  Logic Levels:           4  (LUT5=1 LUT6=2 MUXF7=1)
  Clock Path Skew:        0.005ns (DCD - SCD - CPR)
    Destination Clock Delay (DCD):    0.019ns
    Source Clock Delay      (SCD):    0.014ns
    Clock Pessimism Removal (CPR):    -0.000ns

    Location             Delay type                Incr(ns)  Path(ns)    Netlist Resource(s)
  -------------------------------------------------------------------    -------------------
                         (clock clk rise edge)        0.000     0.000 r  
                                                      0.000     0.000 r  clk (IN)
                         net (fo=12865, unset)        0.014     0.014    clk
    SLICE_X37Y196        FDRE                                         r  mem_reg[5][196][5]/C
  -------------------------------------------------------------------    -------------------
    SLICE_X37Y196        FDRE (Prop_FFF_SLICEM_C_Q)
                                                      0.082     0.096 r  mem_reg[5][196][5]/Q
                         net (fo=1, routed)           0.027     0.123    mem_reg[5][196][5]
    SLICE_X37Y196        LUT6 (Prop_G6LUT_SLICEM_I5_O)
                                                      0.037     0.160 r  wgt_q[5][5]_i_34/O
                         net (fo=1, routed)           0.013     0.173    wgt_q[5][5]_i_34_n_0
    SLICE_X37Y196        MUXF7 (Prop_F7MUX_GH_SLICEM_I1_O)
                                                      0.012     0.185 r  wgt_q_reg[5][5]_i_13/O
                         net (fo=1, routed)           0.091     0.276    wgt_q_reg[5][5]_i_13_n_0
    SLICE_X37Y196        LUT5 (Prop_F6LUT_SLICEM_I0_O)
                                                      0.021     0.297 r  wgt_q[5][5]_i_4/O
                         net (fo=1, routed)           0.111     0.408    wgt_q[5][5]_i_4_n_0
    SLICE_X36Y181        LUT6 (Prop_D6LUT_SLICEL_I5_O)
                                                      0.021     0.429 r  wgt_q[5][5]_i_1/O
                         net (fo=1, routed)           0.018     0.447    wgt_q[5][5]_i_1_n_0
    SLICE_X36Y181        FDCE                                         r  wgt_q_reg[5][5]/D
  -------------------------------------------------------------------    -------------------

                         (clock clk rise edge)        0.000     0.000 r  
                                                      0.000     0.000 r  clk (IN)
                         net (fo=12865, unset)        0.019     0.019    clk
    SLICE_X36Y181        FDCE                                         r  wgt_q_reg[5][5]/C
                         clock pessimism              0.000     0.019    
    SLICE_X36Y181        FDCE (Hold_DFF_SLICEL_C_D)
                                                      0.044     0.063    wgt_q_reg[5][5]
  -------------------------------------------------------------------
                         required time                         -0.063    
                         arrival time                           0.447    
  -------------------------------------------------------------------
                         slack                                  0.384    

Slack (MET) :             0.406ns  (arrival time - required time)
  Source:                 mem_reg[3][87][6]/C
                            (rising edge-triggered cell FDRE clocked by clk  {rise@0.000ns fall@2.500ns period=5.000ns})
  Destination:            wgt_q_reg[3][6]/D
                            (rising edge-triggered cell FDCE clocked by clk  {rise@0.000ns fall@2.500ns period=5.000ns})
  Path Group:             clk
  Path Type:              Hold (Min at Fast Process Corner)
  Requirement:            0.000ns  (clk rise@0.000ns - clk rise@0.000ns)
  Data Path Delay:        0.455ns  (logic 0.194ns (42.637%)  route 0.261ns (57.363%))
  Logic Levels:           5  (LUT3=1 LUT6=3 MUXF7=1)
  Clock Path Skew:        0.005ns (DCD - SCD - CPR)
    Destination Clock Delay (DCD):    0.019ns
    Source Clock Delay      (SCD):    0.014ns
    Clock Pessimism Removal (CPR):    -0.000ns

    Location             Delay type                Incr(ns)  Path(ns)    Netlist Resource(s)
  -------------------------------------------------------------------    -------------------
                         (clock clk rise edge)        0.000     0.000 r  
                                                      0.000     0.000 r  clk (IN)
                         net (fo=12865, unset)        0.014     0.014    clk
    SLICE_X49Y159        FDRE                                         r  mem_reg[3][87][6]/C
  -------------------------------------------------------------------    -------------------
    SLICE_X49Y159        FDRE (Prop_HFF_SLICEL_C_Q)
                                                      0.084     0.098 r  mem_reg[3][87][6]/Q
                         net (fo=1, routed)           0.023     0.121    mem_reg[3][87][6]
    SLICE_X49Y159        LUT6 (Prop_G6LUT_SLICEL_I0_O)
                                                      0.020     0.141 r  wgt_q[3][6]_i_63/O
                         net (fo=1, routed)           0.008     0.149    wgt_q[3][6]_i_63_n_0
    SLICE_X49Y159        MUXF7 (Prop_F7MUX_GH_SLICEL_I1_O)
                                                      0.011     0.160 r  wgt_q_reg[3][6]_i_28/O
                         net (fo=1, routed)           0.089     0.249    wgt_q_reg[3][6]_i_28_n_0
    SLICE_X49Y159        LUT3 (Prop_D6LUT_SLICEL_I1_O)
                                                      0.037     0.286 r  wgt_q[3][6]_i_11/O
                         net (fo=1, routed)           0.021     0.307    wgt_q[3][6]_i_11_n_0
    SLICE_X49Y159        LUT6 (Prop_F6LUT_SLICEL_I3_O)
                                                      0.021     0.328 r  wgt_q[3][6]_i_3/O
                         net (fo=1, routed)           0.102     0.430    wgt_q[3][6]_i_3_n_0
    SLICE_X50Y158        LUT6 (Prop_A6LUT_SLICEL_I3_O)
                                                      0.021     0.451 r  wgt_q[3][6]_i_1/O
                         net (fo=1, routed)           0.018     0.469    wgt_q[3][6]_i_1_n_0
    SLICE_X50Y158        FDCE                                         r  wgt_q_reg[3][6]/D
  -------------------------------------------------------------------    -------------------

                         (clock clk rise edge)        0.000     0.000 r  
                                                      0.000     0.000 r  clk (IN)
                         net (fo=12865, unset)        0.019     0.019    clk
    SLICE_X50Y158        FDCE                                         r  wgt_q_reg[3][6]/C
                         clock pessimism              0.000     0.019    
    SLICE_X50Y158        FDCE (Hold_AFF_SLICEL_C_D)
                                                      0.044     0.063    wgt_q_reg[3][6]
  -------------------------------------------------------------------
                         required time                         -0.063    
                         arrival time                           0.469    
  -------------------------------------------------------------------
                         slack                                  0.406    

Slack (MET) :             0.421ns  (arrival time - required time)
  Source:                 mem_reg[0][192][7]/C
                            (rising edge-triggered cell FDRE clocked by clk  {rise@0.000ns fall@2.500ns period=5.000ns})
  Destination:            wgt_q_reg[0][7]/D
                            (rising edge-triggered cell FDCE clocked by clk  {rise@0.000ns fall@2.500ns period=5.000ns})
  Path Group:             clk
  Path Type:              Hold (Min at Fast Process Corner)
  Requirement:            0.000ns  (clk rise@0.000ns - clk rise@0.000ns)
  Data Path Delay:        0.470ns  (logic 0.174ns (37.021%)  route 0.296ns (62.979%))
  Logic Levels:           4  (LUT5=1 LUT6=2 MUXF7=1)
  Clock Path Skew:        0.005ns (DCD - SCD - CPR)
    Destination Clock Delay (DCD):    0.019ns
    Source Clock Delay      (SCD):    0.014ns
    Clock Pessimism Removal (CPR):    -0.000ns

    Location             Delay type                Incr(ns)  Path(ns)    Netlist Resource(s)
  -------------------------------------------------------------------    -------------------
                         (clock clk rise edge)        0.000     0.000 r  
                                                      0.000     0.000 r  clk (IN)
                         net (fo=12865, unset)        0.014     0.014    clk
    SLICE_X54Y121        FDRE                                         r  mem_reg[0][192][7]/C
  -------------------------------------------------------------------    -------------------
    SLICE_X54Y121        FDRE (Prop_FFF_SLICEM_C_Q)
                                                      0.082     0.096 r  mem_reg[0][192][7]/Q
                         net (fo=1, routed)           0.028     0.124    mem_reg_n_0_[0][192][7]
    SLICE_X54Y121        LUT6 (Prop_H6LUT_SLICEM_I5_O)
                                                      0.038     0.162 r  wgt_q[0][7]_i_54/O
                         net (fo=1, routed)           0.013     0.175    wgt_q[0][7]_i_54_n_0
    SLICE_X54Y121        MUXF7 (Prop_F7MUX_GH_SLICEM_I0_O)
                                                      0.012     0.187 r  wgt_q_reg[0][7]_i_24/O
                         net (fo=1, routed)           0.082     0.269    wgt_q_reg[0][7]_i_24_n_0
    SLICE_X55Y120        LUT5 (Prop_E6LUT_SLICEL_I0_O)
                                                      0.021     0.290 r  wgt_q[0][7]_i_7/O
                         net (fo=1, routed)           0.155     0.445    wgt_q[0][7]_i_7_n_0
    SLICE_X50Y114        LUT6 (Prop_D6LUT_SLICEL_I5_O)
                                                      0.021     0.466 r  wgt_q[0][7]_i_1/O
                         net (fo=1, routed)           0.018     0.484    wgt_q[0][7]_i_1_n_0
    SLICE_X50Y114        FDCE                                         r  wgt_q_reg[0][7]/D
  -------------------------------------------------------------------    -------------------

                         (clock clk rise edge)        0.000     0.000 r  
                                                      0.000     0.000 r  clk (IN)
                         net (fo=12865, unset)        0.019     0.019    clk
    SLICE_X50Y114        FDCE                                         r  wgt_q_reg[0][7]/C
                         clock pessimism              0.000     0.019    
    SLICE_X50Y114        FDCE (Hold_DFF_SLICEL_C_D)
                                                      0.044     0.063    wgt_q_reg[0][7]
  -------------------------------------------------------------------
                         required time                         -0.063    
                         arrival time                           0.484    
  -------------------------------------------------------------------
                         slack                                  0.421    

Slack (MET) :             0.422ns  (arrival time - required time)
  Source:                 mem_reg[4][64][2]/C
                            (rising edge-triggered cell FDRE clocked by clk  {rise@0.000ns fall@2.500ns period=5.000ns})
  Destination:            wgt_q_reg[4][2]/D
                            (rising edge-triggered cell FDCE clocked by clk  {rise@0.000ns fall@2.500ns period=5.000ns})
  Path Group:             clk
  Path Type:              Hold (Min at Fast Process Corner)
  Requirement:            0.000ns  (clk rise@0.000ns - clk rise@0.000ns)
  Data Path Delay:        0.472ns  (logic 0.267ns (56.568%)  route 0.205ns (43.432%))
  Logic Levels:           5  (LUT3=1 LUT6=3 MUXF7=1)
  Clock Path Skew:        0.006ns (DCD - SCD - CPR)
    Destination Clock Delay (DCD):    0.020ns
    Source Clock Delay      (SCD):    0.014ns
    Clock Pessimism Removal (CPR):    -0.000ns

    Location             Delay type                Incr(ns)  Path(ns)    Netlist Resource(s)
  -------------------------------------------------------------------    -------------------
                         (clock clk rise edge)        0.000     0.000 r  
                                                      0.000     0.000 r  clk (IN)
                         net (fo=12865, unset)        0.014     0.014    clk
    SLICE_X26Y188        FDRE                                         r  mem_reg[4][64][2]/C
  -------------------------------------------------------------------    -------------------
    SLICE_X26Y188        FDRE (Prop_HFF_SLICEL_C_Q)
                                                      0.084     0.098 r  mem_reg[4][64][2]/Q
                         net (fo=1, routed)           0.023     0.121    mem_reg[4][64][2]
    SLICE_X26Y188        LUT6 (Prop_H6LUT_SLICEL_I5_O)
                                                      0.021     0.142 r  wgt_q[4][2]_i_66/O
                         net (fo=1, routed)           0.009     0.151    wgt_q[4][2]_i_66_n_0
    SLICE_X26Y188        MUXF7 (Prop_F7MUX_GH_SLICEL_I0_O)
                                                      0.011     0.162 r  wgt_q_reg[4][2]_i_30/O
                         net (fo=1, routed)           0.064     0.226    wgt_q_reg[4][2]_i_30_n_0
    SLICE_X26Y187        LUT3 (Prop_D5LUT_SLICEL_I1_O)
                                                      0.037     0.263 r  wgt_q[4][2]_i_12/O
                         net (fo=1, routed)           0.066     0.329    wgt_q[4][2]_i_12_n_0
    SLICE_X26Y185        LUT6 (Prop_B6LUT_SLICEL_I5_O)
                                                      0.038     0.367 r  wgt_q[4][2]_i_3/O
                         net (fo=1, routed)           0.025     0.392    wgt_q[4][2]_i_3_n_0
    SLICE_X26Y185        LUT6 (Prop_G6LUT_SLICEL_I3_O)
                                                      0.076     0.468 r  wgt_q[4][2]_i_1/O
                         net (fo=1, routed)           0.018     0.486    wgt_q[4][2]_i_1_n_0
    SLICE_X26Y185        FDCE                                         r  wgt_q_reg[4][2]/D
  -------------------------------------------------------------------    -------------------

                         (clock clk rise edge)        0.000     0.000 r  
                                                      0.000     0.000 r  clk (IN)
                         net (fo=12865, unset)        0.020     0.020    clk
    SLICE_X26Y185        FDCE                                         r  wgt_q_reg[4][2]/C
                         clock pessimism              0.000     0.020    
    SLICE_X26Y185        FDCE (Hold_GFF_SLICEL_C_D)
                                                      0.044     0.064    wgt_q_reg[4][2]
  -------------------------------------------------------------------
                         required time                         -0.064    
                         arrival time                           0.486    
  -------------------------------------------------------------------
                         slack                                  0.422    

Slack (MET) :             0.426ns  (arrival time - required time)
  Source:                 mem_reg[3][72][7]/C
                            (rising edge-triggered cell FDRE clocked by clk  {rise@0.000ns fall@2.500ns period=5.000ns})
  Destination:            wgt_q_reg[3][7]/D
                            (rising edge-triggered cell FDCE clocked by clk  {rise@0.000ns fall@2.500ns period=5.000ns})
  Path Group:             clk
  Path Type:              Hold (Min at Fast Process Corner)
  Requirement:            0.000ns  (clk rise@0.000ns - clk rise@0.000ns)
  Data Path Delay:        0.475ns  (logic 0.198ns (41.684%)  route 0.277ns (58.316%))
  Logic Levels:           5  (LUT3=1 LUT6=3 MUXF7=1)
  Clock Path Skew:        0.005ns (DCD - SCD - CPR)
    Destination Clock Delay (DCD):    0.019ns
    Source Clock Delay      (SCD):    0.014ns
    Clock Pessimism Removal (CPR):    -0.000ns

    Location             Delay type                Incr(ns)  Path(ns)    Netlist Resource(s)
  -------------------------------------------------------------------    -------------------
                         (clock clk rise edge)        0.000     0.000 r  
                                                      0.000     0.000 r  clk (IN)
                         net (fo=12865, unset)        0.014     0.014    clk
    SLICE_X49Y161        FDRE                                         r  mem_reg[3][72][7]/C
  -------------------------------------------------------------------    -------------------
    SLICE_X49Y161        FDRE (Prop_HFF_SLICEL_C_Q)
                                                      0.084     0.098 r  mem_reg[3][72][7]/Q
                         net (fo=1, routed)           0.023     0.121    mem_reg[3][72][7]
    SLICE_X49Y161        LUT6 (Prop_H6LUT_SLICEL_I5_O)
                                                      0.021     0.142 r  wgt_q[3][7]_i_68/O
                         net (fo=1, routed)           0.009     0.151    wgt_q[3][7]_i_68_n_0
    SLICE_X49Y161        MUXF7 (Prop_F7MUX_GH_SLICEL_I0_O)
                                                      0.011     0.162 r  wgt_q_reg[3][7]_i_31/O
                         net (fo=1, routed)           0.085     0.247    wgt_q_reg[3][7]_i_31_n_0
    SLICE_X50Y162        LUT3 (Prop_B5LUT_SLICEL_I2_O)
                                                      0.023     0.270 r  wgt_q[3][7]_i_12/O
                         net (fo=1, routed)           0.066     0.336    wgt_q[3][7]_i_12_n_0
    SLICE_X50Y160        LUT6 (Prop_H6LUT_SLICEL_I5_O)
                                                      0.038     0.374 r  wgt_q[3][7]_i_3/O
                         net (fo=1, routed)           0.076     0.450    wgt_q[3][7]_i_3_n_0
    SLICE_X50Y161        LUT6 (Prop_D6LUT_SLICEL_I3_O)
                                                      0.021     0.471 r  wgt_q[3][7]_i_1/O
                         net (fo=1, routed)           0.018     0.489    wgt_q[3][7]_i_1_n_0
    SLICE_X50Y161        FDCE                                         r  wgt_q_reg[3][7]/D
  -------------------------------------------------------------------    -------------------

                         (clock clk rise edge)        0.000     0.000 r  
                                                      0.000     0.000 r  clk (IN)
                         net (fo=12865, unset)        0.019     0.019    clk
    SLICE_X50Y161        FDCE                                         r  wgt_q_reg[3][7]/C
                         clock pessimism              0.000     0.019    
    SLICE_X50Y161        FDCE (Hold_DFF_SLICEL_C_D)
                                                      0.044     0.063    wgt_q_reg[3][7]
  -------------------------------------------------------------------
                         required time                         -0.063    
                         arrival time                           0.489    
  -------------------------------------------------------------------
                         slack                                  0.426    

Slack (MET) :             0.426ns  (arrival time - required time)
  Source:                 mem_reg[6][124][6]/C
                            (rising edge-triggered cell FDRE clocked by clk  {rise@0.000ns fall@2.500ns period=5.000ns})
  Destination:            wgt_q_reg[6][6]/D
                            (rising edge-triggered cell FDCE clocked by clk  {rise@0.000ns fall@2.500ns period=5.000ns})
  Path Group:             clk
  Path Type:              Hold (Min at Fast Process Corner)
  Requirement:            0.000ns  (clk rise@0.000ns - clk rise@0.000ns)
  Data Path Delay:        0.477ns  (logic 0.233ns (48.847%)  route 0.244ns (51.153%))
  Logic Levels:           5  (LUT3=1 LUT6=3 MUXF7=1)
  Clock Path Skew:        0.007ns (DCD - SCD - CPR)
    Destination Clock Delay (DCD):    0.021ns
    Source Clock Delay      (SCD):    0.014ns
    Clock Pessimism Removal (CPR):    -0.000ns

    Location             Delay type                Incr(ns)  Path(ns)    Netlist Resource(s)
  -------------------------------------------------------------------    -------------------
                         (clock clk rise edge)        0.000     0.000 r  
                                                      0.000     0.000 r  clk (IN)
                         net (fo=12865, unset)        0.014     0.014    clk
    SLICE_X55Y184        FDRE                                         r  mem_reg[6][124][6]/C
  -------------------------------------------------------------------    -------------------
    SLICE_X55Y184        FDRE (Prop_HFF_SLICEL_C_Q)
                                                      0.084     0.098 r  mem_reg[6][124][6]/Q
                         net (fo=1, routed)           0.023     0.121    mem_reg[6][124][6]
    SLICE_X55Y184        LUT6 (Prop_G6LUT_SLICEL_I5_O)
                                                      0.037     0.158 r  wgt_q[6][6]_i_58/O
                         net (fo=1, routed)           0.008     0.166    wgt_q[6][6]_i_58_n_0
    SLICE_X55Y184        MUXF7 (Prop_F7MUX_GH_SLICEL_I1_O)
                                                      0.011     0.177 r  wgt_q_reg[6][6]_i_25/O
                         net (fo=1, routed)           0.066     0.243    wgt_q_reg[6][6]_i_25_n_0
    SLICE_X55Y185        LUT3 (Prop_D5LUT_SLICEL_I2_O)
                                                      0.043     0.286 r  wgt_q[6][6]_i_9/O
                         net (fo=1, routed)           0.077     0.363    wgt_q[6][6]_i_9_n_0
    SLICE_X54Y185        LUT6 (Prop_G6LUT_SLICEM_I0_O)
                                                      0.021     0.384 r  wgt_q[6][6]_i_3/O
                         net (fo=1, routed)           0.046     0.430    wgt_q[6][6]_i_3_n_0
    SLICE_X54Y185        LUT6 (Prop_B6LUT_SLICEM_I3_O)
                                                      0.037     0.467 r  wgt_q[6][6]_i_1/O
                         net (fo=1, routed)           0.024     0.491    wgt_q[6][6]_i_1_n_0
    SLICE_X54Y185        FDCE                                         r  wgt_q_reg[6][6]/D
  -------------------------------------------------------------------    -------------------

                         (clock clk rise edge)        0.000     0.000 r  
                                                      0.000     0.000 r  clk (IN)
                         net (fo=12865, unset)        0.021     0.021    clk
    SLICE_X54Y185        FDCE                                         r  wgt_q_reg[6][6]/C
                         clock pessimism              0.000     0.021    
    SLICE_X54Y185        FDCE (Hold_BFF_SLICEM_C_D)
                                                      0.044     0.065    wgt_q_reg[6][6]
  -------------------------------------------------------------------
                         required time                         -0.065    
                         arrival time                           0.491    
  -------------------------------------------------------------------
                         slack                                  0.426    





Pulse Width Checks
--------------------------------------------------------------------------------------
Clock Name:         clk
Waveform(ns):       { 0.000 2.500 }
Period(ns):         5.000
Sources:            { clk }

Check Type        Corner  Lib Pin  Reference Pin  Required(ns)  Actual(ns)  Slack(ns)  Location       Pin
Min Period        n/a     FDRE/C   n/a            0.550         5.000       4.450      SLICE_X49Y112  mem_reg[0][0][0]/C
Min Period        n/a     FDRE/C   n/a            0.550         5.000       4.450      SLICE_X53Y112  mem_reg[0][0][1]/C
Min Period        n/a     FDRE/C   n/a            0.550         5.000       4.450      SLICE_X54Y113  mem_reg[0][0][2]/C
Min Period        n/a     FDRE/C   n/a            0.550         5.000       4.450      SLICE_X59Y111  mem_reg[0][0][3]/C
Min Period        n/a     FDRE/C   n/a            0.550         5.000       4.450      SLICE_X59Y113  mem_reg[0][0][4]/C
Min Period        n/a     FDRE/C   n/a            0.550         5.000       4.450      SLICE_X58Y113  mem_reg[0][0][5]/C
Min Period        n/a     FDRE/C   n/a            0.550         5.000       4.450      SLICE_X57Y115  mem_reg[0][0][6]/C
Min Period        n/a     FDRE/C   n/a            0.550         5.000       4.450      SLICE_X49Y114  mem_reg[0][0][7]/C
Min Period        n/a     FDRE/C   n/a            0.550         5.000       4.450      SLICE_X41Y106  mem_reg[0][100][0]/C
Min Period        n/a     FDRE/C   n/a            0.550         5.000       4.450      SLICE_X52Y106  mem_reg[0][100][1]/C
Low Pulse Width   Slow    FDRE/C   n/a            0.275         2.500       2.225      SLICE_X49Y112  mem_reg[0][0][0]/C
Low Pulse Width   Fast    FDRE/C   n/a            0.275         2.500       2.225      SLICE_X49Y112  mem_reg[0][0][0]/C
Low Pulse Width   Slow    FDRE/C   n/a            0.275         2.500       2.225      SLICE_X53Y112  mem_reg[0][0][1]/C
Low Pulse Width   Fast    FDRE/C   n/a            0.275         2.500       2.225      SLICE_X53Y112  mem_reg[0][0][1]/C
Low Pulse Width   Slow    FDRE/C   n/a            0.275         2.500       2.225      SLICE_X54Y113  mem_reg[0][0][2]/C
Low Pulse Width   Fast    FDRE/C   n/a            0.275         2.500       2.225      SLICE_X54Y113  mem_reg[0][0][2]/C
Low Pulse Width   Slow    FDRE/C   n/a            0.275         2.500       2.225      SLICE_X59Y111  mem_reg[0][0][3]/C
Low Pulse Width   Fast    FDRE/C   n/a            0.275         2.500       2.225      SLICE_X59Y111  mem_reg[0][0][3]/C
Low Pulse Width   Slow    FDRE/C   n/a            0.275         2.500       2.225      SLICE_X59Y113  mem_reg[0][0][4]/C
Low Pulse Width   Fast    FDRE/C   n/a            0.275         2.500       2.225      SLICE_X59Y113  mem_reg[0][0][4]/C
High Pulse Width  Slow    FDRE/C   n/a            0.275         2.500       2.225      SLICE_X49Y112  mem_reg[0][0][0]/C
High Pulse Width  Fast    FDRE/C   n/a            0.275         2.500       2.225      SLICE_X49Y112  mem_reg[0][0][0]/C
High Pulse Width  Slow    FDRE/C   n/a            0.275         2.500       2.225      SLICE_X53Y112  mem_reg[0][0][1]/C
High Pulse Width  Fast    FDRE/C   n/a            0.275         2.500       2.225      SLICE_X53Y112  mem_reg[0][0][1]/C
High Pulse Width  Slow    FDRE/C   n/a            0.275         2.500       2.225      SLICE_X54Y113  mem_reg[0][0][2]/C
High Pulse Width  Fast    FDRE/C   n/a            0.275         2.500       2.225      SLICE_X54Y113  mem_reg[0][0][2]/C
High Pulse Width  Slow    FDRE/C   n/a            0.275         2.500       2.225      SLICE_X59Y111  mem_reg[0][0][3]/C
High Pulse Width  Fast    FDRE/C   n/a            0.275         2.500       2.225      SLICE_X59Y111  mem_reg[0][0][3]/C
High Pulse Width  Slow    FDRE/C   n/a            0.275         2.500       2.225      SLICE_X59Y113  mem_reg[0][0][4]/C
High Pulse Width  Fast    FDRE/C   n/a            0.275         2.500       2.225      SLICE_X59Y113  mem_reg[0][0][4]/C



