Copyright 1986-2022 Xilinx, Inc. All Rights Reserved. Copyright 2022-2025 Advanced Micro Devices, Inc. All Rights Reserved.
--------------------------------------------------------------------------------------------------------------------------------------------------
| Tool Version      : Vivado v.2025.1 (lin64) Build 6140274 Wed May 21 22:58:25 MDT 2025
| Date              : Fri Jul 24 19:39:54 2026
| Host              : yun-MS-7B50 running 64-bit Ubuntu 22.04.5 LTS
| Command           : report_timing -delay_type max -max_paths 5 -sort_by group -file reports/weight_loader_impl_timing_worst.rpt
| Design            : weight_loader
| Device            : xck26-sfvc784
| Speed File        : -2LV  PRODUCTION 1.30 05-15-2022
| Design State      : Routed
| Temperature Grade : C
--------------------------------------------------------------------------------------------------------------------------------------------------

Timing Report

Slack (MET) :             1.944ns  (required time - arrival time)
  Source:                 mem_reg[0][86][2]/C
                            (rising edge-triggered cell FDRE clocked by clk  {rise@0.000ns fall@2.500ns period=5.000ns})
  Destination:            wgt_q_reg[0][2]/D
                            (rising edge-triggered cell FDCE clocked by clk  {rise@0.000ns fall@2.500ns period=5.000ns})
  Path Group:             clk
  Path Type:              Setup (Max at Slow Process Corner)
  Requirement:            5.000ns  (clk rise@5.000ns - clk rise@0.000ns)
  Data Path Delay:        3.053ns  (logic 0.787ns (25.778%)  route 2.266ns (74.222%))
  Logic Levels:           5  (LUT3=1 LUT6=3 MUXF7=1)
  Clock Path Skew:        -0.012ns (DCD - SCD + CPR)
    Destination Clock Delay (DCD):    0.029ns = ( 5.029 - 5.000 ) 
    Source Clock Delay      (SCD):    0.041ns
    Clock Pessimism Removal (CPR):    0.000ns
  Clock Uncertainty:      0.035ns  ((TSJ^2 + TIJ^2)^1/2 + DJ) / 2 + PE
    Total System Jitter     (TSJ):    0.071ns
    Total Input Jitter      (TIJ):    0.000ns
    Discrete Jitter          (DJ):    0.000ns
    Phase Error              (PE):    0.000ns

    Location             Delay type                Incr(ns)  Path(ns)    Netlist Resource(s)
  -------------------------------------------------------------------    -------------------
                         (clock clk rise edge)        0.000     0.000 r  
                                                      0.000     0.000 r  clk (IN)
                         net (fo=12865, unset)        0.041     0.041    clk
    SLICE_X48Y100        FDRE                                         r  mem_reg[0][86][2]/C
  -------------------------------------------------------------------    -------------------
    SLICE_X48Y100        FDRE (Prop_DFF_SLICEL_C_Q)
                                                      0.114     0.155 r  mem_reg[0][86][2]/Q
                         net (fo=1, routed)           0.528     0.683    mem_reg_n_0_[0][86][2]
    SLICE_X49Y100        LUT6 (Prop_G6LUT_SLICEL_I1_O)
                                                      0.186     0.869 r  wgt_q[0][2]_i_63/O
                         net (fo=1, routed)           0.012     0.881    wgt_q[0][2]_i_63_n_0
    SLICE_X49Y100        MUXF7 (Prop_F7MUX_GH_SLICEL_I1_O)
                                                      0.095     0.976 r  wgt_q_reg[0][2]_i_28/O
                         net (fo=1, routed)           0.578     1.554    wgt_q_reg[0][2]_i_28_n_0
    SLICE_X48Y100        LUT3 (Prop_D6LUT_SLICEL_I1_O)
                                                      0.185     1.739 r  wgt_q[0][2]_i_11/O
                         net (fo=1, routed)           0.649     2.388    wgt_q[0][2]_i_11_n_0
    SLICE_X52Y103        LUT6 (Prop_F6LUT_SLICEL_I3_O)
                                                      0.150     2.538 r  wgt_q[0][2]_i_3/O
                         net (fo=1, routed)           0.432     2.970    wgt_q[0][2]_i_3_n_0
    SLICE_X55Y112        LUT6 (Prop_D6LUT_SLICEL_I3_O)
                                                      0.057     3.027 r  wgt_q[0][2]_i_1/O
                         net (fo=1, routed)           0.067     3.094    wgt_q[0][2]_i_1_n_0
    SLICE_X55Y112        FDCE                                         r  wgt_q_reg[0][2]/D
  -------------------------------------------------------------------    -------------------

                         (clock clk rise edge)        5.000     5.000 r  
                                                      0.000     5.000 r  clk (IN)
                         net (fo=12865, unset)        0.029     5.029    clk
    SLICE_X55Y112        FDCE                                         r  wgt_q_reg[0][2]/C
                         clock pessimism              0.000     5.029    
                         clock uncertainty           -0.035     4.994    
    SLICE_X55Y112        FDCE (Setup_DFF_SLICEL_C_D)
                                                      0.044     5.038    wgt_q_reg[0][2]
  -------------------------------------------------------------------
                         required time                          5.038    
                         arrival time                          -3.094    
  -------------------------------------------------------------------
                         slack                                  1.944    

Slack (MET) :             1.994ns  (required time - arrival time)
  Source:                 mem_reg[5][15][2]/C
                            (rising edge-triggered cell FDRE clocked by clk  {rise@0.000ns fall@2.500ns period=5.000ns})
  Destination:            wgt_q_reg[5][2]/D
                            (rising edge-triggered cell FDCE clocked by clk  {rise@0.000ns fall@2.500ns period=5.000ns})
  Path Group:             clk
  Path Type:              Setup (Max at Slow Process Corner)
  Requirement:            5.000ns  (clk rise@5.000ns - clk rise@0.000ns)
  Data Path Delay:        3.002ns  (logic 0.958ns (31.912%)  route 2.044ns (68.088%))
  Logic Levels:           5  (LUT3=1 LUT6=3 MUXF7=1)
  Clock Path Skew:        -0.012ns (DCD - SCD + CPR)
    Destination Clock Delay (DCD):    0.030ns = ( 5.030 - 5.000 ) 
    Source Clock Delay      (SCD):    0.042ns
    Clock Pessimism Removal (CPR):    0.000ns
  Clock Uncertainty:      0.035ns  ((TSJ^2 + TIJ^2)^1/2 + DJ) / 2 + PE
    Total System Jitter     (TSJ):    0.071ns
    Total Input Jitter      (TIJ):    0.000ns
    Discrete Jitter          (DJ):    0.000ns
    Phase Error              (PE):    0.000ns

    Location             Delay type                Incr(ns)  Path(ns)    Netlist Resource(s)
  -------------------------------------------------------------------    -------------------
                         (clock clk rise edge)        0.000     0.000 r  
                                                      0.000     0.000 r  clk (IN)
                         net (fo=12865, unset)        0.042     0.042    clk
    SLICE_X48Y173        FDRE                                         r  mem_reg[5][15][2]/C
  -------------------------------------------------------------------    -------------------
    SLICE_X48Y173        FDRE (Prop_HFF2_SLICEL_C_Q)
                                                      0.115     0.157 r  mem_reg[5][15][2]/Q
                         net (fo=1, routed)           0.213     0.370    mem_reg[5][15][2]
    SLICE_X48Y173        LUT6 (Prop_G6LUT_SLICEL_I0_O)
                                                      0.186     0.556 r  wgt_q[5][2]_i_53/O
                         net (fo=1, routed)           0.012     0.568    wgt_q[5][2]_i_53_n_0
    SLICE_X48Y173        MUXF7 (Prop_F7MUX_GH_SLICEL_I1_O)
                                                      0.095     0.663 r  wgt_q_reg[5][2]_i_23/O
                         net (fo=1, routed)           0.630     1.293    wgt_q_reg[5][2]_i_23_n_0
    SLICE_X49Y175        LUT3 (Prop_D5LUT_SLICEL_I2_O)
                                                      0.187     1.480 r  wgt_q[5][2]_i_8/O
                         net (fo=1, routed)           0.605     2.085    wgt_q[5][2]_i_8_n_0
    SLICE_X45Y175        LUT6 (Prop_F6LUT_SLICEM_I5_O)
                                                      0.224     2.309 r  wgt_q[5][2]_i_2/O
                         net (fo=1, routed)           0.488     2.797    wgt_q[5][2]_i_2_n_0
    SLICE_X41Y182        LUT6 (Prop_D6LUT_SLICEM_I1_O)
                                                      0.151     2.948 r  wgt_q[5][2]_i_1/O
                         net (fo=1, routed)           0.096     3.044    wgt_q[5][2]_i_1_n_0
    SLICE_X41Y182        FDCE                                         r  wgt_q_reg[5][2]/D
  -------------------------------------------------------------------    -------------------

                         (clock clk rise edge)        5.000     5.000 r  
                                                      0.000     5.000 r  clk (IN)
                         net (fo=12865, unset)        0.030     5.030    clk
    SLICE_X41Y182        FDCE                                         r  wgt_q_reg[5][2]/C
                         clock pessimism              0.000     5.030    
                         clock uncertainty           -0.035     4.995    
    SLICE_X41Y182        FDCE (Setup_DFF_SLICEM_C_D)
                                                      0.043     5.038    wgt_q_reg[5][2]
  -------------------------------------------------------------------
                         required time                          5.038    
                         arrival time                          -3.044    
  -------------------------------------------------------------------
                         slack                                  1.994    

Slack (MET) :             2.058ns  (required time - arrival time)
  Source:                 mem_reg[2][149][3]/C
                            (rising edge-triggered cell FDRE clocked by clk  {rise@0.000ns fall@2.500ns period=5.000ns})
  Destination:            wgt_q_reg[2][3]/D
                            (rising edge-triggered cell FDCE clocked by clk  {rise@0.000ns fall@2.500ns period=5.000ns})
  Path Group:             clk
  Path Type:              Setup (Max at Slow Process Corner)
  Requirement:            5.000ns  (clk rise@5.000ns - clk rise@0.000ns)
  Data Path Delay:        2.938ns  (logic 1.029ns (35.024%)  route 1.909ns (64.976%))
  Logic Levels:           5  (LUT3=1 LUT5=1 LUT6=3)
  Clock Path Skew:        -0.013ns (DCD - SCD + CPR)
    Destination Clock Delay (DCD):    0.029ns = ( 5.029 - 5.000 ) 
    Source Clock Delay      (SCD):    0.042ns
    Clock Pessimism Removal (CPR):    0.000ns
  Clock Uncertainty:      0.035ns  ((TSJ^2 + TIJ^2)^1/2 + DJ) / 2 + PE
    Total System Jitter     (TSJ):    0.071ns
    Total Input Jitter      (TIJ):    0.000ns
    Discrete Jitter          (DJ):    0.000ns
    Phase Error              (PE):    0.000ns

    Location             Delay type                Incr(ns)  Path(ns)    Netlist Resource(s)
  -------------------------------------------------------------------    -------------------
                         (clock clk rise edge)        0.000     0.000 r  
                                                      0.000     0.000 r  clk (IN)
                         net (fo=12865, unset)        0.042     0.042    clk
    SLICE_X23Y125        FDRE                                         r  mem_reg[2][149][3]/C
  -------------------------------------------------------------------    -------------------
    SLICE_X23Y125        FDRE (Prop_HFF2_SLICEL_C_Q)
                                                      0.115     0.157 r  mem_reg[2][149][3]/Q
                         net (fo=1, routed)           0.420     0.577    mem_reg[2][149][3]
    SLICE_X22Y126        LUT6 (Prop_D6LUT_SLICEL_I3_O)
                                                      0.221     0.798 r  wgt_q[2][3]_i_80/O
                         net (fo=1, routed)           0.735     1.533    wgt_q[2][3]_i_80_n_0
    SLICE_X25Y126        LUT6 (Prop_G6LUT_SLICEM_I3_O)
                                                      0.186     1.719 r  wgt_q[2][3]_i_36/O
                         net (fo=1, routed)           0.102     1.821    wgt_q[2][3]_i_36_n_0
    SLICE_X25Y126        LUT3 (Prop_D5LUT_SLICEM_I0_O)
                                                      0.135     1.956 r  wgt_q[2][3]_i_15/O
                         net (fo=1, routed)           0.261     2.217    wgt_q[2][3]_i_15_n_0
    SLICE_X27Y126        LUT5 (Prop_F6LUT_SLICEL_I4_O)
                                                      0.187     2.404 r  wgt_q[2][3]_i_4/O
                         net (fo=1, routed)           0.324     2.728    wgt_q[2][3]_i_4_n_0
    SLICE_X27Y114        LUT6 (Prop_D6LUT_SLICEL_I5_O)
                                                      0.185     2.913 r  wgt_q[2][3]_i_1/O
                         net (fo=1, routed)           0.067     2.980    wgt_q[2][3]_i_1_n_0
    SLICE_X27Y114        FDCE                                         r  wgt_q_reg[2][3]/D
  -------------------------------------------------------------------    -------------------

                         (clock clk rise edge)        5.000     5.000 r  
                                                      0.000     5.000 r  clk (IN)
                         net (fo=12865, unset)        0.029     5.029    clk
    SLICE_X27Y114        FDCE                                         r  wgt_q_reg[2][3]/C
                         clock pessimism              0.000     5.029    
                         clock uncertainty           -0.035     4.994    
    SLICE_X27Y114        FDCE (Setup_DFF_SLICEL_C_D)
                                                      0.044     5.038    wgt_q_reg[2][3]
  -------------------------------------------------------------------
                         required time                          5.038    
                         arrival time                          -2.980    
  -------------------------------------------------------------------
                         slack                                  2.058    

Slack (MET) :             2.220ns  (required time - arrival time)
  Source:                 mem_reg[5][174][4]/C
                            (rising edge-triggered cell FDRE clocked by clk  {rise@0.000ns fall@2.500ns period=5.000ns})
  Destination:            wgt_q_reg[5][4]/D
                            (rising edge-triggered cell FDCE clocked by clk  {rise@0.000ns fall@2.500ns period=5.000ns})
  Path Group:             clk
  Path Type:              Setup (Max at Slow Process Corner)
  Requirement:            5.000ns  (clk rise@5.000ns - clk rise@0.000ns)
  Data Path Delay:        2.775ns  (logic 0.925ns (33.333%)  route 1.850ns (66.667%))
  Logic Levels:           5  (LUT3=1 LUT5=1 LUT6=3)
  Clock Path Skew:        -0.013ns (DCD - SCD + CPR)
    Destination Clock Delay (DCD):    0.030ns = ( 5.030 - 5.000 ) 
    Source Clock Delay      (SCD):    0.043ns
    Clock Pessimism Removal (CPR):    0.000ns
  Clock Uncertainty:      0.035ns  ((TSJ^2 + TIJ^2)^1/2 + DJ) / 2 + PE
    Total System Jitter     (TSJ):    0.071ns
    Total Input Jitter      (TIJ):    0.000ns
    Discrete Jitter          (DJ):    0.000ns
    Phase Error              (PE):    0.000ns

    Location             Delay type                Incr(ns)  Path(ns)    Netlist Resource(s)
  -------------------------------------------------------------------    -------------------
                         (clock clk rise edge)        0.000     0.000 r  
                                                      0.000     0.000 r  clk (IN)
                         net (fo=12865, unset)        0.043     0.043    clk
    SLICE_X35Y207        FDRE                                         r  mem_reg[5][174][4]/C
  -------------------------------------------------------------------    -------------------
    SLICE_X35Y207        FDRE (Prop_DFF2_SLICEM_C_Q)
                                                      0.115     0.158 r  mem_reg[5][174][4]/Q
                         net (fo=1, routed)           0.414     0.572    mem_reg[5][174][4]
    SLICE_X35Y207        LUT6 (Prop_D6LUT_SLICEM_I1_O)
                                                      0.151     0.723 r  wgt_q[5][4]_i_74/O
                         net (fo=1, routed)           0.343     1.066    wgt_q[5][4]_i_74_n_0
    SLICE_X36Y205        LUT6 (Prop_H6LUT_SLICEL_I0_O)
                                                      0.188     1.254 r  wgt_q[5][4]_i_35/O
                         net (fo=1, routed)           0.180     1.434    wgt_q[5][4]_i_35_n_0
    SLICE_X37Y202        LUT3 (Prop_D6LUT_SLICEM_I2_O)
                                                      0.151     1.585 r  wgt_q[5][4]_i_14/O
                         net (fo=1, routed)           0.278     1.863    wgt_q[5][4]_i_14_n_0
    SLICE_X37Y197        LUT5 (Prop_F6LUT_SLICEM_I2_O)
                                                      0.135     1.998 r  wgt_q[5][4]_i_4/O
                         net (fo=1, routed)           0.539     2.537    wgt_q[5][4]_i_4_n_0
    SLICE_X38Y174        LUT6 (Prop_D6LUT_SLICEM_I5_O)
                                                      0.185     2.722 r  wgt_q[5][4]_i_1/O
                         net (fo=1, routed)           0.096     2.818    wgt_q[5][4]_i_1_n_0
    SLICE_X38Y174        FDCE                                         r  wgt_q_reg[5][4]/D
  -------------------------------------------------------------------    -------------------

                         (clock clk rise edge)        5.000     5.000 r  
                                                      0.000     5.000 r  clk (IN)
                         net (fo=12865, unset)        0.030     5.030    clk
    SLICE_X38Y174        FDCE                                         r  wgt_q_reg[5][4]/C
                         clock pessimism              0.000     5.030    
                         clock uncertainty           -0.035     4.995    
    SLICE_X38Y174        FDCE (Setup_DFF_SLICEM_C_D)
                                                      0.043     5.038    wgt_q_reg[5][4]
  -------------------------------------------------------------------
                         required time                          5.038    
                         arrival time                          -2.818    
  -------------------------------------------------------------------
                         slack                                  2.220    

Slack (MET) :             2.223ns  (required time - arrival time)
  Source:                 mem_reg[7][154][5]/C
                            (rising edge-triggered cell FDRE clocked by clk  {rise@0.000ns fall@2.500ns period=5.000ns})
  Destination:            wgt_q_reg[7][5]/D
                            (rising edge-triggered cell FDCE clocked by clk  {rise@0.000ns fall@2.500ns period=5.000ns})
  Path Group:             clk
  Path Type:              Setup (Max at Slow Process Corner)
  Requirement:            5.000ns  (clk rise@5.000ns - clk rise@0.000ns)
  Data Path Delay:        2.774ns  (logic 0.980ns (35.328%)  route 1.794ns (64.672%))
  Logic Levels:           5  (LUT3=1 LUT5=1 LUT6=3)
  Clock Path Skew:        -0.011ns (DCD - SCD + CPR)
    Destination Clock Delay (DCD):    0.030ns = ( 5.030 - 5.000 ) 
    Source Clock Delay      (SCD):    0.041ns
    Clock Pessimism Removal (CPR):    0.000ns
  Clock Uncertainty:      0.035ns  ((TSJ^2 + TIJ^2)^1/2 + DJ) / 2 + PE
    Total System Jitter     (TSJ):    0.071ns
    Total Input Jitter      (TIJ):    0.000ns
    Discrete Jitter          (DJ):    0.000ns
    Phase Error              (PE):    0.000ns

    Location             Delay type                Incr(ns)  Path(ns)    Netlist Resource(s)
  -------------------------------------------------------------------    -------------------
                         (clock clk rise edge)        0.000     0.000 r  
                                                      0.000     0.000 r  clk (IN)
                         net (fo=12865, unset)        0.041     0.041    clk
    SLICE_X27Y204        FDRE                                         r  mem_reg[7][154][5]/C
  -------------------------------------------------------------------    -------------------
    SLICE_X27Y204        FDRE (Prop_AFF2_SLICEL_C_Q)
                                                      0.116     0.157 r  mem_reg[7][154][5]/Q
                         net (fo=1, routed)           0.197     0.354    mem_reg[7][154][5]
    SLICE_X27Y204        LUT6 (Prop_B6LUT_SLICEL_I1_O)
                                                      0.224     0.578 r  wgt_q[7][5]_i_79/O
                         net (fo=1, routed)           0.163     0.741    wgt_q[7][5]_i_79_n_0
    SLICE_X27Y206        LUT6 (Prop_H6LUT_SLICEL_I1_O)
                                                      0.188     0.929 r  wgt_q[7][5]_i_36/O
                         net (fo=1, routed)           0.443     1.372    wgt_q[7][5]_i_36_n_0
    SLICE_X29Y202        LUT3 (Prop_C5LUT_SLICEM_I0_O)
                                                      0.223     1.595 r  wgt_q[7][5]_i_15/O
                         net (fo=1, routed)           0.601     2.196    wgt_q[7][5]_i_15_n_0
    SLICE_X29Y165        LUT5 (Prop_F6LUT_SLICEM_I4_O)
                                                      0.149     2.345 r  wgt_q[7][5]_i_4/O
                         net (fo=1, routed)           0.295     2.640    wgt_q[7][5]_i_4_n_0
    SLICE_X28Y159        LUT6 (Prop_C6LUT_SLICEM_I5_O)
                                                      0.080     2.720 r  wgt_q[7][5]_i_1/O
                         net (fo=1, routed)           0.095     2.815    wgt_q[7][5]_i_1_n_0
    SLICE_X28Y159        FDCE                                         r  wgt_q_reg[7][5]/D
  -------------------------------------------------------------------    -------------------

                         (clock clk rise edge)        5.000     5.000 r  
                                                      0.000     5.000 r  clk (IN)
                         net (fo=12865, unset)        0.030     5.030    clk
    SLICE_X28Y159        FDCE                                         r  wgt_q_reg[7][5]/C
                         clock pessimism              0.000     5.030    
                         clock uncertainty           -0.035     4.995    
    SLICE_X28Y159        FDCE (Setup_CFF_SLICEM_C_D)
                                                      0.043     5.038    wgt_q_reg[7][5]
  -------------------------------------------------------------------
                         required time                          5.038    
                         arrival time                          -2.815    
  -------------------------------------------------------------------
                         slack                                  2.223    




