Copyright 1986-2022 Xilinx, Inc. All Rights Reserved. Copyright 2022-2025 Advanced Micro Devices, Inc. All Rights Reserved.
--------------------------------------------------------------------------------------------------------------------------------------------------
| Tool Version      : Vivado v.2025.1 (lin64) Build 6140274 Wed May 21 22:58:25 MDT 2025
| Date              : Fri Jul 24 19:21:17 2026
| Host              : yun-MS-7B50 running 64-bit Ubuntu 22.04.5 LTS
| Command           : report_timing -delay_type max -max_paths 5 -sort_by group -file reports/window_gen_impl_timing_worst.rpt
| Design            : window_gen
| Device            : xck26-sfvc784
| Speed File        : -2LV  PRODUCTION 1.30 05-15-2022
| Design State      : Routed
| Temperature Grade : C
--------------------------------------------------------------------------------------------------------------------------------------------------

Timing Report

Slack (MET) :             0.197ns  (required time - arrival time)
  Source:                 active_kr_list_r_reg[2][0]/C
                            (rising edge-triggered cell FDCE clocked by clk  {rise@0.000ns fall@2.500ns period=5.000ns})
  Destination:            win_q[6][1]
                            (output port clocked by clk  {rise@0.000ns fall@2.500ns period=5.000ns})
  Path Group:             clk
  Path Type:              Max at Slow Process Corner
  Requirement:            5.000ns  (clk rise@5.000ns - clk rise@0.000ns)
  Data Path Delay:        2.725ns  (logic 1.103ns (40.481%)  route 1.622ns (59.519%))
  Logic Levels:           7  (LUT3=1 LUT6=6)
  Output Delay:           2.000ns
  Clock Path Skew:        -0.043ns (DCD - SCD + CPR)
    Destination Clock Delay (DCD):    0.000ns = ( 5.000 - 5.000 ) 
    Source Clock Delay      (SCD):    0.043ns
    Clock Pessimism Removal (CPR):    0.000ns
  Clock Uncertainty:      0.035ns  ((TSJ^2 + TIJ^2)^1/2 + DJ) / 2 + PE
    Total System Jitter     (TSJ):    0.071ns
    Total Input Jitter      (TIJ):    0.000ns
    Discrete Jitter          (DJ):    0.000ns
    Phase Error              (PE):    0.000ns

    Location             Delay type                Incr(ns)  Path(ns)    Netlist Resource(s)
  -------------------------------------------------------------------    -------------------
                         (clock clk rise edge)        0.000     0.000 r  
                                                      0.000     0.000 r  clk (IN)
                         net (fo=1101, unset)         0.043     0.043    clk
    SLICE_X18Y25         FDCE                                         r  active_kr_list_r_reg[2][0]/C
  -------------------------------------------------------------------    -------------------
    SLICE_X18Y25         FDCE (Prop_HFF2_SLICEM_C_Q)
                                                      0.114     0.157 r  active_kr_list_r_reg[2][0]/Q
                         net (fo=1, routed)           0.211     0.368    active_kr_list_r_reg[2][0]
    SLICE_X19Y25         LUT6 (Prop_B6LUT_SLICEL_I1_O)
                                                      0.152     0.520 r  k_out[5]_INST_0_i_8/O
                         net (fo=1, routed)           0.051     0.571    k_out[5]_INST_0_i_8_n_0
    SLICE_X19Y25         LUT3 (Prop_E6LUT_SLICEL_I2_O)
                                                      0.057     0.628 r  k_out[5]_INST_0_i_5/O
                         net (fo=12, routed)          0.172     0.800    k_out[5]_INST_0_i_5_n_0
    SLICE_X19Y26         LUT6 (Prop_G6LUT_SLICEL_I1_O)
                                                      0.186     0.986 r  win_q[0][2]_INST_0_i_20/O
                         net (fo=78, routed)          0.553     1.539    win_q[0][2]_INST_0_i_20_n_0
    SLICE_X18Y39         LUT6 (Prop_F6LUT_SLICEM_I2_O)
                                                      0.149     1.688 r  win_q[0][1]_INST_0_i_7/O
                         net (fo=1, routed)           0.050     1.738    win_q[0][1]_INST_0_i_7_n_0
    SLICE_X18Y39         LUT6 (Prop_G6LUT_SLICEM_I4_O)
                                                      0.082     1.820 r  win_q[0][1]_INST_0_i_2/O
                         net (fo=8, routed)           0.535     2.355    data12[1]
    SLICE_X16Y22         LUT6 (Prop_A6LUT_SLICEL_I1_O)
                                                      0.225     2.580 r  win_q[6][1]_INST_0_i_1/O
                         net (fo=1, routed)           0.050     2.630    win_q[6][1]_INST_0_i_1_n_0
    SLICE_X16Y22         LUT6 (Prop_B6LUT_SLICEL_I4_O)
                                                      0.138     2.768 r  win_q[6][1]_INST_0/O
                         net (fo=0)                   0.000     2.768    win_q[6][1]
                                                                      r  win_q[6][1] (OUT)
  -------------------------------------------------------------------    -------------------

                         (clock clk rise edge)        5.000     5.000 r  
                         clock pessimism              0.000     5.000    
                         clock uncertainty           -0.035     4.965    
                         output delay                -2.000     2.965    
  -------------------------------------------------------------------
                         required time                          2.965    
                         arrival time                          -2.768    
  -------------------------------------------------------------------
                         slack                                  0.197    

Slack (MET) :             0.254ns  (required time - arrival time)
  Source:                 active_kr_list_r_reg[2][0]/C
                            (rising edge-triggered cell FDCE clocked by clk  {rise@0.000ns fall@2.500ns period=5.000ns})
  Destination:            win_q[7][1]
                            (output port clocked by clk  {rise@0.000ns fall@2.500ns period=5.000ns})
  Path Group:             clk
  Path Type:              Max at Slow Process Corner
  Requirement:            5.000ns  (clk rise@5.000ns - clk rise@0.000ns)
  Data Path Delay:        2.668ns  (logic 1.147ns (42.994%)  route 1.521ns (57.006%))
  Logic Levels:           8  (LUT3=1 LUT6=7)
  Output Delay:           2.000ns
  Clock Path Skew:        -0.043ns (DCD - SCD + CPR)
    Destination Clock Delay (DCD):    0.000ns = ( 5.000 - 5.000 ) 
    Source Clock Delay      (SCD):    0.043ns
    Clock Pessimism Removal (CPR):    0.000ns
  Clock Uncertainty:      0.035ns  ((TSJ^2 + TIJ^2)^1/2 + DJ) / 2 + PE
    Total System Jitter     (TSJ):    0.071ns
    Total Input Jitter      (TIJ):    0.000ns
    Discrete Jitter          (DJ):    0.000ns
    Phase Error              (PE):    0.000ns

    Location             Delay type                Incr(ns)  Path(ns)    Netlist Resource(s)
  -------------------------------------------------------------------    -------------------
                         (clock clk rise edge)        0.000     0.000 r  
                                                      0.000     0.000 r  clk (IN)
                         net (fo=1101, unset)         0.043     0.043    clk
    SLICE_X18Y25         FDCE                                         r  active_kr_list_r_reg[2][0]/C
  -------------------------------------------------------------------    -------------------
    SLICE_X18Y25         FDCE (Prop_HFF2_SLICEM_C_Q)
                                                      0.114     0.157 r  active_kr_list_r_reg[2][0]/Q
                         net (fo=1, routed)           0.211     0.368    active_kr_list_r_reg[2][0]
    SLICE_X19Y25         LUT6 (Prop_B6LUT_SLICEL_I1_O)
                                                      0.152     0.520 r  k_out[5]_INST_0_i_8/O
                         net (fo=1, routed)           0.051     0.571    k_out[5]_INST_0_i_8_n_0
    SLICE_X19Y25         LUT3 (Prop_E6LUT_SLICEL_I2_O)
                                                      0.057     0.628 r  k_out[5]_INST_0_i_5/O
                         net (fo=12, routed)          0.172     0.800    k_out[5]_INST_0_i_5_n_0
    SLICE_X19Y26         LUT6 (Prop_G6LUT_SLICEL_I1_O)
                                                      0.186     0.986 r  win_q[0][2]_INST_0_i_20/O
                         net (fo=78, routed)          0.246     1.233    win_q[0][2]_INST_0_i_20_n_0
    SLICE_X19Y25         LUT6 (Prop_C6LUT_SLICEL_I2_O)
                                                      0.081     1.314 r  win_q[0][1]_INST_0_i_26/O
                         net (fo=1, routed)           0.331     1.645    win_q[0][1]_INST_0_i_26_n_0
    SLICE_X16Y17         LUT6 (Prop_H6LUT_SLICEL_I1_O)
                                                      0.188     1.833 r  win_q[0][1]_INST_0_i_11/O
                         net (fo=4, routed)           0.304     2.137    data8[1]
    SLICE_X15Y22         LUT6 (Prop_C6LUT_SLICEL_I0_O)
                                                      0.136     2.273 r  win_q[3][1]_INST_0_i_2/O
                         net (fo=2, routed)           0.101     2.374    win_q[3][1]_INST_0_i_2_n_0
    SLICE_X15Y23         LUT6 (Prop_B6LUT_SLICEL_I0_O)
                                                      0.152     2.526 r  win_q[7][1]_INST_0_i_1/O
                         net (fo=1, routed)           0.104     2.630    win_q[7][1]_INST_0_i_1_n_0
    SLICE_X15Y23         LUT6 (Prop_C6LUT_SLICEL_I4_O)
                                                      0.081     2.711 r  win_q[7][1]_INST_0/O
                         net (fo=0)                   0.000     2.711    win_q[7][1]
                                                                      r  win_q[7][1] (OUT)
  -------------------------------------------------------------------    -------------------

                         (clock clk rise edge)        5.000     5.000 r  
                         clock pessimism              0.000     5.000    
                         clock uncertainty           -0.035     4.965    
                         output delay                -2.000     2.965    
  -------------------------------------------------------------------
                         required time                          2.965    
                         arrival time                          -2.711    
  -------------------------------------------------------------------
                         slack                                  0.254    

Slack (MET) :             0.262ns  (required time - arrival time)
  Source:                 active_kr_list_r_reg[2][0]/C
                            (rising edge-triggered cell FDCE clocked by clk  {rise@0.000ns fall@2.500ns period=5.000ns})
  Destination:            win_q[7][2]
                            (output port clocked by clk  {rise@0.000ns fall@2.500ns period=5.000ns})
  Path Group:             clk
  Path Type:              Max at Slow Process Corner
  Requirement:            5.000ns  (clk rise@5.000ns - clk rise@0.000ns)
  Data Path Delay:        2.659ns  (logic 0.993ns (37.342%)  route 1.666ns (62.658%))
  Logic Levels:           8  (LUT3=1 LUT6=7)
  Output Delay:           2.000ns
  Clock Path Skew:        -0.043ns (DCD - SCD + CPR)
    Destination Clock Delay (DCD):    0.000ns = ( 5.000 - 5.000 ) 
    Source Clock Delay      (SCD):    0.043ns
    Clock Pessimism Removal (CPR):    0.000ns
  Clock Uncertainty:      0.035ns  ((TSJ^2 + TIJ^2)^1/2 + DJ) / 2 + PE
    Total System Jitter     (TSJ):    0.071ns
    Total Input Jitter      (TIJ):    0.000ns
    Discrete Jitter          (DJ):    0.000ns
    Phase Error              (PE):    0.000ns

    Location             Delay type                Incr(ns)  Path(ns)    Netlist Resource(s)
  -------------------------------------------------------------------    -------------------
                         (clock clk rise edge)        0.000     0.000 r  
                                                      0.000     0.000 r  clk (IN)
                         net (fo=1101, unset)         0.043     0.043    clk
    SLICE_X18Y25         FDCE                                         r  active_kr_list_r_reg[2][0]/C
  -------------------------------------------------------------------    -------------------
    SLICE_X18Y25         FDCE (Prop_HFF2_SLICEM_C_Q)
                                                      0.114     0.157 r  active_kr_list_r_reg[2][0]/Q
                         net (fo=1, routed)           0.211     0.368    active_kr_list_r_reg[2][0]
    SLICE_X19Y25         LUT6 (Prop_B6LUT_SLICEL_I1_O)
                                                      0.152     0.520 r  k_out[5]_INST_0_i_8/O
                         net (fo=1, routed)           0.051     0.571    k_out[5]_INST_0_i_8_n_0
    SLICE_X19Y25         LUT3 (Prop_E6LUT_SLICEL_I2_O)
                                                      0.057     0.628 r  k_out[5]_INST_0_i_5/O
                         net (fo=12, routed)          0.172     0.800    k_out[5]_INST_0_i_5_n_0
    SLICE_X19Y26         LUT6 (Prop_G6LUT_SLICEL_I1_O)
                                                      0.186     0.986 r  win_q[0][2]_INST_0_i_20/O
                         net (fo=78, routed)          0.504     1.490    win_q[0][2]_INST_0_i_20_n_0
    SLICE_X21Y16         LUT6 (Prop_H6LUT_SLICEM_I2_O)
                                                      0.060     1.550 r  win_q[0][2]_INST_0_i_32/O
                         net (fo=1, routed)           0.049     1.599    win_q[0][2]_INST_0_i_32_n_0
    SLICE_X21Y16         LUT6 (Prop_F6LUT_SLICEM_I1_O)
                                                      0.135     1.734 r  win_q[0][2]_INST_0_i_13/O
                         net (fo=4, routed)           0.373     2.107    data6[2]
    SLICE_X17Y24         LUT6 (Prop_F6LUT_SLICEM_I4_O)
                                                      0.149     2.256 r  win_q[3][2]_INST_0_i_3/O
                         net (fo=2, routed)           0.206     2.462    win_q[3][2]_INST_0_i_3_n_0
    SLICE_X17Y25         LUT6 (Prop_A6LUT_SLICEM_I5_O)
                                                      0.083     2.545 r  win_q[7][2]_INST_0_i_1/O
                         net (fo=1, routed)           0.100     2.645    win_q[7][2]_INST_0_i_1_n_0
    SLICE_X17Y24         LUT6 (Prop_B6LUT_SLICEM_I4_O)
                                                      0.057     2.702 r  win_q[7][2]_INST_0/O
                         net (fo=0)                   0.000     2.702    win_q[7][2]
                                                                      r  win_q[7][2] (OUT)
  -------------------------------------------------------------------    -------------------

                         (clock clk rise edge)        5.000     5.000 r  
                         clock pessimism              0.000     5.000    
                         clock uncertainty           -0.035     4.965    
                         output delay                -2.000     2.965    
  -------------------------------------------------------------------
                         required time                          2.965    
                         arrival time                          -2.702    
  -------------------------------------------------------------------
                         slack                                  0.262    

Slack (MET) :             0.270ns  (required time - arrival time)
  Source:                 active_kr_list_r_reg[2][0]/C
                            (rising edge-triggered cell FDCE clocked by clk  {rise@0.000ns fall@2.500ns period=5.000ns})
  Destination:            win_q[4][1]
                            (output port clocked by clk  {rise@0.000ns fall@2.500ns period=5.000ns})
  Path Group:             clk
  Path Type:              Max at Slow Process Corner
  Requirement:            5.000ns  (clk rise@5.000ns - clk rise@0.000ns)
  Data Path Delay:        2.651ns  (logic 0.983ns (37.074%)  route 1.668ns (62.926%))
  Logic Levels:           7  (LUT3=1 LUT6=6)
  Output Delay:           2.000ns
  Clock Path Skew:        -0.043ns (DCD - SCD + CPR)
    Destination Clock Delay (DCD):    0.000ns = ( 5.000 - 5.000 ) 
    Source Clock Delay      (SCD):    0.043ns
    Clock Pessimism Removal (CPR):    0.000ns
  Clock Uncertainty:      0.035ns  ((TSJ^2 + TIJ^2)^1/2 + DJ) / 2 + PE
    Total System Jitter     (TSJ):    0.071ns
    Total Input Jitter      (TIJ):    0.000ns
    Discrete Jitter          (DJ):    0.000ns
    Phase Error              (PE):    0.000ns

    Location             Delay type                Incr(ns)  Path(ns)    Netlist Resource(s)
  -------------------------------------------------------------------    -------------------
                         (clock clk rise edge)        0.000     0.000 r  
                                                      0.000     0.000 r  clk (IN)
                         net (fo=1101, unset)         0.043     0.043    clk
    SLICE_X18Y25         FDCE                                         r  active_kr_list_r_reg[2][0]/C
  -------------------------------------------------------------------    -------------------
    SLICE_X18Y25         FDCE (Prop_HFF2_SLICEM_C_Q)
                                                      0.114     0.157 r  active_kr_list_r_reg[2][0]/Q
                         net (fo=1, routed)           0.211     0.368    active_kr_list_r_reg[2][0]
    SLICE_X19Y25         LUT6 (Prop_B6LUT_SLICEL_I1_O)
                                                      0.152     0.520 r  k_out[5]_INST_0_i_8/O
                         net (fo=1, routed)           0.051     0.571    k_out[5]_INST_0_i_8_n_0
    SLICE_X19Y25         LUT3 (Prop_E6LUT_SLICEL_I2_O)
                                                      0.057     0.628 r  k_out[5]_INST_0_i_5/O
                         net (fo=12, routed)          0.172     0.800    k_out[5]_INST_0_i_5_n_0
    SLICE_X19Y26         LUT6 (Prop_G6LUT_SLICEL_I1_O)
                                                      0.186     0.986 r  win_q[0][2]_INST_0_i_20/O
                         net (fo=78, routed)          0.553     1.539    win_q[0][2]_INST_0_i_20_n_0
    SLICE_X18Y39         LUT6 (Prop_F6LUT_SLICEM_I2_O)
                                                      0.149     1.688 r  win_q[0][1]_INST_0_i_7/O
                         net (fo=1, routed)           0.050     1.738    win_q[0][1]_INST_0_i_7_n_0
    SLICE_X18Y39         LUT6 (Prop_G6LUT_SLICEM_I4_O)
                                                      0.082     1.820 r  win_q[0][1]_INST_0_i_2/O
                         net (fo=8, routed)           0.481     2.301    data12[1]
    SLICE_X15Y23         LUT6 (Prop_E6LUT_SLICEL_I1_O)
                                                      0.187     2.488 r  win_q[4][1]_INST_0_i_1/O
                         net (fo=1, routed)           0.150     2.638    win_q[4][1]_INST_0_i_1_n_0
    SLICE_X15Y24         LUT6 (Prop_C6LUT_SLICEL_I4_O)
                                                      0.056     2.694 r  win_q[4][1]_INST_0/O
                         net (fo=0)                   0.000     2.694    win_q[4][1]
                                                                      r  win_q[4][1] (OUT)
  -------------------------------------------------------------------    -------------------

                         (clock clk rise edge)        5.000     5.000 r  
                         clock pessimism              0.000     5.000    
                         clock uncertainty           -0.035     4.965    
                         output delay                -2.000     2.965    
  -------------------------------------------------------------------
                         required time                          2.965    
                         arrival time                          -2.694    
  -------------------------------------------------------------------
                         slack                                  0.270    

Slack (MET) :             0.275ns  (required time - arrival time)
  Source:                 active_kr_list_r_reg[2][0]/C
                            (rising edge-triggered cell FDCE clocked by clk  {rise@0.000ns fall@2.500ns period=5.000ns})
  Destination:            win_q[5][2]
                            (output port clocked by clk  {rise@0.000ns fall@2.500ns period=5.000ns})
  Path Group:             clk
  Path Type:              Max at Slow Process Corner
  Requirement:            5.000ns  (clk rise@5.000ns - clk rise@0.000ns)
  Data Path Delay:        2.646ns  (logic 1.077ns (40.698%)  route 1.569ns (59.302%))
  Logic Levels:           8  (LUT3=1 LUT6=7)
  Output Delay:           2.000ns
  Clock Path Skew:        -0.043ns (DCD - SCD + CPR)
    Destination Clock Delay (DCD):    0.000ns = ( 5.000 - 5.000 ) 
    Source Clock Delay      (SCD):    0.043ns
    Clock Pessimism Removal (CPR):    0.000ns
  Clock Uncertainty:      0.035ns  ((TSJ^2 + TIJ^2)^1/2 + DJ) / 2 + PE
    Total System Jitter     (TSJ):    0.071ns
    Total Input Jitter      (TIJ):    0.000ns
    Discrete Jitter          (DJ):    0.000ns
    Phase Error              (PE):    0.000ns

    Location             Delay type                Incr(ns)  Path(ns)    Netlist Resource(s)
  -------------------------------------------------------------------    -------------------
                         (clock clk rise edge)        0.000     0.000 r  
                                                      0.000     0.000 r  clk (IN)
                         net (fo=1101, unset)         0.043     0.043    clk
    SLICE_X18Y25         FDCE                                         r  active_kr_list_r_reg[2][0]/C
  -------------------------------------------------------------------    -------------------
    SLICE_X18Y25         FDCE (Prop_HFF2_SLICEM_C_Q)
                                                      0.114     0.157 r  active_kr_list_r_reg[2][0]/Q
                         net (fo=1, routed)           0.211     0.368    active_kr_list_r_reg[2][0]
    SLICE_X19Y25         LUT6 (Prop_B6LUT_SLICEL_I1_O)
                                                      0.152     0.520 r  k_out[5]_INST_0_i_8/O
                         net (fo=1, routed)           0.051     0.571    k_out[5]_INST_0_i_8_n_0
    SLICE_X19Y25         LUT3 (Prop_E6LUT_SLICEL_I2_O)
                                                      0.057     0.628 r  k_out[5]_INST_0_i_5/O
                         net (fo=12, routed)          0.172     0.800    k_out[5]_INST_0_i_5_n_0
    SLICE_X19Y26         LUT6 (Prop_G6LUT_SLICEL_I1_O)
                                                      0.186     0.986 r  win_q[0][2]_INST_0_i_20/O
                         net (fo=78, routed)          0.397     1.384    win_q[0][2]_INST_0_i_20_n_0
    SLICE_X21Y20         LUT6 (Prop_C6LUT_SLICEM_I2_O)
                                                      0.135     1.519 r  win_q[0][2]_INST_0_i_42/O
                         net (fo=1, routed)           0.157     1.676    win_q[0][2]_INST_0_i_42_n_0
    SLICE_X21Y23         LUT6 (Prop_D6LUT_SLICEM_I1_O)
                                                      0.134     1.810 r  win_q[0][2]_INST_0_i_18/O
                         net (fo=4, routed)           0.359     2.168    data1[2]
    SLICE_X17Y27         LUT6 (Prop_G6LUT_SLICEM_I5_O)
                                                      0.057     2.225 r  win_q[1][2]_INST_0_i_4/O
                         net (fo=2, routed)           0.121     2.346    win_q[1][2]_INST_0_i_4_n_0
    SLICE_X17Y28         LUT6 (Prop_C6LUT_SLICEM_I3_O)
                                                      0.186     2.532 r  win_q[5][2]_INST_0_i_1/O
                         net (fo=1, routed)           0.101     2.633    win_q[5][2]_INST_0_i_1_n_0
    SLICE_X17Y27         LUT6 (Prop_C6LUT_SLICEM_I5_O)
                                                      0.056     2.689 r  win_q[5][2]_INST_0/O
                         net (fo=0)                   0.000     2.689    win_q[5][2]
                                                                      r  win_q[5][2] (OUT)
  -------------------------------------------------------------------    -------------------

                         (clock clk rise edge)        5.000     5.000 r  
                         clock pessimism              0.000     5.000    
                         clock uncertainty           -0.035     4.965    
                         output delay                -2.000     2.965    
  -------------------------------------------------------------------
                         required time                          2.965    
                         arrival time                          -2.689    
  -------------------------------------------------------------------
                         slack                                  0.275    




