Copyright 1986-2022 Xilinx, Inc. All Rights Reserved. Copyright 2022-2025 Advanced Micro Devices, Inc. All Rights Reserved.
-----------------------------------------------------------------------------------------------------------------------------------------------------
| Tool Version      : Vivado v.2025.1 (lin64) Build 6140274 Wed May 21 22:58:25 MDT 2025
| Date              : Fri Jul 24 19:21:17 2026
| Host              : yun-MS-7B50 running 64-bit Ubuntu 22.04.5 LTS
| Command           : report_timing_summary -delay_type min_max -check_timing_verbose -max_paths 10 -file reports/window_gen_impl_timing_summary.rpt
| Design            : window_gen
| Device            : xck26-sfvc784
| Speed File        : -2LV  PRODUCTION 1.30 05-15-2022
| Design State      : Routed
| Temperature Grade : C
-----------------------------------------------------------------------------------------------------------------------------------------------------

Timing Summary Report

------------------------------------------------------------------------------------------------
| Timer Settings
| --------------
------------------------------------------------------------------------------------------------

  Enable Multi Corner Analysis               :  Yes
  Enable Pessimism Removal                   :  Yes
  Pessimism Removal Resolution               :  Nearest Common Node
  Enable Input Delay Default Clock           :  No
  Enable Preset / Clear Arcs                 :  No
  Disable Flight Delays                      :  No
  Ignore I/O Paths                           :  No
  Timing Early Launch at Borrowing Latches   :  No
  Borrow Time for Max Delay Exceptions       :  Yes
  Merge Timing Exceptions                    :  Yes
  Inter-SLR Compensation                     :  Conservative

  Corner  Analyze    Analyze    
  Name    Max Paths  Min Paths  
  ------  ---------  ---------  
  Slow    Yes        Yes        
  Fast    Yes        Yes        


------------------------------------------------------------------------------------------------
| Report Methodology
| ------------------
------------------------------------------------------------------------------------------------

No report available as report_methodology has not been run prior. Run report_methodology on the current design for the summary of methodology violations.



check_timing report

Table of Contents
-----------------
1. checking no_clock (0)
2. checking constant_clock (0)
3. checking pulse_width_clock (0)
4. checking unconstrained_internal_endpoints (0)
5. checking no_input_delay (10)
6. checking no_output_delay (0)
7. checking multiple_clock (0)
8. checking generated_clocks (0)
9. checking loops (0)
10. checking partial_input_delay (0)
11. checking partial_output_delay (0)
12. checking latch_loops (0)

1. checking no_clock (0)
------------------------
 There are 0 register/latch pins with no clock.


2. checking constant_clock (0)
------------------------------
 There are 0 register/latch pins with constant_clock.


3. checking pulse_width_clock (0)
---------------------------------
 There are 0 register/latch pins which need pulse_width check


4. checking unconstrained_internal_endpoints (0)
------------------------------------------------
 There are 0 pins that are not constrained for maximum delay.

 There are 0 pins that are not constrained for maximum delay due to constant clock.


5. checking no_input_delay (10)
-------------------------------
 There are 10 input ports with no input delay specified. (HIGH)

pix_in[0]
pix_in[1]
pix_in[2]
pix_in[3]
pix_in[4]
pix_in[5]
pix_in[6]
pix_in[7]
rst_n
start

 There are 0 input ports with no input delay but user has a false path constraint.


6. checking no_output_delay (0)
-------------------------------
 There are 0 ports with no output delay specified.

 There are 0 ports with no output delay but user has a false path constraint

 There are 0 ports with no output delay but with a timing clock defined on it or propagating through it


7. checking multiple_clock (0)
------------------------------
 There are 0 register/latch pins with multiple clocks.


8. checking generated_clocks (0)
--------------------------------
 There are 0 generated clocks that are not connected to a clock source.


9. checking loops (0)
---------------------
 There are 0 combinational loops in the design.


10. checking partial_input_delay (0)
------------------------------------
 There are 0 input ports with partial input delay specified.


11. checking partial_output_delay (0)
-------------------------------------
 There are 0 ports with partial output delay specified.


12. checking latch_loops (0)
----------------------------
 There are 0 combinational latch loops in the design through latch input



------------------------------------------------------------------------------------------------
| Design Timing Summary
| ---------------------
------------------------------------------------------------------------------------------------

    WNS(ns)      TNS(ns)  TNS Failing Endpoints  TNS Total Endpoints      WHS(ns)      THS(ns)  THS Failing Endpoints  THS Total Endpoints     WPWS(ns)     TPWS(ns)  TPWS Failing Endpoints  TPWS Total Endpoints  
    -------      -------  ---------------------  -------------------      -------      -------  ---------------------  -------------------     --------     --------  ----------------------  --------------------  
      0.197        0.000                      0                 1242        0.091        0.000                      0                 1242        2.225        0.000                       0                  1102  


All user specified timing constraints are met.


------------------------------------------------------------------------------------------------
| Clock Summary
| -------------
------------------------------------------------------------------------------------------------

Clock  Waveform(ns)         Period(ns)      Frequency(MHz)
-----  ------------         ----------      --------------
clk    {0.000 2.500}        5.000           200.000         


------------------------------------------------------------------------------------------------
| Intra Clock Table
| -----------------
------------------------------------------------------------------------------------------------

Clock             WNS(ns)      TNS(ns)  TNS Failing Endpoints  TNS Total Endpoints      WHS(ns)      THS(ns)  THS Failing Endpoints  THS Total Endpoints     WPWS(ns)     TPWS(ns)  TPWS Failing Endpoints  TPWS Total Endpoints  
-----             -------      -------  ---------------------  -------------------      -------      -------  ---------------------  -------------------     --------     --------  ----------------------  --------------------  
clk                 0.197        0.000                      0                 1242        0.091        0.000                      0                 1242        2.225        0.000                       0                  1102  


------------------------------------------------------------------------------------------------
| Inter Clock Table
| -----------------
------------------------------------------------------------------------------------------------

From Clock    To Clock          WNS(ns)      TNS(ns)  TNS Failing Endpoints  TNS Total Endpoints      WHS(ns)      THS(ns)  THS Failing Endpoints  THS Total Endpoints  
----------    --------          -------      -------  ---------------------  -------------------      -------      -------  ---------------------  -------------------  


------------------------------------------------------------------------------------------------
| Other Path Groups Table
| -----------------------
------------------------------------------------------------------------------------------------

Path Group    From Clock    To Clock          WNS(ns)      TNS(ns)  TNS Failing Endpoints  TNS Total Endpoints      WHS(ns)      THS(ns)  THS Failing Endpoints  THS Total Endpoints  
----------    ----------    --------          -------      -------  ---------------------  -------------------      -------      -------  ---------------------  -------------------  


------------------------------------------------------------------------------------------------
| Timing Details
| --------------
------------------------------------------------------------------------------------------------


---------------------------------------------------------------------------------------------------
From Clock:  clk
  To Clock:  clk

Setup :            0  Failing Endpoints,  Worst Slack        0.197ns,  Total Violation        0.000ns
Hold  :            0  Failing Endpoints,  Worst Slack        0.091ns,  Total Violation        0.000ns
PW    :            0  Failing Endpoints,  Worst Slack        2.225ns,  Total Violation        0.000ns
---------------------------------------------------------------------------------------------------


Max Delay Paths
--------------------------------------------------------------------------------------
Slack (MET) :             0.197ns  (required time - arrival time)
  Source:                 active_kr_list_r_reg[2][0]/C
                            (rising edge-triggered cell FDCE clocked by clk  {rise@0.000ns fall@2.500ns period=5.000ns})
  Destination:            win_q[6][1]
                            (output port clocked by clk  {rise@0.000ns fall@2.500ns period=5.000ns})
  Path Group:             clk
  Path Type:              Max at Slow Process Corner
  Requirement:            5.000ns  (clk rise@5.000ns - clk rise@0.000ns)
  Data Path Delay:        2.725ns  (logic 1.103ns (40.481%)  route 1.622ns (59.519%))
  Logic Levels:           7  (LUT3=1 LUT6=6)
  Output Delay:           2.000ns
  Clock Path Skew:        -0.043ns (DCD - SCD + CPR)
    Destination Clock Delay (DCD):    0.000ns = ( 5.000 - 5.000 ) 
    Source Clock Delay      (SCD):    0.043ns
    Clock Pessimism Removal (CPR):    0.000ns
  Clock Uncertainty:      0.035ns  ((TSJ^2 + TIJ^2)^1/2 + DJ) / 2 + PE
    Total System Jitter     (TSJ):    0.071ns
    Total Input Jitter      (TIJ):    0.000ns
    Discrete Jitter          (DJ):    0.000ns
    Phase Error              (PE):    0.000ns

    Location             Delay type                Incr(ns)  Path(ns)    Netlist Resource(s)
  -------------------------------------------------------------------    -------------------
                         (clock clk rise edge)        0.000     0.000 r  
                                                      0.000     0.000 r  clk (IN)
                         net (fo=1101, unset)         0.043     0.043    clk
    SLICE_X18Y25         FDCE                                         r  active_kr_list_r_reg[2][0]/C
  -------------------------------------------------------------------    -------------------
    SLICE_X18Y25         FDCE (Prop_HFF2_SLICEM_C_Q)
                                                      0.114     0.157 r  active_kr_list_r_reg[2][0]/Q
                         net (fo=1, routed)           0.211     0.368    active_kr_list_r_reg[2][0]
    SLICE_X19Y25         LUT6 (Prop_B6LUT_SLICEL_I1_O)
                                                      0.152     0.520 r  k_out[5]_INST_0_i_8/O
                         net (fo=1, routed)           0.051     0.571    k_out[5]_INST_0_i_8_n_0
    SLICE_X19Y25         LUT3 (Prop_E6LUT_SLICEL_I2_O)
                                                      0.057     0.628 r  k_out[5]_INST_0_i_5/O
                         net (fo=12, routed)          0.172     0.800    k_out[5]_INST_0_i_5_n_0
    SLICE_X19Y26         LUT6 (Prop_G6LUT_SLICEL_I1_O)
                                                      0.186     0.986 r  win_q[0][2]_INST_0_i_20/O
                         net (fo=78, routed)          0.553     1.539    win_q[0][2]_INST_0_i_20_n_0
    SLICE_X18Y39         LUT6 (Prop_F6LUT_SLICEM_I2_O)
                                                      0.149     1.688 r  win_q[0][1]_INST_0_i_7/O
                         net (fo=1, routed)           0.050     1.738    win_q[0][1]_INST_0_i_7_n_0
    SLICE_X18Y39         LUT6 (Prop_G6LUT_SLICEM_I4_O)
                                                      0.082     1.820 r  win_q[0][1]_INST_0_i_2/O
                         net (fo=8, routed)           0.535     2.355    data12[1]
    SLICE_X16Y22         LUT6 (Prop_A6LUT_SLICEL_I1_O)
                                                      0.225     2.580 r  win_q[6][1]_INST_0_i_1/O
                         net (fo=1, routed)           0.050     2.630    win_q[6][1]_INST_0_i_1_n_0
    SLICE_X16Y22         LUT6 (Prop_B6LUT_SLICEL_I4_O)
                                                      0.138     2.768 r  win_q[6][1]_INST_0/O
                         net (fo=0)                   0.000     2.768    win_q[6][1]
                                                                      r  win_q[6][1] (OUT)
  -------------------------------------------------------------------    -------------------

                         (clock clk rise edge)        5.000     5.000 r  
                         clock pessimism              0.000     5.000    
                         clock uncertainty           -0.035     4.965    
                         output delay                -2.000     2.965    
  -------------------------------------------------------------------
                         required time                          2.965    
                         arrival time                          -2.768    
  -------------------------------------------------------------------
                         slack                                  0.197    

Slack (MET) :             0.254ns  (required time - arrival time)
  Source:                 active_kr_list_r_reg[2][0]/C
                            (rising edge-triggered cell FDCE clocked by clk  {rise@0.000ns fall@2.500ns period=5.000ns})
  Destination:            win_q[7][1]
                            (output port clocked by clk  {rise@0.000ns fall@2.500ns period=5.000ns})
  Path Group:             clk
  Path Type:              Max at Slow Process Corner
  Requirement:            5.000ns  (clk rise@5.000ns - clk rise@0.000ns)
  Data Path Delay:        2.668ns  (logic 1.147ns (42.994%)  route 1.521ns (57.006%))
  Logic Levels:           8  (LUT3=1 LUT6=7)
  Output Delay:           2.000ns
  Clock Path Skew:        -0.043ns (DCD - SCD + CPR)
    Destination Clock Delay (DCD):    0.000ns = ( 5.000 - 5.000 ) 
    Source Clock Delay      (SCD):    0.043ns
    Clock Pessimism Removal (CPR):    0.000ns
  Clock Uncertainty:      0.035ns  ((TSJ^2 + TIJ^2)^1/2 + DJ) / 2 + PE
    Total System Jitter     (TSJ):    0.071ns
    Total Input Jitter      (TIJ):    0.000ns
    Discrete Jitter          (DJ):    0.000ns
    Phase Error              (PE):    0.000ns

    Location             Delay type                Incr(ns)  Path(ns)    Netlist Resource(s)
  -------------------------------------------------------------------    -------------------
                         (clock clk rise edge)        0.000     0.000 r  
                                                      0.000     0.000 r  clk (IN)
                         net (fo=1101, unset)         0.043     0.043    clk
    SLICE_X18Y25         FDCE                                         r  active_kr_list_r_reg[2][0]/C
  -------------------------------------------------------------------    -------------------
    SLICE_X18Y25         FDCE (Prop_HFF2_SLICEM_C_Q)
                                                      0.114     0.157 r  active_kr_list_r_reg[2][0]/Q
                         net (fo=1, routed)           0.211     0.368    active_kr_list_r_reg[2][0]
    SLICE_X19Y25         LUT6 (Prop_B6LUT_SLICEL_I1_O)
                                                      0.152     0.520 r  k_out[5]_INST_0_i_8/O
                         net (fo=1, routed)           0.051     0.571    k_out[5]_INST_0_i_8_n_0
    SLICE_X19Y25         LUT3 (Prop_E6LUT_SLICEL_I2_O)
                                                      0.057     0.628 r  k_out[5]_INST_0_i_5/O
                         net (fo=12, routed)          0.172     0.800    k_out[5]_INST_0_i_5_n_0
    SLICE_X19Y26         LUT6 (Prop_G6LUT_SLICEL_I1_O)
                                                      0.186     0.986 r  win_q[0][2]_INST_0_i_20/O
                         net (fo=78, routed)          0.246     1.233    win_q[0][2]_INST_0_i_20_n_0
    SLICE_X19Y25         LUT6 (Prop_C6LUT_SLICEL_I2_O)
                                                      0.081     1.314 r  win_q[0][1]_INST_0_i_26/O
                         net (fo=1, routed)           0.331     1.645    win_q[0][1]_INST_0_i_26_n_0
    SLICE_X16Y17         LUT6 (Prop_H6LUT_SLICEL_I1_O)
                                                      0.188     1.833 r  win_q[0][1]_INST_0_i_11/O
                         net (fo=4, routed)           0.304     2.137    data8[1]
    SLICE_X15Y22         LUT6 (Prop_C6LUT_SLICEL_I0_O)
                                                      0.136     2.273 r  win_q[3][1]_INST_0_i_2/O
                         net (fo=2, routed)           0.101     2.374    win_q[3][1]_INST_0_i_2_n_0
    SLICE_X15Y23         LUT6 (Prop_B6LUT_SLICEL_I0_O)
                                                      0.152     2.526 r  win_q[7][1]_INST_0_i_1/O
                         net (fo=1, routed)           0.104     2.630    win_q[7][1]_INST_0_i_1_n_0
    SLICE_X15Y23         LUT6 (Prop_C6LUT_SLICEL_I4_O)
                                                      0.081     2.711 r  win_q[7][1]_INST_0/O
                         net (fo=0)                   0.000     2.711    win_q[7][1]
                                                                      r  win_q[7][1] (OUT)
  -------------------------------------------------------------------    -------------------

                         (clock clk rise edge)        5.000     5.000 r  
                         clock pessimism              0.000     5.000    
                         clock uncertainty           -0.035     4.965    
                         output delay                -2.000     2.965    
  -------------------------------------------------------------------
                         required time                          2.965    
                         arrival time                          -2.711    
  -------------------------------------------------------------------
                         slack                                  0.254    

Slack (MET) :             0.262ns  (required time - arrival time)
  Source:                 active_kr_list_r_reg[2][0]/C
                            (rising edge-triggered cell FDCE clocked by clk  {rise@0.000ns fall@2.500ns period=5.000ns})
  Destination:            win_q[7][2]
                            (output port clocked by clk  {rise@0.000ns fall@2.500ns period=5.000ns})
  Path Group:             clk
  Path Type:              Max at Slow Process Corner
  Requirement:            5.000ns  (clk rise@5.000ns - clk rise@0.000ns)
  Data Path Delay:        2.659ns  (logic 0.993ns (37.342%)  route 1.666ns (62.658%))
  Logic Levels:           8  (LUT3=1 LUT6=7)
  Output Delay:           2.000ns
  Clock Path Skew:        -0.043ns (DCD - SCD + CPR)
    Destination Clock Delay (DCD):    0.000ns = ( 5.000 - 5.000 ) 
    Source Clock Delay      (SCD):    0.043ns
    Clock Pessimism Removal (CPR):    0.000ns
  Clock Uncertainty:      0.035ns  ((TSJ^2 + TIJ^2)^1/2 + DJ) / 2 + PE
    Total System Jitter     (TSJ):    0.071ns
    Total Input Jitter      (TIJ):    0.000ns
    Discrete Jitter          (DJ):    0.000ns
    Phase Error              (PE):    0.000ns

    Location             Delay type                Incr(ns)  Path(ns)    Netlist Resource(s)
  -------------------------------------------------------------------    -------------------
                         (clock clk rise edge)        0.000     0.000 r  
                                                      0.000     0.000 r  clk (IN)
                         net (fo=1101, unset)         0.043     0.043    clk
    SLICE_X18Y25         FDCE                                         r  active_kr_list_r_reg[2][0]/C
  -------------------------------------------------------------------    -------------------
    SLICE_X18Y25         FDCE (Prop_HFF2_SLICEM_C_Q)
                                                      0.114     0.157 r  active_kr_list_r_reg[2][0]/Q
                         net (fo=1, routed)           0.211     0.368    active_kr_list_r_reg[2][0]
    SLICE_X19Y25         LUT6 (Prop_B6LUT_SLICEL_I1_O)
                                                      0.152     0.520 r  k_out[5]_INST_0_i_8/O
                         net (fo=1, routed)           0.051     0.571    k_out[5]_INST_0_i_8_n_0
    SLICE_X19Y25         LUT3 (Prop_E6LUT_SLICEL_I2_O)
                                                      0.057     0.628 r  k_out[5]_INST_0_i_5/O
                         net (fo=12, routed)          0.172     0.800    k_out[5]_INST_0_i_5_n_0
    SLICE_X19Y26         LUT6 (Prop_G6LUT_SLICEL_I1_O)
                                                      0.186     0.986 r  win_q[0][2]_INST_0_i_20/O
                         net (fo=78, routed)          0.504     1.490    win_q[0][2]_INST_0_i_20_n_0
    SLICE_X21Y16         LUT6 (Prop_H6LUT_SLICEM_I2_O)
                                                      0.060     1.550 r  win_q[0][2]_INST_0_i_32/O
                         net (fo=1, routed)           0.049     1.599    win_q[0][2]_INST_0_i_32_n_0
    SLICE_X21Y16         LUT6 (Prop_F6LUT_SLICEM_I1_O)
                                                      0.135     1.734 r  win_q[0][2]_INST_0_i_13/O
                         net (fo=4, routed)           0.373     2.107    data6[2]
    SLICE_X17Y24         LUT6 (Prop_F6LUT_SLICEM_I4_O)
                                                      0.149     2.256 r  win_q[3][2]_INST_0_i_3/O
                         net (fo=2, routed)           0.206     2.462    win_q[3][2]_INST_0_i_3_n_0
    SLICE_X17Y25         LUT6 (Prop_A6LUT_SLICEM_I5_O)
                                                      0.083     2.545 r  win_q[7][2]_INST_0_i_1/O
                         net (fo=1, routed)           0.100     2.645    win_q[7][2]_INST_0_i_1_n_0
    SLICE_X17Y24         LUT6 (Prop_B6LUT_SLICEM_I4_O)
                                                      0.057     2.702 r  win_q[7][2]_INST_0/O
                         net (fo=0)                   0.000     2.702    win_q[7][2]
                                                                      r  win_q[7][2] (OUT)
  -------------------------------------------------------------------    -------------------

                         (clock clk rise edge)        5.000     5.000 r  
                         clock pessimism              0.000     5.000    
                         clock uncertainty           -0.035     4.965    
                         output delay                -2.000     2.965    
  -------------------------------------------------------------------
                         required time                          2.965    
                         arrival time                          -2.702    
  -------------------------------------------------------------------
                         slack                                  0.262    

Slack (MET) :             0.270ns  (required time - arrival time)
  Source:                 active_kr_list_r_reg[2][0]/C
                            (rising edge-triggered cell FDCE clocked by clk  {rise@0.000ns fall@2.500ns period=5.000ns})
  Destination:            win_q[4][1]
                            (output port clocked by clk  {rise@0.000ns fall@2.500ns period=5.000ns})
  Path Group:             clk
  Path Type:              Max at Slow Process Corner
  Requirement:            5.000ns  (clk rise@5.000ns - clk rise@0.000ns)
  Data Path Delay:        2.651ns  (logic 0.983ns (37.074%)  route 1.668ns (62.926%))
  Logic Levels:           7  (LUT3=1 LUT6=6)
  Output Delay:           2.000ns
  Clock Path Skew:        -0.043ns (DCD - SCD + CPR)
    Destination Clock Delay (DCD):    0.000ns = ( 5.000 - 5.000 ) 
    Source Clock Delay      (SCD):    0.043ns
    Clock Pessimism Removal (CPR):    0.000ns
  Clock Uncertainty:      0.035ns  ((TSJ^2 + TIJ^2)^1/2 + DJ) / 2 + PE
    Total System Jitter     (TSJ):    0.071ns
    Total Input Jitter      (TIJ):    0.000ns
    Discrete Jitter          (DJ):    0.000ns
    Phase Error              (PE):    0.000ns

    Location             Delay type                Incr(ns)  Path(ns)    Netlist Resource(s)
  -------------------------------------------------------------------    -------------------
                         (clock clk rise edge)        0.000     0.000 r  
                                                      0.000     0.000 r  clk (IN)
                         net (fo=1101, unset)         0.043     0.043    clk
    SLICE_X18Y25         FDCE                                         r  active_kr_list_r_reg[2][0]/C
  -------------------------------------------------------------------    -------------------
    SLICE_X18Y25         FDCE (Prop_HFF2_SLICEM_C_Q)
                                                      0.114     0.157 r  active_kr_list_r_reg[2][0]/Q
                         net (fo=1, routed)           0.211     0.368    active_kr_list_r_reg[2][0]
    SLICE_X19Y25         LUT6 (Prop_B6LUT_SLICEL_I1_O)
                                                      0.152     0.520 r  k_out[5]_INST_0_i_8/O
                         net (fo=1, routed)           0.051     0.571    k_out[5]_INST_0_i_8_n_0
    SLICE_X19Y25         LUT3 (Prop_E6LUT_SLICEL_I2_O)
                                                      0.057     0.628 r  k_out[5]_INST_0_i_5/O
                         net (fo=12, routed)          0.172     0.800    k_out[5]_INST_0_i_5_n_0
    SLICE_X19Y26         LUT6 (Prop_G6LUT_SLICEL_I1_O)
                                                      0.186     0.986 r  win_q[0][2]_INST_0_i_20/O
                         net (fo=78, routed)          0.553     1.539    win_q[0][2]_INST_0_i_20_n_0
    SLICE_X18Y39         LUT6 (Prop_F6LUT_SLICEM_I2_O)
                                                      0.149     1.688 r  win_q[0][1]_INST_0_i_7/O
                         net (fo=1, routed)           0.050     1.738    win_q[0][1]_INST_0_i_7_n_0
    SLICE_X18Y39         LUT6 (Prop_G6LUT_SLICEM_I4_O)
                                                      0.082     1.820 r  win_q[0][1]_INST_0_i_2/O
                         net (fo=8, routed)           0.481     2.301    data12[1]
    SLICE_X15Y23         LUT6 (Prop_E6LUT_SLICEL_I1_O)
                                                      0.187     2.488 r  win_q[4][1]_INST_0_i_1/O
                         net (fo=1, routed)           0.150     2.638    win_q[4][1]_INST_0_i_1_n_0
    SLICE_X15Y24         LUT6 (Prop_C6LUT_SLICEL_I4_O)
                                                      0.056     2.694 r  win_q[4][1]_INST_0/O
                         net (fo=0)                   0.000     2.694    win_q[4][1]
                                                                      r  win_q[4][1] (OUT)
  -------------------------------------------------------------------    -------------------

                         (clock clk rise edge)        5.000     5.000 r  
                         clock pessimism              0.000     5.000    
                         clock uncertainty           -0.035     4.965    
                         output delay                -2.000     2.965    
  -------------------------------------------------------------------
                         required time                          2.965    
                         arrival time                          -2.694    
  -------------------------------------------------------------------
                         slack                                  0.270    

Slack (MET) :             0.275ns  (required time - arrival time)
  Source:                 active_kr_list_r_reg[2][0]/C
                            (rising edge-triggered cell FDCE clocked by clk  {rise@0.000ns fall@2.500ns period=5.000ns})
  Destination:            win_q[5][2]
                            (output port clocked by clk  {rise@0.000ns fall@2.500ns period=5.000ns})
  Path Group:             clk
  Path Type:              Max at Slow Process Corner
  Requirement:            5.000ns  (clk rise@5.000ns - clk rise@0.000ns)
  Data Path Delay:        2.646ns  (logic 1.077ns (40.698%)  route 1.569ns (59.302%))
  Logic Levels:           8  (LUT3=1 LUT6=7)
  Output Delay:           2.000ns
  Clock Path Skew:        -0.043ns (DCD - SCD + CPR)
    Destination Clock Delay (DCD):    0.000ns = ( 5.000 - 5.000 ) 
    Source Clock Delay      (SCD):    0.043ns
    Clock Pessimism Removal (CPR):    0.000ns
  Clock Uncertainty:      0.035ns  ((TSJ^2 + TIJ^2)^1/2 + DJ) / 2 + PE
    Total System Jitter     (TSJ):    0.071ns
    Total Input Jitter      (TIJ):    0.000ns
    Discrete Jitter          (DJ):    0.000ns
    Phase Error              (PE):    0.000ns

    Location             Delay type                Incr(ns)  Path(ns)    Netlist Resource(s)
  -------------------------------------------------------------------    -------------------
                         (clock clk rise edge)        0.000     0.000 r  
                                                      0.000     0.000 r  clk (IN)
                         net (fo=1101, unset)         0.043     0.043    clk
    SLICE_X18Y25         FDCE                                         r  active_kr_list_r_reg[2][0]/C
  -------------------------------------------------------------------    -------------------
    SLICE_X18Y25         FDCE (Prop_HFF2_SLICEM_C_Q)
                                                      0.114     0.157 r  active_kr_list_r_reg[2][0]/Q
                         net (fo=1, routed)           0.211     0.368    active_kr_list_r_reg[2][0]
    SLICE_X19Y25         LUT6 (Prop_B6LUT_SLICEL_I1_O)
                                                      0.152     0.520 r  k_out[5]_INST_0_i_8/O
                         net (fo=1, routed)           0.051     0.571    k_out[5]_INST_0_i_8_n_0
    SLICE_X19Y25         LUT3 (Prop_E6LUT_SLICEL_I2_O)
                                                      0.057     0.628 r  k_out[5]_INST_0_i_5/O
                         net (fo=12, routed)          0.172     0.800    k_out[5]_INST_0_i_5_n_0
    SLICE_X19Y26         LUT6 (Prop_G6LUT_SLICEL_I1_O)
                                                      0.186     0.986 r  win_q[0][2]_INST_0_i_20/O
                         net (fo=78, routed)          0.397     1.384    win_q[0][2]_INST_0_i_20_n_0
    SLICE_X21Y20         LUT6 (Prop_C6LUT_SLICEM_I2_O)
                                                      0.135     1.519 r  win_q[0][2]_INST_0_i_42/O
                         net (fo=1, routed)           0.157     1.676    win_q[0][2]_INST_0_i_42_n_0
    SLICE_X21Y23         LUT6 (Prop_D6LUT_SLICEM_I1_O)
                                                      0.134     1.810 r  win_q[0][2]_INST_0_i_18/O
                         net (fo=4, routed)           0.359     2.168    data1[2]
    SLICE_X17Y27         LUT6 (Prop_G6LUT_SLICEM_I5_O)
                                                      0.057     2.225 r  win_q[1][2]_INST_0_i_4/O
                         net (fo=2, routed)           0.121     2.346    win_q[1][2]_INST_0_i_4_n_0
    SLICE_X17Y28         LUT6 (Prop_C6LUT_SLICEM_I3_O)
                                                      0.186     2.532 r  win_q[5][2]_INST_0_i_1/O
                         net (fo=1, routed)           0.101     2.633    win_q[5][2]_INST_0_i_1_n_0
    SLICE_X17Y27         LUT6 (Prop_C6LUT_SLICEM_I5_O)
                                                      0.056     2.689 r  win_q[5][2]_INST_0/O
                         net (fo=0)                   0.000     2.689    win_q[5][2]
                                                                      r  win_q[5][2] (OUT)
  -------------------------------------------------------------------    -------------------

                         (clock clk rise edge)        5.000     5.000 r  
                         clock pessimism              0.000     5.000    
                         clock uncertainty           -0.035     4.965    
                         output delay                -2.000     2.965    
  -------------------------------------------------------------------
                         required time                          2.965    
                         arrival time                          -2.689    
  -------------------------------------------------------------------
                         slack                                  0.275    

Slack (MET) :             0.277ns  (required time - arrival time)
  Source:                 active_kr_list_r_reg[2][0]/C
                            (rising edge-triggered cell FDCE clocked by clk  {rise@0.000ns fall@2.500ns period=5.000ns})
  Destination:            win_q[1][1]
                            (output port clocked by clk  {rise@0.000ns fall@2.500ns period=5.000ns})
  Path Group:             clk
  Path Type:              Max at Slow Process Corner
  Requirement:            5.000ns  (clk rise@5.000ns - clk rise@0.000ns)
  Data Path Delay:        2.645ns  (logic 1.177ns (44.507%)  route 1.468ns (55.493%))
  Logic Levels:           8  (LUT3=1 LUT6=7)
  Output Delay:           2.000ns
  Clock Path Skew:        -0.043ns (DCD - SCD + CPR)
    Destination Clock Delay (DCD):    0.000ns = ( 5.000 - 5.000 ) 
    Source Clock Delay      (SCD):    0.043ns
    Clock Pessimism Removal (CPR):    0.000ns
  Clock Uncertainty:      0.035ns  ((TSJ^2 + TIJ^2)^1/2 + DJ) / 2 + PE
    Total System Jitter     (TSJ):    0.071ns
    Total Input Jitter      (TIJ):    0.000ns
    Discrete Jitter          (DJ):    0.000ns
    Phase Error              (PE):    0.000ns

    Location             Delay type                Incr(ns)  Path(ns)    Netlist Resource(s)
  -------------------------------------------------------------------    -------------------
                         (clock clk rise edge)        0.000     0.000 r  
                                                      0.000     0.000 r  clk (IN)
                         net (fo=1101, unset)         0.043     0.043    clk
    SLICE_X18Y25         FDCE                                         r  active_kr_list_r_reg[2][0]/C
  -------------------------------------------------------------------    -------------------
    SLICE_X18Y25         FDCE (Prop_HFF2_SLICEM_C_Q)
                                                      0.114     0.157 r  active_kr_list_r_reg[2][0]/Q
                         net (fo=1, routed)           0.211     0.368    active_kr_list_r_reg[2][0]
    SLICE_X19Y25         LUT6 (Prop_B6LUT_SLICEL_I1_O)
                                                      0.152     0.520 r  k_out[5]_INST_0_i_8/O
                         net (fo=1, routed)           0.051     0.571    k_out[5]_INST_0_i_8_n_0
    SLICE_X19Y25         LUT3 (Prop_E6LUT_SLICEL_I2_O)
                                                      0.057     0.628 r  k_out[5]_INST_0_i_5/O
                         net (fo=12, routed)          0.172     0.800    k_out[5]_INST_0_i_5_n_0
    SLICE_X19Y26         LUT6 (Prop_G6LUT_SLICEL_I1_O)
                                                      0.186     0.986 r  win_q[0][2]_INST_0_i_20/O
                         net (fo=78, routed)          0.389     1.375    win_q[0][2]_INST_0_i_20_n_0
    SLICE_X19Y15         LUT6 (Prop_F6LUT_SLICEL_I2_O)
                                                      0.136     1.511 r  win_q[0][1]_INST_0_i_38/O
                         net (fo=1, routed)           0.155     1.666    win_q[0][1]_INST_0_i_38_n_0
    SLICE_X18Y17         LUT6 (Prop_G6LUT_SLICEM_I1_O)
                                                      0.137     1.803 r  win_q[0][1]_INST_0_i_17/O
                         net (fo=4, routed)           0.284     2.087    data2[1]
    SLICE_X15Y22         LUT6 (Prop_F6LUT_SLICEL_I0_O)
                                                      0.187     2.274 r  win_q[1][1]_INST_0_i_4/O
                         net (fo=2, routed)           0.155     2.429    win_q[1][1]_INST_0_i_4_n_0
    SLICE_X15Y22         LUT6 (Prop_D6LUT_SLICEL_I5_O)
                                                      0.057     2.486 r  win_q[1][1]_INST_0_i_1/O
                         net (fo=1, routed)           0.051     2.537    win_q[1][1]_INST_0_i_1_n_0
    SLICE_X15Y22         LUT6 (Prop_G6LUT_SLICEL_I4_O)
                                                      0.151     2.688 r  win_q[1][1]_INST_0/O
                         net (fo=0)                   0.000     2.688    win_q[1][1]
                                                                      r  win_q[1][1] (OUT)
  -------------------------------------------------------------------    -------------------

                         (clock clk rise edge)        5.000     5.000 r  
                         clock pessimism              0.000     5.000    
                         clock uncertainty           -0.035     4.965    
                         output delay                -2.000     2.965    
  -------------------------------------------------------------------
                         required time                          2.965    
                         arrival time                          -2.688    
  -------------------------------------------------------------------
                         slack                                  0.277    

Slack (MET) :             0.279ns  (required time - arrival time)
  Source:                 active_kr_list_r_reg[2][0]/C
                            (rising edge-triggered cell FDCE clocked by clk  {rise@0.000ns fall@2.500ns period=5.000ns})
  Destination:            win_q[2][6]
                            (output port clocked by clk  {rise@0.000ns fall@2.500ns period=5.000ns})
  Path Group:             clk
  Path Type:              Max at Slow Process Corner
  Requirement:            5.000ns  (clk rise@5.000ns - clk rise@0.000ns)
  Data Path Delay:        2.642ns  (logic 1.073ns (40.610%)  route 1.569ns (59.390%))
  Logic Levels:           8  (LUT3=1 LUT6=7)
  Output Delay:           2.000ns
  Clock Path Skew:        -0.043ns (DCD - SCD + CPR)
    Destination Clock Delay (DCD):    0.000ns = ( 5.000 - 5.000 ) 
    Source Clock Delay      (SCD):    0.043ns
    Clock Pessimism Removal (CPR):    0.000ns
  Clock Uncertainty:      0.035ns  ((TSJ^2 + TIJ^2)^1/2 + DJ) / 2 + PE
    Total System Jitter     (TSJ):    0.071ns
    Total Input Jitter      (TIJ):    0.000ns
    Discrete Jitter          (DJ):    0.000ns
    Phase Error              (PE):    0.000ns

    Location             Delay type                Incr(ns)  Path(ns)    Netlist Resource(s)
  -------------------------------------------------------------------    -------------------
                         (clock clk rise edge)        0.000     0.000 r  
                                                      0.000     0.000 r  clk (IN)
                         net (fo=1101, unset)         0.043     0.043    clk
    SLICE_X18Y25         FDCE                                         r  active_kr_list_r_reg[2][0]/C
  -------------------------------------------------------------------    -------------------
    SLICE_X18Y25         FDCE (Prop_HFF2_SLICEM_C_Q)
                                                      0.114     0.157 r  active_kr_list_r_reg[2][0]/Q
                         net (fo=1, routed)           0.211     0.368    active_kr_list_r_reg[2][0]
    SLICE_X19Y25         LUT6 (Prop_B6LUT_SLICEL_I1_O)
                                                      0.152     0.520 r  k_out[5]_INST_0_i_8/O
                         net (fo=1, routed)           0.051     0.571    k_out[5]_INST_0_i_8_n_0
    SLICE_X19Y25         LUT3 (Prop_E6LUT_SLICEL_I2_O)
                                                      0.057     0.628 r  k_out[5]_INST_0_i_5/O
                         net (fo=12, routed)          0.117     0.745    k_out[5]_INST_0_i_5_n_0
    SLICE_X19Y25         LUT6 (Prop_G6LUT_SLICEL_I1_O)
                                                      0.137     0.882 r  win_q[0][7]_INST_0_i_22/O
                         net (fo=130, routed)         0.368     1.250    win_q[0][7]_INST_0_i_22_n_0
    SLICE_X20Y20         LUT6 (Prop_A6LUT_SLICEM_I2_O)
                                                      0.189     1.439 r  win_q[0][6]_INST_0_i_30/O
                         net (fo=1, routed)           0.107     1.546    win_q[0][6]_INST_0_i_30_n_0
    SLICE_X20Y17         LUT6 (Prop_F6LUT_SLICEM_I1_O)
                                                      0.135     1.681 r  win_q[0][6]_INST_0_i_13/O
                         net (fo=4, routed)           0.374     2.055    data6[6]
    SLICE_X18Y26         LUT6 (Prop_F6LUT_SLICEM_I5_O)
                                                      0.056     2.111 r  win_q[2][6]_INST_0_i_3/O
                         net (fo=2, routed)           0.242     2.353    win_q[2][6]_INST_0_i_3_n_0
    SLICE_X16Y25         LUT6 (Prop_C6LUT_SLICEL_I3_O)
                                                      0.150     2.503 r  win_q[2][6]_INST_0_i_1/O
                         net (fo=1, routed)           0.099     2.602    win_q[2][6]_INST_0_i_1_n_0
    SLICE_X16Y25         LUT6 (Prop_B6LUT_SLICEL_I4_O)
                                                      0.083     2.685 r  win_q[2][6]_INST_0/O
                         net (fo=0)                   0.000     2.685    win_q[2][6]
                                                                      r  win_q[2][6] (OUT)
  -------------------------------------------------------------------    -------------------

                         (clock clk rise edge)        5.000     5.000 r  
                         clock pessimism              0.000     5.000    
                         clock uncertainty           -0.035     4.965    
                         output delay                -2.000     2.965    
  -------------------------------------------------------------------
                         required time                          2.965    
                         arrival time                          -2.685    
  -------------------------------------------------------------------
                         slack                                  0.279    

Slack (MET) :             0.283ns  (required time - arrival time)
  Source:                 active_kr_list_r_reg[2][0]/C
                            (rising edge-triggered cell FDCE clocked by clk  {rise@0.000ns fall@2.500ns period=5.000ns})
  Destination:            win_q[5][4]
                            (output port clocked by clk  {rise@0.000ns fall@2.500ns period=5.000ns})
  Path Group:             clk
  Path Type:              Max at Slow Process Corner
  Requirement:            5.000ns  (clk rise@5.000ns - clk rise@0.000ns)
  Data Path Delay:        2.639ns  (logic 1.078ns (40.853%)  route 1.561ns (59.147%))
  Logic Levels:           8  (LUT3=1 LUT6=7)
  Output Delay:           2.000ns
  Clock Path Skew:        -0.043ns (DCD - SCD + CPR)
    Destination Clock Delay (DCD):    0.000ns = ( 5.000 - 5.000 ) 
    Source Clock Delay      (SCD):    0.043ns
    Clock Pessimism Removal (CPR):    0.000ns
  Clock Uncertainty:      0.035ns  ((TSJ^2 + TIJ^2)^1/2 + DJ) / 2 + PE
    Total System Jitter     (TSJ):    0.071ns
    Total Input Jitter      (TIJ):    0.000ns
    Discrete Jitter          (DJ):    0.000ns
    Phase Error              (PE):    0.000ns

    Location             Delay type                Incr(ns)  Path(ns)    Netlist Resource(s)
  -------------------------------------------------------------------    -------------------
                         (clock clk rise edge)        0.000     0.000 r  
                                                      0.000     0.000 r  clk (IN)
                         net (fo=1101, unset)         0.043     0.043    clk
    SLICE_X18Y25         FDCE                                         r  active_kr_list_r_reg[2][0]/C
  -------------------------------------------------------------------    -------------------
    SLICE_X18Y25         FDCE (Prop_HFF2_SLICEM_C_Q)
                                                      0.114     0.157 r  active_kr_list_r_reg[2][0]/Q
                         net (fo=1, routed)           0.211     0.368    active_kr_list_r_reg[2][0]
    SLICE_X19Y25         LUT6 (Prop_B6LUT_SLICEL_I1_O)
                                                      0.152     0.520 r  k_out[5]_INST_0_i_8/O
                         net (fo=1, routed)           0.051     0.571    k_out[5]_INST_0_i_8_n_0
    SLICE_X19Y25         LUT3 (Prop_E6LUT_SLICEL_I2_O)
                                                      0.057     0.628 r  k_out[5]_INST_0_i_5/O
                         net (fo=12, routed)          0.128     0.756    k_out[5]_INST_0_i_5_n_0
    SLICE_X20Y25         LUT6 (Prop_F6LUT_SLICEM_I1_O)
                                                      0.186     0.942 r  win_q[0][7]_INST_0_i_23/O
                         net (fo=130, routed)         0.432     1.374    win_q[0][7]_INST_0_i_23_n_0
    SLICE_X16Y19         LUT6 (Prop_C6LUT_SLICEL_I4_O)
                                                      0.187     1.561 r  win_q[0][4]_INST_0_i_37/O
                         net (fo=1, routed)           0.050     1.611    win_q[0][4]_INST_0_i_37_n_0
    SLICE_X16Y19         LUT6 (Prop_D6LUT_SLICEL_I4_O)
                                                      0.057     1.668 r  win_q[0][4]_INST_0_i_16/O
                         net (fo=4, routed)           0.476     2.144    data3[4]
    SLICE_X21Y26         LUT6 (Prop_F6LUT_SLICEM_I1_O)
                                                      0.186     2.330 r  win_q[1][4]_INST_0_i_4/O
                         net (fo=2, routed)           0.161     2.491    win_q[1][4]_INST_0_i_4_n_0
    SLICE_X21Y27         LUT6 (Prop_A6LUT_SLICEM_I3_O)
                                                      0.083     2.574 r  win_q[5][4]_INST_0_i_1/O
                         net (fo=1, routed)           0.052     2.626    win_q[5][4]_INST_0_i_1_n_0
    SLICE_X21Y27         LUT6 (Prop_C6LUT_SLICEM_I5_O)
                                                      0.056     2.682 r  win_q[5][4]_INST_0/O
                         net (fo=0)                   0.000     2.682    win_q[5][4]
                                                                      r  win_q[5][4] (OUT)
  -------------------------------------------------------------------    -------------------

                         (clock clk rise edge)        5.000     5.000 r  
                         clock pessimism              0.000     5.000    
                         clock uncertainty           -0.035     4.965    
                         output delay                -2.000     2.965    
  -------------------------------------------------------------------
                         required time                          2.965    
                         arrival time                          -2.682    
  -------------------------------------------------------------------
                         slack                                  0.283    

Slack (MET) :             0.286ns  (required time - arrival time)
  Source:                 active_kr_list_r_reg[2][0]/C
                            (rising edge-triggered cell FDCE clocked by clk  {rise@0.000ns fall@2.500ns period=5.000ns})
  Destination:            win_q[4][0]
                            (output port clocked by clk  {rise@0.000ns fall@2.500ns period=5.000ns})
  Path Group:             clk
  Path Type:              Max at Slow Process Corner
  Requirement:            5.000ns  (clk rise@5.000ns - clk rise@0.000ns)
  Data Path Delay:        2.636ns  (logic 1.151ns (43.669%)  route 1.485ns (56.331%))
  Logic Levels:           8  (LUT3=1 LUT6=7)
  Output Delay:           2.000ns
  Clock Path Skew:        -0.043ns (DCD - SCD + CPR)
    Destination Clock Delay (DCD):    0.000ns = ( 5.000 - 5.000 ) 
    Source Clock Delay      (SCD):    0.043ns
    Clock Pessimism Removal (CPR):    0.000ns
  Clock Uncertainty:      0.035ns  ((TSJ^2 + TIJ^2)^1/2 + DJ) / 2 + PE
    Total System Jitter     (TSJ):    0.071ns
    Total Input Jitter      (TIJ):    0.000ns
    Discrete Jitter          (DJ):    0.000ns
    Phase Error              (PE):    0.000ns

    Location             Delay type                Incr(ns)  Path(ns)    Netlist Resource(s)
  -------------------------------------------------------------------    -------------------
                         (clock clk rise edge)        0.000     0.000 r  
                                                      0.000     0.000 r  clk (IN)
                         net (fo=1101, unset)         0.043     0.043    clk
    SLICE_X18Y25         FDCE                                         r  active_kr_list_r_reg[2][0]/C
  -------------------------------------------------------------------    -------------------
    SLICE_X18Y25         FDCE (Prop_HFF2_SLICEM_C_Q)
                                                      0.114     0.157 r  active_kr_list_r_reg[2][0]/Q
                         net (fo=1, routed)           0.211     0.368    active_kr_list_r_reg[2][0]
    SLICE_X19Y25         LUT6 (Prop_B6LUT_SLICEL_I1_O)
                                                      0.152     0.520 r  k_out[5]_INST_0_i_8/O
                         net (fo=1, routed)           0.051     0.571    k_out[5]_INST_0_i_8_n_0
    SLICE_X19Y25         LUT3 (Prop_E6LUT_SLICEL_I2_O)
                                                      0.057     0.628 r  k_out[5]_INST_0_i_5/O
                         net (fo=12, routed)          0.172     0.800    k_out[5]_INST_0_i_5_n_0
    SLICE_X19Y26         LUT6 (Prop_G6LUT_SLICEL_I1_O)
                                                      0.186     0.986 r  win_q[0][2]_INST_0_i_20/O
                         net (fo=78, routed)          0.326     1.313    win_q[0][2]_INST_0_i_20_n_0
    SLICE_X19Y18         LUT6 (Prop_A6LUT_SLICEL_I2_O)
                                                      0.082     1.395 r  win_q[0][0]_INST_0_i_38/O
                         net (fo=1, routed)           0.099     1.494    win_q[0][0]_INST_0_i_38_n_0
    SLICE_X18Y17         LUT6 (Prop_E6LUT_SLICEM_I1_O)
                                                      0.152     1.646 r  win_q[0][0]_INST_0_i_17/O
                         net (fo=4, routed)           0.282     1.928    data2[0]
    SLICE_X18Y27         LUT6 (Prop_F6LUT_SLICEM_I1_O)
                                                      0.186     2.114 r  win_q[0][0]_INST_0_i_5/O
                         net (fo=2, routed)           0.291     2.405    win_q[0][0]_INST_0_i_5_n_0
    SLICE_X20Y30         LUT6 (Prop_H6LUT_SLICEM_I4_O)
                                                      0.084     2.489 r  win_q[4][0]_INST_0_i_1/O
                         net (fo=1, routed)           0.052     2.541    win_q[4][0]_INST_0_i_1_n_0
    SLICE_X20Y30         LUT6 (Prop_E6LUT_SLICEM_I4_O)
                                                      0.138     2.679 r  win_q[4][0]_INST_0/O
                         net (fo=0)                   0.000     2.679    win_q[4][0]
                                                                      r  win_q[4][0] (OUT)
  -------------------------------------------------------------------    -------------------

                         (clock clk rise edge)        5.000     5.000 r  
                         clock pessimism              0.000     5.000    
                         clock uncertainty           -0.035     4.965    
                         output delay                -2.000     2.965    
  -------------------------------------------------------------------
                         required time                          2.965    
                         arrival time                          -2.679    
  -------------------------------------------------------------------
                         slack                                  0.286    

Slack (MET) :             0.287ns  (required time - arrival time)
  Source:                 active_kr_list_r_reg[2][0]/C
                            (rising edge-triggered cell FDCE clocked by clk  {rise@0.000ns fall@2.500ns period=5.000ns})
  Destination:            win_q[1][4]
                            (output port clocked by clk  {rise@0.000ns fall@2.500ns period=5.000ns})
  Path Group:             clk
  Path Type:              Max at Slow Process Corner
  Requirement:            5.000ns  (clk rise@5.000ns - clk rise@0.000ns)
  Data Path Delay:        2.635ns  (logic 1.078ns (40.915%)  route 1.557ns (59.085%))
  Logic Levels:           8  (LUT3=1 LUT6=7)
  Output Delay:           2.000ns
  Clock Path Skew:        -0.043ns (DCD - SCD + CPR)
    Destination Clock Delay (DCD):    0.000ns = ( 5.000 - 5.000 ) 
    Source Clock Delay      (SCD):    0.043ns
    Clock Pessimism Removal (CPR):    0.000ns
  Clock Uncertainty:      0.035ns  ((TSJ^2 + TIJ^2)^1/2 + DJ) / 2 + PE
    Total System Jitter     (TSJ):    0.071ns
    Total Input Jitter      (TIJ):    0.000ns
    Discrete Jitter          (DJ):    0.000ns
    Phase Error              (PE):    0.000ns

    Location             Delay type                Incr(ns)  Path(ns)    Netlist Resource(s)
  -------------------------------------------------------------------    -------------------
                         (clock clk rise edge)        0.000     0.000 r  
                                                      0.000     0.000 r  clk (IN)
                         net (fo=1101, unset)         0.043     0.043    clk
    SLICE_X18Y25         FDCE                                         r  active_kr_list_r_reg[2][0]/C
  -------------------------------------------------------------------    -------------------
    SLICE_X18Y25         FDCE (Prop_HFF2_SLICEM_C_Q)
                                                      0.114     0.157 r  active_kr_list_r_reg[2][0]/Q
                         net (fo=1, routed)           0.211     0.368    active_kr_list_r_reg[2][0]
    SLICE_X19Y25         LUT6 (Prop_B6LUT_SLICEL_I1_O)
                                                      0.152     0.520 r  k_out[5]_INST_0_i_8/O
                         net (fo=1, routed)           0.051     0.571    k_out[5]_INST_0_i_8_n_0
    SLICE_X19Y25         LUT3 (Prop_E6LUT_SLICEL_I2_O)
                                                      0.057     0.628 r  k_out[5]_INST_0_i_5/O
                         net (fo=12, routed)          0.128     0.756    k_out[5]_INST_0_i_5_n_0
    SLICE_X20Y25         LUT6 (Prop_F6LUT_SLICEM_I1_O)
                                                      0.186     0.942 r  win_q[0][7]_INST_0_i_23/O
                         net (fo=130, routed)         0.432     1.374    win_q[0][7]_INST_0_i_23_n_0
    SLICE_X16Y19         LUT6 (Prop_C6LUT_SLICEL_I4_O)
                                                      0.187     1.561 r  win_q[0][4]_INST_0_i_37/O
                         net (fo=1, routed)           0.050     1.611    win_q[0][4]_INST_0_i_37_n_0
    SLICE_X16Y19         LUT6 (Prop_D6LUT_SLICEL_I4_O)
                                                      0.057     1.668 r  win_q[0][4]_INST_0_i_16/O
                         net (fo=4, routed)           0.476     2.144    data3[4]
    SLICE_X21Y26         LUT6 (Prop_F6LUT_SLICEM_I1_O)
                                                      0.186     2.330 r  win_q[1][4]_INST_0_i_4/O
                         net (fo=2, routed)           0.158     2.488    win_q[1][4]_INST_0_i_4_n_0
    SLICE_X21Y27         LUT6 (Prop_B6LUT_SLICEM_I5_O)
                                                      0.082     2.570 r  win_q[1][4]_INST_0_i_1/O
                         net (fo=1, routed)           0.051     2.621    win_q[1][4]_INST_0_i_1_n_0
    SLICE_X21Y27         LUT6 (Prop_E6LUT_SLICEM_I4_O)
                                                      0.057     2.678 r  win_q[1][4]_INST_0/O
                         net (fo=0)                   0.000     2.678    win_q[1][4]
                                                                      r  win_q[1][4] (OUT)
  -------------------------------------------------------------------    -------------------

                         (clock clk rise edge)        5.000     5.000 r  
                         clock pessimism              0.000     5.000    
                         clock uncertainty           -0.035     4.965    
                         output delay                -2.000     2.965    
  -------------------------------------------------------------------
                         required time                          2.965    
                         arrival time                          -2.678    
  -------------------------------------------------------------------
                         slack                                  0.287    





Min Delay Paths
--------------------------------------------------------------------------------------
Slack (MET) :             0.091ns  (arrival time - required time)
  Source:                 row_load_idx_r_reg[1]/C
                            (rising edge-triggered cell FDCE clocked by clk  {rise@0.000ns fall@2.500ns period=5.000ns})
  Destination:            row_load_idx_r_reg[2]/D
                            (rising edge-triggered cell FDCE clocked by clk  {rise@0.000ns fall@2.500ns period=5.000ns})
  Path Group:             clk
  Path Type:              Hold (Min at Fast Process Corner)
  Requirement:            0.000ns  (clk rise@0.000ns - clk rise@0.000ns)
  Data Path Delay:        0.143ns  (logic 0.107ns (74.830%)  route 0.036ns (25.170%))
  Logic Levels:           1  (LUT4=1)
  Clock Path Skew:        0.007ns (DCD - SCD - CPR)
    Destination Clock Delay (DCD):    0.021ns
    Source Clock Delay      (SCD):    0.014ns
    Clock Pessimism Removal (CPR):    -0.000ns

    Location             Delay type                Incr(ns)  Path(ns)    Netlist Resource(s)
  -------------------------------------------------------------------    -------------------
                         (clock clk rise edge)        0.000     0.000 r  
                                                      0.000     0.000 r  clk (IN)
                         net (fo=1101, unset)         0.014     0.014    clk
    SLICE_X18Y35         FDCE                                         r  row_load_idx_r_reg[1]/C
  -------------------------------------------------------------------    -------------------
    SLICE_X18Y35         FDCE (Prop_HFF_SLICEM_C_Q)
                                                      0.083     0.097 r  row_load_idx_r_reg[1]/Q
                         net (fo=3, routed)           0.029     0.126    row_load_idx_r_reg_n_0_[1]
    SLICE_X18Y35         LUT4 (Prop_H5LUT_SLICEM_I2_O)
                                                      0.024     0.150 r  row_load_idx_r[2]_i_2/O
                         net (fo=1, routed)           0.007     0.157    row_load_idx_r[2]
    SLICE_X18Y35         FDCE                                         r  row_load_idx_r_reg[2]/D
  -------------------------------------------------------------------    -------------------

                         (clock clk rise edge)        0.000     0.000 r  
                                                      0.000     0.000 r  clk (IN)
                         net (fo=1101, unset)         0.021     0.021    clk
    SLICE_X18Y35         FDCE                                         r  row_load_idx_r_reg[2]/C
                         clock pessimism              0.000     0.021    
    SLICE_X18Y35         FDCE (Hold_HFF2_SLICEM_C_D)
                                                      0.045     0.066    row_load_idx_r_reg[2]
  -------------------------------------------------------------------
                         required time                         -0.066    
                         arrival time                           0.157    
  -------------------------------------------------------------------
                         slack                                  0.091    

Slack (MET) :             0.096ns  (arrival time - required time)
  Source:                 active_idx_r_reg[1]/C
                            (rising edge-triggered cell FDCE clocked by clk  {rise@0.000ns fall@2.500ns period=5.000ns})
  Destination:            active_idx_r_reg[2]/D
                            (rising edge-triggered cell FDCE clocked by clk  {rise@0.000ns fall@2.500ns period=5.000ns})
  Path Group:             clk
  Path Type:              Hold (Min at Fast Process Corner)
  Requirement:            0.000ns  (clk rise@0.000ns - clk rise@0.000ns)
  Data Path Delay:        0.148ns  (logic 0.106ns (71.731%)  route 0.042ns (28.269%))
  Logic Levels:           1  (LUT5=1)
  Clock Path Skew:        0.007ns (DCD - SCD - CPR)
    Destination Clock Delay (DCD):    0.021ns
    Source Clock Delay      (SCD):    0.014ns
    Clock Pessimism Removal (CPR):    -0.000ns

    Location             Delay type                Incr(ns)  Path(ns)    Netlist Resource(s)
  -------------------------------------------------------------------    -------------------
                         (clock clk rise edge)        0.000     0.000 r  
                                                      0.000     0.000 r  clk (IN)
                         net (fo=1101, unset)         0.014     0.014    clk
    SLICE_X18Y25         FDCE                                         r  active_idx_r_reg[1]/C
  -------------------------------------------------------------------    -------------------
    SLICE_X18Y25         FDCE (Prop_AFF_SLICEM_C_Q)
                                                      0.082     0.096 r  active_idx_r_reg[1]/Q
                         net (fo=6, routed)           0.033     0.129    active_idx_r_reg_n_0_[1]
    SLICE_X18Y25         LUT5 (Prop_A5LUT_SLICEM_I3_O)
                                                      0.024     0.153 r  active_idx_r[2]_i_2/O
                         net (fo=1, routed)           0.009     0.162    active_idx_r[2]
    SLICE_X18Y25         FDCE                                         r  active_idx_r_reg[2]/D
  -------------------------------------------------------------------    -------------------

                         (clock clk rise edge)        0.000     0.000 r  
                                                      0.000     0.000 r  clk (IN)
                         net (fo=1101, unset)         0.021     0.021    clk
    SLICE_X18Y25         FDCE                                         r  active_idx_r_reg[2]/C
                         clock pessimism              0.000     0.021    
    SLICE_X18Y25         FDCE (Hold_AFF2_SLICEM_C_D)
                                                      0.045     0.066    active_idx_r_reg[2]
  -------------------------------------------------------------------
                         required time                         -0.066    
                         arrival time                           0.162    
  -------------------------------------------------------------------
                         slack                                  0.096    

Slack (MET) :             0.100ns  (arrival time - required time)
  Source:                 FSM_onehot_state_r_reg[4]/C
                            (rising edge-triggered cell FDCE clocked by clk  {rise@0.000ns fall@2.500ns period=5.000ns})
  Destination:            FSM_onehot_state_r_reg[5]/D
                            (rising edge-triggered cell FDCE clocked by clk  {rise@0.000ns fall@2.500ns period=5.000ns})
  Path Group:             clk
  Path Type:              Hold (Min at Fast Process Corner)
  Requirement:            0.000ns  (clk rise@0.000ns - clk rise@0.000ns)
  Data Path Delay:        0.152ns  (logic 0.082ns (54.010%)  route 0.070ns (45.990%))
  Logic Levels:           0  
  Clock Path Skew:        0.007ns (DCD - SCD - CPR)
    Destination Clock Delay (DCD):    0.021ns
    Source Clock Delay      (SCD):    0.014ns
    Clock Pessimism Removal (CPR):    -0.000ns

    Location             Delay type                Incr(ns)  Path(ns)    Netlist Resource(s)
  -------------------------------------------------------------------    -------------------
                         (clock clk rise edge)        0.000     0.000 r  
                                                      0.000     0.000 r  clk (IN)
                         net (fo=1101, unset)         0.014     0.014    clk
    SLICE_X17Y37         FDCE                                         r  FSM_onehot_state_r_reg[4]/C
  -------------------------------------------------------------------    -------------------
    SLICE_X17Y37         FDCE (Prop_FFF_SLICEM_C_Q)
                                                      0.082     0.096 r  FSM_onehot_state_r_reg[4]/Q
                         net (fo=7, routed)           0.070     0.166    FSM_onehot_state_r_reg_n_0_[4]
    SLICE_X17Y36         FDCE                                         r  FSM_onehot_state_r_reg[5]/D
  -------------------------------------------------------------------    -------------------

                         (clock clk rise edge)        0.000     0.000 r  
                                                      0.000     0.000 r  clk (IN)
                         net (fo=1101, unset)         0.021     0.021    clk
    SLICE_X17Y36         FDCE                                         r  FSM_onehot_state_r_reg[5]/C
                         clock pessimism              0.000     0.021    
    SLICE_X17Y36         FDCE (Hold_GFF2_SLICEM_C_D)
                                                      0.045     0.066    FSM_onehot_state_r_reg[5]
  -------------------------------------------------------------------
                         required time                         -0.066    
                         arrival time                           0.166    
  -------------------------------------------------------------------
                         slack                                  0.100    

Slack (MET) :             0.106ns  (arrival time - required time)
  Source:                 row_zero_ff_reg[1]/C
                            (rising edge-triggered cell FDCE clocked by clk  {rise@0.000ns fall@2.500ns period=5.000ns})
  Destination:            row_zero_ff_reg[1]/D
                            (rising edge-triggered cell FDCE clocked by clk  {rise@0.000ns fall@2.500ns period=5.000ns})
  Path Group:             clk
  Path Type:              Hold (Min at Fast Process Corner)
  Requirement:            0.000ns  (clk rise@0.000ns - clk rise@0.000ns)
  Data Path Delay:        0.155ns  (logic 0.105ns (67.627%)  route 0.050ns (32.373%))
  Logic Levels:           1  (LUT6=1)
  Clock Path Skew:        0.005ns (DCD - SCD - CPR)
    Destination Clock Delay (DCD):    0.019ns
    Source Clock Delay      (SCD):    0.014ns
    Clock Pessimism Removal (CPR):    -0.000ns

    Location             Delay type                Incr(ns)  Path(ns)    Netlist Resource(s)
  -------------------------------------------------------------------    -------------------
                         (clock clk rise edge)        0.000     0.000 r  
                                                      0.000     0.000 r  clk (IN)
                         net (fo=1101, unset)         0.014     0.014    clk
    SLICE_X19Y35         FDCE                                         r  row_zero_ff_reg[1]/C
  -------------------------------------------------------------------    -------------------
    SLICE_X19Y35         FDCE (Prop_DFF_SLICEL_C_Q)
                                                      0.084     0.098 r  row_zero_ff_reg[1]/Q
                         net (fo=6, routed)           0.032     0.130    row_zero_ff_reg[1]__1
    SLICE_X19Y35         LUT6 (Prop_D6LUT_SLICEL_I5_O)
                                                      0.021     0.151 r  row_zero_ff[1]_i_1/O
                         net (fo=1, routed)           0.018     0.169    row_zero_ff[1]_i_1_n_0
    SLICE_X19Y35         FDCE                                         r  row_zero_ff_reg[1]/D
  -------------------------------------------------------------------    -------------------

                         (clock clk rise edge)        0.000     0.000 r  
                                                      0.000     0.000 r  clk (IN)
                         net (fo=1101, unset)         0.019     0.019    clk
    SLICE_X19Y35         FDCE                                         r  row_zero_ff_reg[1]/C
                         clock pessimism              0.000     0.019    
    SLICE_X19Y35         FDCE (Hold_DFF_SLICEL_C_D)
                                                      0.044     0.063    row_zero_ff_reg[1]
  -------------------------------------------------------------------
                         required time                         -0.063    
                         arrival time                           0.169    
  -------------------------------------------------------------------
                         slack                                  0.106    

Slack (MET) :             0.106ns  (arrival time - required time)
  Source:                 row_zero_ff_reg[4]/C
                            (rising edge-triggered cell FDCE clocked by clk  {rise@0.000ns fall@2.500ns period=5.000ns})
  Destination:            row_zero_ff_reg[4]/D
                            (rising edge-triggered cell FDCE clocked by clk  {rise@0.000ns fall@2.500ns period=5.000ns})
  Path Group:             clk
  Path Type:              Hold (Min at Fast Process Corner)
  Requirement:            0.000ns  (clk rise@0.000ns - clk rise@0.000ns)
  Data Path Delay:        0.155ns  (logic 0.105ns (67.623%)  route 0.050ns (32.377%))
  Logic Levels:           1  (LUT6=1)
  Clock Path Skew:        0.005ns (DCD - SCD - CPR)
    Destination Clock Delay (DCD):    0.019ns
    Source Clock Delay      (SCD):    0.014ns
    Clock Pessimism Removal (CPR):    -0.000ns

    Location             Delay type                Incr(ns)  Path(ns)    Netlist Resource(s)
  -------------------------------------------------------------------    -------------------
                         (clock clk rise edge)        0.000     0.000 r  
                                                      0.000     0.000 r  clk (IN)
                         net (fo=1101, unset)         0.014     0.014    clk
    SLICE_X19Y35         FDCE                                         r  row_zero_ff_reg[4]/C
  -------------------------------------------------------------------    -------------------
    SLICE_X19Y35         FDCE (Prop_CFF_SLICEL_C_Q)
                                                      0.084     0.098 r  row_zero_ff_reg[4]/Q
                         net (fo=6, routed)           0.031     0.129    row_zero_ff_reg[4]__1
    SLICE_X19Y35         LUT6 (Prop_C6LUT_SLICEL_I5_O)
                                                      0.021     0.150 r  row_zero_ff[4]_i_1/O
                         net (fo=1, routed)           0.019     0.169    row_zero_ff[4]_i_1_n_0
    SLICE_X19Y35         FDCE                                         r  row_zero_ff_reg[4]/D
  -------------------------------------------------------------------    -------------------

                         (clock clk rise edge)        0.000     0.000 r  
                                                      0.000     0.000 r  clk (IN)
                         net (fo=1101, unset)         0.019     0.019    clk
    SLICE_X19Y35         FDCE                                         r  row_zero_ff_reg[4]/C
                         clock pessimism              0.000     0.019    
    SLICE_X19Y35         FDCE (Hold_CFF_SLICEL_C_D)
                                                      0.044     0.063    row_zero_ff_reg[4]
  -------------------------------------------------------------------
                         required time                         -0.063    
                         arrival time                           0.169    
  -------------------------------------------------------------------
                         slack                                  0.106    

Slack (MET) :             0.106ns  (arrival time - required time)
  Source:                 row_zero_ff_reg[0]/C
                            (rising edge-triggered cell FDCE clocked by clk  {rise@0.000ns fall@2.500ns period=5.000ns})
  Destination:            row_zero_ff_reg[0]/D
                            (rising edge-triggered cell FDCE clocked by clk  {rise@0.000ns fall@2.500ns period=5.000ns})
  Path Group:             clk
  Path Type:              Hold (Min at Fast Process Corner)
  Requirement:            0.000ns  (clk rise@0.000ns - clk rise@0.000ns)
  Data Path Delay:        0.155ns  (logic 0.106ns (68.206%)  route 0.049ns (31.794%))
  Logic Levels:           1  (LUT6=1)
  Clock Path Skew:        0.005ns (DCD - SCD - CPR)
    Destination Clock Delay (DCD):    0.019ns
    Source Clock Delay      (SCD):    0.014ns
    Clock Pessimism Removal (CPR):    -0.000ns

    Location             Delay type                Incr(ns)  Path(ns)    Netlist Resource(s)
  -------------------------------------------------------------------    -------------------
                         (clock clk rise edge)        0.000     0.000 r  
                                                      0.000     0.000 r  clk (IN)
                         net (fo=1101, unset)         0.014     0.014    clk
    SLICE_X19Y35         FDCE                                         r  row_zero_ff_reg[0]/C
  -------------------------------------------------------------------    -------------------
    SLICE_X19Y35         FDCE (Prop_BFF_SLICEL_C_Q)
                                                      0.084     0.098 r  row_zero_ff_reg[0]/Q
                         net (fo=6, routed)           0.032     0.130    row_zero_ff_reg[0]__1
    SLICE_X19Y35         LUT6 (Prop_B6LUT_SLICEL_I5_O)
                                                      0.022     0.152 r  row_zero_ff[0]_i_1/O
                         net (fo=1, routed)           0.017     0.169    row_zero_ff[0]_i_1_n_0
    SLICE_X19Y35         FDCE                                         r  row_zero_ff_reg[0]/D
  -------------------------------------------------------------------    -------------------

                         (clock clk rise edge)        0.000     0.000 r  
                                                      0.000     0.000 r  clk (IN)
                         net (fo=1101, unset)         0.019     0.019    clk
    SLICE_X19Y35         FDCE                                         r  row_zero_ff_reg[0]/C
                         clock pessimism              0.000     0.019    
    SLICE_X19Y35         FDCE (Hold_BFF_SLICEL_C_D)
                                                      0.044     0.063    row_zero_ff_reg[0]
  -------------------------------------------------------------------
                         required time                         -0.063    
                         arrival time                           0.169    
  -------------------------------------------------------------------
                         slack                                  0.106    

Slack (MET) :             0.108ns  (arrival time - required time)
  Source:                 kc_r_reg[2]/C
                            (rising edge-triggered cell FDCE clocked by clk  {rise@0.000ns fall@2.500ns period=5.000ns})
  Destination:            kc_r_reg[2]/D
                            (rising edge-triggered cell FDCE clocked by clk  {rise@0.000ns fall@2.500ns period=5.000ns})
  Path Group:             clk
  Path Type:              Hold (Min at Fast Process Corner)
  Requirement:            0.000ns  (clk rise@0.000ns - clk rise@0.000ns)
  Data Path Delay:        0.157ns  (logic 0.105ns (66.767%)  route 0.052ns (33.233%))
  Logic Levels:           1  (LUT6=1)
  Clock Path Skew:        0.005ns (DCD - SCD - CPR)
    Destination Clock Delay (DCD):    0.019ns
    Source Clock Delay      (SCD):    0.014ns
    Clock Pessimism Removal (CPR):    -0.000ns

    Location             Delay type                Incr(ns)  Path(ns)    Netlist Resource(s)
  -------------------------------------------------------------------    -------------------
                         (clock clk rise edge)        0.000     0.000 r  
                                                      0.000     0.000 r  clk (IN)
                         net (fo=1101, unset)         0.014     0.014    clk
    SLICE_X19Y28         FDCE                                         r  kc_r_reg[2]/C
  -------------------------------------------------------------------    -------------------
    SLICE_X19Y28         FDCE (Prop_CFF_SLICEL_C_Q)
                                                      0.084     0.098 r  kc_r_reg[2]/Q
                         net (fo=38, routed)          0.033     0.131    kc_r_reg_n_0_[2]
    SLICE_X19Y28         LUT6 (Prop_C6LUT_SLICEL_I4_O)
                                                      0.021     0.152 r  kc_r[2]_i_2/O
                         net (fo=1, routed)           0.019     0.171    kc_r[2]
    SLICE_X19Y28         FDCE                                         r  kc_r_reg[2]/D
  -------------------------------------------------------------------    -------------------

                         (clock clk rise edge)        0.000     0.000 r  
                                                      0.000     0.000 r  clk (IN)
                         net (fo=1101, unset)         0.019     0.019    clk
    SLICE_X19Y28         FDCE                                         r  kc_r_reg[2]/C
                         clock pessimism              0.000     0.019    
    SLICE_X19Y28         FDCE (Hold_CFF_SLICEL_C_D)
                                                      0.044     0.063    kc_r_reg[2]
  -------------------------------------------------------------------
                         required time                         -0.063    
                         arrival time                           0.171    
  -------------------------------------------------------------------
                         slack                                  0.108    

Slack (MET) :             0.110ns  (arrival time - required time)
  Source:                 row_zero_ff_reg[3]/C
                            (rising edge-triggered cell FDCE clocked by clk  {rise@0.000ns fall@2.500ns period=5.000ns})
  Destination:            row_zero_ff_reg[3]/D
                            (rising edge-triggered cell FDCE clocked by clk  {rise@0.000ns fall@2.500ns period=5.000ns})
  Path Group:             clk
  Path Type:              Hold (Min at Fast Process Corner)
  Requirement:            0.000ns  (clk rise@0.000ns - clk rise@0.000ns)
  Data Path Delay:        0.161ns  (logic 0.104ns (64.743%)  route 0.057ns (35.257%))
  Logic Levels:           1  (LUT6=1)
  Clock Path Skew:        0.007ns (DCD - SCD - CPR)
    Destination Clock Delay (DCD):    0.021ns
    Source Clock Delay      (SCD):    0.014ns
    Clock Pessimism Removal (CPR):    -0.000ns

    Location             Delay type                Incr(ns)  Path(ns)    Netlist Resource(s)
  -------------------------------------------------------------------    -------------------
                         (clock clk rise edge)        0.000     0.000 r  
                                                      0.000     0.000 r  clk (IN)
                         net (fo=1101, unset)         0.014     0.014    clk
    SLICE_X18Y32         FDCE                                         r  row_zero_ff_reg[3]/C
  -------------------------------------------------------------------    -------------------
    SLICE_X18Y32         FDCE (Prop_CFF_SLICEM_C_Q)
                                                      0.083     0.097 r  row_zero_ff_reg[3]/Q
                         net (fo=6, routed)           0.030     0.127    row_zero_ff_reg[3]__1
    SLICE_X18Y32         LUT6 (Prop_C6LUT_SLICEM_I5_O)
                                                      0.021     0.148 r  row_zero_ff[3]_i_1/O
                         net (fo=1, routed)           0.027     0.175    row_zero_ff[3]_i_1_n_0
    SLICE_X18Y32         FDCE                                         r  row_zero_ff_reg[3]/D
  -------------------------------------------------------------------    -------------------

                         (clock clk rise edge)        0.000     0.000 r  
                                                      0.000     0.000 r  clk (IN)
                         net (fo=1101, unset)         0.021     0.021    clk
    SLICE_X18Y32         FDCE                                         r  row_zero_ff_reg[3]/C
                         clock pessimism              0.000     0.021    
    SLICE_X18Y32         FDCE (Hold_CFF_SLICEM_C_D)
                                                      0.044     0.065    row_zero_ff_reg[3]
  -------------------------------------------------------------------
                         required time                         -0.065    
                         arrival time                           0.175    
  -------------------------------------------------------------------
                         slack                                  0.110    

Slack (MET) :             0.113ns  (arrival time - required time)
  Source:                 FSM_onehot_state_r_reg[2]/C
                            (rising edge-triggered cell FDCE clocked by clk  {rise@0.000ns fall@2.500ns period=5.000ns})
  Destination:            FSM_onehot_state_r_reg[3]/D
                            (rising edge-triggered cell FDCE clocked by clk  {rise@0.000ns fall@2.500ns period=5.000ns})
  Path Group:             clk
  Path Type:              Hold (Min at Fast Process Corner)
  Requirement:            0.000ns  (clk rise@0.000ns - clk rise@0.000ns)
  Data Path Delay:        0.165ns  (logic 0.082ns (49.835%)  route 0.083ns (50.165%))
  Logic Levels:           0  
  Clock Path Skew:        0.007ns (DCD - SCD - CPR)
    Destination Clock Delay (DCD):    0.021ns
    Source Clock Delay      (SCD):    0.014ns
    Clock Pessimism Removal (CPR):    -0.000ns

    Location             Delay type                Incr(ns)  Path(ns)    Netlist Resource(s)
  -------------------------------------------------------------------    -------------------
                         (clock clk rise edge)        0.000     0.000 r  
                                                      0.000     0.000 r  clk (IN)
                         net (fo=1101, unset)         0.014     0.014    clk
    SLICE_X17Y37         FDCE                                         r  FSM_onehot_state_r_reg[2]/C
  -------------------------------------------------------------------    -------------------
    SLICE_X17Y37         FDCE (Prop_EFF_SLICEM_C_Q)
                                                      0.082     0.096 r  FSM_onehot_state_r_reg[2]/Q
                         net (fo=23, routed)          0.083     0.179    b_r
    SLICE_X17Y37         FDCE                                         r  FSM_onehot_state_r_reg[3]/D
  -------------------------------------------------------------------    -------------------

                         (clock clk rise edge)        0.000     0.000 r  
                                                      0.000     0.000 r  clk (IN)
                         net (fo=1101, unset)         0.021     0.021    clk
    SLICE_X17Y37         FDCE                                         r  FSM_onehot_state_r_reg[3]/C
                         clock pessimism              0.000     0.021    
    SLICE_X17Y37         FDCE (Hold_EFF2_SLICEM_C_D)
                                                      0.045     0.066    FSM_onehot_state_r_reg[3]
  -------------------------------------------------------------------
                         required time                         -0.066    
                         arrival time                           0.179    
  -------------------------------------------------------------------
                         slack                                  0.113    

Slack (MET) :             0.113ns  (arrival time - required time)
  Source:                 rows_remaining_r_reg[1]/C
                            (rising edge-triggered cell FDCE clocked by clk  {rise@0.000ns fall@2.500ns period=5.000ns})
  Destination:            rows_remaining_r_reg[2]/D
                            (rising edge-triggered cell FDCE clocked by clk  {rise@0.000ns fall@2.500ns period=5.000ns})
  Path Group:             clk
  Path Type:              Hold (Min at Fast Process Corner)
  Requirement:            0.000ns  (clk rise@0.000ns - clk rise@0.000ns)
  Data Path Delay:        0.165ns  (logic 0.124ns (75.010%)  route 0.041ns (24.990%))
  Logic Levels:           1  (LUT5=1)
  Clock Path Skew:        0.007ns (DCD - SCD - CPR)
    Destination Clock Delay (DCD):    0.021ns
    Source Clock Delay      (SCD):    0.014ns
    Clock Pessimism Removal (CPR):    -0.000ns

    Location             Delay type                Incr(ns)  Path(ns)    Netlist Resource(s)
  -------------------------------------------------------------------    -------------------
                         (clock clk rise edge)        0.000     0.000 r  
                                                      0.000     0.000 r  clk (IN)
                         net (fo=1101, unset)         0.014     0.014    clk
    SLICE_X17Y35         FDCE                                         r  rows_remaining_r_reg[1]/C
  -------------------------------------------------------------------    -------------------
    SLICE_X17Y35         FDCE (Prop_DFF_SLICEM_C_Q)
                                                      0.083     0.097 r  rows_remaining_r_reg[1]/Q
                         net (fo=4, routed)           0.031     0.128    rows_remaining_r_reg_n_0_[1]
    SLICE_X17Y35         LUT5 (Prop_D5LUT_SLICEM_I1_O)
                                                      0.041     0.169 r  rows_remaining_r[2]_i_2/O
                         net (fo=1, routed)           0.010     0.179    rows_remaining_r[2]
    SLICE_X17Y35         FDCE                                         r  rows_remaining_r_reg[2]/D
  -------------------------------------------------------------------    -------------------

                         (clock clk rise edge)        0.000     0.000 r  
                                                      0.000     0.000 r  clk (IN)
                         net (fo=1101, unset)         0.021     0.021    clk
    SLICE_X17Y35         FDCE                                         r  rows_remaining_r_reg[2]/C
                         clock pessimism              0.000     0.021    
    SLICE_X17Y35         FDCE (Hold_DFF2_SLICEM_C_D)
                                                      0.045     0.066    rows_remaining_r_reg[2]
  -------------------------------------------------------------------
                         required time                         -0.066    
                         arrival time                           0.179    
  -------------------------------------------------------------------
                         slack                                  0.113    





Pulse Width Checks
--------------------------------------------------------------------------------------
Clock Name:         clk
Waveform(ns):       { 0.000 2.500 }
Period(ns):         5.000
Sources:            { clk }

Check Type        Corner  Lib Pin  Reference Pin  Required(ns)  Actual(ns)  Slack(ns)  Location      Pin
Min Period        n/a     FDPE/C   n/a            0.550         5.000       4.450      SLICE_X17Y36  FSM_onehot_state_r_reg[0]/C
Min Period        n/a     FDCE/C   n/a            0.550         5.000       4.450      SLICE_X17Y37  FSM_onehot_state_r_reg[1]/C
Min Period        n/a     FDCE/C   n/a            0.550         5.000       4.450      SLICE_X17Y37  FSM_onehot_state_r_reg[2]/C
Min Period        n/a     FDCE/C   n/a            0.550         5.000       4.450      SLICE_X17Y37  FSM_onehot_state_r_reg[3]/C
Min Period        n/a     FDCE/C   n/a            0.550         5.000       4.450      SLICE_X17Y37  FSM_onehot_state_r_reg[4]/C
Min Period        n/a     FDCE/C   n/a            0.550         5.000       4.450      SLICE_X17Y36  FSM_onehot_state_r_reg[5]/C
Min Period        n/a     FDCE/C   n/a            0.550         5.000       4.450      SLICE_X19Y25  active_idx_r_reg[0]/C
Min Period        n/a     FDCE/C   n/a            0.550         5.000       4.450      SLICE_X18Y25  active_idx_r_reg[1]/C
Min Period        n/a     FDCE/C   n/a            0.550         5.000       4.450      SLICE_X18Y25  active_idx_r_reg[2]/C
Min Period        n/a     FDCE/C   n/a            0.550         5.000       4.450      SLICE_X19Y27  active_kr_list_r_reg[0][0]/C
Low Pulse Width   Slow    FDPE/C   n/a            0.275         2.500       2.225      SLICE_X17Y36  FSM_onehot_state_r_reg[0]/C
Low Pulse Width   Fast    FDPE/C   n/a            0.275         2.500       2.225      SLICE_X17Y36  FSM_onehot_state_r_reg[0]/C
Low Pulse Width   Slow    FDCE/C   n/a            0.275         2.500       2.225      SLICE_X17Y37  FSM_onehot_state_r_reg[1]/C
Low Pulse Width   Fast    FDCE/C   n/a            0.275         2.500       2.225      SLICE_X17Y37  FSM_onehot_state_r_reg[1]/C
Low Pulse Width   Slow    FDCE/C   n/a            0.275         2.500       2.225      SLICE_X17Y37  FSM_onehot_state_r_reg[2]/C
Low Pulse Width   Fast    FDCE/C   n/a            0.275         2.500       2.225      SLICE_X17Y37  FSM_onehot_state_r_reg[2]/C
Low Pulse Width   Slow    FDCE/C   n/a            0.275         2.500       2.225      SLICE_X17Y37  FSM_onehot_state_r_reg[3]/C
Low Pulse Width   Fast    FDCE/C   n/a            0.275         2.500       2.225      SLICE_X17Y37  FSM_onehot_state_r_reg[3]/C
Low Pulse Width   Slow    FDCE/C   n/a            0.275         2.500       2.225      SLICE_X17Y37  FSM_onehot_state_r_reg[4]/C
Low Pulse Width   Fast    FDCE/C   n/a            0.275         2.500       2.225      SLICE_X17Y37  FSM_onehot_state_r_reg[4]/C
High Pulse Width  Slow    FDPE/C   n/a            0.275         2.500       2.225      SLICE_X17Y36  FSM_onehot_state_r_reg[0]/C
High Pulse Width  Fast    FDPE/C   n/a            0.275         2.500       2.225      SLICE_X17Y36  FSM_onehot_state_r_reg[0]/C
High Pulse Width  Slow    FDCE/C   n/a            0.275         2.500       2.225      SLICE_X17Y37  FSM_onehot_state_r_reg[1]/C
High Pulse Width  Fast    FDCE/C   n/a            0.275         2.500       2.225      SLICE_X17Y37  FSM_onehot_state_r_reg[1]/C
High Pulse Width  Slow    FDCE/C   n/a            0.275         2.500       2.225      SLICE_X17Y37  FSM_onehot_state_r_reg[2]/C
High Pulse Width  Fast    FDCE/C   n/a            0.275         2.500       2.225      SLICE_X17Y37  FSM_onehot_state_r_reg[2]/C
High Pulse Width  Slow    FDCE/C   n/a            0.275         2.500       2.225      SLICE_X17Y37  FSM_onehot_state_r_reg[3]/C
High Pulse Width  Fast    FDCE/C   n/a            0.275         2.500       2.225      SLICE_X17Y37  FSM_onehot_state_r_reg[3]/C
High Pulse Width  Slow    FDCE/C   n/a            0.275         2.500       2.225      SLICE_X17Y37  FSM_onehot_state_r_reg[4]/C
High Pulse Width  Fast    FDCE/C   n/a            0.275         2.500       2.225      SLICE_X17Y37  FSM_onehot_state_r_reg[4]/C



