Copyright 1986-2022 Xilinx, Inc. All Rights Reserved. Copyright 2022-2025 Advanced Micro Devices, Inc. All Rights Reserved.
------------------------------------------------------------------------------------------------------------------------------------------------------------------------------------------------------------------
| Tool Version : Vivado v.2025.2 (lin64) Build 6299465 Fri Nov 14 12:34:56 MST 2025
| Date         : Tue Sep 15 14:46:39 2026
| Host         : jian-ThinkBook-16-G9-AHP running 64-bit Ubuntu 24.04.4 LTS
| Command      : report_control_sets -verbose -file /home/jian/Documents/Codex/2026-09-09/https-github-com-do-hyun-y/work/lenet5-kv260-final/alexnet/reports/m16_patch_feeder_bridge/200mhz/impl_control_sets.rpt
| Design       : alexnet_m16_patch_feeder_bridge
| Device       : xck26
------------------------------------------------------------------------------------------------------------------------------------------------------------------------------------------------------------------

Control Set Information

Table of Contents
-----------------
1. Summary
2. Histogram
3. Flip-Flop Distribution
4. Detailed Control Set Information

1. Summary
----------

+----------------------------------------------------------+-------+
|                          Status                          | Count |
+----------------------------------------------------------+-------+
| Total control sets                                       |    31 |
|    Minimum number of control sets                        |    31 |
|    Addition due to synthesis replication                 |     0 |
|    Addition due to physical synthesis replication        |     0 |
| Unused register locations in slices containing registers |    35 |
+----------------------------------------------------------+-------+
* Control sets can be merged at opt_design using control_set_merge or merge_equivalent_drivers
** Run report_qor_suggestions for automated merging and remapping suggestions


2. Histogram
------------

+--------------------+-------+
|       Fanout       | Count |
+--------------------+-------+
| Total control sets |    31 |
| >= 0 to < 4        |     3 |
| >= 4 to < 6        |     3 |
| >= 6 to < 8        |     0 |
| >= 8 to < 10       |     4 |
| >= 10 to < 12      |     0 |
| >= 12 to < 14      |     3 |
| >= 14 to < 16      |     0 |
| >= 16              |    18 |
+--------------------+-------+
* Control sets can be remapped at either synth_design or opt_design


3. Flip-Flop Distribution
-------------------------

+--------------+-----------------------+------------------------+-----------------+--------------+
| Clock Enable | Synchronous Set/Reset | Asynchronous Set/Reset | Total Registers | Total Slices |
+--------------+-----------------------+------------------------+-----------------+--------------+
| No           | No                    | No                     |               5 |            3 |
| No           | No                    | Yes                    |               0 |            0 |
| No           | Yes                   | No                     |               9 |            8 |
| Yes          | No                    | No                     |            2048 |          376 |
| Yes          | No                    | Yes                    |               0 |            0 |
| Yes          | Yes                   | No                     |            1039 |          328 |
+--------------+-----------------------+------------------------+-----------------+--------------+


4. Detailed Control Set Information
-----------------------------------

+--------------+-------------------------------------------------------+-----------------------------------------------+------------------+----------------+--------------+
| Clock Signal |                     Enable Signal                     |                Set/Reset Signal               | Slice Load Count | Bel Load Count | Bels / Slice |
+--------------+-------------------------------------------------------+-----------------------------------------------+------------------+----------------+--------------+
|  clk         | u_patch_pingpong/set_state[1][1]_i_1_n_0              | u_patch_pingpong/set_k_count_q[1][12]_i_1_n_0 |                1 |              2 |         2.00 |
|  clk         | u_patch_pingpong/set_state[0][1]_i_1_n_0              | u_patch_pingpong/set_context_tag_q            |                1 |              2 |         2.00 |
|  clk         | u_feeder/u_feeder/state_q[2]_i_1_n_0                  | rst                                           |                2 |              3 |         1.50 |
|  clk         | u_feeder/u_feeder/endpoint_ring_row_q[3]_i_1_n_0      | rst                                           |                4 |              4 |         1.00 |
|  clk         | u_feeder/u_feeder/CEB2                                | u_feeder/u_feeder/write_ring_row_q[3]_i_1_n_0 |                2 |              4 |         2.00 |
|  clk         |                                                       |                                               |                3 |              5 |         1.67 |
|  clk         | u_feeder/u_feeder/write_ring_row_q[0]                 | rst                                           |                5 |              8 |         1.60 |
|  clk         | u_feeder/u_feeder/emit_kx_q[7]_i_1_n_0                | rst                                           |                3 |              8 |         2.67 |
|  clk         | u_feeder/u_feeder/emit_ky_q[7]_i_1_n_0                | rst                                           |                3 |              8 |         2.67 |
|  clk         |                                                       | rst                                           |                8 |              9 |         1.12 |
|  clk         | u_feeder/u_feeder/fill_descriptor_accepted_q_reg_2[0] | rst                                           |                3 |             12 |         4.00 |
|  clk         | u_patch_pingpong/reads_issued_q[12]_i_2_n_0           | u_patch_pingpong/reads_issued_q[12]_i_1_n_0   |                4 |             13 |         3.25 |
|  clk         | u_patch_pingpong/pending_k_q_2                        | rst                                           |                5 |             13 |         2.60 |
|  clk         | u_patch_pingpong/completed_replays[15]_i_1_n_0        | rst                                           |                3 |             16 |         5.33 |
|  clk         | u_feeder/u_feeder/planned_endpoint_x_q[7]_i_1_n_0     | rst                                           |               12 |             16 |         1.33 |
|  clk         | u_feeder/u_feeder/group_x_q[0]                        | rst                                           |               10 |             16 |         1.60 |
|  clk         | u_feeder/u_feeder/CEC                                 | u_feeder/u_feeder/scan_x_q[7]_i_1_n_0         |                9 |             16 |         1.78 |
|  clk         | u_feeder/u_feeder/fill_descriptor_accepted_q_reg_0[0] | u_feeder/u_feeder/SR[0]                       |                3 |             16 |         5.33 |
|  clk         | u_feeder/u_feeder/fill_active_reg[0]                  | rst                                           |                3 |             16 |         5.33 |
|  clk         | u_feeder/u_feeder/next_group_x_q[7]_i_1_n_0           | rst                                           |                8 |             17 |         2.12 |
|  clk         | u_feeder/u_feeder/emit_ic_q[3]_i_1_n_0                | rst                                           |                7 |             18 |         2.57 |
|  clk         | u_patch_pingpong/set_k_count_q[1][12]_i_2_n_0         | u_patch_pingpong/set_k_count_q[1][12]_i_1_n_0 |               13 |             45 |         3.46 |
|  clk         | u_patch_pingpong/set_k_count_q[0][12]_i_2_n_0         | u_patch_pingpong/set_context_tag_q            |               12 |             45 |         3.75 |
|  clk         | u_feeder/u_feeder/p_1_out                             | rst                                           |               32 |             48 |         1.50 |
|  clk         | u_feeder/u_feeder/group_count_q[4]_i_1_n_0            | rst                                           |               41 |             65 |         1.59 |
|  clk         | u_feeder/u_feeder/E[0]                                | rst                                           |               36 |            103 |         2.86 |
|  clk         | u_feeder/u_feeder/lane_x_base_q[0]                    | rst                                           |               60 |            128 |         2.13 |
|  clk         | u_patch_pingpong/packed_patch_q[7]_i_1_n_0            | rst                                           |               29 |            173 |         5.97 |
|  clk         | u_feeder/u_feeder/lane_row_addr_q[0]                  | rst                                           |               69 |            224 |         3.25 |
|  clk         | u_feeder/u_feeder/pixel_q[0]                          |                                               |              372 |           1024 |         2.75 |
|  clk         | u_feeder/u_feeder/prefetch_pixel_q[0][63]_i_1_n_0     |                                               |              361 |           1024 |         2.84 |
+--------------+-------------------------------------------------------+-----------------------------------------------+------------------+----------------+--------------+


