Copyright 1986-2022 Xilinx, Inc. All Rights Reserved. Copyright 2022-2024 Advanced Micro Devices, Inc. All Rights Reserved.
--------------------------------------------------------------------------------------------------------------------------------------------------------------------------------------------------------
| Tool Version : Vivado v.2024.1 (lin64) Build 5076996 Wed May 22 18:36:09 MDT 2024
| Date         : Sun Sep  6 13:46:45 2026
| Host         : yundodo running 64-bit unknown
| Command      : report_high_fanout_nets -fanout_greater_than 16 -max_nets 100 -file /home/dodo/Documents/Codex/2026-08-31/kv260-alexnet-rtl/alexnet/reports/dma_chunk_scheduler/200mhz/high_fanout.rpt
| Design       : alexnet_dma_chunk_scheduler
| Device       : xck26
--------------------------------------------------------------------------------------------------------------------------------------------------------------------------------------------------------

High Fan-out Nets Information

1. Summary
----------

+----------------------------------------------+--------+-------------+
| Net Name                                     | Fanout | Driver Type |
+----------------------------------------------+--------+-------------+
| rst                                          |    397 | PORT        |
| result_word_count_q[10]_i_1_n_0              |    336 | LUT5        |
| dma_descriptor_word_count[10]_INST_0_i_1_n_0 |     51 | LUT5        |
| phase[0]                                     |     48 | FDRE        |
| phase[1]                                     |     46 | FDRE        |
| phase[2]                                     |     43 | FDRE        |
| phase[3]                                     |     37 | FDRE        |
| phase[4]                                     |     36 | FDRE        |
| command_done_i_1_n_0                         |     33 | LUT5        |
+----------------------------------------------+--------+-------------+


