Copyright 1986-2022 Xilinx, Inc. All Rights Reserved. Copyright 2022-2024 Advanced Micro Devices, Inc. All Rights Reserved.
-------------------------------------------------------------------------------------------------------------------------------------------------------------------------------------------------------------------------
| Tool Version      : Vivado v.2024.1 (lin64) Build 5076996 Wed May 22 18:36:09 MDT 2024
| Date              : Wed Sep  2 16:38:37 2026
| Host              : yundodo running 64-bit unknown
| Command           : report_timing -delay_type min -max_paths 20 -sort_by group -file /home/dodo/Documents/Codex/2026-08-31/kv260-alexnet-rtl/alexnet/reports/n8_activation_dual_segment_pingpong/200mhz/worst_hold.rpt
| Design            : alexnet_n8_activation_dual_segment_pingpong
| Device            : xck26-sfvc784
| Speed File        : -2LV  PRODUCTION 1.30 05-15-2022
| Design State      : Routed
| Temperature Grade : C
-------------------------------------------------------------------------------------------------------------------------------------------------------------------------------------------------------------------------

Timing Report

Slack (MET) :             0.055ns  (arrival time - required time)
  Source:                 segment0/bank1/pending_index_q_reg[5]/C
                            (rising edge-triggered cell FDRE clocked by clk  {rise@0.000ns fall@2.500ns period=5.000ns})
  Destination:            segment0/bank1/read_index_reg[5]/D
                            (rising edge-triggered cell FDRE clocked by clk  {rise@0.000ns fall@2.500ns period=5.000ns})
  Path Group:             clk
  Path Type:              Hold (Min at Slow Process Corner)
  Requirement:            0.000ns  (clk rise@0.000ns - clk rise@0.000ns)
  Data Path Delay:        0.171ns  (logic 0.112ns (65.497%)  route 0.059ns (34.503%))
  Logic Levels:           0  
  Clock Path Skew:        0.013ns (DCD - SCD - CPR)
    Destination Clock Delay (DCD):    0.042ns
    Source Clock Delay      (SCD):    0.029ns
    Clock Pessimism Removal (CPR):    -0.000ns

    Location             Delay type                Incr(ns)  Path(ns)    Netlist Resource(s)
  -------------------------------------------------------------------    -------------------
                         (clock clk rise edge)        0.000     0.000 r  
                                                      0.000     0.000 r  clk (IN)
                         net (fo=629, unset)          0.029     0.029    segment0/bank1/clk
    SLICE_X27Y137        FDRE                                         r  segment0/bank1/pending_index_q_reg[5]/C
  -------------------------------------------------------------------    -------------------
    SLICE_X27Y137        FDRE (Prop_HFF_SLICEL_C_Q)
                                                      0.112     0.141 r  segment0/bank1/pending_index_q_reg[5]/Q
                         net (fo=1, routed)           0.059     0.200    segment0/bank1/pending_index_q_reg_n_0_[5]
    SLICE_X27Y137        FDRE                                         r  segment0/bank1/read_index_reg[5]/D
  -------------------------------------------------------------------    -------------------

                         (clock clk rise edge)        0.000     0.000 r  
                                                      0.000     0.000 r  clk (IN)
                         net (fo=629, unset)          0.042     0.042    segment0/bank1/clk
    SLICE_X27Y137        FDRE                                         r  segment0/bank1/read_index_reg[5]/C
                         clock pessimism              0.000     0.042    
    SLICE_X27Y137        FDRE (Hold_HFF2_SLICEL_C_D)
                                                      0.103     0.145    segment0/bank1/read_index_reg[5]
  -------------------------------------------------------------------
                         required time                         -0.145    
                         arrival time                           0.200    
  -------------------------------------------------------------------
                         slack                                  0.055    

Slack (MET) :             0.071ns  (arrival time - required time)
  Source:                 segment0/bank0/pending_index_q_reg[6]/C
                            (rising edge-triggered cell FDRE clocked by clk  {rise@0.000ns fall@2.500ns period=5.000ns})
  Destination:            segment0/bank0/read_index_reg[6]/D
                            (rising edge-triggered cell FDRE clocked by clk  {rise@0.000ns fall@2.500ns period=5.000ns})
  Path Group:             clk
  Path Type:              Hold (Min at Slow Process Corner)
  Requirement:            0.000ns  (clk rise@0.000ns - clk rise@0.000ns)
  Data Path Delay:        0.186ns  (logic 0.111ns (59.677%)  route 0.075ns (40.323%))
  Logic Levels:           0  
  Clock Path Skew:        0.013ns (DCD - SCD - CPR)
    Destination Clock Delay (DCD):    0.043ns
    Source Clock Delay      (SCD):    0.030ns
    Clock Pessimism Removal (CPR):    -0.000ns

    Location             Delay type                Incr(ns)  Path(ns)    Netlist Resource(s)
  -------------------------------------------------------------------    -------------------
                         (clock clk rise edge)        0.000     0.000 r  
                                                      0.000     0.000 r  clk (IN)
                         net (fo=629, unset)          0.030     0.030    segment0/bank0/clk
    SLICE_X28Y138        FDRE                                         r  segment0/bank0/pending_index_q_reg[6]/C
  -------------------------------------------------------------------    -------------------
    SLICE_X28Y138        FDRE (Prop_BFF_SLICEM_C_Q)
                                                      0.111     0.141 r  segment0/bank0/pending_index_q_reg[6]/Q
                         net (fo=1, routed)           0.075     0.216    segment0/bank0/pending_index_q[6]
    SLICE_X28Y138        FDRE                                         r  segment0/bank0/read_index_reg[6]/D
  -------------------------------------------------------------------    -------------------

                         (clock clk rise edge)        0.000     0.000 r  
                                                      0.000     0.000 r  clk (IN)
                         net (fo=629, unset)          0.043     0.043    segment0/bank0/clk
    SLICE_X28Y138        FDRE                                         r  segment0/bank0/read_index_reg[6]/C
                         clock pessimism              0.000     0.043    
    SLICE_X28Y138        FDRE (Hold_CFF2_SLICEM_C_D)
                                                      0.102     0.145    segment0/bank0/read_index_reg[6]
  -------------------------------------------------------------------
                         required time                         -0.145    
                         arrival time                           0.216    
  -------------------------------------------------------------------
                         slack                                  0.071    

Slack (MET) :             0.091ns  (arrival time - required time)
  Source:                 segment1/fill_words_accepted_q_reg[8]/C
                            (rising edge-triggered cell FDRE clocked by clk  {rise@0.000ns fall@2.500ns period=5.000ns})
  Destination:            segment1/fill_words_accepted_q_reg[9]/D
                            (rising edge-triggered cell FDRE clocked by clk  {rise@0.000ns fall@2.500ns period=5.000ns})
  Path Group:             clk
  Path Type:              Hold (Min at Fast Process Corner)
  Requirement:            0.000ns  (clk rise@0.000ns - clk rise@0.000ns)
  Data Path Delay:        0.143ns  (logic 0.107ns (74.735%)  route 0.036ns (25.265%))
  Logic Levels:           1  (LUT5=1)
  Clock Path Skew:        0.007ns (DCD - SCD - CPR)
    Destination Clock Delay (DCD):    0.021ns
    Source Clock Delay      (SCD):    0.014ns
    Clock Pessimism Removal (CPR):    -0.000ns

    Location             Delay type                Incr(ns)  Path(ns)    Netlist Resource(s)
  -------------------------------------------------------------------    -------------------
                         (clock clk rise edge)        0.000     0.000 r  
                                                      0.000     0.000 r  clk (IN)
                         net (fo=629, unset)          0.014     0.014    segment1/clk
    SLICE_X31Y142        FDRE                                         r  segment1/fill_words_accepted_q_reg[8]/C
  -------------------------------------------------------------------    -------------------
    SLICE_X31Y142        FDRE (Prop_BFF_SLICEM_C_Q)
                                                      0.082     0.096 r  segment1/fill_words_accepted_q_reg[8]/Q
                         net (fo=4, routed)           0.027     0.123    segment1/fill_words_accepted_q_reg[8]
    SLICE_X31Y142        LUT5 (Prop_B5LUT_SLICEM_I0_O)
                                                      0.025     0.148 r  segment1/fill_words_accepted_q[9]_i_2/O
                         net (fo=1, routed)           0.009     0.157    segment1/fill_words_accepted_q[9]_i_2_n_0
    SLICE_X31Y142        FDRE                                         r  segment1/fill_words_accepted_q_reg[9]/D
  -------------------------------------------------------------------    -------------------

                         (clock clk rise edge)        0.000     0.000 r  
                                                      0.000     0.000 r  clk (IN)
                         net (fo=629, unset)          0.021     0.021    segment1/clk
    SLICE_X31Y142        FDRE                                         r  segment1/fill_words_accepted_q_reg[9]/C
                         clock pessimism              0.000     0.021    
    SLICE_X31Y142        FDRE (Hold_BFF2_SLICEM_C_D)
                                                      0.045     0.066    segment1/fill_words_accepted_q_reg[9]
  -------------------------------------------------------------------
                         required time                         -0.066    
                         arrival time                           0.157    
  -------------------------------------------------------------------
                         slack                                  0.091    

Slack (MET) :             0.091ns  (arrival time - required time)
  Source:                 segment0/bank1/write_addr_q_reg[6]/C
                            (rising edge-triggered cell FDRE clocked by clk  {rise@0.000ns fall@2.500ns period=5.000ns})
  Destination:            segment0/bank1/mem_reg/ADDRBWRADDR[12]
                            (rising edge-triggered cell RAMB36E2 clocked by clk  {rise@0.000ns fall@2.500ns period=5.000ns})
  Path Group:             clk
  Path Type:              Hold (Min at Fast Process Corner)
  Requirement:            0.000ns  (clk rise@0.000ns - clk rise@0.000ns)
  Data Path Delay:        0.144ns  (logic 0.084ns (58.208%)  route 0.060ns (41.792%))
  Logic Levels:           0  
  Clock Path Skew:        0.046ns (DCD - SCD - CPR)
    Destination Clock Delay (DCD):    0.060ns
    Source Clock Delay      (SCD):    0.014ns
    Clock Pessimism Removal (CPR):    -0.000ns

    Location             Delay type                Incr(ns)  Path(ns)    Netlist Resource(s)
  -------------------------------------------------------------------    -------------------
                         (clock clk rise edge)        0.000     0.000 r  
                                                      0.000     0.000 r  clk (IN)
                         net (fo=629, unset)          0.014     0.014    segment0/bank1/clk
    SLICE_X27Y129        FDRE                                         r  segment0/bank1/write_addr_q_reg[6]/C
  -------------------------------------------------------------------    -------------------
    SLICE_X27Y129        FDRE (Prop_CFF_SLICEL_C_Q)
                                                      0.084     0.098 r  segment0/bank1/write_addr_q_reg[6]/Q
                         net (fo=4, routed)           0.060     0.158    segment0/bank1/write_addr_q[6]
    RAMB36_X0Y25         RAMB36E2                                     r  segment0/bank1/mem_reg/ADDRBWRADDR[12]
  -------------------------------------------------------------------    -------------------

                         (clock clk rise edge)        0.000     0.000 r  
                                                      0.000     0.000 r  clk (IN)
                         net (fo=629, unset)          0.060     0.060    segment0/bank1/clk
    RAMB36_X0Y25         RAMB36E2                                     r  segment0/bank1/mem_reg/CLKBWRCLK
                         clock pessimism              0.000     0.060    
    RAMB36_X0Y25         RAMB36E2 (Hold_RAMB36E2_RAMB36_CLKBWRCLK_ADDRBWRADDR[12])
                                                      0.007     0.067    segment0/bank1/mem_reg
  -------------------------------------------------------------------
                         required time                         -0.067    
                         arrival time                           0.158    
  -------------------------------------------------------------------
                         slack                                  0.091    

Slack (MET) :             0.094ns  (arrival time - required time)
  Source:                 segment0/bank1/pending_last_q_reg/C
                            (rising edge-triggered cell FDRE clocked by clk  {rise@0.000ns fall@2.500ns period=5.000ns})
  Destination:            segment0/bank1/read_last_reg/D
                            (rising edge-triggered cell FDRE clocked by clk  {rise@0.000ns fall@2.500ns period=5.000ns})
  Path Group:             clk
  Path Type:              Hold (Min at Slow Process Corner)
  Requirement:            0.000ns  (clk rise@0.000ns - clk rise@0.000ns)
  Data Path Delay:        0.208ns  (logic 0.112ns (53.846%)  route 0.096ns (46.154%))
  Logic Levels:           0  
  Clock Path Skew:        0.011ns (DCD - SCD - CPR)
    Destination Clock Delay (DCD):    0.042ns
    Source Clock Delay      (SCD):    0.031ns
    Clock Pessimism Removal (CPR):    -0.000ns

    Location             Delay type                Incr(ns)  Path(ns)    Netlist Resource(s)
  -------------------------------------------------------------------    -------------------
                         (clock clk rise edge)        0.000     0.000 r  
                                                      0.000     0.000 r  clk (IN)
                         net (fo=629, unset)          0.031     0.031    segment0/bank1/clk
    SLICE_X28Y137        FDRE                                         r  segment0/bank1/pending_last_q_reg/C
  -------------------------------------------------------------------    -------------------
    SLICE_X28Y137        FDRE (Prop_HFF_SLICEM_C_Q)
                                                      0.112     0.143 r  segment0/bank1/pending_last_q_reg/Q
                         net (fo=1, routed)           0.096     0.239    segment0/bank1/pending_last_q_reg_n_0
    SLICE_X27Y137        FDRE                                         r  segment0/bank1/read_last_reg/D
  -------------------------------------------------------------------    -------------------

                         (clock clk rise edge)        0.000     0.000 r  
                                                      0.000     0.000 r  clk (IN)
                         net (fo=629, unset)          0.042     0.042    segment0/bank1/clk
    SLICE_X27Y137        FDRE                                         r  segment0/bank1/read_last_reg/C
                         clock pessimism              0.000     0.042    
    SLICE_X27Y137        FDRE (Hold_FFF2_SLICEL_C_D)
                                                      0.103     0.145    segment0/bank1/read_last_reg
  -------------------------------------------------------------------
                         required time                         -0.145    
                         arrival time                           0.239    
  -------------------------------------------------------------------
                         slack                                  0.094    

Slack (MET) :             0.095ns  (arrival time - required time)
  Source:                 segment1/bank0/lane_mask_q_reg[5]/C
                            (rising edge-triggered cell FDRE clocked by clk  {rise@0.000ns fall@2.500ns period=5.000ns})
  Destination:            segment1/bank0/read_lane_mask_reg[5]/D
                            (rising edge-triggered cell FDRE clocked by clk  {rise@0.000ns fall@2.500ns period=5.000ns})
  Path Group:             clk
  Path Type:              Hold (Min at Fast Process Corner)
  Requirement:            0.000ns  (clk rise@0.000ns - clk rise@0.000ns)
  Data Path Delay:        0.147ns  (logic 0.082ns (55.782%)  route 0.065ns (44.218%))
  Logic Levels:           0  
  Clock Path Skew:        0.007ns (DCD - SCD - CPR)
    Destination Clock Delay (DCD):    0.021ns
    Source Clock Delay      (SCD):    0.014ns
    Clock Pessimism Removal (CPR):    -0.000ns

    Location             Delay type                Incr(ns)  Path(ns)    Netlist Resource(s)
  -------------------------------------------------------------------    -------------------
                         (clock clk rise edge)        0.000     0.000 r  
                                                      0.000     0.000 r  clk (IN)
                         net (fo=629, unset)          0.014     0.014    segment1/bank0/clk
    SLICE_X29Y136        FDRE                                         r  segment1/bank0/lane_mask_q_reg[5]/C
  -------------------------------------------------------------------    -------------------
    SLICE_X29Y136        FDRE (Prop_AFF_SLICEM_C_Q)
                                                      0.082     0.096 r  segment1/bank0/lane_mask_q_reg[5]/Q
                         net (fo=1, routed)           0.065     0.161    segment1/bank0/lane_mask_q[5]
    SLICE_X29Y136        FDRE                                         r  segment1/bank0/read_lane_mask_reg[5]/D
  -------------------------------------------------------------------    -------------------

                         (clock clk rise edge)        0.000     0.000 r  
                                                      0.000     0.000 r  clk (IN)
                         net (fo=629, unset)          0.021     0.021    segment1/bank0/clk
    SLICE_X29Y136        FDRE                                         r  segment1/bank0/read_lane_mask_reg[5]/C
                         clock pessimism              0.000     0.021    
    SLICE_X29Y136        FDRE (Hold_HFF2_SLICEM_C_D)
                                                      0.045     0.066    segment1/bank0/read_lane_mask_reg[5]
  -------------------------------------------------------------------
                         required time                         -0.066    
                         arrival time                           0.161    
  -------------------------------------------------------------------
                         slack                                  0.095    

Slack (MET) :             0.095ns  (arrival time - required time)
  Source:                 segment1/bank0/reads_issued_q_reg[6]/C
                            (rising edge-triggered cell FDRE clocked by clk  {rise@0.000ns fall@2.500ns period=5.000ns})
  Destination:            segment1/bank0/reads_issued_q_reg[7]/D
                            (rising edge-triggered cell FDRE clocked by clk  {rise@0.000ns fall@2.500ns period=5.000ns})
  Path Group:             clk
  Path Type:              Hold (Min at Fast Process Corner)
  Requirement:            0.000ns  (clk rise@0.000ns - clk rise@0.000ns)
  Data Path Delay:        0.145ns  (logic 0.107ns (73.655%)  route 0.038ns (26.345%))
  Logic Levels:           1  (LUT4=1)
  Clock Path Skew:        0.005ns (DCD - SCD - CPR)
    Destination Clock Delay (DCD):    0.019ns
    Source Clock Delay      (SCD):    0.014ns
    Clock Pessimism Removal (CPR):    -0.000ns

    Location             Delay type                Incr(ns)  Path(ns)    Netlist Resource(s)
  -------------------------------------------------------------------    -------------------
                         (clock clk rise edge)        0.000     0.000 r  
                                                      0.000     0.000 r  clk (IN)
                         net (fo=629, unset)          0.014     0.014    segment1/bank0/clk
    SLICE_X27Y144        FDRE                                         r  segment1/bank0/reads_issued_q_reg[6]/C
  -------------------------------------------------------------------    -------------------
    SLICE_X27Y144        FDRE (Prop_BFF_SLICEL_C_Q)
                                                      0.084     0.098 r  segment1/bank0/reads_issued_q_reg[6]/Q
                         net (fo=9, routed)           0.030     0.128    segment1/bank0/reads_issued_q_reg_n_0_[6]
    SLICE_X27Y144        LUT4 (Prop_B5LUT_SLICEL_I3_O)
                                                      0.023     0.151 r  segment1/bank0/reads_issued_q[7]_i_1__1/O
                         net (fo=1, routed)           0.008     0.159    segment1/bank0/reads_issued_q[7]_i_1__1_n_0
    SLICE_X27Y144        FDRE                                         r  segment1/bank0/reads_issued_q_reg[7]/D
  -------------------------------------------------------------------    -------------------

                         (clock clk rise edge)        0.000     0.000 r  
                                                      0.000     0.000 r  clk (IN)
                         net (fo=629, unset)          0.019     0.019    segment1/bank0/clk
    SLICE_X27Y144        FDRE                                         r  segment1/bank0/reads_issued_q_reg[7]/C
                         clock pessimism              0.000     0.019    
    SLICE_X27Y144        FDRE (Hold_BFF2_SLICEL_C_D)
                                                      0.045     0.064    segment1/bank0/reads_issued_q_reg[7]
  -------------------------------------------------------------------
                         required time                         -0.064    
                         arrival time                           0.159    
  -------------------------------------------------------------------
                         slack                                  0.095    

Slack (MET) :             0.096ns  (arrival time - required time)
  Source:                 segment1/bank0/reads_issued_q_reg[6]/C
                            (rising edge-triggered cell FDRE clocked by clk  {rise@0.000ns fall@2.500ns period=5.000ns})
  Destination:            segment1/bank0/mem_reg/ADDRARDADDR[12]
                            (rising edge-triggered cell RAMB36E2 clocked by clk  {rise@0.000ns fall@2.500ns period=5.000ns})
  Path Group:             clk
  Path Type:              Hold (Min at Fast Process Corner)
  Requirement:            0.000ns  (clk rise@0.000ns - clk rise@0.000ns)
  Data Path Delay:        0.149ns  (logic 0.084ns (56.525%)  route 0.065ns (43.475%))
  Logic Levels:           0  
  Clock Path Skew:        0.046ns (DCD - SCD - CPR)
    Destination Clock Delay (DCD):    0.060ns
    Source Clock Delay      (SCD):    0.014ns
    Clock Pessimism Removal (CPR):    -0.000ns

    Location             Delay type                Incr(ns)  Path(ns)    Netlist Resource(s)
  -------------------------------------------------------------------    -------------------
                         (clock clk rise edge)        0.000     0.000 r  
                                                      0.000     0.000 r  clk (IN)
                         net (fo=629, unset)          0.014     0.014    segment1/bank0/clk
    SLICE_X27Y144        FDRE                                         r  segment1/bank0/reads_issued_q_reg[6]/C
  -------------------------------------------------------------------    -------------------
    SLICE_X27Y144        FDRE (Prop_BFF_SLICEL_C_Q)
                                                      0.084     0.098 r  segment1/bank0/reads_issued_q_reg[6]/Q
                         net (fo=9, routed)           0.065     0.163    segment1/bank0/reads_issued_q_reg_n_0_[6]
    RAMB36_X0Y28         RAMB36E2                                     r  segment1/bank0/mem_reg/ADDRARDADDR[12]
  -------------------------------------------------------------------    -------------------

                         (clock clk rise edge)        0.000     0.000 r  
                                                      0.000     0.000 r  clk (IN)
                         net (fo=629, unset)          0.060     0.060    segment1/bank0/clk
    RAMB36_X0Y28         RAMB36E2                                     r  segment1/bank0/mem_reg/CLKARDCLK
                         clock pessimism              0.000     0.060    
    RAMB36_X0Y28         RAMB36E2 (Hold_RAMB36E2_RAMB36_CLKARDCLK_ADDRARDADDR[12])
                                                      0.007     0.067    segment1/bank0/mem_reg
  -------------------------------------------------------------------
                         required time                         -0.067    
                         arrival time                           0.163    
  -------------------------------------------------------------------
                         slack                                  0.096    

Slack (MET) :             0.098ns  (arrival time - required time)
  Source:                 segment1/bank0/write_addr_q_reg[5]/C
                            (rising edge-triggered cell FDRE clocked by clk  {rise@0.000ns fall@2.500ns period=5.000ns})
  Destination:            segment1/bank0/mem_reg/ADDRBWRADDR[11]
                            (rising edge-triggered cell RAMB36E2 clocked by clk  {rise@0.000ns fall@2.500ns period=5.000ns})
  Path Group:             clk
  Path Type:              Hold (Min at Fast Process Corner)
  Requirement:            0.000ns  (clk rise@0.000ns - clk rise@0.000ns)
  Data Path Delay:        0.151ns  (logic 0.085ns (56.177%)  route 0.066ns (43.823%))
  Logic Levels:           0  
  Clock Path Skew:        0.046ns (DCD - SCD - CPR)
    Destination Clock Delay (DCD):    0.060ns
    Source Clock Delay      (SCD):    0.014ns
    Clock Pessimism Removal (CPR):    -0.000ns

    Location             Delay type                Incr(ns)  Path(ns)    Netlist Resource(s)
  -------------------------------------------------------------------    -------------------
                         (clock clk rise edge)        0.000     0.000 r  
                                                      0.000     0.000 r  clk (IN)
                         net (fo=629, unset)          0.014     0.014    segment1/bank0/clk
    SLICE_X27Y143        FDRE                                         r  segment1/bank0/write_addr_q_reg[5]/C
  -------------------------------------------------------------------    -------------------
    SLICE_X27Y143        FDRE (Prop_AFF2_SLICEL_C_Q)
                                                      0.085     0.099 r  segment1/bank0/write_addr_q_reg[5]/Q
                         net (fo=3, routed)           0.066     0.165    segment1/bank0/write_addr_q[5]
    RAMB36_X0Y28         RAMB36E2                                     r  segment1/bank0/mem_reg/ADDRBWRADDR[11]
  -------------------------------------------------------------------    -------------------

                         (clock clk rise edge)        0.000     0.000 r  
                                                      0.000     0.000 r  clk (IN)
                         net (fo=629, unset)          0.060     0.060    segment1/bank0/clk
    RAMB36_X0Y28         RAMB36E2                                     r  segment1/bank0/mem_reg/CLKBWRCLK
                         clock pessimism              0.000     0.060    
    RAMB36_X0Y28         RAMB36E2 (Hold_RAMB36E2_RAMB36_CLKBWRCLK_ADDRBWRADDR[11])
                                                      0.007     0.067    segment1/bank0/mem_reg
  -------------------------------------------------------------------
                         required time                         -0.067    
                         arrival time                           0.165    
  -------------------------------------------------------------------
                         slack                                  0.098    

Slack (MET) :             0.100ns  (arrival time - required time)
  Source:                 segment1/bank0/reads_issued_q_reg[3]/C
                            (rising edge-triggered cell FDRE clocked by clk  {rise@0.000ns fall@2.500ns period=5.000ns})
  Destination:            segment1/bank0/pending_index_q_reg[3]/D
                            (rising edge-triggered cell FDRE clocked by clk  {rise@0.000ns fall@2.500ns period=5.000ns})
  Path Group:             clk
  Path Type:              Hold (Min at Slow Process Corner)
  Requirement:            0.000ns  (clk rise@0.000ns - clk rise@0.000ns)
  Data Path Delay:        0.216ns  (logic 0.113ns (52.404%)  route 0.103ns (47.596%))
  Logic Levels:           0  
  Clock Path Skew:        0.013ns (DCD - SCD - CPR)
    Destination Clock Delay (DCD):    0.042ns
    Source Clock Delay      (SCD):    0.029ns
    Clock Pessimism Removal (CPR):    -0.000ns

    Location             Delay type                Incr(ns)  Path(ns)    Netlist Resource(s)
  -------------------------------------------------------------------    -------------------
                         (clock clk rise edge)        0.000     0.000 r  
                                                      0.000     0.000 r  clk (IN)
                         net (fo=629, unset)          0.029     0.029    segment1/bank0/clk
    SLICE_X27Y144        FDRE                                         r  segment1/bank0/reads_issued_q_reg[3]/C
  -------------------------------------------------------------------    -------------------
    SLICE_X27Y144        FDRE (Prop_CFF2_SLICEL_C_Q)
                                                      0.113     0.142 r  segment1/bank0/reads_issued_q_reg[3]/Q
                         net (fo=9, routed)           0.103     0.245    segment1/bank0/reads_issued_q_reg_n_0_[3]
    SLICE_X27Y143        FDRE                                         r  segment1/bank0/pending_index_q_reg[3]/D
  -------------------------------------------------------------------    -------------------

                         (clock clk rise edge)        0.000     0.000 r  
                                                      0.000     0.000 r  clk (IN)
                         net (fo=629, unset)          0.042     0.042    segment1/bank0/clk
    SLICE_X27Y143        FDRE                                         r  segment1/bank0/pending_index_q_reg[3]/C
                         clock pessimism              0.000     0.042    
    SLICE_X27Y143        FDRE (Hold_HFF2_SLICEL_C_D)
                                                      0.103     0.145    segment1/bank0/pending_index_q_reg[3]
  -------------------------------------------------------------------
                         required time                         -0.145    
                         arrival time                           0.245    
  -------------------------------------------------------------------
                         slack                                  0.100    

Slack (MET) :             0.100ns  (arrival time - required time)
  Source:                 segment0/bank0/reads_issued_q_reg[2]/C
                            (rising edge-triggered cell FDRE clocked by clk  {rise@0.000ns fall@2.500ns period=5.000ns})
  Destination:            segment0/bank0/reads_issued_q_reg[3]/D
                            (rising edge-triggered cell FDRE clocked by clk  {rise@0.000ns fall@2.500ns period=5.000ns})
  Path Group:             clk
  Path Type:              Hold (Min at Fast Process Corner)
  Requirement:            0.000ns  (clk rise@0.000ns - clk rise@0.000ns)
  Data Path Delay:        0.152ns  (logic 0.107ns (70.437%)  route 0.045ns (29.563%))
  Logic Levels:           1  (LUT5=1)
  Clock Path Skew:        0.007ns (DCD - SCD - CPR)
    Destination Clock Delay (DCD):    0.021ns
    Source Clock Delay      (SCD):    0.014ns
    Clock Pessimism Removal (CPR):    -0.000ns

    Location             Delay type                Incr(ns)  Path(ns)    Netlist Resource(s)
  -------------------------------------------------------------------    -------------------
                         (clock clk rise edge)        0.000     0.000 r  
                                                      0.000     0.000 r  clk (IN)
                         net (fo=629, unset)          0.014     0.014    segment0/bank0/clk
    SLICE_X28Y133        FDRE                                         r  segment0/bank0/reads_issued_q_reg[2]/C
  -------------------------------------------------------------------    -------------------
    SLICE_X28Y133        FDRE (Prop_HFF_SLICEM_C_Q)
                                                      0.083     0.097 r  segment0/bank0/reads_issued_q_reg[2]/Q
                         net (fo=7, routed)           0.038     0.135    segment0/bank0/reads_issued_q_reg_n_0_[2]
    SLICE_X28Y133        LUT5 (Prop_H5LUT_SLICEM_I3_O)
                                                      0.024     0.159 r  segment0/bank0/reads_issued_q[3]_i_1__0/O
                         net (fo=1, routed)           0.007     0.166    segment0/bank0/reads_issued_q[3]_i_1__0_n_0
    SLICE_X28Y133        FDRE                                         r  segment0/bank0/reads_issued_q_reg[3]/D
  -------------------------------------------------------------------    -------------------

                         (clock clk rise edge)        0.000     0.000 r  
                                                      0.000     0.000 r  clk (IN)
                         net (fo=629, unset)          0.021     0.021    segment0/bank0/clk
    SLICE_X28Y133        FDRE                                         r  segment0/bank0/reads_issued_q_reg[3]/C
                         clock pessimism              0.000     0.021    
    SLICE_X28Y133        FDRE (Hold_HFF2_SLICEM_C_D)
                                                      0.045     0.066    segment0/bank0/reads_issued_q_reg[3]
  -------------------------------------------------------------------
                         required time                         -0.066    
                         arrival time                           0.166    
  -------------------------------------------------------------------
                         slack                                  0.100    

Slack (MET) :             0.100ns  (arrival time - required time)
  Source:                 segment1/bank0/tensor_tag_q_reg[15]/C
                            (rising edge-triggered cell FDRE clocked by clk  {rise@0.000ns fall@2.500ns period=5.000ns})
  Destination:            segment1/bank0/read_tensor_tag_reg[15]/D
                            (rising edge-triggered cell FDRE clocked by clk  {rise@0.000ns fall@2.500ns period=5.000ns})
  Path Group:             clk
  Path Type:              Hold (Min at Fast Process Corner)
  Requirement:            0.000ns  (clk rise@0.000ns - clk rise@0.000ns)
  Data Path Delay:        0.150ns  (logic 0.084ns (56.000%)  route 0.066ns (44.000%))
  Logic Levels:           0  
  Clock Path Skew:        0.006ns (DCD - SCD - CPR)
    Destination Clock Delay (DCD):    0.020ns
    Source Clock Delay      (SCD):    0.014ns
    Clock Pessimism Removal (CPR):    -0.000ns

    Location             Delay type                Incr(ns)  Path(ns)    Netlist Resource(s)
  -------------------------------------------------------------------    -------------------
                         (clock clk rise edge)        0.000     0.000 r  
                                                      0.000     0.000 r  clk (IN)
                         net (fo=629, unset)          0.014     0.014    segment1/bank0/clk
    SLICE_X30Y132        FDRE                                         r  segment1/bank0/tensor_tag_q_reg[15]/C
  -------------------------------------------------------------------    -------------------
    SLICE_X30Y132        FDRE (Prop_CFF_SLICEL_C_Q)
                                                      0.084     0.098 r  segment1/bank0/tensor_tag_q_reg[15]/Q
                         net (fo=1, routed)           0.066     0.164    segment1/bank0/tensor_tag_q[15]
    SLICE_X30Y132        FDRE                                         r  segment1/bank0/read_tensor_tag_reg[15]/D
  -------------------------------------------------------------------    -------------------

                         (clock clk rise edge)        0.000     0.000 r  
                                                      0.000     0.000 r  clk (IN)
                         net (fo=629, unset)          0.020     0.020    segment1/bank0/clk
    SLICE_X30Y132        FDRE                                         r  segment1/bank0/read_tensor_tag_reg[15]/C
                         clock pessimism              0.000     0.020    
    SLICE_X30Y132        FDRE (Hold_GFF_SLICEL_C_D)
                                                      0.044     0.064    segment1/bank0/read_tensor_tag_reg[15]
  -------------------------------------------------------------------
                         required time                         -0.064    
                         arrival time                           0.164    
  -------------------------------------------------------------------
                         slack                                  0.100    

Slack (MET) :             0.101ns  (arrival time - required time)
  Source:                 segment1/bank0/write_addr_q_reg[8]/C
                            (rising edge-triggered cell FDRE clocked by clk  {rise@0.000ns fall@2.500ns period=5.000ns})
  Destination:            segment1/bank0/write_addr_q_reg[8]/D
                            (rising edge-triggered cell FDRE clocked by clk  {rise@0.000ns fall@2.500ns period=5.000ns})
  Path Group:             clk
  Path Type:              Hold (Min at Fast Process Corner)
  Requirement:            0.000ns  (clk rise@0.000ns - clk rise@0.000ns)
  Data Path Delay:        0.150ns  (logic 0.106ns (70.839%)  route 0.044ns (29.161%))
  Logic Levels:           1  (LUT6=1)
  Clock Path Skew:        0.005ns (DCD - SCD - CPR)
    Destination Clock Delay (DCD):    0.019ns
    Source Clock Delay      (SCD):    0.014ns
    Clock Pessimism Removal (CPR):    -0.000ns

    Location             Delay type                Incr(ns)  Path(ns)    Netlist Resource(s)
  -------------------------------------------------------------------    -------------------
                         (clock clk rise edge)        0.000     0.000 r  
                                                      0.000     0.000 r  clk (IN)
                         net (fo=629, unset)          0.014     0.014    segment1/bank0/clk
    SLICE_X27Y145        FDRE                                         r  segment1/bank0/write_addr_q_reg[8]/C
  -------------------------------------------------------------------    -------------------
    SLICE_X27Y145        FDRE (Prop_BFF_SLICEL_C_Q)
                                                      0.084     0.098 r  segment1/bank0/write_addr_q_reg[8]/Q
                         net (fo=2, routed)           0.027     0.125    segment1/bank0/write_addr_q[8]
    SLICE_X27Y145        LUT6 (Prop_B6LUT_SLICEL_I5_O)
                                                      0.022     0.147 r  segment1/bank0/write_addr_q[8]_i_3__2/O
                         net (fo=1, routed)           0.017     0.164    segment1/bank0/write_addr_q[8]_i_3__2_n_0
    SLICE_X27Y145        FDRE                                         r  segment1/bank0/write_addr_q_reg[8]/D
  -------------------------------------------------------------------    -------------------

                         (clock clk rise edge)        0.000     0.000 r  
                                                      0.000     0.000 r  clk (IN)
                         net (fo=629, unset)          0.019     0.019    segment1/bank0/clk
    SLICE_X27Y145        FDRE                                         r  segment1/bank0/write_addr_q_reg[8]/C
                         clock pessimism              0.000     0.019    
    SLICE_X27Y145        FDRE (Hold_BFF_SLICEL_C_D)
                                                      0.044     0.063    segment1/bank0/write_addr_q_reg[8]
  -------------------------------------------------------------------
                         required time                         -0.063    
                         arrival time                           0.164    
  -------------------------------------------------------------------
                         slack                                  0.101    

Slack (MET) :             0.101ns  (arrival time - required time)
  Source:                 segment1/bank1/write_addr_q_reg[8]/C
                            (rising edge-triggered cell FDRE clocked by clk  {rise@0.000ns fall@2.500ns period=5.000ns})
  Destination:            segment1/bank1/write_addr_q_reg[8]/D
                            (rising edge-triggered cell FDRE clocked by clk  {rise@0.000ns fall@2.500ns period=5.000ns})
  Path Group:             clk
  Path Type:              Hold (Min at Fast Process Corner)
  Requirement:            0.000ns  (clk rise@0.000ns - clk rise@0.000ns)
  Data Path Delay:        0.150ns  (logic 0.105ns (70.170%)  route 0.045ns (29.830%))
  Logic Levels:           1  (LUT6=1)
  Clock Path Skew:        0.005ns (DCD - SCD - CPR)
    Destination Clock Delay (DCD):    0.019ns
    Source Clock Delay      (SCD):    0.014ns
    Clock Pessimism Removal (CPR):    -0.000ns

    Location             Delay type                Incr(ns)  Path(ns)    Netlist Resource(s)
  -------------------------------------------------------------------    -------------------
                         (clock clk rise edge)        0.000     0.000 r  
                                                      0.000     0.000 r  clk (IN)
                         net (fo=629, unset)          0.014     0.014    segment1/bank1/clk
    SLICE_X26Y139        FDRE                                         r  segment1/bank1/write_addr_q_reg[8]/C
  -------------------------------------------------------------------    -------------------
    SLICE_X26Y139        FDRE (Prop_DFF_SLICEL_C_Q)
                                                      0.084     0.098 r  segment1/bank1/write_addr_q_reg[8]/Q
                         net (fo=2, routed)           0.027     0.125    segment1/bank1/write_addr_q[8]
    SLICE_X26Y139        LUT6 (Prop_D6LUT_SLICEL_I5_O)
                                                      0.021     0.146 r  segment1/bank1/write_addr_q[8]_i_3__1/O
                         net (fo=1, routed)           0.018     0.164    segment1/bank1/write_addr_q[8]_i_3__1_n_0
    SLICE_X26Y139        FDRE                                         r  segment1/bank1/write_addr_q_reg[8]/D
  -------------------------------------------------------------------    -------------------

                         (clock clk rise edge)        0.000     0.000 r  
                                                      0.000     0.000 r  clk (IN)
                         net (fo=629, unset)          0.019     0.019    segment1/bank1/clk
    SLICE_X26Y139        FDRE                                         r  segment1/bank1/write_addr_q_reg[8]/C
                         clock pessimism              0.000     0.019    
    SLICE_X26Y139        FDRE (Hold_DFF_SLICEL_C_D)
                                                      0.044     0.063    segment1/bank1/write_addr_q_reg[8]
  -------------------------------------------------------------------
                         required time                         -0.063    
                         arrival time                           0.164    
  -------------------------------------------------------------------
                         slack                                  0.101    

Slack (MET) :             0.101ns  (arrival time - required time)
  Source:                 segment1/bank0/reads_issued_q_reg[8]/C
                            (rising edge-triggered cell FDRE clocked by clk  {rise@0.000ns fall@2.500ns period=5.000ns})
  Destination:            segment1/bank0/reads_issued_q_reg[9]/D
                            (rising edge-triggered cell FDRE clocked by clk  {rise@0.000ns fall@2.500ns period=5.000ns})
  Path Group:             clk
  Path Type:              Hold (Min at Fast Process Corner)
  Requirement:            0.000ns  (clk rise@0.000ns - clk rise@0.000ns)
  Data Path Delay:        0.151ns  (logic 0.106ns (70.246%)  route 0.045ns (29.754%))
  Logic Levels:           1  (LUT4=1)
  Clock Path Skew:        0.005ns (DCD - SCD - CPR)
    Destination Clock Delay (DCD):    0.019ns
    Source Clock Delay      (SCD):    0.014ns
    Clock Pessimism Removal (CPR):    -0.000ns

    Location             Delay type                Incr(ns)  Path(ns)    Netlist Resource(s)
  -------------------------------------------------------------------    -------------------
                         (clock clk rise edge)        0.000     0.000 r  
                                                      0.000     0.000 r  clk (IN)
                         net (fo=629, unset)          0.014     0.014    segment1/bank0/clk
    SLICE_X26Y144        FDRE                                         r  segment1/bank0/reads_issued_q_reg[8]/C
  -------------------------------------------------------------------    -------------------
    SLICE_X26Y144        FDRE (Prop_AFF_SLICEL_C_Q)
                                                      0.084     0.098 r  segment1/bank0/reads_issued_q_reg[8]/Q
                         net (fo=8, routed)           0.037     0.135    segment1/bank0/reads_issued_q_reg_n_0_[8]
    SLICE_X26Y144        LUT4 (Prop_A5LUT_SLICEL_I1_O)
                                                      0.022     0.157 r  segment1/bank0/reads_issued_q[9]_i_2__1/O
                         net (fo=1, routed)           0.008     0.165    segment1/bank0/p_1_in__1[9]
    SLICE_X26Y144        FDRE                                         r  segment1/bank0/reads_issued_q_reg[9]/D
  -------------------------------------------------------------------    -------------------

                         (clock clk rise edge)        0.000     0.000 r  
                                                      0.000     0.000 r  clk (IN)
                         net (fo=629, unset)          0.019     0.019    segment1/bank0/clk
    SLICE_X26Y144        FDRE                                         r  segment1/bank0/reads_issued_q_reg[9]/C
                         clock pessimism              0.000     0.019    
    SLICE_X26Y144        FDRE (Hold_AFF2_SLICEL_C_D)
                                                      0.045     0.064    segment1/bank0/reads_issued_q_reg[9]
  -------------------------------------------------------------------
                         required time                         -0.064    
                         arrival time                           0.165    
  -------------------------------------------------------------------
                         slack                                  0.101    

Slack (MET) :             0.101ns  (arrival time - required time)
  Source:                 segment0/bank1/lane_mask_q_reg[3]/C
                            (rising edge-triggered cell FDRE clocked by clk  {rise@0.000ns fall@2.500ns period=5.000ns})
  Destination:            segment0/bank1/read_lane_mask_reg[3]/D
                            (rising edge-triggered cell FDRE clocked by clk  {rise@0.000ns fall@2.500ns period=5.000ns})
  Path Group:             clk
  Path Type:              Hold (Min at Fast Process Corner)
  Requirement:            0.000ns  (clk rise@0.000ns - clk rise@0.000ns)
  Data Path Delay:        0.152ns  (logic 0.082ns (53.947%)  route 0.070ns (46.053%))
  Logic Levels:           0  
  Clock Path Skew:        0.007ns (DCD - SCD - CPR)
    Destination Clock Delay (DCD):    0.021ns
    Source Clock Delay      (SCD):    0.014ns
    Clock Pessimism Removal (CPR):    -0.000ns

    Location             Delay type                Incr(ns)  Path(ns)    Netlist Resource(s)
  -------------------------------------------------------------------    -------------------
                         (clock clk rise edge)        0.000     0.000 r  
                                                      0.000     0.000 r  clk (IN)
                         net (fo=629, unset)          0.014     0.014    segment0/bank1/clk
    SLICE_X31Y139        FDRE                                         r  segment0/bank1/lane_mask_q_reg[3]/C
  -------------------------------------------------------------------    -------------------
    SLICE_X31Y139        FDRE (Prop_AFF_SLICEM_C_Q)
                                                      0.082     0.096 r  segment0/bank1/lane_mask_q_reg[3]/Q
                         net (fo=1, routed)           0.070     0.166    segment0/bank1/lane_mask_q_reg_n_0_[3]
    SLICE_X31Y139        FDRE                                         r  segment0/bank1/read_lane_mask_reg[3]/D
  -------------------------------------------------------------------    -------------------

                         (clock clk rise edge)        0.000     0.000 r  
                                                      0.000     0.000 r  clk (IN)
                         net (fo=629, unset)          0.021     0.021    segment0/bank1/clk
    SLICE_X31Y139        FDRE                                         r  segment0/bank1/read_lane_mask_reg[3]/C
                         clock pessimism              0.000     0.021    
    SLICE_X31Y139        FDRE (Hold_HFF_SLICEM_C_D)
                                                      0.044     0.065    segment0/bank1/read_lane_mask_reg[3]
  -------------------------------------------------------------------
                         required time                         -0.065    
                         arrival time                           0.166    
  -------------------------------------------------------------------
                         slack                                  0.101    

Slack (MET) :             0.102ns  (arrival time - required time)
  Source:                 segment0/bank0/pending_index_q_reg[4]/C
                            (rising edge-triggered cell FDRE clocked by clk  {rise@0.000ns fall@2.500ns period=5.000ns})
  Destination:            segment0/bank0/read_index_reg[4]/D
                            (rising edge-triggered cell FDRE clocked by clk  {rise@0.000ns fall@2.500ns period=5.000ns})
  Path Group:             clk
  Path Type:              Hold (Min at Fast Process Corner)
  Requirement:            0.000ns  (clk rise@0.000ns - clk rise@0.000ns)
  Data Path Delay:        0.151ns  (logic 0.084ns (55.629%)  route 0.067ns (44.371%))
  Logic Levels:           0  
  Clock Path Skew:        0.005ns (DCD - SCD - CPR)
    Destination Clock Delay (DCD):    0.019ns
    Source Clock Delay      (SCD):    0.014ns
    Clock Pessimism Removal (CPR):    -0.000ns

    Location             Delay type                Incr(ns)  Path(ns)    Netlist Resource(s)
  -------------------------------------------------------------------    -------------------
                         (clock clk rise edge)        0.000     0.000 r  
                                                      0.000     0.000 r  clk (IN)
                         net (fo=629, unset)          0.014     0.014    segment0/bank0/clk
    SLICE_X30Y135        FDRE                                         r  segment0/bank0/pending_index_q_reg[4]/C
  -------------------------------------------------------------------    -------------------
    SLICE_X30Y135        FDRE (Prop_GFF_SLICEL_C_Q)
                                                      0.084     0.098 r  segment0/bank0/pending_index_q_reg[4]/Q
                         net (fo=1, routed)           0.067     0.165    segment0/bank0/pending_index_q[4]
    SLICE_X30Y135        FDRE                                         r  segment0/bank0/read_index_reg[4]/D
  -------------------------------------------------------------------    -------------------

                         (clock clk rise edge)        0.000     0.000 r  
                                                      0.000     0.000 r  clk (IN)
                         net (fo=629, unset)          0.019     0.019    segment0/bank0/clk
    SLICE_X30Y135        FDRE                                         r  segment0/bank0/read_index_reg[4]/C
                         clock pessimism              0.000     0.019    
    SLICE_X30Y135        FDRE (Hold_CFF_SLICEL_C_D)
                                                      0.044     0.063    segment0/bank0/read_index_reg[4]
  -------------------------------------------------------------------
                         required time                         -0.063    
                         arrival time                           0.165    
  -------------------------------------------------------------------
                         slack                                  0.102    

Slack (MET) :             0.102ns  (arrival time - required time)
  Source:                 segment0/bank0/tensor_tag_q_reg[12]/C
                            (rising edge-triggered cell FDRE clocked by clk  {rise@0.000ns fall@2.500ns period=5.000ns})
  Destination:            segment0/bank0/read_tensor_tag_reg[12]/D
                            (rising edge-triggered cell FDRE clocked by clk  {rise@0.000ns fall@2.500ns period=5.000ns})
  Path Group:             clk
  Path Type:              Hold (Min at Fast Process Corner)
  Requirement:            0.000ns  (clk rise@0.000ns - clk rise@0.000ns)
  Data Path Delay:        0.151ns  (logic 0.084ns (55.629%)  route 0.067ns (44.371%))
  Logic Levels:           0  
  Clock Path Skew:        0.005ns (DCD - SCD - CPR)
    Destination Clock Delay (DCD):    0.019ns
    Source Clock Delay      (SCD):    0.014ns
    Clock Pessimism Removal (CPR):    -0.000ns

    Location             Delay type                Incr(ns)  Path(ns)    Netlist Resource(s)
  -------------------------------------------------------------------    -------------------
                         (clock clk rise edge)        0.000     0.000 r  
                                                      0.000     0.000 r  clk (IN)
                         net (fo=629, unset)          0.014     0.014    segment0/bank0/clk
    SLICE_X30Y131        FDRE                                         r  segment0/bank0/tensor_tag_q_reg[12]/C
  -------------------------------------------------------------------    -------------------
    SLICE_X30Y131        FDRE (Prop_EFF_SLICEL_C_Q)
                                                      0.084     0.098 r  segment0/bank0/tensor_tag_q_reg[12]/Q
                         net (fo=1, routed)           0.067     0.165    segment0/bank0/tensor_tag_q[12]
    SLICE_X30Y131        FDRE                                         r  segment0/bank0/read_tensor_tag_reg[12]/D
  -------------------------------------------------------------------    -------------------

                         (clock clk rise edge)        0.000     0.000 r  
                                                      0.000     0.000 r  clk (IN)
                         net (fo=629, unset)          0.019     0.019    segment0/bank0/clk
    SLICE_X30Y131        FDRE                                         r  segment0/bank0/read_tensor_tag_reg[12]/C
                         clock pessimism              0.000     0.019    
    SLICE_X30Y131        FDRE (Hold_AFF_SLICEL_C_D)
                                                      0.044     0.063    segment0/bank0/read_tensor_tag_reg[12]
  -------------------------------------------------------------------
                         required time                         -0.063    
                         arrival time                           0.165    
  -------------------------------------------------------------------
                         slack                                  0.102    

Slack (MET) :             0.104ns  (arrival time - required time)
  Source:                 segment0/bank1/pending_index_q_reg[3]/C
                            (rising edge-triggered cell FDRE clocked by clk  {rise@0.000ns fall@2.500ns period=5.000ns})
  Destination:            segment0/bank1/read_index_reg[3]/D
                            (rising edge-triggered cell FDRE clocked by clk  {rise@0.000ns fall@2.500ns period=5.000ns})
  Path Group:             clk
  Path Type:              Hold (Min at Fast Process Corner)
  Requirement:            0.000ns  (clk rise@0.000ns - clk rise@0.000ns)
  Data Path Delay:        0.154ns  (logic 0.085ns (55.195%)  route 0.069ns (44.805%))
  Logic Levels:           0  
  Clock Path Skew:        0.006ns (DCD - SCD - CPR)
    Destination Clock Delay (DCD):    0.020ns
    Source Clock Delay      (SCD):    0.014ns
    Clock Pessimism Removal (CPR):    -0.000ns

    Location             Delay type                Incr(ns)  Path(ns)    Netlist Resource(s)
  -------------------------------------------------------------------    -------------------
                         (clock clk rise edge)        0.000     0.000 r  
                                                      0.000     0.000 r  clk (IN)
                         net (fo=629, unset)          0.014     0.014    segment0/bank1/clk
    SLICE_X30Y134        FDRE                                         r  segment0/bank1/pending_index_q_reg[3]/C
  -------------------------------------------------------------------    -------------------
    SLICE_X30Y134        FDRE (Prop_GFF2_SLICEL_C_Q)
                                                      0.085     0.099 r  segment0/bank1/pending_index_q_reg[3]/Q
                         net (fo=1, routed)           0.069     0.168    segment0/bank1/pending_index_q_reg_n_0_[3]
    SLICE_X30Y133        FDRE                                         r  segment0/bank1/read_index_reg[3]/D
  -------------------------------------------------------------------    -------------------

                         (clock clk rise edge)        0.000     0.000 r  
                                                      0.000     0.000 r  clk (IN)
                         net (fo=629, unset)          0.020     0.020    segment0/bank1/clk
    SLICE_X30Y133        FDRE                                         r  segment0/bank1/read_index_reg[3]/C
                         clock pessimism              0.000     0.020    
    SLICE_X30Y133        FDRE (Hold_EFF_SLICEL_C_D)
                                                      0.044     0.064    segment0/bank1/read_index_reg[3]
  -------------------------------------------------------------------
                         required time                         -0.064    
                         arrival time                           0.168    
  -------------------------------------------------------------------
                         slack                                  0.104    

Slack (MET) :             0.105ns  (arrival time - required time)
  Source:                 segment1/bank1/reads_issued_q_reg[4]/C
                            (rising edge-triggered cell FDRE clocked by clk  {rise@0.000ns fall@2.500ns period=5.000ns})
  Destination:            segment1/bank1/reads_issued_q_reg[4]/D
                            (rising edge-triggered cell FDRE clocked by clk  {rise@0.000ns fall@2.500ns period=5.000ns})
  Path Group:             clk
  Path Type:              Hold (Min at Fast Process Corner)
  Requirement:            0.000ns  (clk rise@0.000ns - clk rise@0.000ns)
  Data Path Delay:        0.156ns  (logic 0.103ns (66.180%)  route 0.053ns (33.820%))
  Logic Levels:           1  (LUT6=1)
  Clock Path Skew:        0.007ns (DCD - SCD - CPR)
    Destination Clock Delay (DCD):    0.021ns
    Source Clock Delay      (SCD):    0.014ns
    Clock Pessimism Removal (CPR):    -0.000ns

    Location             Delay type                Incr(ns)  Path(ns)    Netlist Resource(s)
  -------------------------------------------------------------------    -------------------
                         (clock clk rise edge)        0.000     0.000 r  
                                                      0.000     0.000 r  clk (IN)
                         net (fo=629, unset)          0.014     0.014    segment1/bank1/clk
    SLICE_X29Y138        FDRE                                         r  segment1/bank1/reads_issued_q_reg[4]/C
  -------------------------------------------------------------------    -------------------
    SLICE_X29Y138        FDRE (Prop_BFF_SLICEM_C_Q)
                                                      0.082     0.096 r  segment1/bank1/reads_issued_q_reg[4]/Q
                         net (fo=8, routed)           0.029     0.125    segment1/bank1/reads_issued_q_reg_n_0_[4]
    SLICE_X29Y138        LUT6 (Prop_B6LUT_SLICEM_I5_O)
                                                      0.021     0.146 r  segment1/bank1/reads_issued_q[4]_i_1__2/O
                         net (fo=1, routed)           0.024     0.170    segment1/bank1/reads_issued_q[4]_i_1__2_n_0
    SLICE_X29Y138        FDRE                                         r  segment1/bank1/reads_issued_q_reg[4]/D
  -------------------------------------------------------------------    -------------------

                         (clock clk rise edge)        0.000     0.000 r  
                                                      0.000     0.000 r  clk (IN)
                         net (fo=629, unset)          0.021     0.021    segment1/bank1/clk
    SLICE_X29Y138        FDRE                                         r  segment1/bank1/reads_issued_q_reg[4]/C
                         clock pessimism              0.000     0.021    
    SLICE_X29Y138        FDRE (Hold_BFF_SLICEM_C_D)
                                                      0.044     0.065    segment1/bank1/reads_issued_q_reg[4]
  -------------------------------------------------------------------
                         required time                         -0.065    
                         arrival time                           0.170    
  -------------------------------------------------------------------
                         slack                                  0.105    




