Copyright 1986-2022 Xilinx, Inc. All Rights Reserved. Copyright 2022-2025 Advanced Micro Devices, Inc. All Rights Reserved.
---------------------------------------------------------------------------------------------------------------------------------------------
| Tool Version : Vivado v.2025.1 (lin64) Build 6140274 Wed May 21 22:58:25 MDT 2025
| Date         : Sat Jul 25 10:23:39 2026
| Host         : yun-MS-7B50 running 64-bit Ubuntu 22.04.5 LTS
| Command      : report_utilization -hierarchical -file /home/yun/lenet5/reports/lenet5_accelerator_core/synth_utilization_hierarchical.rpt
| Design       : lenet5_accelerator_core
| Device       : xck26-sfvc784-2LV-c
| Speed File   : -2LV
| Design State : Synthesized
---------------------------------------------------------------------------------------------------------------------------------------------

Utilization Design Information

Table of Contents
-----------------
1. Utilization by Hierarchy

1. Utilization by Hierarchy
---------------------------

+-----------------------------------+-------------------------------+------------+------------+---------+------+-------+--------+--------+------+------------+
|              Instance             |             Module            | Total LUTs | Logic LUTs | LUTRAMs | SRLs |  FFs  | RAMB36 | RAMB18 | URAM | DSP Blocks |
+-----------------------------------+-------------------------------+------------+------------+---------+------+-------+--------+--------+------+------------+
| lenet5_accelerator_core           |                         (top) |      19250 |      19076 |       0 |  174 | 24774 |     33 |     16 |    0 |         48 |
|   u_activation                    | activation_pingpong_subsystem |       1165 |       1165 |       0 |    0 |   243 |      0 |     16 |    0 |          0 |
|     u_set1                        |        activation_bank_set_38 |        728 |        728 |       0 |    0 |     0 |      0 |      8 |    0 |          0 |
|     u_conv_reader                 |      activation_scalar_reader |         87 |         87 |       0 |    0 |    37 |      0 |      0 |    0 |          0 |
|     u_fc_reader                   |          fc_activation_reader |         76 |         76 |       0 |    0 |    39 |      0 |      0 |    0 |          0 |
|     u_pool                        |             banked_maxpool2x2 |        206 |        206 |       0 |    0 |   166 |      0 |      0 |    0 |          0 |
|       (u_pool)                    |             banked_maxpool2x2 |        129 |        129 |       0 |    0 |    97 |      0 |      0 |    0 |          0 |
|     u_set0                        |           activation_bank_set |         64 |         64 |       0 |    0 |     0 |      0 |      8 |    0 |          0 |
|   u_compute                       |            lenet_compute_core |      16633 |      16459 |       0 |  174 | 24325 |     32 |      0 |    0 |         48 |
|     (u_compute)                   |            lenet_compute_core |         27 |         27 |       0 |    0 |   139 |      0 |      0 |    0 |          0 |
|     u_conv_router                 |  column_result_router_runtime |       1291 |       1277 |       0 |   14 |   763 |      0 |      0 |    0 |          0 |
|     u_conv_skew                   |                      skew_buf |         76 |         44 |       0 |   32 |   232 |      0 |      0 |    0 |          0 |
|     u_conv_window                 |            window_gen_runtime |       5750 |       5750 |       0 |    0 | 11699 |      0 |      0 |    0 |          0 |
|     u_fc_router                   |              fc_result_router |        287 |        287 |       0 |    0 |   552 |      0 |      0 |    0 |          0 |
|     u_fc_skew                     |                 fc_group_skew |        337 |        337 |       0 |    0 |   670 |      0 |      0 |    0 |          0 |
|     u_postprocess                 |             postprocess_array |       3825 |       3825 |       0 |    0 |  4456 |      0 |      0 |    0 |         16 |
|       (u_postprocess)             |             postprocess_array |          0 |          0 |       0 |    0 |  3200 |      0 |      0 |    0 |          0 |
|       g_post_col[0].u_postprocess |         dual_lane_postprocess |        483 |        483 |       0 |    0 |   157 |      0 |      0 |    0 |          2 |
|       g_post_col[1].u_postprocess |      dual_lane_postprocess_31 |        482 |        482 |       0 |    0 |   157 |      0 |      0 |    0 |          2 |
|       g_post_col[2].u_postprocess |      dual_lane_postprocess_32 |        474 |        474 |       0 |    0 |   157 |      0 |      0 |    0 |          2 |
|       g_post_col[3].u_postprocess |      dual_lane_postprocess_33 |        477 |        477 |       0 |    0 |   157 |      0 |      0 |    0 |          2 |
|       g_post_col[4].u_postprocess |      dual_lane_postprocess_34 |        480 |        480 |       0 |    0 |   157 |      0 |      0 |    0 |          2 |
|       g_post_col[5].u_postprocess |      dual_lane_postprocess_35 |        475 |        475 |       0 |    0 |   157 |      0 |      0 |    0 |          2 |
|       g_post_col[6].u_postprocess |      dual_lane_postprocess_36 |        478 |        478 |       0 |    0 |   157 |      0 |      0 |    0 |          2 |
|       g_post_col[7].u_postprocess |      dual_lane_postprocess_37 |        476 |        476 |       0 |    0 |   157 |      0 |      0 |    0 |          2 |
|     u_sa                          |           sa_packed_dual_mode |       4857 |       4729 |       0 |  128 |  5168 |      0 |      0 |    0 |         32 |
|       (u_sa)                      |           sa_packed_dual_mode |         64 |         64 |       0 |    0 |   112 |      0 |      0 |    0 |          0 |
|       g_row[0].g_col[0].u_ppe     |                     packed_pe |        176 |        172 |       0 |    4 |   162 |      0 |      0 |    0 |          1 |
|       g_row[0].g_col[1].u_ppe     |                   packed_pe_0 |        126 |        122 |       0 |    4 |   162 |      0 |      0 |    0 |          1 |
|       g_row[0].g_col[2].u_ppe     |                   packed_pe_1 |        264 |        260 |       0 |    4 |   162 |      0 |      0 |    0 |          1 |
|       g_row[0].g_col[3].u_ppe     |                   packed_pe_2 |        127 |        123 |       0 |    4 |   162 |      0 |      0 |    0 |          1 |
|       g_row[0].g_col[4].u_ppe     |                   packed_pe_3 |        128 |        124 |       0 |    4 |   162 |      0 |      0 |    0 |          1 |
|       g_row[0].g_col[5].u_ppe     |                   packed_pe_4 |        126 |        122 |       0 |    4 |   162 |      0 |      0 |    0 |          1 |
|       g_row[0].g_col[6].u_ppe     |                   packed_pe_5 |        126 |        122 |       0 |    4 |   162 |      0 |      0 |    0 |          1 |
|       g_row[0].g_col[7].u_ppe     |                   packed_pe_6 |        127 |        123 |       0 |    4 |   146 |      0 |      0 |    0 |          1 |
|       g_row[1].g_col[0].u_ppe     |                   packed_pe_7 |        152 |        148 |       0 |    4 |   162 |      0 |      0 |    0 |          1 |
|       g_row[1].g_col[1].u_ppe     |                   packed_pe_8 |        222 |        218 |       0 |    4 |   162 |      0 |      0 |    0 |          1 |
|       g_row[1].g_col[2].u_ppe     |                   packed_pe_9 |        119 |        115 |       0 |    4 |   162 |      0 |      0 |    0 |          1 |
|       g_row[1].g_col[3].u_ppe     |                  packed_pe_10 |        221 |        217 |       0 |    4 |   162 |      0 |      0 |    0 |          1 |
|       g_row[1].g_col[4].u_ppe     |                  packed_pe_11 |        216 |        212 |       0 |    4 |   162 |      0 |      0 |    0 |          1 |
|       g_row[1].g_col[5].u_ppe     |                  packed_pe_12 |        223 |        219 |       0 |    4 |   162 |      0 |      0 |    0 |          1 |
|       g_row[1].g_col[6].u_ppe     |                  packed_pe_13 |        221 |        217 |       0 |    4 |   162 |      0 |      0 |    0 |          1 |
|       g_row[1].g_col[7].u_ppe     |                  packed_pe_14 |        180 |        176 |       0 |    4 |   146 |      0 |      0 |    0 |          1 |
|       g_row[2].g_col[0].u_ppe     |                  packed_pe_15 |        172 |        168 |       0 |    4 |   162 |      0 |      0 |    0 |          1 |
|       g_row[2].g_col[1].u_ppe     |                  packed_pe_16 |        124 |        120 |       0 |    4 |   162 |      0 |      0 |    0 |          1 |
|       g_row[2].g_col[2].u_ppe     |                  packed_pe_17 |        120 |        116 |       0 |    4 |   162 |      0 |      0 |    0 |          1 |
|       g_row[2].g_col[3].u_ppe     |                  packed_pe_18 |        121 |        117 |       0 |    4 |   162 |      0 |      0 |    0 |          1 |
|       g_row[2].g_col[4].u_ppe     |                  packed_pe_19 |        124 |        120 |       0 |    4 |   162 |      0 |      0 |    0 |          1 |
|       g_row[2].g_col[5].u_ppe     |                  packed_pe_20 |        123 |        119 |       0 |    4 |   162 |      0 |      0 |    0 |          1 |
|       g_row[2].g_col[6].u_ppe     |                  packed_pe_21 |        124 |        120 |       0 |    4 |   162 |      0 |      0 |    0 |          1 |
|       g_row[2].g_col[7].u_ppe     |                  packed_pe_22 |        162 |        158 |       0 |    4 |   146 |      0 |      0 |    0 |          1 |
|       g_row[3].g_col[0].u_ppe     |                  packed_pe_23 |        120 |        116 |       0 |    4 |   154 |      0 |      0 |    0 |          1 |
|       g_row[3].g_col[1].u_ppe     |                  packed_pe_24 |        123 |        119 |       0 |    4 |   154 |      0 |      0 |    0 |          1 |
|       g_row[3].g_col[2].u_ppe     |                  packed_pe_25 |        119 |        115 |       0 |    4 |   154 |      0 |      0 |    0 |          1 |
|       g_row[3].g_col[3].u_ppe     |                  packed_pe_26 |        122 |        118 |       0 |    4 |   154 |      0 |      0 |    0 |          1 |
|       g_row[3].g_col[4].u_ppe     |                  packed_pe_27 |        121 |        117 |       0 |    4 |   154 |      0 |      0 |    0 |          1 |
|       g_row[3].g_col[5].u_ppe     |                  packed_pe_28 |        122 |        118 |       0 |    4 |   154 |      0 |      0 |    0 |          1 |
|       g_row[3].g_col[6].u_ppe     |                  packed_pe_29 |        121 |        117 |       0 |    4 |   154 |      0 |      0 |    0 |          1 |
|       g_row[3].g_col[7].u_ppe     |                  packed_pe_30 |        121 |        117 |       0 |    4 |   138 |      0 |      0 |    0 |          1 |
|     u_weight_buffer               |       dual_mode_weight_buffer |         98 |         98 |       0 |    0 |   554 |     32 |      0 |    0 |          0 |
|     u_writer                      |      banked_activation_writer |         64 |         64 |       0 |    0 |    72 |      0 |      0 |    0 |          0 |
|   u_controller                    |       lenet_global_controller |       1385 |       1385 |       0 |    0 |   173 |      0 |      0 |    0 |          0 |
|   u_param_loader                  |            lenet_param_loader |         67 |         67 |       0 |    0 |    33 |      1 |      0 |    0 |          0 |
+-----------------------------------+-------------------------------+------------+------------+---------+------+-------+--------+--------+------+------------+


