Copyright 1986-2022 Xilinx, Inc. All Rights Reserved. Copyright 2022-2025 Advanced Micro Devices, Inc. All Rights Reserved.
------------------------------------------------------------------------------------------------------------------------------------------------------------------------------------
| Tool Version      : Vivado v.2025.1 (lin64) Build 6140274 Wed May 21 22:58:25 MDT 2025
| Date              : Sat Jul 25 10:23:55 2026
| Host              : yun-MS-7B50 running 64-bit Ubuntu 22.04.5 LTS
| Command           : report_timing_summary -delay_type min_max -check_timing_verbose -max_paths 10 -file /home/yun/lenet5/reports/lenet5_accelerator_core/synth_timing_summary.rpt
| Design            : lenet5_accelerator_core
| Device            : xck26-sfvc784
| Speed File        : -2LV  PRODUCTION 1.30 05-15-2022
| Design State      : Synthesized
| Temperature Grade : C
------------------------------------------------------------------------------------------------------------------------------------------------------------------------------------

Timing Summary Report

------------------------------------------------------------------------------------------------
| Timer Settings
| --------------
------------------------------------------------------------------------------------------------

  Enable Multi Corner Analysis               :  Yes
  Enable Pessimism Removal                   :  Yes
  Pessimism Removal Resolution               :  Nearest Common Node
  Enable Input Delay Default Clock           :  No
  Enable Preset / Clear Arcs                 :  No
  Disable Flight Delays                      :  No
  Ignore I/O Paths                           :  No
  Timing Early Launch at Borrowing Latches   :  No
  Borrow Time for Max Delay Exceptions       :  Yes
  Merge Timing Exceptions                    :  Yes
  Inter-SLR Compensation                     :  Conservative

  Corner  Analyze    Analyze    
  Name    Max Paths  Min Paths  
  ------  ---------  ---------  
  Slow    Yes        Yes        
  Fast    Yes        Yes        


------------------------------------------------------------------------------------------------
| Report Methodology
| ------------------
------------------------------------------------------------------------------------------------

No report available as report_methodology has not been run prior. Run report_methodology on the current design for the summary of methodology violations.



check_timing report

Table of Contents
-----------------
1. checking no_clock (0)
2. checking constant_clock (0)
3. checking pulse_width_clock (0)
4. checking unconstrained_internal_endpoints (0)
5. checking no_input_delay (1)
6. checking no_output_delay (0)
7. checking multiple_clock (0)
8. checking generated_clocks (0)
9. checking loops (0)
10. checking partial_input_delay (0)
11. checking partial_output_delay (0)
12. checking latch_loops (0)

1. checking no_clock (0)
------------------------
 There are 0 register/latch pins with no clock.


2. checking constant_clock (0)
------------------------------
 There are 0 register/latch pins with constant_clock.


3. checking pulse_width_clock (0)
---------------------------------
 There are 0 register/latch pins which need pulse_width check


4. checking unconstrained_internal_endpoints (0)
------------------------------------------------
 There are 0 pins that are not constrained for maximum delay.

 There are 0 pins that are not constrained for maximum delay due to constant clock.


5. checking no_input_delay (1)
------------------------------
 There are 0 input ports with no input delay specified.

 There is 1 input port with no input delay but user has a false path constraint. (MEDIUM)

rst_n


6. checking no_output_delay (0)
-------------------------------
 There are 0 ports with no output delay specified.

 There are 0 ports with no output delay but user has a false path constraint

 There are 0 ports with no output delay but with a timing clock defined on it or propagating through it


7. checking multiple_clock (0)
------------------------------
 There are 0 register/latch pins with multiple clocks.


8. checking generated_clocks (0)
--------------------------------
 There are 0 generated clocks that are not connected to a clock source.


9. checking loops (0)
---------------------
 There are 0 combinational loops in the design.


10. checking partial_input_delay (0)
------------------------------------
 There are 0 input ports with partial input delay specified.


11. checking partial_output_delay (0)
-------------------------------------
 There are 0 ports with partial output delay specified.


12. checking latch_loops (0)
----------------------------
 There are 0 combinational latch loops in the design through latch input



------------------------------------------------------------------------------------------------
| Design Timing Summary
| ---------------------
------------------------------------------------------------------------------------------------

    WNS(ns)      TNS(ns)  TNS Failing Endpoints  TNS Total Endpoints      WHS(ns)      THS(ns)  THS Failing Endpoints  THS Total Endpoints     WPWS(ns)     TPWS(ns)  TPWS Failing Endpoints  TPWS Total Endpoints  
    -------      -------  ---------------------  -------------------      -------      -------  ---------------------  -------------------     --------     --------  ----------------------  --------------------  
      0.883        0.000                      0                64520        0.046        0.000                      0                64520        1.738        0.000                       0                 25142  


All user specified timing constraints are met.


------------------------------------------------------------------------------------------------
| Clock Summary
| -------------
------------------------------------------------------------------------------------------------

Clock  Waveform(ns)         Period(ns)      Frequency(MHz)
-----  ------------         ----------      --------------
clk    {0.000 2.500}        5.000           200.000         


------------------------------------------------------------------------------------------------
| Intra Clock Table
| -----------------
------------------------------------------------------------------------------------------------

Clock             WNS(ns)      TNS(ns)  TNS Failing Endpoints  TNS Total Endpoints      WHS(ns)      THS(ns)  THS Failing Endpoints  THS Total Endpoints     WPWS(ns)     TPWS(ns)  TPWS Failing Endpoints  TPWS Total Endpoints  
-----             -------      -------  ---------------------  -------------------      -------      -------  ---------------------  -------------------     --------     --------  ----------------------  --------------------  
clk                 0.883        0.000                      0                64520        0.046        0.000                      0                64520        1.738        0.000                       0                 25142  


------------------------------------------------------------------------------------------------
| Inter Clock Table
| -----------------
------------------------------------------------------------------------------------------------

From Clock    To Clock          WNS(ns)      TNS(ns)  TNS Failing Endpoints  TNS Total Endpoints      WHS(ns)      THS(ns)  THS Failing Endpoints  THS Total Endpoints  
----------    --------          -------      -------  ---------------------  -------------------      -------      -------  ---------------------  -------------------  


------------------------------------------------------------------------------------------------
| Other Path Groups Table
| -----------------------
------------------------------------------------------------------------------------------------

Path Group    From Clock    To Clock          WNS(ns)      TNS(ns)  TNS Failing Endpoints  TNS Total Endpoints      WHS(ns)      THS(ns)  THS Failing Endpoints  THS Total Endpoints  
----------    ----------    --------          -------      -------  ---------------------  -------------------      -------      -------  ---------------------  -------------------  


------------------------------------------------------------------------------------------------
| Timing Details
| --------------
------------------------------------------------------------------------------------------------


---------------------------------------------------------------------------------------------------
From Clock:  clk
  To Clock:  clk

Setup :            0  Failing Endpoints,  Worst Slack        0.883ns,  Total Violation        0.000ns
Hold  :            0  Failing Endpoints,  Worst Slack        0.046ns,  Total Violation        0.000ns
PW    :            0  Failing Endpoints,  Worst Slack        1.738ns,  Total Violation        0.000ns
---------------------------------------------------------------------------------------------------


Max Delay Paths
--------------------------------------------------------------------------------------
Slack (MET) :             0.883ns  (required time - arrival time)
  Source:                 activation_host_set
                            (input port clocked by clk  {rise@0.000ns fall@2.500ns period=5.000ns})
  Destination:            activation_host_rdata[0][0]
                            (output port clocked by clk  {rise@0.000ns fall@2.500ns period=5.000ns})
  Path Group:             clk
  Path Type:              Max at Slow Process Corner
  Requirement:            5.000ns  (clk rise@5.000ns - clk rise@0.000ns)
  Data Path Delay:        0.082ns  (logic 0.082ns (100.000%)  route 0.000ns (0.000%))
  Logic Levels:           1  (LUT3=1)
  Input Delay:            2.000ns
  Output Delay:           2.000ns
  Clock Uncertainty:      0.035ns  ((TSJ^2 + TIJ^2)^1/2 + DJ) / 2 + PE
    Total System Jitter     (TSJ):    0.071ns
    Total Input Jitter      (TIJ):    0.000ns
    Discrete Jitter          (DJ):    0.000ns
    Phase Error              (PE):    0.000ns

    Location             Delay type                Incr(ns)  Path(ns)    Netlist Resource(s)
  -------------------------------------------------------------------    -------------------
                         (clock clk rise edge)        0.000     0.000 r  
                         input delay                  2.000     2.000    
                                                      0.000     2.000 r  activation_host_set (IN)
                         net (fo=129, unset)          0.000     2.000    u_activation/u_set1/activation_host_set
                         LUT3 (Prop_LUT3_I1_O)        0.082     2.082 r  u_activation/u_set1/activation_host_rdata[0][0]_INST_0/O
                         net (fo=0)                   0.000     2.082    activation_host_rdata[0][0]
                                                                      r  activation_host_rdata[0][0] (OUT)
  -------------------------------------------------------------------    -------------------

                         (clock clk rise edge)        5.000     5.000 r  
                         clock pessimism              0.000     5.000    
                         clock uncertainty           -0.035     4.965    
                         output delay                -2.000     2.965    
  -------------------------------------------------------------------
                         required time                          2.965    
                         arrival time                          -2.082    
  -------------------------------------------------------------------
                         slack                                  0.883    

Slack (MET) :             0.883ns  (required time - arrival time)
  Source:                 activation_host_set
                            (input port clocked by clk  {rise@0.000ns fall@2.500ns period=5.000ns})
  Destination:            activation_host_rdata[0][10]
                            (output port clocked by clk  {rise@0.000ns fall@2.500ns period=5.000ns})
  Path Group:             clk
  Path Type:              Max at Slow Process Corner
  Requirement:            5.000ns  (clk rise@5.000ns - clk rise@0.000ns)
  Data Path Delay:        0.082ns  (logic 0.082ns (100.000%)  route 0.000ns (0.000%))
  Logic Levels:           1  (LUT3=1)
  Input Delay:            2.000ns
  Output Delay:           2.000ns
  Clock Uncertainty:      0.035ns  ((TSJ^2 + TIJ^2)^1/2 + DJ) / 2 + PE
    Total System Jitter     (TSJ):    0.071ns
    Total Input Jitter      (TIJ):    0.000ns
    Discrete Jitter          (DJ):    0.000ns
    Phase Error              (PE):    0.000ns

    Location             Delay type                Incr(ns)  Path(ns)    Netlist Resource(s)
  -------------------------------------------------------------------    -------------------
                         (clock clk rise edge)        0.000     0.000 r  
                         input delay                  2.000     2.000    
                                                      0.000     2.000 r  activation_host_set (IN)
                         net (fo=129, unset)          0.000     2.000    u_activation/u_set1/activation_host_set
                         LUT3 (Prop_LUT3_I1_O)        0.082     2.082 r  u_activation/u_set1/activation_host_rdata[0][10]_INST_0/O
                         net (fo=0)                   0.000     2.082    activation_host_rdata[0][10]
                                                                      r  activation_host_rdata[0][10] (OUT)
  -------------------------------------------------------------------    -------------------

                         (clock clk rise edge)        5.000     5.000 r  
                         clock pessimism              0.000     5.000    
                         clock uncertainty           -0.035     4.965    
                         output delay                -2.000     2.965    
  -------------------------------------------------------------------
                         required time                          2.965    
                         arrival time                          -2.082    
  -------------------------------------------------------------------
                         slack                                  0.883    

Slack (MET) :             0.883ns  (required time - arrival time)
  Source:                 activation_host_set
                            (input port clocked by clk  {rise@0.000ns fall@2.500ns period=5.000ns})
  Destination:            activation_host_rdata[0][11]
                            (output port clocked by clk  {rise@0.000ns fall@2.500ns period=5.000ns})
  Path Group:             clk
  Path Type:              Max at Slow Process Corner
  Requirement:            5.000ns  (clk rise@5.000ns - clk rise@0.000ns)
  Data Path Delay:        0.082ns  (logic 0.082ns (100.000%)  route 0.000ns (0.000%))
  Logic Levels:           1  (LUT3=1)
  Input Delay:            2.000ns
  Output Delay:           2.000ns
  Clock Uncertainty:      0.035ns  ((TSJ^2 + TIJ^2)^1/2 + DJ) / 2 + PE
    Total System Jitter     (TSJ):    0.071ns
    Total Input Jitter      (TIJ):    0.000ns
    Discrete Jitter          (DJ):    0.000ns
    Phase Error              (PE):    0.000ns

    Location             Delay type                Incr(ns)  Path(ns)    Netlist Resource(s)
  -------------------------------------------------------------------    -------------------
                         (clock clk rise edge)        0.000     0.000 r  
                         input delay                  2.000     2.000    
                                                      0.000     2.000 r  activation_host_set (IN)
                         net (fo=129, unset)          0.000     2.000    u_activation/u_set1/activation_host_set
                         LUT3 (Prop_LUT3_I1_O)        0.082     2.082 r  u_activation/u_set1/activation_host_rdata[0][11]_INST_0/O
                         net (fo=0)                   0.000     2.082    activation_host_rdata[0][11]
                                                                      r  activation_host_rdata[0][11] (OUT)
  -------------------------------------------------------------------    -------------------

                         (clock clk rise edge)        5.000     5.000 r  
                         clock pessimism              0.000     5.000    
                         clock uncertainty           -0.035     4.965    
                         output delay                -2.000     2.965    
  -------------------------------------------------------------------
                         required time                          2.965    
                         arrival time                          -2.082    
  -------------------------------------------------------------------
                         slack                                  0.883    

Slack (MET) :             0.883ns  (required time - arrival time)
  Source:                 activation_host_set
                            (input port clocked by clk  {rise@0.000ns fall@2.500ns period=5.000ns})
  Destination:            activation_host_rdata[0][12]
                            (output port clocked by clk  {rise@0.000ns fall@2.500ns period=5.000ns})
  Path Group:             clk
  Path Type:              Max at Slow Process Corner
  Requirement:            5.000ns  (clk rise@5.000ns - clk rise@0.000ns)
  Data Path Delay:        0.082ns  (logic 0.082ns (100.000%)  route 0.000ns (0.000%))
  Logic Levels:           1  (LUT3=1)
  Input Delay:            2.000ns
  Output Delay:           2.000ns
  Clock Uncertainty:      0.035ns  ((TSJ^2 + TIJ^2)^1/2 + DJ) / 2 + PE
    Total System Jitter     (TSJ):    0.071ns
    Total Input Jitter      (TIJ):    0.000ns
    Discrete Jitter          (DJ):    0.000ns
    Phase Error              (PE):    0.000ns

    Location             Delay type                Incr(ns)  Path(ns)    Netlist Resource(s)
  -------------------------------------------------------------------    -------------------
                         (clock clk rise edge)        0.000     0.000 r  
                         input delay                  2.000     2.000    
                                                      0.000     2.000 r  activation_host_set (IN)
                         net (fo=129, unset)          0.000     2.000    u_activation/u_set1/activation_host_set
                         LUT3 (Prop_LUT3_I1_O)        0.082     2.082 r  u_activation/u_set1/activation_host_rdata[0][12]_INST_0/O
                         net (fo=0)                   0.000     2.082    activation_host_rdata[0][12]
                                                                      r  activation_host_rdata[0][12] (OUT)
  -------------------------------------------------------------------    -------------------

                         (clock clk rise edge)        5.000     5.000 r  
                         clock pessimism              0.000     5.000    
                         clock uncertainty           -0.035     4.965    
                         output delay                -2.000     2.965    
  -------------------------------------------------------------------
                         required time                          2.965    
                         arrival time                          -2.082    
  -------------------------------------------------------------------
                         slack                                  0.883    

Slack (MET) :             0.883ns  (required time - arrival time)
  Source:                 activation_host_set
                            (input port clocked by clk  {rise@0.000ns fall@2.500ns period=5.000ns})
  Destination:            activation_host_rdata[0][13]
                            (output port clocked by clk  {rise@0.000ns fall@2.500ns period=5.000ns})
  Path Group:             clk
  Path Type:              Max at Slow Process Corner
  Requirement:            5.000ns  (clk rise@5.000ns - clk rise@0.000ns)
  Data Path Delay:        0.082ns  (logic 0.082ns (100.000%)  route 0.000ns (0.000%))
  Logic Levels:           1  (LUT3=1)
  Input Delay:            2.000ns
  Output Delay:           2.000ns
  Clock Uncertainty:      0.035ns  ((TSJ^2 + TIJ^2)^1/2 + DJ) / 2 + PE
    Total System Jitter     (TSJ):    0.071ns
    Total Input Jitter      (TIJ):    0.000ns
    Discrete Jitter          (DJ):    0.000ns
    Phase Error              (PE):    0.000ns

    Location             Delay type                Incr(ns)  Path(ns)    Netlist Resource(s)
  -------------------------------------------------------------------    -------------------
                         (clock clk rise edge)        0.000     0.000 r  
                         input delay                  2.000     2.000    
                                                      0.000     2.000 r  activation_host_set (IN)
                         net (fo=129, unset)          0.000     2.000    u_activation/u_set1/activation_host_set
                         LUT3 (Prop_LUT3_I1_O)        0.082     2.082 r  u_activation/u_set1/activation_host_rdata[0][13]_INST_0/O
                         net (fo=0)                   0.000     2.082    activation_host_rdata[0][13]
                                                                      r  activation_host_rdata[0][13] (OUT)
  -------------------------------------------------------------------    -------------------

                         (clock clk rise edge)        5.000     5.000 r  
                         clock pessimism              0.000     5.000    
                         clock uncertainty           -0.035     4.965    
                         output delay                -2.000     2.965    
  -------------------------------------------------------------------
                         required time                          2.965    
                         arrival time                          -2.082    
  -------------------------------------------------------------------
                         slack                                  0.883    

Slack (MET) :             0.883ns  (required time - arrival time)
  Source:                 activation_host_set
                            (input port clocked by clk  {rise@0.000ns fall@2.500ns period=5.000ns})
  Destination:            activation_host_rdata[0][14]
                            (output port clocked by clk  {rise@0.000ns fall@2.500ns period=5.000ns})
  Path Group:             clk
  Path Type:              Max at Slow Process Corner
  Requirement:            5.000ns  (clk rise@5.000ns - clk rise@0.000ns)
  Data Path Delay:        0.082ns  (logic 0.082ns (100.000%)  route 0.000ns (0.000%))
  Logic Levels:           1  (LUT3=1)
  Input Delay:            2.000ns
  Output Delay:           2.000ns
  Clock Uncertainty:      0.035ns  ((TSJ^2 + TIJ^2)^1/2 + DJ) / 2 + PE
    Total System Jitter     (TSJ):    0.071ns
    Total Input Jitter      (TIJ):    0.000ns
    Discrete Jitter          (DJ):    0.000ns
    Phase Error              (PE):    0.000ns

    Location             Delay type                Incr(ns)  Path(ns)    Netlist Resource(s)
  -------------------------------------------------------------------    -------------------
                         (clock clk rise edge)        0.000     0.000 r  
                         input delay                  2.000     2.000    
                                                      0.000     2.000 r  activation_host_set (IN)
                         net (fo=129, unset)          0.000     2.000    u_activation/u_set1/activation_host_set
                         LUT3 (Prop_LUT3_I1_O)        0.082     2.082 r  u_activation/u_set1/activation_host_rdata[0][14]_INST_0/O
                         net (fo=0)                   0.000     2.082    activation_host_rdata[0][14]
                                                                      r  activation_host_rdata[0][14] (OUT)
  -------------------------------------------------------------------    -------------------

                         (clock clk rise edge)        5.000     5.000 r  
                         clock pessimism              0.000     5.000    
                         clock uncertainty           -0.035     4.965    
                         output delay                -2.000     2.965    
  -------------------------------------------------------------------
                         required time                          2.965    
                         arrival time                          -2.082    
  -------------------------------------------------------------------
                         slack                                  0.883    

Slack (MET) :             0.883ns  (required time - arrival time)
  Source:                 activation_host_set
                            (input port clocked by clk  {rise@0.000ns fall@2.500ns period=5.000ns})
  Destination:            activation_host_rdata[0][15]
                            (output port clocked by clk  {rise@0.000ns fall@2.500ns period=5.000ns})
  Path Group:             clk
  Path Type:              Max at Slow Process Corner
  Requirement:            5.000ns  (clk rise@5.000ns - clk rise@0.000ns)
  Data Path Delay:        0.082ns  (logic 0.082ns (100.000%)  route 0.000ns (0.000%))
  Logic Levels:           1  (LUT3=1)
  Input Delay:            2.000ns
  Output Delay:           2.000ns
  Clock Uncertainty:      0.035ns  ((TSJ^2 + TIJ^2)^1/2 + DJ) / 2 + PE
    Total System Jitter     (TSJ):    0.071ns
    Total Input Jitter      (TIJ):    0.000ns
    Discrete Jitter          (DJ):    0.000ns
    Phase Error              (PE):    0.000ns

    Location             Delay type                Incr(ns)  Path(ns)    Netlist Resource(s)
  -------------------------------------------------------------------    -------------------
                         (clock clk rise edge)        0.000     0.000 r  
                         input delay                  2.000     2.000    
                                                      0.000     2.000 r  activation_host_set (IN)
                         net (fo=129, unset)          0.000     2.000    u_activation/u_set1/activation_host_set
                         LUT3 (Prop_LUT3_I1_O)        0.082     2.082 r  u_activation/u_set1/activation_host_rdata[0][15]_INST_0/O
                         net (fo=0)                   0.000     2.082    activation_host_rdata[0][15]
                                                                      r  activation_host_rdata[0][15] (OUT)
  -------------------------------------------------------------------    -------------------

                         (clock clk rise edge)        5.000     5.000 r  
                         clock pessimism              0.000     5.000    
                         clock uncertainty           -0.035     4.965    
                         output delay                -2.000     2.965    
  -------------------------------------------------------------------
                         required time                          2.965    
                         arrival time                          -2.082    
  -------------------------------------------------------------------
                         slack                                  0.883    

Slack (MET) :             0.883ns  (required time - arrival time)
  Source:                 activation_host_set
                            (input port clocked by clk  {rise@0.000ns fall@2.500ns period=5.000ns})
  Destination:            activation_host_rdata[0][1]
                            (output port clocked by clk  {rise@0.000ns fall@2.500ns period=5.000ns})
  Path Group:             clk
  Path Type:              Max at Slow Process Corner
  Requirement:            5.000ns  (clk rise@5.000ns - clk rise@0.000ns)
  Data Path Delay:        0.082ns  (logic 0.082ns (100.000%)  route 0.000ns (0.000%))
  Logic Levels:           1  (LUT3=1)
  Input Delay:            2.000ns
  Output Delay:           2.000ns
  Clock Uncertainty:      0.035ns  ((TSJ^2 + TIJ^2)^1/2 + DJ) / 2 + PE
    Total System Jitter     (TSJ):    0.071ns
    Total Input Jitter      (TIJ):    0.000ns
    Discrete Jitter          (DJ):    0.000ns
    Phase Error              (PE):    0.000ns

    Location             Delay type                Incr(ns)  Path(ns)    Netlist Resource(s)
  -------------------------------------------------------------------    -------------------
                         (clock clk rise edge)        0.000     0.000 r  
                         input delay                  2.000     2.000    
                                                      0.000     2.000 r  activation_host_set (IN)
                         net (fo=129, unset)          0.000     2.000    u_activation/u_set1/activation_host_set
                         LUT3 (Prop_LUT3_I1_O)        0.082     2.082 r  u_activation/u_set1/activation_host_rdata[0][1]_INST_0/O
                         net (fo=0)                   0.000     2.082    activation_host_rdata[0][1]
                                                                      r  activation_host_rdata[0][1] (OUT)
  -------------------------------------------------------------------    -------------------

                         (clock clk rise edge)        5.000     5.000 r  
                         clock pessimism              0.000     5.000    
                         clock uncertainty           -0.035     4.965    
                         output delay                -2.000     2.965    
  -------------------------------------------------------------------
                         required time                          2.965    
                         arrival time                          -2.082    
  -------------------------------------------------------------------
                         slack                                  0.883    

Slack (MET) :             0.883ns  (required time - arrival time)
  Source:                 activation_host_set
                            (input port clocked by clk  {rise@0.000ns fall@2.500ns period=5.000ns})
  Destination:            activation_host_rdata[0][2]
                            (output port clocked by clk  {rise@0.000ns fall@2.500ns period=5.000ns})
  Path Group:             clk
  Path Type:              Max at Slow Process Corner
  Requirement:            5.000ns  (clk rise@5.000ns - clk rise@0.000ns)
  Data Path Delay:        0.082ns  (logic 0.082ns (100.000%)  route 0.000ns (0.000%))
  Logic Levels:           1  (LUT3=1)
  Input Delay:            2.000ns
  Output Delay:           2.000ns
  Clock Uncertainty:      0.035ns  ((TSJ^2 + TIJ^2)^1/2 + DJ) / 2 + PE
    Total System Jitter     (TSJ):    0.071ns
    Total Input Jitter      (TIJ):    0.000ns
    Discrete Jitter          (DJ):    0.000ns
    Phase Error              (PE):    0.000ns

    Location             Delay type                Incr(ns)  Path(ns)    Netlist Resource(s)
  -------------------------------------------------------------------    -------------------
                         (clock clk rise edge)        0.000     0.000 r  
                         input delay                  2.000     2.000    
                                                      0.000     2.000 r  activation_host_set (IN)
                         net (fo=129, unset)          0.000     2.000    u_activation/u_set1/activation_host_set
                         LUT3 (Prop_LUT3_I1_O)        0.082     2.082 r  u_activation/u_set1/activation_host_rdata[0][2]_INST_0/O
                         net (fo=0)                   0.000     2.082    activation_host_rdata[0][2]
                                                                      r  activation_host_rdata[0][2] (OUT)
  -------------------------------------------------------------------    -------------------

                         (clock clk rise edge)        5.000     5.000 r  
                         clock pessimism              0.000     5.000    
                         clock uncertainty           -0.035     4.965    
                         output delay                -2.000     2.965    
  -------------------------------------------------------------------
                         required time                          2.965    
                         arrival time                          -2.082    
  -------------------------------------------------------------------
                         slack                                  0.883    

Slack (MET) :             0.883ns  (required time - arrival time)
  Source:                 activation_host_set
                            (input port clocked by clk  {rise@0.000ns fall@2.500ns period=5.000ns})
  Destination:            activation_host_rdata[0][3]
                            (output port clocked by clk  {rise@0.000ns fall@2.500ns period=5.000ns})
  Path Group:             clk
  Path Type:              Max at Slow Process Corner
  Requirement:            5.000ns  (clk rise@5.000ns - clk rise@0.000ns)
  Data Path Delay:        0.082ns  (logic 0.082ns (100.000%)  route 0.000ns (0.000%))
  Logic Levels:           1  (LUT3=1)
  Input Delay:            2.000ns
  Output Delay:           2.000ns
  Clock Uncertainty:      0.035ns  ((TSJ^2 + TIJ^2)^1/2 + DJ) / 2 + PE
    Total System Jitter     (TSJ):    0.071ns
    Total Input Jitter      (TIJ):    0.000ns
    Discrete Jitter          (DJ):    0.000ns
    Phase Error              (PE):    0.000ns

    Location             Delay type                Incr(ns)  Path(ns)    Netlist Resource(s)
  -------------------------------------------------------------------    -------------------
                         (clock clk rise edge)        0.000     0.000 r  
                         input delay                  2.000     2.000    
                                                      0.000     2.000 r  activation_host_set (IN)
                         net (fo=129, unset)          0.000     2.000    u_activation/u_set1/activation_host_set
                         LUT3 (Prop_LUT3_I1_O)        0.082     2.082 r  u_activation/u_set1/activation_host_rdata[0][3]_INST_0/O
                         net (fo=0)                   0.000     2.082    activation_host_rdata[0][3]
                                                                      r  activation_host_rdata[0][3] (OUT)
  -------------------------------------------------------------------    -------------------

                         (clock clk rise edge)        5.000     5.000 r  
                         clock pessimism              0.000     5.000    
                         clock uncertainty           -0.035     4.965    
                         output delay                -2.000     2.965    
  -------------------------------------------------------------------
                         required time                          2.965    
                         arrival time                          -2.082    
  -------------------------------------------------------------------
                         slack                                  0.883    





Min Delay Paths
--------------------------------------------------------------------------------------
Slack (MET) :             0.046ns  (arrival time - required time)
  Source:                 u_compute/u_sa/g_row[0].g_col[0].u_ppe/PREG_reg/DSP_PREADD_DATA_INST/CLK
                            (rising edge-triggered cell DSP_PREADD_DATA clocked by clk  {rise@0.000ns fall@2.500ns period=5.000ns})
  Destination:            u_compute/u_sa/g_row[0].g_col[0].u_ppe/PREG_reg/DSP_PREADD_DATA_INST/AD[0]
                            (rising edge-triggered cell DSP_PREADD_DATA clocked by clk  {rise@0.000ns fall@2.500ns period=5.000ns})
  Path Group:             clk
  Path Type:              Hold (Min at Fast Process Corner)
  Requirement:            0.000ns  (clk rise@0.000ns - clk rise@0.000ns)
  Data Path Delay:        0.114ns  (logic 0.114ns (100.000%)  route 0.000ns (0.000%))
  Logic Levels:           1  (DSP_PREADD=1)
  Clock Path Skew:        0.008ns (DCD - SCD - CPR)
    Destination Clock Delay (DCD):    0.042ns
    Source Clock Delay      (SCD):    0.034ns
    Clock Pessimism Removal (CPR):    -0.000ns

    Location             Delay type                Incr(ns)  Path(ns)    Netlist Resource(s)
  -------------------------------------------------------------------    -------------------
                         (clock clk rise edge)        0.000     0.000 r  
                                                      0.000     0.000 r  clk (IN)
                         net (fo=25333, unset)        0.034     0.034    u_compute/u_sa/g_row[0].g_col[0].u_ppe/PREG_reg/CLK
                         DSP_PREADD_DATA                              r  u_compute/u_sa/g_row[0].g_col[0].u_ppe/PREG_reg/DSP_PREADD_DATA_INST/CLK
  -------------------------------------------------------------------    -------------------
                         DSP_PREADD_DATA (Prop_DSP_PREADD_DATA_CLK_D_DATA[0])
                                                      0.081     0.115 r  u_compute/u_sa/g_row[0].g_col[0].u_ppe/PREG_reg/DSP_PREADD_DATA_INST/D_DATA[0]
                         net (fo=1, unplaced)         0.000     0.115    u_compute/u_sa/g_row[0].g_col[0].u_ppe/PREG_reg/DSP_PREADD_DATA.D_DATA<0>
                         DSP_PREADD (Prop_DSP_PREADD_D_DATA[0]_AD[0])
                                                      0.033     0.148 r  u_compute/u_sa/g_row[0].g_col[0].u_ppe/PREG_reg/DSP_PREADD_INST/AD[0]
                         net (fo=1, unplaced)         0.000     0.148    u_compute/u_sa/g_row[0].g_col[0].u_ppe/PREG_reg/DSP_PREADD.AD<0>
                         DSP_PREADD_DATA                              r  u_compute/u_sa/g_row[0].g_col[0].u_ppe/PREG_reg/DSP_PREADD_DATA_INST/AD[0]
  -------------------------------------------------------------------    -------------------

                         (clock clk rise edge)        0.000     0.000 r  
                                                      0.000     0.000 r  clk (IN)
                         net (fo=25333, unset)        0.042     0.042    u_compute/u_sa/g_row[0].g_col[0].u_ppe/PREG_reg/CLK
                         DSP_PREADD_DATA                              r  u_compute/u_sa/g_row[0].g_col[0].u_ppe/PREG_reg/DSP_PREADD_DATA_INST/CLK
                         clock pessimism              0.000     0.042    
                         DSP_PREADD_DATA (Hold_DSP_PREADD_DATA_CLK_AD[0])
                                                      0.060     0.102    u_compute/u_sa/g_row[0].g_col[0].u_ppe/PREG_reg/DSP_PREADD_DATA_INST
  -------------------------------------------------------------------
                         required time                         -0.102    
                         arrival time                           0.148    
  -------------------------------------------------------------------
                         slack                                  0.046    

Slack (MET) :             0.046ns  (arrival time - required time)
  Source:                 u_compute/u_sa/g_row[0].g_col[0].u_ppe/PREG_reg/DSP_PREADD_DATA_INST/CLK
                            (rising edge-triggered cell DSP_PREADD_DATA clocked by clk  {rise@0.000ns fall@2.500ns period=5.000ns})
  Destination:            u_compute/u_sa/g_row[0].g_col[0].u_ppe/PREG_reg/DSP_PREADD_DATA_INST/AD[10]
                            (rising edge-triggered cell DSP_PREADD_DATA clocked by clk  {rise@0.000ns fall@2.500ns period=5.000ns})
  Path Group:             clk
  Path Type:              Hold (Min at Fast Process Corner)
  Requirement:            0.000ns  (clk rise@0.000ns - clk rise@0.000ns)
  Data Path Delay:        0.114ns  (logic 0.114ns (100.000%)  route 0.000ns (0.000%))
  Logic Levels:           1  (DSP_PREADD=1)
  Clock Path Skew:        0.008ns (DCD - SCD - CPR)
    Destination Clock Delay (DCD):    0.042ns
    Source Clock Delay      (SCD):    0.034ns
    Clock Pessimism Removal (CPR):    -0.000ns

    Location             Delay type                Incr(ns)  Path(ns)    Netlist Resource(s)
  -------------------------------------------------------------------    -------------------
                         (clock clk rise edge)        0.000     0.000 r  
                                                      0.000     0.000 r  clk (IN)
                         net (fo=25333, unset)        0.034     0.034    u_compute/u_sa/g_row[0].g_col[0].u_ppe/PREG_reg/CLK
                         DSP_PREADD_DATA                              r  u_compute/u_sa/g_row[0].g_col[0].u_ppe/PREG_reg/DSP_PREADD_DATA_INST/CLK
  -------------------------------------------------------------------    -------------------
                         DSP_PREADD_DATA (Prop_DSP_PREADD_DATA_CLK_D_DATA[10])
                                                      0.081     0.115 r  u_compute/u_sa/g_row[0].g_col[0].u_ppe/PREG_reg/DSP_PREADD_DATA_INST/D_DATA[10]
                         net (fo=1, unplaced)         0.000     0.115    u_compute/u_sa/g_row[0].g_col[0].u_ppe/PREG_reg/DSP_PREADD_DATA.D_DATA<10>
                         DSP_PREADD (Prop_DSP_PREADD_D_DATA[10]_AD[10])
                                                      0.033     0.148 r  u_compute/u_sa/g_row[0].g_col[0].u_ppe/PREG_reg/DSP_PREADD_INST/AD[10]
                         net (fo=1, unplaced)         0.000     0.148    u_compute/u_sa/g_row[0].g_col[0].u_ppe/PREG_reg/DSP_PREADD.AD<10>
                         DSP_PREADD_DATA                              r  u_compute/u_sa/g_row[0].g_col[0].u_ppe/PREG_reg/DSP_PREADD_DATA_INST/AD[10]
  -------------------------------------------------------------------    -------------------

                         (clock clk rise edge)        0.000     0.000 r  
                                                      0.000     0.000 r  clk (IN)
                         net (fo=25333, unset)        0.042     0.042    u_compute/u_sa/g_row[0].g_col[0].u_ppe/PREG_reg/CLK
                         DSP_PREADD_DATA                              r  u_compute/u_sa/g_row[0].g_col[0].u_ppe/PREG_reg/DSP_PREADD_DATA_INST/CLK
                         clock pessimism              0.000     0.042    
                         DSP_PREADD_DATA (Hold_DSP_PREADD_DATA_CLK_AD[10])
                                                      0.060     0.102    u_compute/u_sa/g_row[0].g_col[0].u_ppe/PREG_reg/DSP_PREADD_DATA_INST
  -------------------------------------------------------------------
                         required time                         -0.102    
                         arrival time                           0.148    
  -------------------------------------------------------------------
                         slack                                  0.046    

Slack (MET) :             0.046ns  (arrival time - required time)
  Source:                 u_compute/u_sa/g_row[0].g_col[0].u_ppe/PREG_reg/DSP_PREADD_DATA_INST/CLK
                            (rising edge-triggered cell DSP_PREADD_DATA clocked by clk  {rise@0.000ns fall@2.500ns period=5.000ns})
  Destination:            u_compute/u_sa/g_row[0].g_col[0].u_ppe/PREG_reg/DSP_PREADD_DATA_INST/AD[11]
                            (rising edge-triggered cell DSP_PREADD_DATA clocked by clk  {rise@0.000ns fall@2.500ns period=5.000ns})
  Path Group:             clk
  Path Type:              Hold (Min at Fast Process Corner)
  Requirement:            0.000ns  (clk rise@0.000ns - clk rise@0.000ns)
  Data Path Delay:        0.114ns  (logic 0.114ns (100.000%)  route 0.000ns (0.000%))
  Logic Levels:           1  (DSP_PREADD=1)
  Clock Path Skew:        0.008ns (DCD - SCD - CPR)
    Destination Clock Delay (DCD):    0.042ns
    Source Clock Delay      (SCD):    0.034ns
    Clock Pessimism Removal (CPR):    -0.000ns

    Location             Delay type                Incr(ns)  Path(ns)    Netlist Resource(s)
  -------------------------------------------------------------------    -------------------
                         (clock clk rise edge)        0.000     0.000 r  
                                                      0.000     0.000 r  clk (IN)
                         net (fo=25333, unset)        0.034     0.034    u_compute/u_sa/g_row[0].g_col[0].u_ppe/PREG_reg/CLK
                         DSP_PREADD_DATA                              r  u_compute/u_sa/g_row[0].g_col[0].u_ppe/PREG_reg/DSP_PREADD_DATA_INST/CLK
  -------------------------------------------------------------------    -------------------
                         DSP_PREADD_DATA (Prop_DSP_PREADD_DATA_CLK_D_DATA[11])
                                                      0.081     0.115 r  u_compute/u_sa/g_row[0].g_col[0].u_ppe/PREG_reg/DSP_PREADD_DATA_INST/D_DATA[11]
                         net (fo=1, unplaced)         0.000     0.115    u_compute/u_sa/g_row[0].g_col[0].u_ppe/PREG_reg/DSP_PREADD_DATA.D_DATA<11>
                         DSP_PREADD (Prop_DSP_PREADD_D_DATA[11]_AD[11])
                                                      0.033     0.148 r  u_compute/u_sa/g_row[0].g_col[0].u_ppe/PREG_reg/DSP_PREADD_INST/AD[11]
                         net (fo=1, unplaced)         0.000     0.148    u_compute/u_sa/g_row[0].g_col[0].u_ppe/PREG_reg/DSP_PREADD.AD<11>
                         DSP_PREADD_DATA                              r  u_compute/u_sa/g_row[0].g_col[0].u_ppe/PREG_reg/DSP_PREADD_DATA_INST/AD[11]
  -------------------------------------------------------------------    -------------------

                         (clock clk rise edge)        0.000     0.000 r  
                                                      0.000     0.000 r  clk (IN)
                         net (fo=25333, unset)        0.042     0.042    u_compute/u_sa/g_row[0].g_col[0].u_ppe/PREG_reg/CLK
                         DSP_PREADD_DATA                              r  u_compute/u_sa/g_row[0].g_col[0].u_ppe/PREG_reg/DSP_PREADD_DATA_INST/CLK
                         clock pessimism              0.000     0.042    
                         DSP_PREADD_DATA (Hold_DSP_PREADD_DATA_CLK_AD[11])
                                                      0.060     0.102    u_compute/u_sa/g_row[0].g_col[0].u_ppe/PREG_reg/DSP_PREADD_DATA_INST
  -------------------------------------------------------------------
                         required time                         -0.102    
                         arrival time                           0.148    
  -------------------------------------------------------------------
                         slack                                  0.046    

Slack (MET) :             0.046ns  (arrival time - required time)
  Source:                 u_compute/u_sa/g_row[0].g_col[0].u_ppe/PREG_reg/DSP_PREADD_DATA_INST/CLK
                            (rising edge-triggered cell DSP_PREADD_DATA clocked by clk  {rise@0.000ns fall@2.500ns period=5.000ns})
  Destination:            u_compute/u_sa/g_row[0].g_col[0].u_ppe/PREG_reg/DSP_PREADD_DATA_INST/AD[12]
                            (rising edge-triggered cell DSP_PREADD_DATA clocked by clk  {rise@0.000ns fall@2.500ns period=5.000ns})
  Path Group:             clk
  Path Type:              Hold (Min at Fast Process Corner)
  Requirement:            0.000ns  (clk rise@0.000ns - clk rise@0.000ns)
  Data Path Delay:        0.114ns  (logic 0.114ns (100.000%)  route 0.000ns (0.000%))
  Logic Levels:           1  (DSP_PREADD=1)
  Clock Path Skew:        0.008ns (DCD - SCD - CPR)
    Destination Clock Delay (DCD):    0.042ns
    Source Clock Delay      (SCD):    0.034ns
    Clock Pessimism Removal (CPR):    -0.000ns

    Location             Delay type                Incr(ns)  Path(ns)    Netlist Resource(s)
  -------------------------------------------------------------------    -------------------
                         (clock clk rise edge)        0.000     0.000 r  
                                                      0.000     0.000 r  clk (IN)
                         net (fo=25333, unset)        0.034     0.034    u_compute/u_sa/g_row[0].g_col[0].u_ppe/PREG_reg/CLK
                         DSP_PREADD_DATA                              r  u_compute/u_sa/g_row[0].g_col[0].u_ppe/PREG_reg/DSP_PREADD_DATA_INST/CLK
  -------------------------------------------------------------------    -------------------
                         DSP_PREADD_DATA (Prop_DSP_PREADD_DATA_CLK_D_DATA[12])
                                                      0.081     0.115 r  u_compute/u_sa/g_row[0].g_col[0].u_ppe/PREG_reg/DSP_PREADD_DATA_INST/D_DATA[12]
                         net (fo=1, unplaced)         0.000     0.115    u_compute/u_sa/g_row[0].g_col[0].u_ppe/PREG_reg/DSP_PREADD_DATA.D_DATA<12>
                         DSP_PREADD (Prop_DSP_PREADD_D_DATA[12]_AD[12])
                                                      0.033     0.148 r  u_compute/u_sa/g_row[0].g_col[0].u_ppe/PREG_reg/DSP_PREADD_INST/AD[12]
                         net (fo=1, unplaced)         0.000     0.148    u_compute/u_sa/g_row[0].g_col[0].u_ppe/PREG_reg/DSP_PREADD.AD<12>
                         DSP_PREADD_DATA                              r  u_compute/u_sa/g_row[0].g_col[0].u_ppe/PREG_reg/DSP_PREADD_DATA_INST/AD[12]
  -------------------------------------------------------------------    -------------------

                         (clock clk rise edge)        0.000     0.000 r  
                                                      0.000     0.000 r  clk (IN)
                         net (fo=25333, unset)        0.042     0.042    u_compute/u_sa/g_row[0].g_col[0].u_ppe/PREG_reg/CLK
                         DSP_PREADD_DATA                              r  u_compute/u_sa/g_row[0].g_col[0].u_ppe/PREG_reg/DSP_PREADD_DATA_INST/CLK
                         clock pessimism              0.000     0.042    
                         DSP_PREADD_DATA (Hold_DSP_PREADD_DATA_CLK_AD[12])
                                                      0.060     0.102    u_compute/u_sa/g_row[0].g_col[0].u_ppe/PREG_reg/DSP_PREADD_DATA_INST
  -------------------------------------------------------------------
                         required time                         -0.102    
                         arrival time                           0.148    
  -------------------------------------------------------------------
                         slack                                  0.046    

Slack (MET) :             0.046ns  (arrival time - required time)
  Source:                 u_compute/u_sa/g_row[0].g_col[0].u_ppe/PREG_reg/DSP_PREADD_DATA_INST/CLK
                            (rising edge-triggered cell DSP_PREADD_DATA clocked by clk  {rise@0.000ns fall@2.500ns period=5.000ns})
  Destination:            u_compute/u_sa/g_row[0].g_col[0].u_ppe/PREG_reg/DSP_PREADD_DATA_INST/AD[13]
                            (rising edge-triggered cell DSP_PREADD_DATA clocked by clk  {rise@0.000ns fall@2.500ns period=5.000ns})
  Path Group:             clk
  Path Type:              Hold (Min at Fast Process Corner)
  Requirement:            0.000ns  (clk rise@0.000ns - clk rise@0.000ns)
  Data Path Delay:        0.114ns  (logic 0.114ns (100.000%)  route 0.000ns (0.000%))
  Logic Levels:           1  (DSP_PREADD=1)
  Clock Path Skew:        0.008ns (DCD - SCD - CPR)
    Destination Clock Delay (DCD):    0.042ns
    Source Clock Delay      (SCD):    0.034ns
    Clock Pessimism Removal (CPR):    -0.000ns

    Location             Delay type                Incr(ns)  Path(ns)    Netlist Resource(s)
  -------------------------------------------------------------------    -------------------
                         (clock clk rise edge)        0.000     0.000 r  
                                                      0.000     0.000 r  clk (IN)
                         net (fo=25333, unset)        0.034     0.034    u_compute/u_sa/g_row[0].g_col[0].u_ppe/PREG_reg/CLK
                         DSP_PREADD_DATA                              r  u_compute/u_sa/g_row[0].g_col[0].u_ppe/PREG_reg/DSP_PREADD_DATA_INST/CLK
  -------------------------------------------------------------------    -------------------
                         DSP_PREADD_DATA (Prop_DSP_PREADD_DATA_CLK_D_DATA[13])
                                                      0.081     0.115 r  u_compute/u_sa/g_row[0].g_col[0].u_ppe/PREG_reg/DSP_PREADD_DATA_INST/D_DATA[13]
                         net (fo=1, unplaced)         0.000     0.115    u_compute/u_sa/g_row[0].g_col[0].u_ppe/PREG_reg/DSP_PREADD_DATA.D_DATA<13>
                         DSP_PREADD (Prop_DSP_PREADD_D_DATA[13]_AD[13])
                                                      0.033     0.148 r  u_compute/u_sa/g_row[0].g_col[0].u_ppe/PREG_reg/DSP_PREADD_INST/AD[13]
                         net (fo=1, unplaced)         0.000     0.148    u_compute/u_sa/g_row[0].g_col[0].u_ppe/PREG_reg/DSP_PREADD.AD<13>
                         DSP_PREADD_DATA                              r  u_compute/u_sa/g_row[0].g_col[0].u_ppe/PREG_reg/DSP_PREADD_DATA_INST/AD[13]
  -------------------------------------------------------------------    -------------------

                         (clock clk rise edge)        0.000     0.000 r  
                                                      0.000     0.000 r  clk (IN)
                         net (fo=25333, unset)        0.042     0.042    u_compute/u_sa/g_row[0].g_col[0].u_ppe/PREG_reg/CLK
                         DSP_PREADD_DATA                              r  u_compute/u_sa/g_row[0].g_col[0].u_ppe/PREG_reg/DSP_PREADD_DATA_INST/CLK
                         clock pessimism              0.000     0.042    
                         DSP_PREADD_DATA (Hold_DSP_PREADD_DATA_CLK_AD[13])
                                                      0.060     0.102    u_compute/u_sa/g_row[0].g_col[0].u_ppe/PREG_reg/DSP_PREADD_DATA_INST
  -------------------------------------------------------------------
                         required time                         -0.102    
                         arrival time                           0.148    
  -------------------------------------------------------------------
                         slack                                  0.046    

Slack (MET) :             0.046ns  (arrival time - required time)
  Source:                 u_compute/u_sa/g_row[0].g_col[0].u_ppe/PREG_reg/DSP_PREADD_DATA_INST/CLK
                            (rising edge-triggered cell DSP_PREADD_DATA clocked by clk  {rise@0.000ns fall@2.500ns period=5.000ns})
  Destination:            u_compute/u_sa/g_row[0].g_col[0].u_ppe/PREG_reg/DSP_PREADD_DATA_INST/AD[14]
                            (rising edge-triggered cell DSP_PREADD_DATA clocked by clk  {rise@0.000ns fall@2.500ns period=5.000ns})
  Path Group:             clk
  Path Type:              Hold (Min at Fast Process Corner)
  Requirement:            0.000ns  (clk rise@0.000ns - clk rise@0.000ns)
  Data Path Delay:        0.114ns  (logic 0.114ns (100.000%)  route 0.000ns (0.000%))
  Logic Levels:           1  (DSP_PREADD=1)
  Clock Path Skew:        0.008ns (DCD - SCD - CPR)
    Destination Clock Delay (DCD):    0.042ns
    Source Clock Delay      (SCD):    0.034ns
    Clock Pessimism Removal (CPR):    -0.000ns

    Location             Delay type                Incr(ns)  Path(ns)    Netlist Resource(s)
  -------------------------------------------------------------------    -------------------
                         (clock clk rise edge)        0.000     0.000 r  
                                                      0.000     0.000 r  clk (IN)
                         net (fo=25333, unset)        0.034     0.034    u_compute/u_sa/g_row[0].g_col[0].u_ppe/PREG_reg/CLK
                         DSP_PREADD_DATA                              r  u_compute/u_sa/g_row[0].g_col[0].u_ppe/PREG_reg/DSP_PREADD_DATA_INST/CLK
  -------------------------------------------------------------------    -------------------
                         DSP_PREADD_DATA (Prop_DSP_PREADD_DATA_CLK_D_DATA[14])
                                                      0.081     0.115 r  u_compute/u_sa/g_row[0].g_col[0].u_ppe/PREG_reg/DSP_PREADD_DATA_INST/D_DATA[14]
                         net (fo=1, unplaced)         0.000     0.115    u_compute/u_sa/g_row[0].g_col[0].u_ppe/PREG_reg/DSP_PREADD_DATA.D_DATA<14>
                         DSP_PREADD (Prop_DSP_PREADD_D_DATA[14]_AD[14])
                                                      0.033     0.148 r  u_compute/u_sa/g_row[0].g_col[0].u_ppe/PREG_reg/DSP_PREADD_INST/AD[14]
                         net (fo=1, unplaced)         0.000     0.148    u_compute/u_sa/g_row[0].g_col[0].u_ppe/PREG_reg/DSP_PREADD.AD<14>
                         DSP_PREADD_DATA                              r  u_compute/u_sa/g_row[0].g_col[0].u_ppe/PREG_reg/DSP_PREADD_DATA_INST/AD[14]
  -------------------------------------------------------------------    -------------------

                         (clock clk rise edge)        0.000     0.000 r  
                                                      0.000     0.000 r  clk (IN)
                         net (fo=25333, unset)        0.042     0.042    u_compute/u_sa/g_row[0].g_col[0].u_ppe/PREG_reg/CLK
                         DSP_PREADD_DATA                              r  u_compute/u_sa/g_row[0].g_col[0].u_ppe/PREG_reg/DSP_PREADD_DATA_INST/CLK
                         clock pessimism              0.000     0.042    
                         DSP_PREADD_DATA (Hold_DSP_PREADD_DATA_CLK_AD[14])
                                                      0.060     0.102    u_compute/u_sa/g_row[0].g_col[0].u_ppe/PREG_reg/DSP_PREADD_DATA_INST
  -------------------------------------------------------------------
                         required time                         -0.102    
                         arrival time                           0.148    
  -------------------------------------------------------------------
                         slack                                  0.046    

Slack (MET) :             0.046ns  (arrival time - required time)
  Source:                 u_compute/u_sa/g_row[0].g_col[0].u_ppe/PREG_reg/DSP_PREADD_DATA_INST/CLK
                            (rising edge-triggered cell DSP_PREADD_DATA clocked by clk  {rise@0.000ns fall@2.500ns period=5.000ns})
  Destination:            u_compute/u_sa/g_row[0].g_col[0].u_ppe/PREG_reg/DSP_PREADD_DATA_INST/AD[15]
                            (rising edge-triggered cell DSP_PREADD_DATA clocked by clk  {rise@0.000ns fall@2.500ns period=5.000ns})
  Path Group:             clk
  Path Type:              Hold (Min at Fast Process Corner)
  Requirement:            0.000ns  (clk rise@0.000ns - clk rise@0.000ns)
  Data Path Delay:        0.114ns  (logic 0.114ns (100.000%)  route 0.000ns (0.000%))
  Logic Levels:           1  (DSP_PREADD=1)
  Clock Path Skew:        0.008ns (DCD - SCD - CPR)
    Destination Clock Delay (DCD):    0.042ns
    Source Clock Delay      (SCD):    0.034ns
    Clock Pessimism Removal (CPR):    -0.000ns

    Location             Delay type                Incr(ns)  Path(ns)    Netlist Resource(s)
  -------------------------------------------------------------------    -------------------
                         (clock clk rise edge)        0.000     0.000 r  
                                                      0.000     0.000 r  clk (IN)
                         net (fo=25333, unset)        0.034     0.034    u_compute/u_sa/g_row[0].g_col[0].u_ppe/PREG_reg/CLK
                         DSP_PREADD_DATA                              r  u_compute/u_sa/g_row[0].g_col[0].u_ppe/PREG_reg/DSP_PREADD_DATA_INST/CLK
  -------------------------------------------------------------------    -------------------
                         DSP_PREADD_DATA (Prop_DSP_PREADD_DATA_CLK_D_DATA[15])
                                                      0.081     0.115 r  u_compute/u_sa/g_row[0].g_col[0].u_ppe/PREG_reg/DSP_PREADD_DATA_INST/D_DATA[15]
                         net (fo=1, unplaced)         0.000     0.115    u_compute/u_sa/g_row[0].g_col[0].u_ppe/PREG_reg/DSP_PREADD_DATA.D_DATA<15>
                         DSP_PREADD (Prop_DSP_PREADD_D_DATA[15]_AD[15])
                                                      0.033     0.148 r  u_compute/u_sa/g_row[0].g_col[0].u_ppe/PREG_reg/DSP_PREADD_INST/AD[15]
                         net (fo=1, unplaced)         0.000     0.148    u_compute/u_sa/g_row[0].g_col[0].u_ppe/PREG_reg/DSP_PREADD.AD<15>
                         DSP_PREADD_DATA                              r  u_compute/u_sa/g_row[0].g_col[0].u_ppe/PREG_reg/DSP_PREADD_DATA_INST/AD[15]
  -------------------------------------------------------------------    -------------------

                         (clock clk rise edge)        0.000     0.000 r  
                                                      0.000     0.000 r  clk (IN)
                         net (fo=25333, unset)        0.042     0.042    u_compute/u_sa/g_row[0].g_col[0].u_ppe/PREG_reg/CLK
                         DSP_PREADD_DATA                              r  u_compute/u_sa/g_row[0].g_col[0].u_ppe/PREG_reg/DSP_PREADD_DATA_INST/CLK
                         clock pessimism              0.000     0.042    
                         DSP_PREADD_DATA (Hold_DSP_PREADD_DATA_CLK_AD[15])
                                                      0.060     0.102    u_compute/u_sa/g_row[0].g_col[0].u_ppe/PREG_reg/DSP_PREADD_DATA_INST
  -------------------------------------------------------------------
                         required time                         -0.102    
                         arrival time                           0.148    
  -------------------------------------------------------------------
                         slack                                  0.046    

Slack (MET) :             0.046ns  (arrival time - required time)
  Source:                 u_compute/u_sa/g_row[0].g_col[0].u_ppe/PREG_reg/DSP_PREADD_DATA_INST/CLK
                            (rising edge-triggered cell DSP_PREADD_DATA clocked by clk  {rise@0.000ns fall@2.500ns period=5.000ns})
  Destination:            u_compute/u_sa/g_row[0].g_col[0].u_ppe/PREG_reg/DSP_PREADD_DATA_INST/AD[16]
                            (rising edge-triggered cell DSP_PREADD_DATA clocked by clk  {rise@0.000ns fall@2.500ns period=5.000ns})
  Path Group:             clk
  Path Type:              Hold (Min at Fast Process Corner)
  Requirement:            0.000ns  (clk rise@0.000ns - clk rise@0.000ns)
  Data Path Delay:        0.114ns  (logic 0.114ns (100.000%)  route 0.000ns (0.000%))
  Logic Levels:           1  (DSP_PREADD=1)
  Clock Path Skew:        0.008ns (DCD - SCD - CPR)
    Destination Clock Delay (DCD):    0.042ns
    Source Clock Delay      (SCD):    0.034ns
    Clock Pessimism Removal (CPR):    -0.000ns

    Location             Delay type                Incr(ns)  Path(ns)    Netlist Resource(s)
  -------------------------------------------------------------------    -------------------
                         (clock clk rise edge)        0.000     0.000 r  
                                                      0.000     0.000 r  clk (IN)
                         net (fo=25333, unset)        0.034     0.034    u_compute/u_sa/g_row[0].g_col[0].u_ppe/PREG_reg/CLK
                         DSP_PREADD_DATA                              r  u_compute/u_sa/g_row[0].g_col[0].u_ppe/PREG_reg/DSP_PREADD_DATA_INST/CLK
  -------------------------------------------------------------------    -------------------
                         DSP_PREADD_DATA (Prop_DSP_PREADD_DATA_CLK_D_DATA[16])
                                                      0.081     0.115 r  u_compute/u_sa/g_row[0].g_col[0].u_ppe/PREG_reg/DSP_PREADD_DATA_INST/D_DATA[16]
                         net (fo=1, unplaced)         0.000     0.115    u_compute/u_sa/g_row[0].g_col[0].u_ppe/PREG_reg/DSP_PREADD_DATA.D_DATA<16>
                         DSP_PREADD (Prop_DSP_PREADD_D_DATA[16]_AD[16])
                                                      0.033     0.148 r  u_compute/u_sa/g_row[0].g_col[0].u_ppe/PREG_reg/DSP_PREADD_INST/AD[16]
                         net (fo=1, unplaced)         0.000     0.148    u_compute/u_sa/g_row[0].g_col[0].u_ppe/PREG_reg/DSP_PREADD.AD<16>
                         DSP_PREADD_DATA                              r  u_compute/u_sa/g_row[0].g_col[0].u_ppe/PREG_reg/DSP_PREADD_DATA_INST/AD[16]
  -------------------------------------------------------------------    -------------------

                         (clock clk rise edge)        0.000     0.000 r  
                                                      0.000     0.000 r  clk (IN)
                         net (fo=25333, unset)        0.042     0.042    u_compute/u_sa/g_row[0].g_col[0].u_ppe/PREG_reg/CLK
                         DSP_PREADD_DATA                              r  u_compute/u_sa/g_row[0].g_col[0].u_ppe/PREG_reg/DSP_PREADD_DATA_INST/CLK
                         clock pessimism              0.000     0.042    
                         DSP_PREADD_DATA (Hold_DSP_PREADD_DATA_CLK_AD[16])
                                                      0.060     0.102    u_compute/u_sa/g_row[0].g_col[0].u_ppe/PREG_reg/DSP_PREADD_DATA_INST
  -------------------------------------------------------------------
                         required time                         -0.102    
                         arrival time                           0.148    
  -------------------------------------------------------------------
                         slack                                  0.046    

Slack (MET) :             0.046ns  (arrival time - required time)
  Source:                 u_compute/u_sa/g_row[0].g_col[0].u_ppe/PREG_reg/DSP_PREADD_DATA_INST/CLK
                            (rising edge-triggered cell DSP_PREADD_DATA clocked by clk  {rise@0.000ns fall@2.500ns period=5.000ns})
  Destination:            u_compute/u_sa/g_row[0].g_col[0].u_ppe/PREG_reg/DSP_PREADD_DATA_INST/AD[17]
                            (rising edge-triggered cell DSP_PREADD_DATA clocked by clk  {rise@0.000ns fall@2.500ns period=5.000ns})
  Path Group:             clk
  Path Type:              Hold (Min at Fast Process Corner)
  Requirement:            0.000ns  (clk rise@0.000ns - clk rise@0.000ns)
  Data Path Delay:        0.114ns  (logic 0.114ns (100.000%)  route 0.000ns (0.000%))
  Logic Levels:           1  (DSP_PREADD=1)
  Clock Path Skew:        0.008ns (DCD - SCD - CPR)
    Destination Clock Delay (DCD):    0.042ns
    Source Clock Delay      (SCD):    0.034ns
    Clock Pessimism Removal (CPR):    -0.000ns

    Location             Delay type                Incr(ns)  Path(ns)    Netlist Resource(s)
  -------------------------------------------------------------------    -------------------
                         (clock clk rise edge)        0.000     0.000 r  
                                                      0.000     0.000 r  clk (IN)
                         net (fo=25333, unset)        0.034     0.034    u_compute/u_sa/g_row[0].g_col[0].u_ppe/PREG_reg/CLK
                         DSP_PREADD_DATA                              r  u_compute/u_sa/g_row[0].g_col[0].u_ppe/PREG_reg/DSP_PREADD_DATA_INST/CLK
  -------------------------------------------------------------------    -------------------
                         DSP_PREADD_DATA (Prop_DSP_PREADD_DATA_CLK_D_DATA[17])
                                                      0.081     0.115 r  u_compute/u_sa/g_row[0].g_col[0].u_ppe/PREG_reg/DSP_PREADD_DATA_INST/D_DATA[17]
                         net (fo=1, unplaced)         0.000     0.115    u_compute/u_sa/g_row[0].g_col[0].u_ppe/PREG_reg/DSP_PREADD_DATA.D_DATA<17>
                         DSP_PREADD (Prop_DSP_PREADD_D_DATA[17]_AD[17])
                                                      0.033     0.148 r  u_compute/u_sa/g_row[0].g_col[0].u_ppe/PREG_reg/DSP_PREADD_INST/AD[17]
                         net (fo=1, unplaced)         0.000     0.148    u_compute/u_sa/g_row[0].g_col[0].u_ppe/PREG_reg/DSP_PREADD.AD<17>
                         DSP_PREADD_DATA                              r  u_compute/u_sa/g_row[0].g_col[0].u_ppe/PREG_reg/DSP_PREADD_DATA_INST/AD[17]
  -------------------------------------------------------------------    -------------------

                         (clock clk rise edge)        0.000     0.000 r  
                                                      0.000     0.000 r  clk (IN)
                         net (fo=25333, unset)        0.042     0.042    u_compute/u_sa/g_row[0].g_col[0].u_ppe/PREG_reg/CLK
                         DSP_PREADD_DATA                              r  u_compute/u_sa/g_row[0].g_col[0].u_ppe/PREG_reg/DSP_PREADD_DATA_INST/CLK
                         clock pessimism              0.000     0.042    
                         DSP_PREADD_DATA (Hold_DSP_PREADD_DATA_CLK_AD[17])
                                                      0.060     0.102    u_compute/u_sa/g_row[0].g_col[0].u_ppe/PREG_reg/DSP_PREADD_DATA_INST
  -------------------------------------------------------------------
                         required time                         -0.102    
                         arrival time                           0.148    
  -------------------------------------------------------------------
                         slack                                  0.046    

Slack (MET) :             0.046ns  (arrival time - required time)
  Source:                 u_compute/u_sa/g_row[0].g_col[0].u_ppe/PREG_reg/DSP_PREADD_DATA_INST/CLK
                            (rising edge-triggered cell DSP_PREADD_DATA clocked by clk  {rise@0.000ns fall@2.500ns period=5.000ns})
  Destination:            u_compute/u_sa/g_row[0].g_col[0].u_ppe/PREG_reg/DSP_PREADD_DATA_INST/AD[18]
                            (rising edge-triggered cell DSP_PREADD_DATA clocked by clk  {rise@0.000ns fall@2.500ns period=5.000ns})
  Path Group:             clk
  Path Type:              Hold (Min at Fast Process Corner)
  Requirement:            0.000ns  (clk rise@0.000ns - clk rise@0.000ns)
  Data Path Delay:        0.114ns  (logic 0.114ns (100.000%)  route 0.000ns (0.000%))
  Logic Levels:           1  (DSP_PREADD=1)
  Clock Path Skew:        0.008ns (DCD - SCD - CPR)
    Destination Clock Delay (DCD):    0.042ns
    Source Clock Delay      (SCD):    0.034ns
    Clock Pessimism Removal (CPR):    -0.000ns

    Location             Delay type                Incr(ns)  Path(ns)    Netlist Resource(s)
  -------------------------------------------------------------------    -------------------
                         (clock clk rise edge)        0.000     0.000 r  
                                                      0.000     0.000 r  clk (IN)
                         net (fo=25333, unset)        0.034     0.034    u_compute/u_sa/g_row[0].g_col[0].u_ppe/PREG_reg/CLK
                         DSP_PREADD_DATA                              r  u_compute/u_sa/g_row[0].g_col[0].u_ppe/PREG_reg/DSP_PREADD_DATA_INST/CLK
  -------------------------------------------------------------------    -------------------
                         DSP_PREADD_DATA (Prop_DSP_PREADD_DATA_CLK_D_DATA[18])
                                                      0.081     0.115 r  u_compute/u_sa/g_row[0].g_col[0].u_ppe/PREG_reg/DSP_PREADD_DATA_INST/D_DATA[18]
                         net (fo=1, unplaced)         0.000     0.115    u_compute/u_sa/g_row[0].g_col[0].u_ppe/PREG_reg/DSP_PREADD_DATA.D_DATA<18>
                         DSP_PREADD (Prop_DSP_PREADD_D_DATA[18]_AD[18])
                                                      0.033     0.148 r  u_compute/u_sa/g_row[0].g_col[0].u_ppe/PREG_reg/DSP_PREADD_INST/AD[18]
                         net (fo=1, unplaced)         0.000     0.148    u_compute/u_sa/g_row[0].g_col[0].u_ppe/PREG_reg/DSP_PREADD.AD<18>
                         DSP_PREADD_DATA                              r  u_compute/u_sa/g_row[0].g_col[0].u_ppe/PREG_reg/DSP_PREADD_DATA_INST/AD[18]
  -------------------------------------------------------------------    -------------------

                         (clock clk rise edge)        0.000     0.000 r  
                                                      0.000     0.000 r  clk (IN)
                         net (fo=25333, unset)        0.042     0.042    u_compute/u_sa/g_row[0].g_col[0].u_ppe/PREG_reg/CLK
                         DSP_PREADD_DATA                              r  u_compute/u_sa/g_row[0].g_col[0].u_ppe/PREG_reg/DSP_PREADD_DATA_INST/CLK
                         clock pessimism              0.000     0.042    
                         DSP_PREADD_DATA (Hold_DSP_PREADD_DATA_CLK_AD[18])
                                                      0.060     0.102    u_compute/u_sa/g_row[0].g_col[0].u_ppe/PREG_reg/DSP_PREADD_DATA_INST
  -------------------------------------------------------------------
                         required time                         -0.102    
                         arrival time                           0.148    
  -------------------------------------------------------------------
                         slack                                  0.046    





Pulse Width Checks
--------------------------------------------------------------------------------------
Clock Name:         clk
Waveform(ns):       { 0.000 2.500 }
Period(ns):         5.000
Sources:            { clk }

Check Type        Corner  Lib Pin             Reference Pin  Required(ns)  Actual(ns)  Slack(ns)  Location  Pin
Min Period        n/a     RAMB36E2/CLKARDCLK  n/a            1.960         5.000       3.040                u_compute/u_weight_buffer/g_weight_bank[0].mem_reg_bram_0/CLKARDCLK
Min Period        n/a     RAMB36E2/CLKARDCLK  n/a            1.960         5.000       3.040                u_compute/u_weight_buffer/g_weight_bank[0].mem_reg_bram_1/CLKARDCLK
Min Period        n/a     RAMB36E2/CLKARDCLK  n/a            1.960         5.000       3.040                u_compute/u_weight_buffer/g_weight_bank[0].mem_reg_bram_2/CLKARDCLK
Min Period        n/a     RAMB36E2/CLKARDCLK  n/a            1.960         5.000       3.040                u_compute/u_weight_buffer/g_weight_bank[0].mem_reg_bram_3/CLKARDCLK
Min Period        n/a     RAMB36E2/CLKARDCLK  n/a            1.960         5.000       3.040                u_compute/u_weight_buffer/g_weight_bank[1].mem_reg_bram_0/CLKARDCLK
Min Period        n/a     RAMB36E2/CLKARDCLK  n/a            1.960         5.000       3.040                u_compute/u_weight_buffer/g_weight_bank[1].mem_reg_bram_1/CLKARDCLK
Min Period        n/a     RAMB36E2/CLKARDCLK  n/a            1.960         5.000       3.040                u_compute/u_weight_buffer/g_weight_bank[1].mem_reg_bram_2/CLKARDCLK
Min Period        n/a     RAMB36E2/CLKARDCLK  n/a            1.960         5.000       3.040                u_compute/u_weight_buffer/g_weight_bank[1].mem_reg_bram_3/CLKARDCLK
Min Period        n/a     RAMB36E2/CLKARDCLK  n/a            1.960         5.000       3.040                u_compute/u_weight_buffer/g_weight_bank[2].mem_reg_bram_0/CLKARDCLK
Min Period        n/a     RAMB36E2/CLKARDCLK  n/a            1.960         5.000       3.040                u_compute/u_weight_buffer/g_weight_bank[2].mem_reg_bram_1/CLKARDCLK
Low Pulse Width   Slow    SRL16E/CLK          n/a            0.762         2.500       1.738                u_compute/u_conv_router/g_tag_row[0].tag_pipe_reg[2][channel_count][1]_srl3___u_compute_u_conv_router_g_tag_row_r_6/CLK
Low Pulse Width   Fast    SRL16E/CLK          n/a            0.762         2.500       1.738                u_compute/u_conv_router/g_tag_row[0].tag_pipe_reg[2][channel_count][1]_srl3___u_compute_u_conv_router_g_tag_row_r_6/CLK
Low Pulse Width   Slow    SRL16E/CLK          n/a            0.762         2.500       1.738                u_compute/u_conv_router/g_tag_row[0].tag_pipe_reg[2][channel_count][2]_srl3___u_compute_u_conv_router_g_tag_row_r_6/CLK
Low Pulse Width   Fast    SRL16E/CLK          n/a            0.762         2.500       1.738                u_compute/u_conv_router/g_tag_row[0].tag_pipe_reg[2][channel_count][2]_srl3___u_compute_u_conv_router_g_tag_row_r_6/CLK
Low Pulse Width   Slow    SRL16E/CLK          n/a            0.762         2.500       1.738                u_compute/u_conv_router/g_tag_row[0].tag_pipe_reg[2][channel_count][3]_srl3___u_compute_u_conv_router_g_tag_row_r_6/CLK
Low Pulse Width   Fast    SRL16E/CLK          n/a            0.762         2.500       1.738                u_compute/u_conv_router/g_tag_row[0].tag_pipe_reg[2][channel_count][3]_srl3___u_compute_u_conv_router_g_tag_row_r_6/CLK
Low Pulse Width   Slow    SRL16E/CLK          n/a            0.762         2.500       1.738                u_compute/u_conv_router/g_tag_row[0].tag_pipe_reg[2][channel_count][4]_srl3___u_compute_u_conv_router_g_tag_row_r_6/CLK
Low Pulse Width   Fast    SRL16E/CLK          n/a            0.762         2.500       1.738                u_compute/u_conv_router/g_tag_row[0].tag_pipe_reg[2][channel_count][4]_srl3___u_compute_u_conv_router_g_tag_row_r_6/CLK
Low Pulse Width   Slow    SRL16E/CLK          n/a            0.762         2.500       1.738                u_compute/u_conv_router/g_tag_row[0].tag_pipe_reg[2][channel_count][5]_srl3___u_compute_u_conv_router_g_tag_row_r_6/CLK
Low Pulse Width   Fast    SRL16E/CLK          n/a            0.762         2.500       1.738                u_compute/u_conv_router/g_tag_row[0].tag_pipe_reg[2][channel_count][5]_srl3___u_compute_u_conv_router_g_tag_row_r_6/CLK
High Pulse Width  Slow    SRL16E/CLK          n/a            0.762         2.500       1.738                u_compute/u_conv_router/g_tag_row[0].tag_pipe_reg[2][channel_count][1]_srl3___u_compute_u_conv_router_g_tag_row_r_6/CLK
High Pulse Width  Fast    SRL16E/CLK          n/a            0.762         2.500       1.738                u_compute/u_conv_router/g_tag_row[0].tag_pipe_reg[2][channel_count][1]_srl3___u_compute_u_conv_router_g_tag_row_r_6/CLK
High Pulse Width  Slow    SRL16E/CLK          n/a            0.762         2.500       1.738                u_compute/u_conv_router/g_tag_row[0].tag_pipe_reg[2][channel_count][2]_srl3___u_compute_u_conv_router_g_tag_row_r_6/CLK
High Pulse Width  Fast    SRL16E/CLK          n/a            0.762         2.500       1.738                u_compute/u_conv_router/g_tag_row[0].tag_pipe_reg[2][channel_count][2]_srl3___u_compute_u_conv_router_g_tag_row_r_6/CLK
High Pulse Width  Slow    SRL16E/CLK          n/a            0.762         2.500       1.738                u_compute/u_conv_router/g_tag_row[0].tag_pipe_reg[2][channel_count][3]_srl3___u_compute_u_conv_router_g_tag_row_r_6/CLK
High Pulse Width  Fast    SRL16E/CLK          n/a            0.762         2.500       1.738                u_compute/u_conv_router/g_tag_row[0].tag_pipe_reg[2][channel_count][3]_srl3___u_compute_u_conv_router_g_tag_row_r_6/CLK
High Pulse Width  Slow    SRL16E/CLK          n/a            0.762         2.500       1.738                u_compute/u_conv_router/g_tag_row[0].tag_pipe_reg[2][channel_count][4]_srl3___u_compute_u_conv_router_g_tag_row_r_6/CLK
High Pulse Width  Fast    SRL16E/CLK          n/a            0.762         2.500       1.738                u_compute/u_conv_router/g_tag_row[0].tag_pipe_reg[2][channel_count][4]_srl3___u_compute_u_conv_router_g_tag_row_r_6/CLK
High Pulse Width  Slow    SRL16E/CLK          n/a            0.762         2.500       1.738                u_compute/u_conv_router/g_tag_row[0].tag_pipe_reg[2][channel_count][5]_srl3___u_compute_u_conv_router_g_tag_row_r_6/CLK
High Pulse Width  Fast    SRL16E/CLK          n/a            0.762         2.500       1.738                u_compute/u_conv_router/g_tag_row[0].tag_pipe_reg[2][channel_count][5]_srl3___u_compute_u_conv_router_g_tag_row_r_6/CLK



